  Wiederherzustellende Projekte werden ermittelt...
  Alle Projekte sind f├╝r die Wiederherstellung auf dem neuesten Stand.
C:\Users\rloer\Desktop\IT-Pc\Angular Test\DmsProjeckt\Hubs\SISHub.cs(56,36): warning CS8765: Die NULL-Zul├ñssigkeit des Typs des Parameters "exception" entspricht (m├Âglicherweise aufgrund von Attributen f├╝r die NULL-Zul├ñssigkeit) nicht dem ├╝berschriebenen Member. [C:\Users\rloer\Desktop\IT-Pc\Angular Test\DmsProjeckt\DmsProjeckt.csproj]
C:\Users\rloer\Desktop\IT-Pc\Angular Test\DmsProjeckt\Helpers\DocumentPathHelper.cs(45,31): warning CS8625: Ein NULL-Literal kann nicht in einen Non-Nullable-Verweistyp konvertiert werden. [C:\Users\rloer\Desktop\IT-Pc\Angular Test\DmsProjeckt\DmsProjeckt.csproj]
C:\Users\rloer\Desktop\IT-Pc\Angular Test\DmsProjeckt\Pages\Tests\UploadMulti.cshtml.cs(168,91): warning CS8625: Ein NULL-Literal kann nicht in einen Non-Nullable-Verweistyp konvertiert werden. [C:\Users\rloer\Desktop\IT-Pc\Angular Test\DmsProjeckt\DmsProjeckt.csproj]
C:\Users\rloer\Desktop\IT-Pc\Angular Test\DmsProjeckt\Pages\Workflows\StepDetail.cshtml.cs(16,12): warning CS8618: Non-Nullable-Eigenschaft ÔÇ×KommentarÔÇ£ muss beim Beenden des Konstruktors einen Wert ungleich NULL enthalten. F├╝gen Sie ggf. den ÔÇ×erforderlichenÔÇ£ Modifizierer hinzu, oder deklarieren Sie den Eigenschaft als NULL-Werte zulassend. [C:\Users\rloer\Desktop\IT-Pc\Angular Test\DmsProjeckt\DmsProjeckt.csproj]
C:\Users\rloer\Desktop\IT-Pc\Angular Test\DmsProjeckt\Pages\Workflows\StepDetail.cshtml.cs(16,12): warning CS8618: Non-Nullable-Eigenschaft ÔÇ×CurrentUserIdÔÇ£ muss beim Beenden des Konstruktors einen Wert ungleich NULL enthalten. F├╝gen Sie ggf. den ÔÇ×erforderlichenÔÇ£ Modifizierer hinzu, oder deklarieren Sie den Eigenschaft als NULL-Werte zulassend. [C:\Users\rloer\Desktop\IT-Pc\Angular Test\DmsProjeckt\DmsProjeckt.csproj]
C:\Users\rloer\Desktop\IT-Pc\Angular Test\DmsProjeckt\Pages\Einstellungen.cshtml.cs(19,12): warning CS8618: Non-Nullable-Eigenschaft ÔÇ×SettingsÔÇ£ muss beim Beenden des Konstruktors einen Wert ungleich NULL enthalten. F├╝gen Sie ggf. den ÔÇ×erforderlichenÔÇ£ Modifizierer hinzu, oder deklarieren Sie den Eigenschaft als NULL-Werte zulassend. [C:\Users\rloer\Desktop\IT-Pc\Angular Test\DmsProjeckt\DmsProjeckt.csproj]
C:\Users\rloer\Desktop\IT-Pc\Angular Test\DmsProjeckt\Pages\Einstellungen.cshtml.cs(19,12): warning CS8618: Non-Nullable-Eigenschaft ÔÇ×ProfileImageÔÇ£ muss beim Beenden des Konstruktors einen Wert ungleich NULL enthalten. F├╝gen Sie ggf. den ÔÇ×erforderlichenÔÇ£ Modifizierer hinzu, oder deklarieren Sie den Eigenschaft als NULL-Werte zulassend. [C:\Users\rloer\Desktop\IT-Pc\Angular Test\DmsProjeckt\DmsProjeckt.csproj]
C:\Users\rloer\Desktop\IT-Pc\Angular Test\DmsProjeckt\Service\PdfMetadataReader.cs(27,24): warning CS8619: Die NULL-Zul├ñssigkeit von Verweistypen im Wert vom Typ "(string?, string?, string?)" entspricht nicht dem Zieltyp "(string Autor, string Betreff, string Schluesselwoerter)". [C:\Users\rloer\Desktop\IT-Pc\Angular Test\DmsProjeckt\DmsProjeckt.csproj]
C:\Users\rloer\Desktop\IT-Pc\Angular Test\DmsProjeckt\Data\Workflow.cs(15,23): warning CS8618: Non-Nullable-Eigenschaft ÔÇ×TitleÔÇ£ muss beim Beenden des Konstruktors einen Wert ungleich NULL enthalten. F├╝gen Sie ggf. den ÔÇ×erforderlichenÔÇ£ Modifizierer hinzu, oder deklarieren Sie den Eigenschaft als NULL-Werte zulassend. [C:\Users\rloer\Desktop\IT-Pc\Angular Test\DmsProjeckt\DmsProjeckt.csproj]
C:\Users\rloer\Desktop\IT-Pc\Angular Test\DmsProjeckt\Pages\Einstellungen.cshtml.cs(48,23): warning CS8600: Das NULL-Literal oder ein m├Âglicher NULL-Wert wird in einen Non-Nullable-Typ konvertiert. [C:\Users\rloer\Desktop\IT-Pc\Angular Test\DmsProjeckt\DmsProjeckt.csproj]
C:\Users\rloer\Desktop\IT-Pc\Angular Test\DmsProjeckt\Pages\Einstellungen.cshtml.cs(57,25): warning CS8601: M├Âgliche Nullverweiszuweisung. [C:\Users\rloer\Desktop\IT-Pc\Angular Test\DmsProjeckt\DmsProjeckt.csproj]
C:\Users\rloer\Desktop\IT-Pc\Angular Test\DmsProjeckt\Pages\Einstellungen.cshtml.cs(58,24): warning CS8601: M├Âgliche Nullverweiszuweisung. [C:\Users\rloer\Desktop\IT-Pc\Angular Test\DmsProjeckt\DmsProjeckt.csproj]
C:\Users\rloer\Desktop\IT-Pc\Angular Test\DmsProjeckt\Pages\Einstellungen.cshtml.cs(60,27): warning CS8601: M├Âgliche Nullverweiszuweisung. [C:\Users\rloer\Desktop\IT-Pc\Angular Test\DmsProjeckt\DmsProjeckt.csproj]
C:\Users\rloer\Desktop\IT-Pc\Angular Test\DmsProjeckt\Pages\Einstellungen.cshtml.cs(61,21): warning CS8601: M├Âgliche Nullverweiszuweisung. [C:\Users\rloer\Desktop\IT-Pc\Angular Test\DmsProjeckt\DmsProjeckt.csproj]
C:\Users\rloer\Desktop\IT-Pc\Angular Test\DmsProjeckt\Data\UserSharedNote.cs(7,23): warning CS8618: Non-Nullable-Eigenschaft ÔÇ×SharedByUserIdÔÇ£ muss beim Beenden des Konstruktors einen Wert ungleich NULL enthalten. F├╝gen Sie ggf. den ÔÇ×erforderlichenÔÇ£ Modifizierer hinzu, oder deklarieren Sie den Eigenschaft als NULL-Werte zulassend. [C:\Users\rloer\Desktop\IT-Pc\Angular Test\DmsProjeckt\DmsProjeckt.csproj]
C:\Users\rloer\Desktop\IT-Pc\Angular Test\DmsProjeckt\Data\UserSharedNote.cs(8,23): warning CS8618: Non-Nullable-Eigenschaft ÔÇ×SharedToUserIdÔÇ£ muss beim Beenden des Konstruktors einen Wert ungleich NULL enthalten. F├╝gen Sie ggf. den ÔÇ×erforderlichenÔÇ£ Modifizierer hinzu, oder deklarieren Sie den Eigenschaft als NULL-Werte zulassend. [C:\Users\rloer\Desktop\IT-Pc\Angular Test\DmsProjeckt\DmsProjeckt.csproj]
C:\Users\rloer\Desktop\IT-Pc\Angular Test\DmsProjeckt\Data\UserSharedNote.cs(12,32): warning CS8618: Non-Nullable-Eigenschaft ÔÇ×SharedByUserÔÇ£ muss beim Beenden des Konstruktors einen Wert ungleich NULL enthalten. F├╝gen Sie ggf. den ÔÇ×erforderlichenÔÇ£ Modifizierer hinzu, oder deklarieren Sie den Eigenschaft als NULL-Werte zulassend. [C:\Users\rloer\Desktop\IT-Pc\Angular Test\DmsProjeckt\DmsProjeckt.csproj]
C:\Users\rloer\Desktop\IT-Pc\Angular Test\DmsProjeckt\Data\UserSharedNote.cs(13,32): warning CS8618: Non-Nullable-Eigenschaft ÔÇ×SharedToUserÔÇ£ muss beim Beenden des Konstruktors einen Wert ungleich NULL enthalten. F├╝gen Sie ggf. den ÔÇ×erforderlichenÔÇ£ Modifizierer hinzu, oder deklarieren Sie den Eigenschaft als NULL-Werte zulassend. [C:\Users\rloer\Desktop\IT-Pc\Angular Test\DmsProjeckt\DmsProjeckt.csproj]
C:\Users\rloer\Desktop\IT-Pc\Angular Test\DmsProjeckt\Data\UserSharedNote.cs(14,22): warning CS8618: Non-Nullable-Eigenschaft ÔÇ×NotizÔÇ£ muss beim Beenden des Konstruktors einen Wert ungleich NULL enthalten. F├╝gen Sie ggf. den ÔÇ×erforderlichenÔÇ£ Modifizierer hinzu, oder deklarieren Sie den Eigenschaft als NULL-Werte zulassend. [C:\Users\rloer\Desktop\IT-Pc\Angular Test\DmsProjeckt\DmsProjeckt.csproj]
C:\Users\rloer\Desktop\IT-Pc\Angular Test\DmsProjeckt\Data\UserSharedDocument.cs(10,23): warning CS8618: Non-Nullable-Eigenschaft ÔÇ×SharedByUserIdÔÇ£ muss beim Beenden des Konstruktors einen Wert ungleich NULL enthalten. F├╝gen Sie ggf. den ÔÇ×erforderlichenÔÇ£ Modifizierer hinzu, oder deklarieren Sie den Eigenschaft als NULL-Werte zulassend. [C:\Users\rloer\Desktop\IT-Pc\Angular Test\DmsProjeckt\DmsProjeckt.csproj]
C:\Users\rloer\Desktop\IT-Pc\Angular Test\DmsProjeckt\Data\UserSharedDocument.cs(11,23): warning CS8618: Non-Nullable-Eigenschaft ÔÇ×SharedToUserIdÔÇ£ muss beim Beenden des Konstruktors einen Wert ungleich NULL enthalten. F├╝gen Sie ggf. den ÔÇ×erforderlichenÔÇ£ Modifizierer hinzu, oder deklarieren Sie den Eigenschaft als NULL-Werte zulassend. [C:\Users\rloer\Desktop\IT-Pc\Angular Test\DmsProjeckt\DmsProjeckt.csproj]
C:\Users\rloer\Desktop\IT-Pc\Angular Test\DmsProjeckt\Data\UserSharedDocument.cs(15,32): warning CS8618: Non-Nullable-Eigenschaft ÔÇ×SharedByUserÔÇ£ muss beim Beenden des Konstruktors einen Wert ungleich NULL enthalten. F├╝gen Sie ggf. den ÔÇ×erforderlichenÔÇ£ Modifizierer hinzu, oder deklarieren Sie den Eigenschaft als NULL-Werte zulassend. [C:\Users\rloer\Desktop\IT-Pc\Angular Test\DmsProjeckt\DmsProjeckt.csproj]
C:\Users\rloer\Desktop\IT-Pc\Angular Test\DmsProjeckt\Data\UserSharedDocument.cs(16,32): warning CS8618: Non-Nullable-Eigenschaft ÔÇ×SharedToUserÔÇ£ muss beim Beenden des Konstruktors einen Wert ungleich NULL enthalten. F├╝gen Sie ggf. den ÔÇ×erforderlichenÔÇ£ Modifizierer hinzu, oder deklarieren Sie den Eigenschaft als NULL-Werte zulassend. [C:\Users\rloer\Desktop\IT-Pc\Angular Test\DmsProjeckt\DmsProjeckt.csproj]
C:\Users\rloer\Desktop\IT-Pc\Angular Test\DmsProjeckt\Data\UserSharedDocument.cs(17,26): warning CS8618: Non-Nullable-Eigenschaft ÔÇ×DokumentÔÇ£ muss beim Beenden des Konstruktors einen Wert ungleich NULL enthalten. F├╝gen Sie ggf. den ÔÇ×erforderlichenÔÇ£ Modifizierer hinzu, oder deklarieren Sie den Eigenschaft als NULL-Werte zulassend. [C:\Users\rloer\Desktop\IT-Pc\Angular Test\DmsProjeckt\DmsProjeckt.csproj]
C:\Users\rloer\Desktop\IT-Pc\Angular Test\DmsProjeckt\Data\UserRoleViewModel.cs(5,23): warning CS8618: Non-Nullable-Eigenschaft ÔÇ×UserIdÔÇ£ muss beim Beenden des Konstruktors einen Wert ungleich NULL enthalten. F├╝gen Sie ggf. den ÔÇ×erforderlichenÔÇ£ Modifizierer hinzu, oder deklarieren Sie den Eigenschaft als NULL-Werte zulassend. [C:\Users\rloer\Desktop\IT-Pc\Angular Test\DmsProjeckt\DmsProjeckt.csproj]
C:\Users\rloer\Desktop\IT-Pc\Angular Test\DmsProjeckt\Data\UserRoleViewModel.cs(6,23): warning CS8618: Non-Nullable-Eigenschaft ÔÇ×UserNameÔÇ£ muss beim Beenden des Konstruktors einen Wert ungleich NULL enthalten. F├╝gen Sie ggf. den ÔÇ×erforderlichenÔÇ£ Modifizierer hinzu, oder deklarieren Sie den Eigenschaft als NULL-Werte zulassend. [C:\Users\rloer\Desktop\IT-Pc\Angular Test\DmsProjeckt\DmsProjeckt.csproj]
C:\Users\rloer\Desktop\IT-Pc\Angular Test\DmsProjeckt\Data\UserRoleViewModel.cs(7,23): warning CS8618: Non-Nullable-Eigenschaft ÔÇ×CurrentRoleÔÇ£ muss beim Beenden des Konstruktors einen Wert ungleich NULL enthalten. F├╝gen Sie ggf. den ÔÇ×erforderlichenÔÇ£ Modifizierer hinzu, oder deklarieren Sie den Eigenschaft als NULL-Werte zulassend. [C:\Users\rloer\Desktop\IT-Pc\Angular Test\DmsProjeckt\DmsProjeckt.csproj]
C:\Users\rloer\Desktop\IT-Pc\Angular Test\DmsProjeckt\Data\UserRoleViewModel.cs(8,23): warning CS8618: Non-Nullable-Eigenschaft ÔÇ×SelectedRoleÔÇ£ muss beim Beenden des Konstruktors einen Wert ungleich NULL enthalten. F├╝gen Sie ggf. den ÔÇ×erforderlichenÔÇ£ Modifizierer hinzu, oder deklarieren Sie den Eigenschaft als NULL-Werte zulassend. [C:\Users\rloer\Desktop\IT-Pc\Angular Test\DmsProjeckt\DmsProjeckt.csproj]
C:\Users\rloer\Desktop\IT-Pc\Angular Test\DmsProjeckt\Data\UserRoleViewModel.cs(9,29): warning CS8618: Non-Nullable-Eigenschaft ÔÇ×AvailableRolesÔÇ£ muss beim Beenden des Konstruktors einen Wert ungleich NULL enthalten. F├╝gen Sie ggf. den ÔÇ×erforderlichenÔÇ£ Modifizierer hinzu, oder deklarieren Sie den Eigenschaft als NULL-Werte zulassend. [C:\Users\rloer\Desktop\IT-Pc\Angular Test\DmsProjeckt\DmsProjeckt.csproj]
C:\Users\rloer\Desktop\IT-Pc\Angular Test\DmsProjeckt\Data\UserRoleViewModel.cs(10,23): warning CS8618: Non-Nullable-Eigenschaft ÔÇ×DepartmentNameÔÇ£ muss beim Beenden des Konstruktors einen Wert ungleich NULL enthalten. F├╝gen Sie ggf. den ÔÇ×erforderlichenÔÇ£ Modifizierer hinzu, oder deklarieren Sie den Eigenschaft als NULL-Werte zulassend. [C:\Users\rloer\Desktop\IT-Pc\Angular Test\DmsProjeckt\DmsProjeckt.csproj]
C:\Users\rloer\Desktop\IT-Pc\Angular Test\DmsProjeckt\Data\UserRoleViewModel.cs(11,23): warning CS8618: Non-Nullable-Eigenschaft ÔÇ×EmailÔÇ£ muss beim Beenden des Konstruktors einen Wert ungleich NULL enthalten. F├╝gen Sie ggf. den ÔÇ×erforderlichenÔÇ£ Modifizierer hinzu, oder deklarieren Sie den Eigenschaft als NULL-Werte zulassend. [C:\Users\rloer\Desktop\IT-Pc\Angular Test\DmsProjeckt\DmsProjeckt.csproj]
C:\Users\rloer\Desktop\IT-Pc\Angular Test\DmsProjeckt\Data\UserRoleViewModel.cs(12,23): warning CS8618: Non-Nullable-Eigenschaft ÔÇ×VornameÔÇ£ muss beim Beenden des Konstruktors einen Wert ungleich NULL enthalten. F├╝gen Sie ggf. den ÔÇ×erforderlichenÔÇ£ Modifizierer hinzu, oder deklarieren Sie den Eigenschaft als NULL-Werte zulassend. [C:\Users\rloer\Desktop\IT-Pc\Angular Test\DmsProjeckt\DmsProjeckt.csproj]
C:\Users\rloer\Desktop\IT-Pc\Angular Test\DmsProjeckt\Data\UserRoleViewModel.cs(13,23): warning CS8618: Non-Nullable-Eigenschaft ÔÇ×NachnameÔÇ£ muss beim Beenden des Konstruktors einen Wert ungleich NULL enthalten. F├╝gen Sie ggf. den ÔÇ×erforderlichenÔÇ£ Modifizierer hinzu, oder deklarieren Sie den Eigenschaft als NULL-Werte zulassend. [C:\Users\rloer\Desktop\IT-Pc\Angular Test\DmsProjeckt\DmsProjeckt.csproj]
C:\Users\rloer\Desktop\IT-Pc\Angular Test\DmsProjeckt\Data\UserNotificationSetting.cs(6,23): warning CS8618: Non-Nullable-Eigenschaft ÔÇ×UserIdÔÇ£ muss beim Beenden des Konstruktors einen Wert ungleich NULL enthalten. F├╝gen Sie ggf. den ÔÇ×erforderlichenÔÇ£ Modifizierer hinzu, oder deklarieren Sie den Eigenschaft als NULL-Werte zulassend. [C:\Users\rloer\Desktop\IT-Pc\Angular Test\DmsProjeckt\DmsProjeckt.csproj]
C:\Users\rloer\Desktop\IT-Pc\Angular Test\DmsProjeckt\Data\UserNotificationSetting.cs(7,32): warning CS8618: Non-Nullable-Eigenschaft ÔÇ×UserÔÇ£ muss beim Beenden des Konstruktors einen Wert ungleich NULL enthalten. F├╝gen Sie ggf. den ÔÇ×erforderlichenÔÇ£ Modifizierer hinzu, oder deklarieren Sie den Eigenschaft als NULL-Werte zulassend. [C:\Users\rloer\Desktop\IT-Pc\Angular Test\DmsProjeckt\DmsProjeckt.csproj]
C:\Users\rloer\Desktop\IT-Pc\Angular Test\DmsProjeckt\Data\UserNotificationSetting.cs(9,33): warning CS8618: Non-Nullable-Eigenschaft ÔÇ×NotificationTypeÔÇ£ muss beim Beenden des Konstruktors einen Wert ungleich NULL enthalten. F├╝gen Sie ggf. den ÔÇ×erforderlichenÔÇ£ Modifizierer hinzu, oder deklarieren Sie den Eigenschaft als NULL-Werte zulassend. [C:\Users\rloer\Desktop\IT-Pc\Angular Test\DmsProjeckt\DmsProjeckt.csproj]
C:\Users\rloer\Desktop\IT-Pc\Angular Test\DmsProjeckt\Data\UserNotification.cs(7,23): warning CS8618: Non-Nullable-Eigenschaft ÔÇ×UserIdÔÇ£ muss beim Beenden des Konstruktors einen Wert ungleich NULL enthalten. F├╝gen Sie ggf. den ÔÇ×erforderlichenÔÇ£ Modifizierer hinzu, oder deklarieren Sie den Eigenschaft als NULL-Werte zulassend. [C:\Users\rloer\Desktop\IT-Pc\Angular Test\DmsProjeckt\DmsProjeckt.csproj]
C:\Users\rloer\Desktop\IT-Pc\Angular Test\DmsProjeckt\Data\UserNotification.cs(8,32): warning CS8618: Non-Nullable-Eigenschaft ÔÇ×UserÔÇ£ muss beim Beenden des Konstruktors einen Wert ungleich NULL enthalten. F├╝gen Sie ggf. den ÔÇ×erforderlichenÔÇ£ Modifizierer hinzu, oder deklarieren Sie den Eigenschaft als NULL-Werte zulassend. [C:\Users\rloer\Desktop\IT-Pc\Angular Test\DmsProjeckt\DmsProjeckt.csproj]
C:\Users\rloer\Desktop\IT-Pc\Angular Test\DmsProjeckt\Data\UserNotification.cs(10,29): warning CS8618: Non-Nullable-Eigenschaft ÔÇ×NotificationÔÇ£ muss beim Beenden des Konstruktors einen Wert ungleich NULL enthalten. F├╝gen Sie ggf. den ÔÇ×erforderlichenÔÇ£ Modifizierer hinzu, oder deklarieren Sie den Eigenschaft als NULL-Werte zulassend. [C:\Users\rloer\Desktop\IT-Pc\Angular Test\DmsProjeckt\DmsProjeckt.csproj]
C:\Users\rloer\Desktop\IT-Pc\Angular Test\DmsProjeckt\Data\UserFavoritNote.cs(15,22): warning CS8618: Non-Nullable-Eigenschaft ÔÇ×NotizÔÇ£ muss beim Beenden des Konstruktors einen Wert ungleich NULL enthalten. F├╝gen Sie ggf. den ÔÇ×erforderlichenÔÇ£ Modifizierer hinzu, oder deklarieren Sie den Eigenschaft als NULL-Werte zulassend. [C:\Users\rloer\Desktop\IT-Pc\Angular Test\DmsProjeckt\DmsProjeckt.csproj]
C:\Users\rloer\Desktop\IT-Pc\Angular Test\DmsProjeckt\Data\UserFavoritNote.cs(18,23): warning CS8618: Non-Nullable-Eigenschaft ÔÇ×UserIdÔÇ£ muss beim Beenden des Konstruktors einen Wert ungleich NULL enthalten. F├╝gen Sie ggf. den ÔÇ×erforderlichenÔÇ£ Modifizierer hinzu, oder deklarieren Sie den Eigenschaft als NULL-Werte zulassend. [C:\Users\rloer\Desktop\IT-Pc\Angular Test\DmsProjeckt\DmsProjeckt.csproj]
C:\Users\rloer\Desktop\IT-Pc\Angular Test\DmsProjeckt\Data\UserFavoritNote.cs(21,32): warning CS8618: Non-Nullable-Eigenschaft ÔÇ×UserÔÇ£ muss beim Beenden des Konstruktors einen Wert ungleich NULL enthalten. F├╝gen Sie ggf. den ÔÇ×erforderlichenÔÇ£ Modifizierer hinzu, oder deklarieren Sie den Eigenschaft als NULL-Werte zulassend. [C:\Users\rloer\Desktop\IT-Pc\Angular Test\DmsProjeckt\DmsProjeckt.csproj]
C:\Users\rloer\Desktop\IT-Pc\Angular Test\DmsProjeckt\Data\Abteilung.cs(6,23): warning CS8618: Non-Nullable-Eigenschaft ÔÇ×NameÔÇ£ muss beim Beenden des Konstruktors einen Wert ungleich NULL enthalten. F├╝gen Sie ggf. den ÔÇ×erforderlichenÔÇ£ Modifizierer hinzu, oder deklarieren Sie den Eigenschaft als NULL-Werte zulassend. [C:\Users\rloer\Desktop\IT-Pc\Angular Test\DmsProjeckt\DmsProjeckt.csproj]
C:\Users\rloer\Desktop\IT-Pc\Angular Test\DmsProjeckt\Data\Abteilung.cs(9,39): warning CS8618: Non-Nullable-Eigenschaft ÔÇ×DokumenteÔÇ£ muss beim Beenden des Konstruktors einen Wert ungleich NULL enthalten. F├╝gen Sie ggf. den ÔÇ×erforderlichenÔÇ£ Modifizierer hinzu, oder deklarieren Sie den Eigenschaft als NULL-Werte zulassend. [C:\Users\rloer\Desktop\IT-Pc\Angular Test\DmsProjeckt\DmsProjeckt.csproj]
C:\Users\rloer\Desktop\IT-Pc\Angular Test\DmsProjeckt\Data\UserFavoritDokument.cs(5,23): warning CS8618: Non-Nullable-Eigenschaft ÔÇ×ApplicationUserIdÔÇ£ muss beim Beenden des Konstruktors einen Wert ungleich NULL enthalten. F├╝gen Sie ggf. den ÔÇ×erforderlichenÔÇ£ Modifizierer hinzu, oder deklarieren Sie den Eigenschaft als NULL-Werte zulassend. [C:\Users\rloer\Desktop\IT-Pc\Angular Test\DmsProjeckt\DmsProjeckt.csproj]
C:\Users\rloer\Desktop\IT-Pc\Angular Test\DmsProjeckt\Data\UserFavoritDokument.cs(6,32): warning CS8618: Non-Nullable-Eigenschaft ÔÇ×ApplicationUserÔÇ£ muss beim Beenden des Konstruktors einen Wert ungleich NULL enthalten. F├╝gen Sie ggf. den ÔÇ×erforderlichenÔÇ£ Modifizierer hinzu, oder deklarieren Sie den Eigenschaft als NULL-Werte zulassend. [C:\Users\rloer\Desktop\IT-Pc\Angular Test\DmsProjeckt\DmsProjeckt.csproj]
C:\Users\rloer\Desktop\IT-Pc\Angular Test\DmsProjeckt\Data\UserFavoritDokument.cs(9,26): warning CS8618: Non-Nullable-Eigenschaft ÔÇ×DokumentÔÇ£ muss beim Beenden des Konstruktors einen Wert ungleich NULL enthalten. F├╝gen Sie ggf. den ÔÇ×erforderlichenÔÇ£ Modifizierer hinzu, oder deklarieren Sie den Eigenschaft als NULL-Werte zulassend. [C:\Users\rloer\Desktop\IT-Pc\Angular Test\DmsProjeckt\DmsProjeckt.csproj]
C:\Users\rloer\Desktop\IT-Pc\Angular Test\DmsProjeckt\Data\StepKommentar.cs(7,21): warning CS8618: Non-Nullable-Eigenschaft ÔÇ×StepÔÇ£ muss beim Beenden des Konstruktors einen Wert ungleich NULL enthalten. F├╝gen Sie ggf. den ÔÇ×erforderlichenÔÇ£ Modifizierer hinzu, oder deklarieren Sie den Eigenschaft als NULL-Werte zulassend. [C:\Users\rloer\Desktop\IT-Pc\Angular Test\DmsProjeckt\DmsProjeckt.csproj]
C:\Users\rloer\Desktop\IT-Pc\Angular Test\DmsProjeckt\Data\StepKommentar.cs(8,23): warning CS8618: Non-Nullable-Eigenschaft ÔÇ×UserIdÔÇ£ muss beim Beenden des Konstruktors einen Wert ungleich NULL enthalten. F├╝gen Sie ggf. den ÔÇ×erforderlichenÔÇ£ Modifizierer hinzu, oder deklarieren Sie den Eigenschaft als NULL-Werte zulassend. [C:\Users\rloer\Desktop\IT-Pc\Angular Test\DmsProjeckt\DmsProjeckt.csproj]
C:\Users\rloer\Desktop\IT-Pc\Angular Test\DmsProjeckt\Data\StepKommentar.cs(9,32): warning CS8618: Non-Nullable-Eigenschaft ÔÇ×UserÔÇ£ muss beim Beenden des Konstruktors einen Wert ungleich NULL enthalten. F├╝gen Sie ggf. den ÔÇ×erforderlichenÔÇ£ Modifizierer hinzu, oder deklarieren Sie den Eigenschaft als NULL-Werte zulassend. [C:\Users\rloer\Desktop\IT-Pc\Angular Test\DmsProjeckt\DmsProjeckt.csproj]
C:\Users\rloer\Desktop\IT-Pc\Angular Test\DmsProjeckt\Data\StepKommentar.cs(11,23): warning CS8618: Non-Nullable-Eigenschaft ÔÇ×TextÔÇ£ muss beim Beenden des Konstruktors einen Wert ungleich NULL enthalten. F├╝gen Sie ggf. den ÔÇ×erforderlichenÔÇ£ Modifizierer hinzu, oder deklarieren Sie den Eigenschaft als NULL-Werte zulassend. [C:\Users\rloer\Desktop\IT-Pc\Angular Test\DmsProjeckt\DmsProjeckt.csproj]
C:\Users\rloer\Desktop\IT-Pc\Angular Test\DmsProjeckt\Data\Step.cs(15,23): warning CS8618: Non-Nullable-Eigenschaft ÔÇ×DescriptionÔÇ£ muss beim Beenden des Konstruktors einen Wert ungleich NULL enthalten. F├╝gen Sie ggf. den ÔÇ×erforderlichenÔÇ£ Modifizierer hinzu, oder deklarieren Sie den Eigenschaft als NULL-Werte zulassend. [C:\Users\rloer\Desktop\IT-Pc\Angular Test\DmsProjeckt\DmsProjeckt.csproj]
C:\Users\rloer\Desktop\IT-Pc\Angular Test\DmsProjeckt\Data\Step.cs(32,44): warning CS8618: Non-Nullable-Eigenschaft ÔÇ×KommentareÔÇ£ muss beim Beenden des Konstruktors einen Wert ungleich NULL enthalten. F├╝gen Sie ggf. den ÔÇ×erforderlichenÔÇ£ Modifizierer hinzu, oder deklarieren Sie den Eigenschaft als NULL-Werte zulassend. [C:\Users\rloer\Desktop\IT-Pc\Angular Test\DmsProjeckt\DmsProjeckt.csproj]
C:\Users\rloer\Desktop\IT-Pc\Angular Test\DmsProjeckt\Data\Step.cs(33,40): warning CS8618: Non-Nullable-Eigenschaft ÔÇ×DokumenteÔÇ£ muss beim Beenden des Konstruktors einen Wert ungleich NULL enthalten. F├╝gen Sie ggf. den ÔÇ×erforderlichenÔÇ£ Modifizierer hinzu, oder deklarieren Sie den Eigenschaft als NULL-Werte zulassend. [C:\Users\rloer\Desktop\IT-Pc\Angular Test\DmsProjeckt\DmsProjeckt.csproj]
C:\Users\rloer\Desktop\IT-Pc\Angular Test\DmsProjeckt\Data\SharedDocumentsDto.cs(5,23): warning CS8618: Non-Nullable-Eigenschaft ÔÇ×DokumentTitleÔÇ£ muss beim Beenden des Konstruktors einen Wert ungleich NULL enthalten. F├╝gen Sie ggf. den ÔÇ×erforderlichenÔÇ£ Modifizierer hinzu, oder deklarieren Sie den Eigenschaft als NULL-Werte zulassend. [C:\Users\rloer\Desktop\IT-Pc\Angular Test\DmsProjeckt\DmsProjeckt.csproj]
C:\Users\rloer\Desktop\IT-Pc\Angular Test\DmsProjeckt\Data\SharedDocumentsDto.cs(6,23): warning CS8618: Non-Nullable-Eigenschaft ÔÇ×SharedByUserNameÔÇ£ muss beim Beenden des Konstruktors einen Wert ungleich NULL enthalten. F├╝gen Sie ggf. den ÔÇ×erforderlichenÔÇ£ Modifizierer hinzu, oder deklarieren Sie den Eigenschaft als NULL-Werte zulassend. [C:\Users\rloer\Desktop\IT-Pc\Angular Test\DmsProjeckt\DmsProjeckt.csproj]
C:\Users\rloer\Desktop\IT-Pc\Angular Test\DmsProjeckt\Data\SharedDocumentsDto.cs(9,23): warning CS8618: Non-Nullable-Eigenschaft ÔÇ×ObjectPathÔÇ£ muss beim Beenden des Konstruktors einen Wert ungleich NULL enthalten. F├╝gen Sie ggf. den ÔÇ×erforderlichenÔÇ£ Modifizierer hinzu, oder deklarieren Sie den Eigenschaft als NULL-Werte zulassend. [C:\Users\rloer\Desktop\IT-Pc\Angular Test\DmsProjeckt\DmsProjeckt.csproj]
C:\Users\rloer\Desktop\IT-Pc\Angular Test\DmsProjeckt\Data\SearchHistory.cs(6,23): warning CS8618: Non-Nullable-Eigenschaft ÔÇ×UserIdÔÇ£ muss beim Beenden des Konstruktors einen Wert ungleich NULL enthalten. F├╝gen Sie ggf. den ÔÇ×erforderlichenÔÇ£ Modifizierer hinzu, oder deklarieren Sie den Eigenschaft als NULL-Werte zulassend. [C:\Users\rloer\Desktop\IT-Pc\Angular Test\DmsProjeckt\DmsProjeckt.csproj]
C:\Users\rloer\Desktop\IT-Pc\Angular Test\DmsProjeckt\Data\RecentHistory.cs(8,23): warning CS8618: Non-Nullable-Eigenschaft ÔÇ×UserIdÔÇ£ muss beim Beenden des Konstruktors einen Wert ungleich NULL enthalten. F├╝gen Sie ggf. den ÔÇ×erforderlichenÔÇ£ Modifizierer hinzu, oder deklarieren Sie den Eigenschaft als NULL-Werte zulassend. [C:\Users\rloer\Desktop\IT-Pc\Angular Test\DmsProjeckt\DmsProjeckt.csproj]
C:\Users\rloer\Desktop\IT-Pc\Angular Test\DmsProjeckt\Data\RecentHistory.cs(12,32): warning CS8618: Non-Nullable-Eigenschaft ÔÇ×UserÔÇ£ muss beim Beenden des Konstruktors einen Wert ungleich NULL enthalten. F├╝gen Sie ggf. den ÔÇ×erforderlichenÔÇ£ Modifizierer hinzu, oder deklarieren Sie den Eigenschaft als NULL-Werte zulassend. [C:\Users\rloer\Desktop\IT-Pc\Angular Test\DmsProjeckt\DmsProjeckt.csproj]
C:\Users\rloer\Desktop\IT-Pc\Angular Test\DmsProjeckt\Data\RecentHistory.cs(13,26): warning CS8618: Non-Nullable-Eigenschaft ÔÇ×DokumentÔÇ£ muss beim Beenden des Konstruktors einen Wert ungleich NULL enthalten. F├╝gen Sie ggf. den ÔÇ×erforderlichenÔÇ£ Modifizierer hinzu, oder deklarieren Sie den Eigenschaft als NULL-Werte zulassend. [C:\Users\rloer\Desktop\IT-Pc\Angular Test\DmsProjeckt\DmsProjeckt.csproj]
C:\Users\rloer\Desktop\IT-Pc\Angular Test\DmsProjeckt\Controllers\WorkflowApiController.cs(138,29): warning CS8602: Dereferenzierung eines m├Âglichen Nullverweises. [C:\Users\rloer\Desktop\IT-Pc\Angular Test\DmsProjeckt\DmsProjeckt.csproj]
C:\Users\rloer\Desktop\IT-Pc\Angular Test\DmsProjeckt\Data\PdfOcrUtil.cs(13,42): warning CS1998: In dieser Async-Methode fehlen die "await"-Operatoren, weshalb sie synchron ausgef├╝hrt wird. Sie sollten die Verwendung des "await"-Operators oder von "await Task.Run(...)" in Betracht ziehen, um auf nicht blockierende API-Aufrufe zu warten bzw. CPU-gebundene Aufgaben auf einem Hintergrundthread auszuf├╝hren. [C:\Users\rloer\Desktop\IT-Pc\Angular Test\DmsProjeckt\DmsProjeckt.csproj]
C:\Users\rloer\Desktop\IT-Pc\Angular Test\DmsProjeckt\Data\NotificationType.cs(6,23): warning CS8618: Non-Nullable-Eigenschaft ÔÇ×NameÔÇ£ muss beim Beenden des Konstruktors einen Wert ungleich NULL enthalten. F├╝gen Sie ggf. den ÔÇ×erforderlichenÔÇ£ Modifizierer hinzu, oder deklarieren Sie den Eigenschaft als NULL-Werte zulassend. [C:\Users\rloer\Desktop\IT-Pc\Angular Test\DmsProjeckt\DmsProjeckt.csproj]
C:\Users\rloer\Desktop\IT-Pc\Angular Test\DmsProjeckt\Data\NotificationType.cs(7,23): warning CS8618: Non-Nullable-Eigenschaft ÔÇ×DescriptionÔÇ£ muss beim Beenden des Konstruktors einen Wert ungleich NULL enthalten. F├╝gen Sie ggf. den ÔÇ×erforderlichenÔÇ£ Modifizierer hinzu, oder deklarieren Sie den Eigenschaft als NULL-Werte zulassend. [C:\Users\rloer\Desktop\IT-Pc\Angular Test\DmsProjeckt\DmsProjeckt.csproj]
C:\Users\rloer\Desktop\IT-Pc\Angular Test\DmsProjeckt\Data\NotificationType.cs(8,42): warning CS8618: Non-Nullable-Eigenschaft ÔÇ×NotificationsÔÇ£ muss beim Beenden des Konstruktors einen Wert ungleich NULL enthalten. F├╝gen Sie ggf. den ÔÇ×erforderlichenÔÇ£ Modifizierer hinzu, oder deklarieren Sie den Eigenschaft als NULL-Werte zulassend. [C:\Users\rloer\Desktop\IT-Pc\Angular Test\DmsProjeckt\DmsProjeckt.csproj]
C:\Users\rloer\Desktop\IT-Pc\Angular Test\DmsProjeckt\Data\NotificationType.cs(9,53): warning CS8618: Non-Nullable-Eigenschaft ÔÇ×UserNotificationSettingsÔÇ£ muss beim Beenden des Konstruktors einen Wert ungleich NULL enthalten. F├╝gen Sie ggf. den ÔÇ×erforderlichenÔÇ£ Modifizierer hinzu, oder deklarieren Sie den Eigenschaft als NULL-Werte zulassend. [C:\Users\rloer\Desktop\IT-Pc\Angular Test\DmsProjeckt\DmsProjeckt.csproj]
C:\Users\rloer\Desktop\IT-Pc\Angular Test\DmsProjeckt\Pages\Workflows\StepDetail.cshtml.cs(40,25): warning CS8601: M├Âgliche Nullverweiszuweisung. [C:\Users\rloer\Desktop\IT-Pc\Angular Test\DmsProjeckt\DmsProjeckt.csproj]
C:\Users\rloer\Desktop\IT-Pc\Angular Test\DmsProjeckt\Pages\Workflows\StepDetail.cshtml.cs(45,38): warning CS8602: Dereferenzierung eines m├Âglichen Nullverweises. [C:\Users\rloer\Desktop\IT-Pc\Angular Test\DmsProjeckt\DmsProjeckt.csproj]
C:\Users\rloer\Desktop\IT-Pc\Angular Test\DmsProjeckt\Pages\Workflows\StepDetail.cshtml.cs(118,43): warning CS8602: Dereferenzierung eines m├Âglichen Nullverweises. [C:\Users\rloer\Desktop\IT-Pc\Angular Test\DmsProjeckt\DmsProjeckt.csproj]
C:\Users\rloer\Desktop\IT-Pc\Angular Test\DmsProjeckt\Pages\Workflows\StepDetail.cshtml.cs(144,30): warning CS8601: M├Âgliche Nullverweiszuweisung. [C:\Users\rloer\Desktop\IT-Pc\Angular Test\DmsProjeckt\DmsProjeckt.csproj]
C:\Users\rloer\Desktop\IT-Pc\Angular Test\DmsProjeckt\Data\Notification.cs(6,23): warning CS8618: Non-Nullable-Eigenschaft ÔÇ×TitleÔÇ£ muss beim Beenden des Konstruktors einen Wert ungleich NULL enthalten. F├╝gen Sie ggf. den ÔÇ×erforderlichenÔÇ£ Modifizierer hinzu, oder deklarieren Sie den Eigenschaft als NULL-Werte zulassend. [C:\Users\rloer\Desktop\IT-Pc\Angular Test\DmsProjeckt\DmsProjeckt.csproj]
C:\Users\rloer\Desktop\IT-Pc\Angular Test\DmsProjeckt\Data\Notification.cs(7,23): warning CS8618: Non-Nullable-Eigenschaft ÔÇ×ContentÔÇ£ muss beim Beenden des Konstruktors einen Wert ungleich NULL enthalten. F├╝gen Sie ggf. den ÔÇ×erforderlichenÔÇ£ Modifizierer hinzu, oder deklarieren Sie den Eigenschaft als NULL-Werte zulassend. [C:\Users\rloer\Desktop\IT-Pc\Angular Test\DmsProjeckt\DmsProjeckt.csproj]
C:\Users\rloer\Desktop\IT-Pc\Angular Test\DmsProjeckt\Data\Notification.cs(10,33): warning CS8618: Non-Nullable-Eigenschaft ÔÇ×NotificationTypeÔÇ£ muss beim Beenden des Konstruktors einen Wert ungleich NULL enthalten. F├╝gen Sie ggf. den ÔÇ×erforderlichenÔÇ£ Modifizierer hinzu, oder deklarieren Sie den Eigenschaft als NULL-Werte zulassend. [C:\Users\rloer\Desktop\IT-Pc\Angular Test\DmsProjeckt\DmsProjeckt.csproj]
C:\Users\rloer\Desktop\IT-Pc\Angular Test\DmsProjeckt\Data\Notification.cs(11,46): warning CS8618: Non-Nullable-Eigenschaft ÔÇ×UserNotificationsÔÇ£ muss beim Beenden des Konstruktors einen Wert ungleich NULL enthalten. F├╝gen Sie ggf. den ÔÇ×erforderlichenÔÇ£ Modifizierer hinzu, oder deklarieren Sie den Eigenschaft als NULL-Werte zulassend. [C:\Users\rloer\Desktop\IT-Pc\Angular Test\DmsProjeckt\DmsProjeckt.csproj]
C:\Users\rloer\Desktop\IT-Pc\Angular Test\DmsProjeckt\Data\MessageRead.cs(6,28): warning CS8618: Non-Nullable-Eigenschaft ÔÇ×MessageÔÇ£ muss beim Beenden des Konstruktors einen Wert ungleich NULL enthalten. F├╝gen Sie ggf. den ÔÇ×erforderlichenÔÇ£ Modifizierer hinzu, oder deklarieren Sie den Eigenschaft als NULL-Werte zulassend. [C:\Users\rloer\Desktop\IT-Pc\Angular Test\DmsProjeckt\DmsProjeckt.csproj]
C:\Users\rloer\Desktop\IT-Pc\Angular Test\DmsProjeckt\Data\MessageRead.cs(8,23): warning CS8618: Non-Nullable-Eigenschaft ÔÇ×UserIdÔÇ£ muss beim Beenden des Konstruktors einen Wert ungleich NULL enthalten. F├╝gen Sie ggf. den ÔÇ×erforderlichenÔÇ£ Modifizierer hinzu, oder deklarieren Sie den Eigenschaft als NULL-Werte zulassend. [C:\Users\rloer\Desktop\IT-Pc\Angular Test\DmsProjeckt\DmsProjeckt.csproj]
C:\Users\rloer\Desktop\IT-Pc\Angular Test\DmsProjeckt\Hubs\ChatHub.cs(14,30): warning CS8602: Dereferenzierung eines m├Âglichen Nullverweises. [C:\Users\rloer\Desktop\IT-Pc\Angular Test\DmsProjeckt\DmsProjeckt.csproj]
C:\Users\rloer\Desktop\IT-Pc\Angular Test\DmsProjeckt\Hubs\ChatHub.cs(14,30): warning CS8602: Dereferenzierung eines m├Âglichen Nullverweises. [C:\Users\rloer\Desktop\IT-Pc\Angular Test\DmsProjeckt\DmsProjeckt.csproj]
C:\Users\rloer\Desktop\IT-Pc\Angular Test\DmsProjeckt\Hubs\ChatHub.cs(17,28): warning CS8601: M├Âgliche Nullverweiszuweisung. [C:\Users\rloer\Desktop\IT-Pc\Angular Test\DmsProjeckt\DmsProjeckt.csproj]
C:\Users\rloer\Desktop\IT-Pc\Angular Test\DmsProjeckt\Hubs\ChatHub.cs(18,30): warning CS8601: M├Âgliche Nullverweiszuweisung. [C:\Users\rloer\Desktop\IT-Pc\Angular Test\DmsProjeckt\DmsProjeckt.csproj]
C:\Users\rloer\Desktop\IT-Pc\Angular Test\DmsProjeckt\Pages\Workflows\StepDetail.cshtml.cs(162,22): warning CS8602: Dereferenzierung eines m├Âglichen Nullverweises. [C:\Users\rloer\Desktop\IT-Pc\Angular Test\DmsProjeckt\DmsProjeckt.csproj]
C:\Users\rloer\Desktop\IT-Pc\Angular Test\DmsProjeckt\Pages\Einstellungen.cshtml.cs(250,44): warning CS8604: M├Âgliches Nullverweisargument f├╝r den Parameter "to" in "Task EmailService.SendEmailAsync(string to, string subject, string body, List<(byte[] Data, string FileName, string MimeType)>? attachments = null)". [C:\Users\rloer\Desktop\IT-Pc\Angular Test\DmsProjeckt\DmsProjeckt.csproj]
C:\Users\rloer\Desktop\IT-Pc\Angular Test\DmsProjeckt\Data\Archive.cs(14,26): warning CS8618: Non-Nullable-Eigenschaft ÔÇ×DokumentÔÇ£ muss beim Beenden des Konstruktors einen Wert ungleich NULL enthalten. F├╝gen Sie ggf. den ÔÇ×erforderlichenÔÇ£ Modifizierer hinzu, oder deklarieren Sie den Eigenschaft als NULL-Werte zulassend. [C:\Users\rloer\Desktop\IT-Pc\Angular Test\DmsProjeckt\DmsProjeckt.csproj]
C:\Users\rloer\Desktop\IT-Pc\Angular Test\DmsProjeckt\Data\ImageOcrUtil.cs(23,30): warning CS0168: Die Variable "ex" ist deklariert, wird aber nie verwendet. [C:\Users\rloer\Desktop\IT-Pc\Angular Test\DmsProjeckt\DmsProjeckt.csproj]
C:\Users\rloer\Desktop\IT-Pc\Angular Test\DmsProjeckt\Hubs\ChatHub.cs(31,30): warning CS8602: Dereferenzierung eines m├Âglichen Nullverweises. [C:\Users\rloer\Desktop\IT-Pc\Angular Test\DmsProjeckt\DmsProjeckt.csproj]
C:\Users\rloer\Desktop\IT-Pc\Angular Test\DmsProjeckt\Hubs\ChatHub.cs(31,30): warning CS8602: Dereferenzierung eines m├Âglichen Nullverweises. [C:\Users\rloer\Desktop\IT-Pc\Angular Test\DmsProjeckt\DmsProjeckt.csproj]
C:\Users\rloer\Desktop\IT-Pc\Angular Test\DmsProjeckt\Hubs\ChatHub.cs(34,28): warning CS8601: M├Âgliche Nullverweiszuweisung. [C:\Users\rloer\Desktop\IT-Pc\Angular Test\DmsProjeckt\DmsProjeckt.csproj]
C:\Users\rloer\Desktop\IT-Pc\Angular Test\DmsProjeckt\Hubs\ChatHub.cs(35,30): warning CS8601: M├Âgliche Nullverweiszuweisung. [C:\Users\rloer\Desktop\IT-Pc\Angular Test\DmsProjeckt\DmsProjeckt.csproj]
C:\Users\rloer\Desktop\IT-Pc\Angular Test\DmsProjeckt\Hubs\ChatHub.cs(43,32): warning CS8604: M├Âgliches Nullverweisargument f├╝r den Parameter "userId" in "IClientProxy IHubClients<IClientProxy>.User(string userId)". [C:\Users\rloer\Desktop\IT-Pc\Angular Test\DmsProjeckt\DmsProjeckt.csproj]
C:\Users\rloer\Desktop\IT-Pc\Angular Test\DmsProjeckt\Data\AuditLogAdmin.cs(6,23): warning CS8618: Non-Nullable-Eigenschaft ÔÇ×AdminIdÔÇ£ muss beim Beenden des Konstruktors einen Wert ungleich NULL enthalten. F├╝gen Sie ggf. den ÔÇ×erforderlichenÔÇ£ Modifizierer hinzu, oder deklarieren Sie den Eigenschaft als NULL-Werte zulassend. [C:\Users\rloer\Desktop\IT-Pc\Angular Test\DmsProjeckt\DmsProjeckt.csproj]
C:\Users\rloer\Desktop\IT-Pc\Angular Test\DmsProjeckt\Data\AuditLogAdmin.cs(7,23): warning CS8618: Non-Nullable-Eigenschaft ÔÇ×ActionÔÇ£ muss beim Beenden des Konstruktors einen Wert ungleich NULL enthalten. F├╝gen Sie ggf. den ÔÇ×erforderlichenÔÇ£ Modifizierer hinzu, oder deklarieren Sie den Eigenschaft als NULL-Werte zulassend. [C:\Users\rloer\Desktop\IT-Pc\Angular Test\DmsProjeckt\DmsProjeckt.csproj]
C:\Users\rloer\Desktop\IT-Pc\Angular Test\DmsProjeckt\Data\AuditLogAdmin.cs(8,23): warning CS8618: Non-Nullable-Eigenschaft ÔÇ×TargetUserIdÔÇ£ muss beim Beenden des Konstruktors einen Wert ungleich NULL enthalten. F├╝gen Sie ggf. den ÔÇ×erforderlichenÔÇ£ Modifizierer hinzu, oder deklarieren Sie den Eigenschaft als NULL-Werte zulassend. [C:\Users\rloer\Desktop\IT-Pc\Angular Test\DmsProjeckt\DmsProjeckt.csproj]
C:\Users\rloer\Desktop\IT-Pc\Angular Test\DmsProjeckt\Data\FolderPermission.cs(6,23): warning CS8618: Non-Nullable-Eigenschaft ÔÇ×UserIdÔÇ£ muss beim Beenden des Konstruktors einen Wert ungleich NULL enthalten. F├╝gen Sie ggf. den ÔÇ×erforderlichenÔÇ£ Modifizierer hinzu, oder deklarieren Sie den Eigenschaft als NULL-Werte zulassend. [C:\Users\rloer\Desktop\IT-Pc\Angular Test\DmsProjeckt\DmsProjeckt.csproj]
C:\Users\rloer\Desktop\IT-Pc\Angular Test\DmsProjeckt\Data\FolderPermission.cs(7,32): warning CS8618: Non-Nullable-Eigenschaft ÔÇ×UserÔÇ£ muss beim Beenden des Konstruktors einen Wert ungleich NULL enthalten. F├╝gen Sie ggf. den ÔÇ×erforderlichenÔÇ£ Modifizierer hinzu, oder deklarieren Sie den Eigenschaft als NULL-Werte zulassend. [C:\Users\rloer\Desktop\IT-Pc\Angular Test\DmsProjeckt\DmsProjeckt.csproj]
C:\Users\rloer\Desktop\IT-Pc\Angular Test\DmsProjeckt\Data\FolderPermission.cs(9,23): warning CS8618: Non-Nullable-Eigenschaft ÔÇ×FolderPathÔÇ£ muss beim Beenden des Konstruktors einen Wert ungleich NULL enthalten. F├╝gen Sie ggf. den ÔÇ×erforderlichenÔÇ£ Modifizierer hinzu, oder deklarieren Sie den Eigenschaft als NULL-Werte zulassend. [C:\Users\rloer\Desktop\IT-Pc\Angular Test\DmsProjeckt\DmsProjeckt.csproj]
C:\Users\rloer\Desktop\IT-Pc\Angular Test\DmsProjeckt\Data\FolderPermission.cs(10,23): warning CS8618: Non-Nullable-Eigenschaft ÔÇ×GrantedByAdminIdÔÇ£ muss beim Beenden des Konstruktors einen Wert ungleich NULL enthalten. F├╝gen Sie ggf. den ÔÇ×erforderlichenÔÇ£ Modifizierer hinzu, oder deklarieren Sie den Eigenschaft als NULL-Werte zulassend. [C:\Users\rloer\Desktop\IT-Pc\Angular Test\DmsProjeckt\DmsProjeckt.csproj]
C:\Users\rloer\Desktop\IT-Pc\Angular Test\DmsProjeckt\Data\FolderPermission.cs(11,32): warning CS8618: Non-Nullable-Eigenschaft ÔÇ×GrantedByAdminÔÇ£ muss beim Beenden des Konstruktors einen Wert ungleich NULL enthalten. F├╝gen Sie ggf. den ÔÇ×erforderlichenÔÇ£ Modifizierer hinzu, oder deklarieren Sie den Eigenschaft als NULL-Werte zulassend. [C:\Users\rloer\Desktop\IT-Pc\Angular Test\DmsProjeckt\DmsProjeckt.csproj]
C:\Users\rloer\Desktop\IT-Pc\Angular Test\DmsProjeckt\Data\EmailSettings.cs(5,23): warning CS8618: Non-Nullable-Eigenschaft ÔÇ×SmtpServerÔÇ£ muss beim Beenden des Konstruktors einen Wert ungleich NULL enthalten. F├╝gen Sie ggf. den ÔÇ×erforderlichenÔÇ£ Modifizierer hinzu, oder deklarieren Sie den Eigenschaft als NULL-Werte zulassend. [C:\Users\rloer\Desktop\IT-Pc\Angular Test\DmsProjeckt\DmsProjeckt.csproj]
C:\Users\rloer\Desktop\IT-Pc\Angular Test\DmsProjeckt\Data\EmailSettings.cs(7,23): warning CS8618: Non-Nullable-Eigenschaft ÔÇ×SenderEmailÔÇ£ muss beim Beenden des Konstruktors einen Wert ungleich NULL enthalten. F├╝gen Sie ggf. den ÔÇ×erforderlichenÔÇ£ Modifizierer hinzu, oder deklarieren Sie den Eigenschaft als NULL-Werte zulassend. [C:\Users\rloer\Desktop\IT-Pc\Angular Test\DmsProjeckt\DmsProjeckt.csproj]
C:\Users\rloer\Desktop\IT-Pc\Angular Test\DmsProjeckt\Data\EmailSettings.cs(8,23): warning CS8618: Non-Nullable-Eigenschaft ÔÇ×SenderNameÔÇ£ muss beim Beenden des Konstruktors einen Wert ungleich NULL enthalten. F├╝gen Sie ggf. den ÔÇ×erforderlichenÔÇ£ Modifizierer hinzu, oder deklarieren Sie den Eigenschaft als NULL-Werte zulassend. [C:\Users\rloer\Desktop\IT-Pc\Angular Test\DmsProjeckt\DmsProjeckt.csproj]
C:\Users\rloer\Desktop\IT-Pc\Angular Test\DmsProjeckt\Data\EmailSettings.cs(9,23): warning CS8618: Non-Nullable-Eigenschaft ÔÇ×UsernameÔÇ£ muss beim Beenden des Konstruktors einen Wert ungleich NULL enthalten. F├╝gen Sie ggf. den ÔÇ×erforderlichenÔÇ£ Modifizierer hinzu, oder deklarieren Sie den Eigenschaft als NULL-Werte zulassend. [C:\Users\rloer\Desktop\IT-Pc\Angular Test\DmsProjeckt\DmsProjeckt.csproj]
C:\Users\rloer\Desktop\IT-Pc\Angular Test\DmsProjeckt\Data\EmailSettings.cs(10,23): warning CS8618: Non-Nullable-Eigenschaft ÔÇ×PasswordÔÇ£ muss beim Beenden des Konstruktors einen Wert ungleich NULL enthalten. F├╝gen Sie ggf. den ÔÇ×erforderlichenÔÇ£ Modifizierer hinzu, oder deklarieren Sie den Eigenschaft als NULL-Werte zulassend. [C:\Users\rloer\Desktop\IT-Pc\Angular Test\DmsProjeckt\DmsProjeckt.csproj]
C:\Users\rloer\Desktop\IT-Pc\Angular Test\DmsProjeckt\Data\DuplicateUpload.cs(8,26): warning CS8618: Non-Nullable-Eigenschaft ÔÇ×DokumentÔÇ£ muss beim Beenden des Konstruktors einen Wert ungleich NULL enthalten. F├╝gen Sie ggf. den ÔÇ×erforderlichenÔÇ£ Modifizierer hinzu, oder deklarieren Sie den Eigenschaft als NULL-Werte zulassend. [C:\Users\rloer\Desktop\IT-Pc\Angular Test\DmsProjeckt\DmsProjeckt.csproj]
C:\Users\rloer\Desktop\IT-Pc\Angular Test\DmsProjeckt\Data\DuplicateUpload.cs(11,23): warning CS8618: Non-Nullable-Eigenschaft ÔÇ×UserIdÔÇ£ muss beim Beenden des Konstruktors einen Wert ungleich NULL enthalten. F├╝gen Sie ggf. den ÔÇ×erforderlichenÔÇ£ Modifizierer hinzu, oder deklarieren Sie den Eigenschaft als NULL-Werte zulassend. [C:\Users\rloer\Desktop\IT-Pc\Angular Test\DmsProjeckt\DmsProjeckt.csproj]
C:\Users\rloer\Desktop\IT-Pc\Angular Test\DmsProjeckt\Data\DuplicateUpload.cs(12,32): warning CS8618: Non-Nullable-Eigenschaft ÔÇ×UserÔÇ£ muss beim Beenden des Konstruktors einen Wert ungleich NULL enthalten. F├╝gen Sie ggf. den ÔÇ×erforderlichenÔÇ£ Modifizierer hinzu, oder deklarieren Sie den Eigenschaft als NULL-Werte zulassend. [C:\Users\rloer\Desktop\IT-Pc\Angular Test\DmsProjeckt\DmsProjeckt.csproj]
C:\Users\rloer\Desktop\IT-Pc\Angular Test\DmsProjeckt\Data\DuplicateUpload.cs(16,23): warning CS8618: Non-Nullable-Eigenschaft ÔÇ×FileNameÔÇ£ muss beim Beenden des Konstruktors einen Wert ungleich NULL enthalten. F├╝gen Sie ggf. den ÔÇ×erforderlichenÔÇ£ Modifizierer hinzu, oder deklarieren Sie den Eigenschaft als NULL-Werte zulassend. [C:\Users\rloer\Desktop\IT-Pc\Angular Test\DmsProjeckt\DmsProjeckt.csproj]
C:\Users\rloer\Desktop\IT-Pc\Angular Test\DmsProjeckt\Pages\Einstellungen.cshtml.cs(294,23): warning CS8618: Non-Nullable-Eigenschaft ÔÇ×NameÔÇ£ muss beim Beenden des Konstruktors einen Wert ungleich NULL enthalten. F├╝gen Sie ggf. den ÔÇ×erforderlichenÔÇ£ Modifizierer hinzu, oder deklarieren Sie den Eigenschaft als NULL-Werte zulassend. [C:\Users\rloer\Desktop\IT-Pc\Angular Test\DmsProjeckt\DmsProjeckt.csproj]
C:\Users\rloer\Desktop\IT-Pc\Angular Test\DmsProjeckt\Pages\Einstellungen.cshtml.cs(266,22): warning CS8618: Non-Nullable-Eigenschaft ÔÇ×ProfilImageUrlÔÇ£ muss beim Beenden des Konstruktors einen Wert ungleich NULL enthalten. F├╝gen Sie ggf. den ÔÇ×erforderlichenÔÇ£ Modifizierer hinzu, oder deklarieren Sie den Eigenschaft als NULL-Werte zulassend. [C:\Users\rloer\Desktop\IT-Pc\Angular Test\DmsProjeckt\DmsProjeckt.csproj]
C:\Users\rloer\Desktop\IT-Pc\Angular Test\DmsProjeckt\Pages\Einstellungen.cshtml.cs(267,23): warning CS8618: Non-Nullable-Eigenschaft ÔÇ×EmailÔÇ£ muss beim Beenden des Konstruktors einen Wert ungleich NULL enthalten. F├╝gen Sie ggf. den ÔÇ×erforderlichenÔÇ£ Modifizierer hinzu, oder deklarieren Sie den Eigenschaft als NULL-Werte zulassend. [C:\Users\rloer\Desktop\IT-Pc\Angular Test\DmsProjeckt\DmsProjeckt.csproj]
C:\Users\rloer\Desktop\IT-Pc\Angular Test\DmsProjeckt\Pages\Einstellungen.cshtml.cs(268,23): warning CS8618: Non-Nullable-Eigenschaft ÔÇ×FirstNameÔÇ£ muss beim Beenden des Konstruktors einen Wert ungleich NULL enthalten. F├╝gen Sie ggf. den ÔÇ×erforderlichenÔÇ£ Modifizierer hinzu, oder deklarieren Sie den Eigenschaft als NULL-Werte zulassend. [C:\Users\rloer\Desktop\IT-Pc\Angular Test\DmsProjeckt\DmsProjeckt.csproj]
C:\Users\rloer\Desktop\IT-Pc\Angular Test\DmsProjeckt\Pages\Einstellungen.cshtml.cs(269,23): warning CS8618: Non-Nullable-Eigenschaft ÔÇ×LastNameÔÇ£ muss beim Beenden des Konstruktors einen Wert ungleich NULL enthalten. F├╝gen Sie ggf. den ÔÇ×erforderlichenÔÇ£ Modifizierer hinzu, oder deklarieren Sie den Eigenschaft als NULL-Werte zulassend. [C:\Users\rloer\Desktop\IT-Pc\Angular Test\DmsProjeckt\DmsProjeckt.csproj]
C:\Users\rloer\Desktop\IT-Pc\Angular Test\DmsProjeckt\Pages\Einstellungen.cshtml.cs(271,23): warning CS8618: Non-Nullable-Eigenschaft ÔÇ×PhoneNumberÔÇ£ muss beim Beenden des Konstruktors einen Wert ungleich NULL enthalten. F├╝gen Sie ggf. den ÔÇ×erforderlichenÔÇ£ Modifizierer hinzu, oder deklarieren Sie den Eigenschaft als NULL-Werte zulassend. [C:\Users\rloer\Desktop\IT-Pc\Angular Test\DmsProjeckt\DmsProjeckt.csproj]
C:\Users\rloer\Desktop\IT-Pc\Angular Test\DmsProjeckt\Pages\Einstellungen.cshtml.cs(275,23): warning CS8618: Non-Nullable-Eigenschaft ÔÇ×CurrentPasswordÔÇ£ muss beim Beenden des Konstruktors einen Wert ungleich NULL enthalten. F├╝gen Sie ggf. den ÔÇ×erforderlichenÔÇ£ Modifizierer hinzu, oder deklarieren Sie den Eigenschaft als NULL-Werte zulassend. [C:\Users\rloer\Desktop\IT-Pc\Angular Test\DmsProjeckt\DmsProjeckt.csproj]
C:\Users\rloer\Desktop\IT-Pc\Angular Test\DmsProjeckt\Pages\Einstellungen.cshtml.cs(279,23): warning CS8618: Non-Nullable-Eigenschaft ÔÇ×NewPasswordÔÇ£ muss beim Beenden des Konstruktors einen Wert ungleich NULL enthalten. F├╝gen Sie ggf. den ÔÇ×erforderlichenÔÇ£ Modifizierer hinzu, oder deklarieren Sie den Eigenschaft als NULL-Werte zulassend. [C:\Users\rloer\Desktop\IT-Pc\Angular Test\DmsProjeckt\DmsProjeckt.csproj]
C:\Users\rloer\Desktop\IT-Pc\Angular Test\DmsProjeckt\Pages\Einstellungen.cshtml.cs(283,23): warning CS8618: Non-Nullable-Eigenschaft ÔÇ×ConfirmPasswordÔÇ£ muss beim Beenden des Konstruktors einen Wert ungleich NULL enthalten. F├╝gen Sie ggf. den ÔÇ×erforderlichenÔÇ£ Modifizierer hinzu, oder deklarieren Sie den Eigenschaft als NULL-Werte zulassend. [C:\Users\rloer\Desktop\IT-Pc\Angular Test\DmsProjeckt\DmsProjeckt.csproj]
C:\Users\rloer\Desktop\IT-Pc\Angular Test\DmsProjeckt\Program.cs(78,22): warning CS0618: "GoogleCredential.FromFile(string)" ist veraltet: "This method is being deprecated because of a potential security risk. Use the methods in the CredentialFactory class instead. A GoogleCredential object can then be created by calling the .ToGoogleCredential() method on the returned specific credential. " [C:\Users\rloer\Desktop\IT-Pc\Angular Test\DmsProjeckt\DmsProjeckt.csproj]
C:\Users\rloer\Desktop\IT-Pc\Angular Test\DmsProjeckt\Program.cs(72,14): warning CS8601: M├Âgliche Nullverweiszuweisung. [C:\Users\rloer\Desktop\IT-Pc\Angular Test\DmsProjeckt\DmsProjeckt.csproj]
C:\Users\rloer\Desktop\IT-Pc\Angular Test\DmsProjeckt\Program.cs(73,17): warning CS8601: M├Âgliche Nullverweiszuweisung. [C:\Users\rloer\Desktop\IT-Pc\Angular Test\DmsProjeckt\DmsProjeckt.csproj]
C:\Users\rloer\Desktop\IT-Pc\Angular Test\DmsProjeckt\Pages\Einstellungen.cshtml.cs(257,23): warning CS8618: Non-Nullable-Eigenschaft ÔÇ×NewPasswordÔÇ£ muss beim Beenden des Konstruktors einen Wert ungleich NULL enthalten. F├╝gen Sie ggf. den ÔÇ×erforderlichenÔÇ£ Modifizierer hinzu, oder deklarieren Sie den Eigenschaft als NULL-Werte zulassend. [C:\Users\rloer\Desktop\IT-Pc\Angular Test\DmsProjeckt\DmsProjeckt.csproj]
C:\Users\rloer\Desktop\IT-Pc\Angular Test\DmsProjeckt\Pages\Einstellungen.cshtml.cs(258,23): warning CS8618: Non-Nullable-Eigenschaft ÔÇ×ConfirmPasswordÔÇ£ muss beim Beenden des Konstruktors einen Wert ungleich NULL enthalten. F├╝gen Sie ggf. den ÔÇ×erforderlichenÔÇ£ Modifizierer hinzu, oder deklarieren Sie den Eigenschaft als NULL-Werte zulassend. [C:\Users\rloer\Desktop\IT-Pc\Angular Test\DmsProjeckt\DmsProjeckt.csproj]
C:\Users\rloer\Desktop\IT-Pc\Angular Test\DmsProjeckt\Data\DokumentVersionen.cs(33,23): warning CS8618: Non-Nullable-Eigenschaft ÔÇ×ObjectPathÔÇ£ muss beim Beenden des Konstruktors einen Wert ungleich NULL enthalten. F├╝gen Sie ggf. den ÔÇ×erforderlichenÔÇ£ Modifizierer hinzu, oder deklarieren Sie den Eigenschaft als NULL-Werte zulassend. [C:\Users\rloer\Desktop\IT-Pc\Angular Test\DmsProjeckt\DmsProjeckt.csproj]
C:\Users\rloer\Desktop\IT-Pc\Angular Test\DmsProjeckt\Data\DokumentSignatur.cs(12,23): warning CS8618: Non-Nullable-Eigenschaft ÔÇ×ImageBase64ÔÇ£ muss beim Beenden des Konstruktors einen Wert ungleich NULL enthalten. F├╝gen Sie ggf. den ÔÇ×erforderlichenÔÇ£ Modifizierer hinzu, oder deklarieren Sie den Eigenschaft als NULL-Werte zulassend. [C:\Users\rloer\Desktop\IT-Pc\Angular Test\DmsProjeckt\DmsProjeckt.csproj]
C:\Users\rloer\Desktop\IT-Pc\Angular Test\DmsProjeckt\Service\WebDavStorageService.cs(85,28): warning CS8714: Der Typ "System.Guid?" kann nicht als Typparameter "TKey" im generischen Typ oder in der generischen Methode "Enumerable.ToDictionary<TSource, TKey, TElement>(IEnumerable<TSource>, Func<TSource, TKey>, Func<TSource, TElement>)" verwendet werden. Die NULL-Zul├ñssigkeit des Typarguments "System.Guid?" entspricht nicht der notnull-Einschr├ñnkung. [C:\Users\rloer\Desktop\IT-Pc\Angular Test\DmsProjeckt\DmsProjeckt.csproj]
C:\Users\rloer\Desktop\IT-Pc\Angular Test\DmsProjeckt\Data\DmsFile.cs(9,23): warning CS8618: Non-Nullable-Eigenschaft ÔÇ×IdÔÇ£ muss beim Beenden des Konstruktors einen Wert ungleich NULL enthalten. F├╝gen Sie ggf. den ÔÇ×erforderlichenÔÇ£ Modifizierer hinzu, oder deklarieren Sie den Eigenschaft als NULL-Werte zulassend. [C:\Users\rloer\Desktop\IT-Pc\Angular Test\DmsProjeckt\DmsProjeckt.csproj]
C:\Users\rloer\Desktop\IT-Pc\Angular Test\DmsProjeckt\Data\DmsFile.cs(64,23): warning CS8618: Non-Nullable-Eigenschaft ÔÇ×AbteilungNameÔÇ£ muss beim Beenden des Konstruktors einen Wert ungleich NULL enthalten. F├╝gen Sie ggf. den ÔÇ×erforderlichenÔÇ£ Modifizierer hinzu, oder deklarieren Sie den Eigenschaft als NULL-Werte zulassend. [C:\Users\rloer\Desktop\IT-Pc\Angular Test\DmsProjeckt\DmsProjeckt.csproj]
C:\Users\rloer\Desktop\IT-Pc\Angular Test\DmsProjeckt\Data\DmsFile.cs(72,23): warning CS8618: Non-Nullable-Eigenschaft ÔÇ×IconÔÇ£ muss beim Beenden des Konstruktors einen Wert ungleich NULL enthalten. F├╝gen Sie ggf. den ÔÇ×erforderlichenÔÇ£ Modifizierer hinzu, oder deklarieren Sie den Eigenschaft als NULL-Werte zulassend. [C:\Users\rloer\Desktop\IT-Pc\Angular Test\DmsProjeckt\DmsProjeckt.csproj]
C:\Users\rloer\Desktop\IT-Pc\Angular Test\DmsProjeckt\Data\DisplayPdf.cs(5,23): warning CS8618: Non-Nullable-Eigenschaft ÔÇ×NameÔÇ£ muss beim Beenden des Konstruktors einen Wert ungleich NULL enthalten. F├╝gen Sie ggf. den ÔÇ×erforderlichenÔÇ£ Modifizierer hinzu, oder deklarieren Sie den Eigenschaft als NULL-Werte zulassend. [C:\Users\rloer\Desktop\IT-Pc\Angular Test\DmsProjeckt\DmsProjeckt.csproj]
C:\Users\rloer\Desktop\IT-Pc\Angular Test\DmsProjeckt\Data\DisplayPdf.cs(6,23): warning CS8618: Non-Nullable-Eigenschaft ÔÇ×PathÔÇ£ muss beim Beenden des Konstruktors einen Wert ungleich NULL enthalten. F├╝gen Sie ggf. den ÔÇ×erforderlichenÔÇ£ Modifizierer hinzu, oder deklarieren Sie den Eigenschaft als NULL-Werte zulassend. [C:\Users\rloer\Desktop\IT-Pc\Angular Test\DmsProjeckt\DmsProjeckt.csproj]
C:\Users\rloer\Desktop\IT-Pc\Angular Test\DmsProjeckt\Data\DisplayPdf.cs(7,23): warning CS8618: Non-Nullable-Eigenschaft ÔÇ×SourceÔÇ£ muss beim Beenden des Konstruktors einen Wert ungleich NULL enthalten. F├╝gen Sie ggf. den ÔÇ×erforderlichenÔÇ£ Modifizierer hinzu, oder deklarieren Sie den Eigenschaft als NULL-Werte zulassend. [C:\Users\rloer\Desktop\IT-Pc\Angular Test\DmsProjeckt\DmsProjeckt.csproj]
C:\Users\rloer\Desktop\IT-Pc\Angular Test\DmsProjeckt\Data\DashboardItem.cs(6,23): warning CS8618: Non-Nullable-Eigenschaft ÔÇ×TitleÔÇ£ muss beim Beenden des Konstruktors einen Wert ungleich NULL enthalten. F├╝gen Sie ggf. den ÔÇ×erforderlichenÔÇ£ Modifizierer hinzu, oder deklarieren Sie den Eigenschaft als NULL-Werte zulassend. [C:\Users\rloer\Desktop\IT-Pc\Angular Test\DmsProjeckt\DmsProjeckt.csproj]
C:\Users\rloer\Desktop\IT-Pc\Angular Test\DmsProjeckt\Data\ChatMessage.cs(6,23): warning CS8618: Non-Nullable-Eigenschaft ÔÇ×SenderIdÔÇ£ muss beim Beenden des Konstruktors einen Wert ungleich NULL enthalten. F├╝gen Sie ggf. den ÔÇ×erforderlichenÔÇ£ Modifizierer hinzu, oder deklarieren Sie den Eigenschaft als NULL-Werte zulassend. [C:\Users\rloer\Desktop\IT-Pc\Angular Test\DmsProjeckt\DmsProjeckt.csproj]
C:\Users\rloer\Desktop\IT-Pc\Angular Test\DmsProjeckt\Data\ChatMessage.cs(7,23): warning CS8618: Non-Nullable-Eigenschaft ÔÇ×SenderNameÔÇ£ muss beim Beenden des Konstruktors einen Wert ungleich NULL enthalten. F├╝gen Sie ggf. den ÔÇ×erforderlichenÔÇ£ Modifizierer hinzu, oder deklarieren Sie den Eigenschaft als NULL-Werte zulassend. [C:\Users\rloer\Desktop\IT-Pc\Angular Test\DmsProjeckt\DmsProjeckt.csproj]
C:\Users\rloer\Desktop\IT-Pc\Angular Test\DmsProjeckt\Data\ChatMessage.cs(10,23): warning CS8618: Non-Nullable-Eigenschaft ÔÇ×MessageÔÇ£ muss beim Beenden des Konstruktors einen Wert ungleich NULL enthalten. F├╝gen Sie ggf. den ÔÇ×erforderlichenÔÇ£ Modifizierer hinzu, oder deklarieren Sie den Eigenschaft als NULL-Werte zulassend. [C:\Users\rloer\Desktop\IT-Pc\Angular Test\DmsProjeckt\DmsProjeckt.csproj]
C:\Users\rloer\Desktop\IT-Pc\Angular Test\DmsProjeckt\Data\ChatGroupMember.cs(6,26): warning CS8618: Non-Nullable-Eigenschaft ÔÇ×ChatGroupÔÇ£ muss beim Beenden des Konstruktors einen Wert ungleich NULL enthalten. F├╝gen Sie ggf. den ÔÇ×erforderlichenÔÇ£ Modifizierer hinzu, oder deklarieren Sie den Eigenschaft als NULL-Werte zulassend. [C:\Users\rloer\Desktop\IT-Pc\Angular Test\DmsProjeckt\DmsProjeckt.csproj]
C:\Users\rloer\Desktop\IT-Pc\Angular Test\DmsProjeckt\Data\ChatGroupMember.cs(8,23): warning CS8618: Non-Nullable-Eigenschaft ÔÇ×UserIdÔÇ£ muss beim Beenden des Konstruktors einen Wert ungleich NULL enthalten. F├╝gen Sie ggf. den ÔÇ×erforderlichenÔÇ£ Modifizierer hinzu, oder deklarieren Sie den Eigenschaft als NULL-Werte zulassend. [C:\Users\rloer\Desktop\IT-Pc\Angular Test\DmsProjeckt\DmsProjeckt.csproj]
C:\Users\rloer\Desktop\IT-Pc\Angular Test\DmsProjeckt\Data\ChatGroupMember.cs(9,32): warning CS8618: Non-Nullable-Eigenschaft ÔÇ×UserÔÇ£ muss beim Beenden des Konstruktors einen Wert ungleich NULL enthalten. F├╝gen Sie ggf. den ÔÇ×erforderlichenÔÇ£ Modifizierer hinzu, oder deklarieren Sie den Eigenschaft als NULL-Werte zulassend. [C:\Users\rloer\Desktop\IT-Pc\Angular Test\DmsProjeckt\DmsProjeckt.csproj]
C:\Users\rloer\Desktop\IT-Pc\Angular Test\DmsProjeckt\Data\ChatGroup.cs(6,23): warning CS8618: Non-Nullable-Eigenschaft ÔÇ×NameÔÇ£ muss beim Beenden des Konstruktors einen Wert ungleich NULL enthalten. F├╝gen Sie ggf. den ÔÇ×erforderlichenÔÇ£ Modifizierer hinzu, oder deklarieren Sie den Eigenschaft als NULL-Werte zulassend. [C:\Users\rloer\Desktop\IT-Pc\Angular Test\DmsProjeckt\DmsProjeckt.csproj]
C:\Users\rloer\Desktop\IT-Pc\Angular Test\DmsProjeckt\Data\CalendarEventParticipant.cs(8,30): warning CS8618: Non-Nullable-Eigenschaft ÔÇ×CalendarEventÔÇ£ muss beim Beenden des Konstruktors einen Wert ungleich NULL enthalten. F├╝gen Sie ggf. den ÔÇ×erforderlichenÔÇ£ Modifizierer hinzu, oder deklarieren Sie den Eigenschaft als NULL-Werte zulassend. [C:\Users\rloer\Desktop\IT-Pc\Angular Test\DmsProjeckt\DmsProjeckt.csproj]
C:\Users\rloer\Desktop\IT-Pc\Angular Test\DmsProjeckt\Data\CalendarEventParticipant.cs(10,23): warning CS8618: Non-Nullable-Eigenschaft ÔÇ×UserIdÔÇ£ muss beim Beenden des Konstruktors einen Wert ungleich NULL enthalten. F├╝gen Sie ggf. den ÔÇ×erforderlichenÔÇ£ Modifizierer hinzu, oder deklarieren Sie den Eigenschaft als NULL-Werte zulassend. [C:\Users\rloer\Desktop\IT-Pc\Angular Test\DmsProjeckt\DmsProjeckt.csproj]
C:\Users\rloer\Desktop\IT-Pc\Angular Test\DmsProjeckt\Data\CalendarEventParticipant.cs(11,32): warning CS8618: Non-Nullable-Eigenschaft ÔÇ×UserÔÇ£ muss beim Beenden des Konstruktors einen Wert ungleich NULL enthalten. F├╝gen Sie ggf. den ÔÇ×erforderlichenÔÇ£ Modifizierer hinzu, oder deklarieren Sie den Eigenschaft als NULL-Werte zulassend. [C:\Users\rloer\Desktop\IT-Pc\Angular Test\DmsProjeckt\DmsProjeckt.csproj]
C:\Users\rloer\Desktop\IT-Pc\Angular Test\DmsProjeckt\Data\CalendarEvent.cs(20,23): warning CS8618: Non-Nullable-Eigenschaft ÔÇ×CreatedByIdÔÇ£ muss beim Beenden des Konstruktors einen Wert ungleich NULL enthalten. F├╝gen Sie ggf. den ÔÇ×erforderlichenÔÇ£ Modifizierer hinzu, oder deklarieren Sie den Eigenschaft als NULL-Werte zulassend. [C:\Users\rloer\Desktop\IT-Pc\Angular Test\DmsProjeckt\DmsProjeckt.csproj]
C:\Users\rloer\Desktop\IT-Pc\Angular Test\DmsProjeckt\Data\CalendarEvent.cs(21,32): warning CS8618: Non-Nullable-Eigenschaft ÔÇ×CreatedByÔÇ£ muss beim Beenden des Konstruktors einen Wert ungleich NULL enthalten. F├╝gen Sie ggf. den ÔÇ×erforderlichenÔÇ£ Modifizierer hinzu, oder deklarieren Sie den Eigenschaft als NULL-Werte zulassend. [C:\Users\rloer\Desktop\IT-Pc\Angular Test\DmsProjeckt\DmsProjeckt.csproj]
C:\Users\rloer\Desktop\IT-Pc\Angular Test\DmsProjeckt\Data\CalendarEvent.cs(29,23): warning CS8618: Non-Nullable-Eigenschaft ÔÇ×UserIdÔÇ£ muss beim Beenden des Konstruktors einen Wert ungleich NULL enthalten. F├╝gen Sie ggf. den ÔÇ×erforderlichenÔÇ£ Modifizierer hinzu, oder deklarieren Sie den Eigenschaft als NULL-Werte zulassend. [C:\Users\rloer\Desktop\IT-Pc\Angular Test\DmsProjeckt\DmsProjeckt.csproj]
C:\Users\rloer\Desktop\IT-Pc\Angular Test\DmsProjeckt\Helpers\CustomAssemblyLoadContext.cs(20,20): warning CS8603: M├Âgliche Nullverweisr├╝ckgabe. [C:\Users\rloer\Desktop\IT-Pc\Angular Test\DmsProjeckt\DmsProjeckt.csproj]
C:\Users\rloer\Desktop\IT-Pc\Angular Test\DmsProjeckt\Service\AzureOcrService.cs(14,58): warning CS8604: M├Âgliches Nullverweisargument f├╝r den Parameter "uriString" in "Uri.Uri(string uriString)". [C:\Users\rloer\Desktop\IT-Pc\Angular Test\DmsProjeckt\DmsProjeckt.csproj]
C:\Users\rloer\Desktop\IT-Pc\Angular Test\DmsProjeckt\Service\AzureOcrService.cs(14,92): warning CS8604: M├Âgliches Nullverweisargument f├╝r den Parameter "key" in "AzureKeyCredential.AzureKeyCredential(string key)". [C:\Users\rloer\Desktop\IT-Pc\Angular Test\DmsProjeckt\DmsProjeckt.csproj]
C:\Users\rloer\Desktop\IT-Pc\Angular Test\DmsProjeckt\Service\WebDavStorageService.cs(283,28): warning CS8714: Der Typ "string?" kann nicht als Typparameter "TKey" im generischen Typ oder in der generischen Methode "Enumerable.ToDictionary<TSource, TKey, TElement>(IEnumerable<TSource>, Func<TSource, TKey>, Func<TSource, TElement>, IEqualityComparer<TKey>?)" verwendet werden. Die NULL-Zul├ñssigkeit des Typarguments "string?" entspricht nicht der notnull-Einschr├ñnkung. [C:\Users\rloer\Desktop\IT-Pc\Angular Test\DmsProjeckt\DmsProjeckt.csproj]
C:\Users\rloer\Desktop\IT-Pc\Angular Test\DmsProjeckt\Service\WebDavStorageService.cs(285,31): warning CS8621: Die NULL-Zul├ñssigkeit von Verweistypen im R├╝ckgabetyp "Lambdaausdruck" entspricht (m├Âglicherweise aufgrund von Attributen f├╝r die NULL-Zul├ñssigkeit) nicht dem Zieldelegaten "Func<IGrouping<string?, Dokumente>, string?>". [C:\Users\rloer\Desktop\IT-Pc\Angular Test\DmsProjeckt\DmsProjeckt.csproj]
C:\Users\rloer\Desktop\IT-Pc\Angular Test\DmsProjeckt\Service\WebDavStorageService.cs(299,34): warning CS8600: Das NULL-Literal oder ein m├Âglicher NULL-Wert wird in einen Non-Nullable-Typ konvertiert. [C:\Users\rloer\Desktop\IT-Pc\Angular Test\DmsProjeckt\DmsProjeckt.csproj]
C:\Users\rloer\Desktop\IT-Pc\Angular Test\DmsProjeckt\Service\WebDavStorageService.cs(320,37): warning CS8601: M├Âgliche Nullverweiszuweisung. [C:\Users\rloer\Desktop\IT-Pc\Angular Test\DmsProjeckt\DmsProjeckt.csproj]
C:\Users\rloer\Desktop\IT-Pc\Angular Test\DmsProjeckt\Service\WebDavStorageService.cs(341,28): warning CS8603: M├Âgliche Nullverweisr├╝ckgabe. [C:\Users\rloer\Desktop\IT-Pc\Angular Test\DmsProjeckt\DmsProjeckt.csproj]
C:\Users\rloer\Desktop\IT-Pc\Angular Test\DmsProjeckt\Service\WebDavStorageService.cs(364,24): warning CS8603: M├Âgliche Nullverweisr├╝ckgabe. [C:\Users\rloer\Desktop\IT-Pc\Angular Test\DmsProjeckt\DmsProjeckt.csproj]
C:\Users\rloer\Desktop\IT-Pc\Angular Test\DmsProjeckt\Controllers\DashboardController.cs(40,30): warning CS8602: Dereferenzierung eines m├Âglichen Nullverweises. [C:\Users\rloer\Desktop\IT-Pc\Angular Test\DmsProjeckt\DmsProjeckt.csproj]
C:\Users\rloer\Desktop\IT-Pc\Angular Test\DmsProjeckt\Controllers\WorkflowApiController.cs(199,63): warning CS8602: Dereferenzierung eines m├Âglichen Nullverweises. [C:\Users\rloer\Desktop\IT-Pc\Angular Test\DmsProjeckt\DmsProjeckt.csproj]
C:\Users\rloer\Desktop\IT-Pc\Angular Test\DmsProjeckt\Controllers\WorkflowApiController.cs(200,21): warning CS8604: M├Âgliches Nullverweisargument f├╝r den Parameter "benutzerId" in "Task AuditLogService.LogActionOnlyAsync(string aktion, string benutzerId)". [C:\Users\rloer\Desktop\IT-Pc\Angular Test\DmsProjeckt\DmsProjeckt.csproj]
C:\Users\rloer\Desktop\IT-Pc\Angular Test\DmsProjeckt\Controllers\WorkflowApiController.cs(201,42): warning CS8602: Dereferenzierung eines m├Âglichen Nullverweises. [C:\Users\rloer\Desktop\IT-Pc\Angular Test\DmsProjeckt\DmsProjeckt.csproj]
C:\Users\rloer\Desktop\IT-Pc\Angular Test\DmsProjeckt\Controllers\WorkflowApiController.cs(201,91): warning CS8602: Dereferenzierung eines m├Âglichen Nullverweises. [C:\Users\rloer\Desktop\IT-Pc\Angular Test\DmsProjeckt\DmsProjeckt.csproj]
C:\Users\rloer\Desktop\IT-Pc\Angular Test\DmsProjeckt\Controllers\WorkflowApiController.cs(253,38): warning CS8601: M├Âgliche Nullverweiszuweisung. [C:\Users\rloer\Desktop\IT-Pc\Angular Test\DmsProjeckt\DmsProjeckt.csproj]
C:\Users\rloer\Desktop\IT-Pc\Angular Test\DmsProjeckt\Controllers\WorkflowApiController.cs(262,107): warning CS8602: Dereferenzierung eines m├Âglichen Nullverweises. [C:\Users\rloer\Desktop\IT-Pc\Angular Test\DmsProjeckt\DmsProjeckt.csproj]
C:\Users\rloer\Desktop\IT-Pc\Angular Test\DmsProjeckt\Controllers\WorkflowApiController.cs(263,48): warning CS8602: Dereferenzierung eines m├Âglichen Nullverweises. [C:\Users\rloer\Desktop\IT-Pc\Angular Test\DmsProjeckt\DmsProjeckt.csproj]
C:\Users\rloer\Desktop\IT-Pc\Angular Test\DmsProjeckt\Controllers\WorkflowApiController.cs(268,11): warning CS8602: Dereferenzierung eines m├Âglichen Nullverweises. [C:\Users\rloer\Desktop\IT-Pc\Angular Test\DmsProjeckt\DmsProjeckt.csproj]
C:\Users\rloer\Desktop\IT-Pc\Angular Test\DmsProjeckt\Controllers\WorkflowApiController.cs(275,60): warning CS8604: M├Âgliches Nullverweisargument f├╝r den Parameter "to" in "Task EmailService.SendEmailAsync(string to, string subject, string body, List<(byte[] Data, string FileName, string MimeType)>? attachments = null)". [C:\Users\rloer\Desktop\IT-Pc\Angular Test\DmsProjeckt\DmsProjeckt.csproj]
C:\Users\rloer\Desktop\IT-Pc\Angular Test\DmsProjeckt\Controllers\WorkflowApiController.cs(283,111): warning CS8602: Dereferenzierung eines m├Âglichen Nullverweises. [C:\Users\rloer\Desktop\IT-Pc\Angular Test\DmsProjeckt\DmsProjeckt.csproj]
C:\Users\rloer\Desktop\IT-Pc\Angular Test\DmsProjeckt\Controllers\WorkflowApiController.cs(288,112): warning CS8602: Dereferenzierung eines m├Âglichen Nullverweises. [C:\Users\rloer\Desktop\IT-Pc\Angular Test\DmsProjeckt\DmsProjeckt.csproj]
C:\Users\rloer\Desktop\IT-Pc\Angular Test\DmsProjeckt\Controllers\WorkflowApiController.cs(297,50): warning CS8602: Dereferenzierung eines m├Âglichen Nullverweises. [C:\Users\rloer\Desktop\IT-Pc\Angular Test\DmsProjeckt\DmsProjeckt.csproj]
C:\Users\rloer\Desktop\IT-Pc\Angular Test\DmsProjeckt\Controllers\WorkflowApiController.cs(319,27): warning CS8602: Dereferenzierung eines m├Âglichen Nullverweises. [C:\Users\rloer\Desktop\IT-Pc\Angular Test\DmsProjeckt\DmsProjeckt.csproj]
C:\Users\rloer\Desktop\IT-Pc\Angular Test\DmsProjeckt\Controllers\WorkflowApiController.cs(325,48): warning CS8604: M├Âgliches Nullverweisargument f├╝r den Parameter "to" in "Task EmailService.SendEmailAsync(string to, string subject, string body, List<(byte[] Data, string FileName, string MimeType)>? attachments = null)". [C:\Users\rloer\Desktop\IT-Pc\Angular Test\DmsProjeckt\DmsProjeckt.csproj]
C:\Users\rloer\Desktop\IT-Pc\Angular Test\DmsProjeckt\Controllers\WorkflowApiController.cs(353,99): warning CS8602: Dereferenzierung eines m├Âglichen Nullverweises. [C:\Users\rloer\Desktop\IT-Pc\Angular Test\DmsProjeckt\DmsProjeckt.csproj]
C:\Users\rloer\Desktop\IT-Pc\Angular Test\DmsProjeckt\Controllers\WorkflowApiController.cs(358,103): warning CS8602: Dereferenzierung eines m├Âglichen Nullverweises. [C:\Users\rloer\Desktop\IT-Pc\Angular Test\DmsProjeckt\DmsProjeckt.csproj]
C:\Users\rloer\Desktop\IT-Pc\Angular Test\DmsProjeckt\Controllers\WorkflowApiController.cs(367,42): warning CS8602: Dereferenzierung eines m├Âglichen Nullverweises. [C:\Users\rloer\Desktop\IT-Pc\Angular Test\DmsProjeckt\DmsProjeckt.csproj]
C:\Users\rloer\Desktop\IT-Pc\Angular Test\DmsProjeckt\Controllers\WorkflowApiController.cs(391,27): warning CS8602: Dereferenzierung eines m├Âglichen Nullverweises. [C:\Users\rloer\Desktop\IT-Pc\Angular Test\DmsProjeckt\DmsProjeckt.csproj]
C:\Users\rloer\Desktop\IT-Pc\Angular Test\DmsProjeckt\Controllers\WorkflowApiController.cs(397,48): warning CS8604: M├Âgliches Nullverweisargument f├╝r den Parameter "to" in "Task EmailService.SendEmailAsync(string to, string subject, string body, List<(byte[] Data, string FileName, string MimeType)>? attachments = null)". [C:\Users\rloer\Desktop\IT-Pc\Angular Test\DmsProjeckt\DmsProjeckt.csproj]
C:\Users\rloer\Desktop\IT-Pc\Angular Test\DmsProjeckt\Pages\Workflows\StepDetail.cshtml.cs(183,75): warning CS8604: M├Âgliches Nullverweisargument f├╝r den Parameter "item" in "bool List<string>.Contains(string item)". [C:\Users\rloer\Desktop\IT-Pc\Angular Test\DmsProjeckt\DmsProjeckt.csproj]
C:\Users\rloer\Desktop\IT-Pc\Angular Test\DmsProjeckt\Pages\Workflows\StepDetail.cshtml.cs(217,55): warning CS8602: Dereferenzierung eines m├Âglichen Nullverweises. [C:\Users\rloer\Desktop\IT-Pc\Angular Test\DmsProjeckt\DmsProjeckt.csproj]
C:\Users\rloer\Desktop\IT-Pc\Angular Test\DmsProjeckt\Pages\Workflows\StepDetail.cshtml.cs(222,38): warning CS8602: Dereferenzierung eines m├Âglichen Nullverweises. [C:\Users\rloer\Desktop\IT-Pc\Angular Test\DmsProjeckt\DmsProjeckt.csproj]
C:\Users\rloer\Desktop\IT-Pc\Angular Test\DmsProjeckt\Pages\Workflows\StepDetail.cshtml.cs(238,51): warning CS8602: Dereferenzierung eines m├Âglichen Nullverweises. [C:\Users\rloer\Desktop\IT-Pc\Angular Test\DmsProjeckt\DmsProjeckt.csproj]
C:\Users\rloer\Desktop\IT-Pc\Angular Test\DmsProjeckt\Pages\Workflows\StepDetail.cshtml.cs(243,34): warning CS8602: Dereferenzierung eines m├Âglichen Nullverweises. [C:\Users\rloer\Desktop\IT-Pc\Angular Test\DmsProjeckt\DmsProjeckt.csproj]
C:\Users\rloer\Desktop\IT-Pc\Angular Test\DmsProjeckt\Pages\Workflows\StepDetail.cshtml.cs(293,78): warning CS8602: Dereferenzierung eines m├Âglichen Nullverweises. [C:\Users\rloer\Desktop\IT-Pc\Angular Test\DmsProjeckt\DmsProjeckt.csproj]
C:\Users\rloer\Desktop\IT-Pc\Angular Test\DmsProjeckt\Pages\Workflows\StepDetail.cshtml.cs(338,51): warning CS8602: Dereferenzierung eines m├Âglichen Nullverweises. [C:\Users\rloer\Desktop\IT-Pc\Angular Test\DmsProjeckt\DmsProjeckt.csproj]
C:\Users\rloer\Desktop\IT-Pc\Angular Test\DmsProjeckt\Pages\Workflows\StepDetail.cshtml.cs(338,94): warning CS8602: Dereferenzierung eines m├Âglichen Nullverweises. [C:\Users\rloer\Desktop\IT-Pc\Angular Test\DmsProjeckt\DmsProjeckt.csproj]
C:\Users\rloer\Desktop\IT-Pc\Angular Test\DmsProjeckt\Pages\Workflows\StepDetail.cshtml.cs(345,63): warning CS8602: Dereferenzierung eines m├Âglichen Nullverweises. [C:\Users\rloer\Desktop\IT-Pc\Angular Test\DmsProjeckt\DmsProjeckt.csproj]
C:\Users\rloer\Desktop\IT-Pc\Angular Test\DmsProjeckt\Pages\Workflows\StepDetail.cshtml.cs(347,38): warning CS8602: Dereferenzierung eines m├Âglichen Nullverweises. [C:\Users\rloer\Desktop\IT-Pc\Angular Test\DmsProjeckt\DmsProjeckt.csproj]
C:\Users\rloer\Desktop\IT-Pc\Angular Test\DmsProjeckt\Pages\Workflows\StepDetail.cshtml.cs(371,55): warning CS8602: Dereferenzierung eines m├Âglichen Nullverweises. [C:\Users\rloer\Desktop\IT-Pc\Angular Test\DmsProjeckt\DmsProjeckt.csproj]
C:\Users\rloer\Desktop\IT-Pc\Angular Test\DmsProjeckt\Pages\Workflows\StepDetail.cshtml.cs(371,98): warning CS8602: Dereferenzierung eines m├Âglichen Nullverweises. [C:\Users\rloer\Desktop\IT-Pc\Angular Test\DmsProjeckt\DmsProjeckt.csproj]
C:\Users\rloer\Desktop\IT-Pc\Angular Test\DmsProjeckt\Pages\Workflows\StepDetail.cshtml.cs(378,49): warning CS8602: Dereferenzierung eines m├Âglichen Nullverweises. [C:\Users\rloer\Desktop\IT-Pc\Angular Test\DmsProjeckt\DmsProjeckt.csproj]
C:\Users\rloer\Desktop\IT-Pc\Angular Test\DmsProjeckt\Pages\Workflows\StepDetail.cshtml.cs(380,42): warning CS8602: Dereferenzierung eines m├Âglichen Nullverweises. [C:\Users\rloer\Desktop\IT-Pc\Angular Test\DmsProjeckt\DmsProjeckt.csproj]
C:\Users\rloer\Desktop\IT-Pc\Angular Test\DmsProjeckt\Controllers\CalendarController.cs(326,40): warning CS8602: Dereferenzierung eines m├Âglichen Nullverweises. [C:\Users\rloer\Desktop\IT-Pc\Angular Test\DmsProjeckt\DmsProjeckt.csproj]
C:\Users\rloer\Desktop\IT-Pc\Angular Test\DmsProjeckt\Service\WebDavStorageService.cs(435,57): warning CS8604: M├Âgliches Nullverweisargument f├╝r den Parameter "path2" in "string Path.Combine(string path1, string path2)". [C:\Users\rloer\Desktop\IT-Pc\Angular Test\DmsProjeckt\DmsProjeckt.csproj]
C:\Users\rloer\Desktop\IT-Pc\Angular Test\DmsProjeckt\Pages\Workflows\StepDetail.cshtml.cs(413,51): warning CS8604: M├Âgliches Nullverweisargument f├╝r den Parameter "user" in "Task<int> StepDetailModel.ErmittleKundenIdAsync(ApplicationUser user)". [C:\Users\rloer\Desktop\IT-Pc\Angular Test\DmsProjeckt\DmsProjeckt.csproj]
C:\Users\rloer\Desktop\IT-Pc\Angular Test\DmsProjeckt\Pages\Workflows\StepDetail.cshtml.cs(453,38): warning CS8602: Dereferenzierung eines m├Âglichen Nullverweises. [C:\Users\rloer\Desktop\IT-Pc\Angular Test\DmsProjeckt\DmsProjeckt.csproj]
C:\Users\rloer\Desktop\IT-Pc\Angular Test\DmsProjeckt\Pages\Workflows\StepDetail.cshtml.cs(511,47): warning CS8602: Dereferenzierung eines m├Âglichen Nullverweises. [C:\Users\rloer\Desktop\IT-Pc\Angular Test\DmsProjeckt\DmsProjeckt.csproj]
C:\Users\rloer\Desktop\IT-Pc\Angular Test\DmsProjeckt\Pages\Workflows\StepDetail.cshtml.cs(516,50): warning CS8602: Dereferenzierung eines m├Âglichen Nullverweises. [C:\Users\rloer\Desktop\IT-Pc\Angular Test\DmsProjeckt\DmsProjeckt.csproj]
C:\Users\rloer\Desktop\IT-Pc\Angular Test\DmsProjeckt\Controllers\DashboardController.cs(199,26): warning CS8601: M├Âgliche Nullverweiszuweisung. [C:\Users\rloer\Desktop\IT-Pc\Angular Test\DmsProjeckt\DmsProjeckt.csproj]
C:\Users\rloer\Desktop\IT-Pc\Angular Test\DmsProjeckt\Pages\Workflows\StepDetail.cshtml.cs(547,25): warning CS8618: Non-Nullable-Eigenschaft ÔÇ×WorkflowÔÇ£ muss beim Beenden des Konstruktors einen Wert ungleich NULL enthalten. F├╝gen Sie ggf. den ÔÇ×erforderlichenÔÇ£ Modifizierer hinzu, oder deklarieren Sie den Eigenschaft als NULL-Werte zulassend. [C:\Users\rloer\Desktop\IT-Pc\Angular Test\DmsProjeckt\DmsProjeckt.csproj]
C:\Users\rloer\Desktop\IT-Pc\Angular Test\DmsProjeckt\Pages\Workflows\StepDetail.cshtml.cs(552,23): warning CS8618: Non-Nullable-Eigenschaft ÔÇ×AktuellerUserIdÔÇ£ muss beim Beenden des Konstruktors einen Wert ungleich NULL enthalten. F├╝gen Sie ggf. den ÔÇ×erforderlichenÔÇ£ Modifizierer hinzu, oder deklarieren Sie den Eigenschaft als NULL-Werte zulassend. [C:\Users\rloer\Desktop\IT-Pc\Angular Test\DmsProjeckt\DmsProjeckt.csproj]
C:\Users\rloer\Desktop\IT-Pc\Angular Test\DmsProjeckt\Pages\Workflows\StepDetail.cshtml.cs(553,32): warning CS8618: Non-Nullable-Eigenschaft ÔÇ×DokumenteÔÇ£ muss beim Beenden des Konstruktors einen Wert ungleich NULL enthalten. F├╝gen Sie ggf. den ÔÇ×erforderlichenÔÇ£ Modifizierer hinzu, oder deklarieren Sie den Eigenschaft als NULL-Werte zulassend. [C:\Users\rloer\Desktop\IT-Pc\Angular Test\DmsProjeckt\DmsProjeckt.csproj]
C:\Users\rloer\Desktop\IT-Pc\Angular Test\DmsProjeckt\Service\WebDavStorageService.cs(662,59): warning CS8604: M├Âgliches Nullverweisargument f├╝r den Parameter "folderPath" in "Task WebDavStorageService.EnsureFolderTreeExistsAsync(string folderPath)". [C:\Users\rloer\Desktop\IT-Pc\Angular Test\DmsProjeckt\DmsProjeckt.csproj]
C:\Users\rloer\Desktop\IT-Pc\Angular Test\DmsProjeckt\Controllers\ChatController.cs(120,34): warning CS8601: M├Âgliche Nullverweiszuweisung. [C:\Users\rloer\Desktop\IT-Pc\Angular Test\DmsProjeckt\DmsProjeckt.csproj]
C:\Users\rloer\Desktop\IT-Pc\Angular Test\DmsProjeckt\Controllers\ChatController.cs(123,37): warning CS8601: M├Âgliche Nullverweiszuweisung. [C:\Users\rloer\Desktop\IT-Pc\Angular Test\DmsProjeckt\DmsProjeckt.csproj]
C:\Users\rloer\Desktop\IT-Pc\Angular Test\DmsProjeckt\Controllers\DokumentIndexController.cs(55,75): warning CS8604: M├Âgliches Nullverweisargument f├╝r den Parameter "remotePath" in "Task<Stream?> WebDavStorageService.DownloadStreamAsync(string remotePath)". [C:\Users\rloer\Desktop\IT-Pc\Angular Test\DmsProjeckt\DmsProjeckt.csproj]
C:\Users\rloer\Desktop\IT-Pc\Angular Test\DmsProjeckt\Controllers\UploadController.cs(138,25): warning CS8602: Dereferenzierung eines m├Âglichen Nullverweises. [C:\Users\rloer\Desktop\IT-Pc\Angular Test\DmsProjeckt\DmsProjeckt.csproj]
C:\Users\rloer\Desktop\IT-Pc\Angular Test\DmsProjeckt\Service\WebDavStorageService.cs(775,24): warning CS8603: M├Âgliche Nullverweisr├╝ckgabe. [C:\Users\rloer\Desktop\IT-Pc\Angular Test\DmsProjeckt\DmsProjeckt.csproj]
C:\Users\rloer\Desktop\IT-Pc\Angular Test\DmsProjeckt\Controllers\DashboardController.cs(303,36): warning CS8602: Dereferenzierung eines m├Âglichen Nullverweises. [C:\Users\rloer\Desktop\IT-Pc\Angular Test\DmsProjeckt\DmsProjeckt.csproj]
C:\Users\rloer\Desktop\IT-Pc\Angular Test\DmsProjeckt\Controllers\DokumentIndexController.cs(102,75): warning CS8604: M├Âgliches Nullverweisargument f├╝r den Parameter "remotePath" in "Task<Stream?> WebDavStorageService.DownloadStreamAsync(string remotePath)". [C:\Users\rloer\Desktop\IT-Pc\Angular Test\DmsProjeckt\DmsProjeckt.csproj]
C:\Users\rloer\Desktop\IT-Pc\Angular Test\DmsProjeckt\Controllers\DashboardController.cs(341,22): warning CS8602: Dereferenzierung eines m├Âglichen Nullverweises. [C:\Users\rloer\Desktop\IT-Pc\Angular Test\DmsProjeckt\DmsProjeckt.csproj]
C:\Users\rloer\Desktop\IT-Pc\Angular Test\DmsProjeckt\Controllers\DashboardController.cs(346,17): warning CS8602: Dereferenzierung eines m├Âglichen Nullverweises. [C:\Users\rloer\Desktop\IT-Pc\Angular Test\DmsProjeckt\DmsProjeckt.csproj]
C:\Users\rloer\Desktop\IT-Pc\Angular Test\DmsProjeckt\Controllers\ChatController.cs(166,39): warning CS8600: Das NULL-Literal oder ein m├Âglicher NULL-Wert wird in einen Non-Nullable-Typ konvertiert. [C:\Users\rloer\Desktop\IT-Pc\Angular Test\DmsProjeckt\DmsProjeckt.csproj]
C:\Users\rloer\Desktop\IT-Pc\Angular Test\DmsProjeckt\Controllers\ChatController.cs(167,32): warning CS8600: Das NULL-Literal oder ein m├Âglicher NULL-Wert wird in einen Non-Nullable-Typ konvertiert. [C:\Users\rloer\Desktop\IT-Pc\Angular Test\DmsProjeckt\DmsProjeckt.csproj]
C:\Users\rloer\Desktop\IT-Pc\Angular Test\DmsProjeckt\Controllers\ChatController.cs(183,36): warning CS8600: Das NULL-Literal oder ein m├Âglicher NULL-Wert wird in einen Non-Nullable-Typ konvertiert. [C:\Users\rloer\Desktop\IT-Pc\Angular Test\DmsProjeckt\DmsProjeckt.csproj]
C:\Users\rloer\Desktop\IT-Pc\Angular Test\DmsProjeckt\Controllers\ChatController.cs(188,29): warning CS8600: Das NULL-Literal oder ein m├Âglicher NULL-Wert wird in einen Non-Nullable-Typ konvertiert. [C:\Users\rloer\Desktop\IT-Pc\Angular Test\DmsProjeckt\DmsProjeckt.csproj]
C:\Users\rloer\Desktop\IT-Pc\Angular Test\DmsProjeckt\Controllers\ChatController.cs(196,48): warning CS8602: Dereferenzierung eines m├Âglichen Nullverweises. [C:\Users\rloer\Desktop\IT-Pc\Angular Test\DmsProjeckt\DmsProjeckt.csproj]
C:\Users\rloer\Desktop\IT-Pc\Angular Test\DmsProjeckt\Controllers\ChatController.cs(202,36): warning CS8600: Das NULL-Literal oder ein m├Âglicher NULL-Wert wird in einen Non-Nullable-Typ konvertiert. [C:\Users\rloer\Desktop\IT-Pc\Angular Test\DmsProjeckt\DmsProjeckt.csproj]
C:\Users\rloer\Desktop\IT-Pc\Angular Test\DmsProjeckt\Controllers\ChatController.cs(207,29): warning CS8600: Das NULL-Literal oder ein m├Âglicher NULL-Wert wird in einen Non-Nullable-Typ konvertiert. [C:\Users\rloer\Desktop\IT-Pc\Angular Test\DmsProjeckt\DmsProjeckt.csproj]
C:\Users\rloer\Desktop\IT-Pc\Angular Test\DmsProjeckt\Controllers\ChatController.cs(223,121): warning CS8602: Dereferenzierung eines m├Âglichen Nullverweises. [C:\Users\rloer\Desktop\IT-Pc\Angular Test\DmsProjeckt\DmsProjeckt.csproj]
C:\Users\rloer\Desktop\IT-Pc\Angular Test\DmsProjeckt\Controllers\ChatController.cs(429,118): warning CS8602: Dereferenzierung eines m├Âglichen Nullverweises. [C:\Users\rloer\Desktop\IT-Pc\Angular Test\DmsProjeckt\DmsProjeckt.csproj]
C:\Users\rloer\Desktop\IT-Pc\Angular Test\DmsProjeckt\Controllers\PdfProxyController.cs(58,72): warning CS8602: Dereferenzierung eines m├Âglichen Nullverweises. [C:\Users\rloer\Desktop\IT-Pc\Angular Test\DmsProjeckt\DmsProjeckt.csproj]
C:\Users\rloer\Desktop\IT-Pc\Angular Test\DmsProjeckt\Pages\Admin\MeinBenutzer.cshtml.cs(19,16): warning CS8618: Non-Nullable-Eigenschaft ÔÇ×UserIdÔÇ£ muss beim Beenden des Konstruktors einen Wert ungleich NULL enthalten. F├╝gen Sie ggf. den ÔÇ×erforderlichenÔÇ£ Modifizierer hinzu, oder deklarieren Sie den Eigenschaft als NULL-Werte zulassend. [C:\Users\rloer\Desktop\IT-Pc\Angular Test\DmsProjeckt\DmsProjeckt.csproj]
C:\Users\rloer\Desktop\IT-Pc\Angular Test\DmsProjeckt\Pages\Admin\MeinBenutzer.cshtml.cs(19,16): warning CS8618: Non-Nullable-Eigenschaft ÔÇ×SelectedRoleÔÇ£ muss beim Beenden des Konstruktors einen Wert ungleich NULL enthalten. F├╝gen Sie ggf. den ÔÇ×erforderlichenÔÇ£ Modifizierer hinzu, oder deklarieren Sie den Eigenschaft als NULL-Werte zulassend. [C:\Users\rloer\Desktop\IT-Pc\Angular Test\DmsProjeckt\DmsProjeckt.csproj]
C:\Users\rloer\Desktop\IT-Pc\Angular Test\DmsProjeckt\Service\WebDavStorageService.cs(1129,57): warning SYSLIB0013: "Uri.EscapeUriString(string)" ist veraltet: "Uri.EscapeUriString can corrupt the Uri string in some cases. Consider using Uri.EscapeDataString for query string components instead." (https://aka.ms/dotnet-warnings/SYSLIB0013) [C:\Users\rloer\Desktop\IT-Pc\Angular Test\DmsProjeckt\DmsProjeckt.csproj]
C:\Users\rloer\Desktop\IT-Pc\Angular Test\DmsProjeckt\Service\WebDavStorageService.cs(1130,58): warning SYSLIB0013: "Uri.EscapeUriString(string)" ist veraltet: "Uri.EscapeUriString can corrupt the Uri string in some cases. Consider using Uri.EscapeDataString for query string components instead." (https://aka.ms/dotnet-warnings/SYSLIB0013) [C:\Users\rloer\Desktop\IT-Pc\Angular Test\DmsProjeckt\DmsProjeckt.csproj]
C:\Users\rloer\Desktop\IT-Pc\Angular Test\DmsProjeckt\Controllers\ChatController.cs(534,27): warning CS8618: Non-Nullable-Eigenschaft ÔÇ×ChatIdÔÇ£ muss beim Beenden des Konstruktors einen Wert ungleich NULL enthalten. F├╝gen Sie ggf. den ÔÇ×erforderlichenÔÇ£ Modifizierer hinzu, oder deklarieren Sie den Eigenschaft als NULL-Werte zulassend. [C:\Users\rloer\Desktop\IT-Pc\Angular Test\DmsProjeckt\DmsProjeckt.csproj]
C:\Users\rloer\Desktop\IT-Pc\Angular Test\DmsProjeckt\Controllers\ChatController.cs(535,27): warning CS8618: Non-Nullable-Eigenschaft ÔÇ×TypeÔÇ£ muss beim Beenden des Konstruktors einen Wert ungleich NULL enthalten. F├╝gen Sie ggf. den ÔÇ×erforderlichenÔÇ£ Modifizierer hinzu, oder deklarieren Sie den Eigenschaft als NULL-Werte zulassend. [C:\Users\rloer\Desktop\IT-Pc\Angular Test\DmsProjeckt\DmsProjeckt.csproj]
C:\Users\rloer\Desktop\IT-Pc\Angular Test\DmsProjeckt\Controllers\ChatController.cs(524,27): warning CS8618: Non-Nullable-Eigenschaft ÔÇ×ChatIdÔÇ£ muss beim Beenden des Konstruktors einen Wert ungleich NULL enthalten. F├╝gen Sie ggf. den ÔÇ×erforderlichenÔÇ£ Modifizierer hinzu, oder deklarieren Sie den Eigenschaft als NULL-Werte zulassend. [C:\Users\rloer\Desktop\IT-Pc\Angular Test\DmsProjeckt\DmsProjeckt.csproj]
C:\Users\rloer\Desktop\IT-Pc\Angular Test\DmsProjeckt\Controllers\ChatController.cs(525,27): warning CS8618: Non-Nullable-Eigenschaft ÔÇ×TypeÔÇ£ muss beim Beenden des Konstruktors einen Wert ungleich NULL enthalten. F├╝gen Sie ggf. den ÔÇ×erforderlichenÔÇ£ Modifizierer hinzu, oder deklarieren Sie den Eigenschaft als NULL-Werte zulassend. [C:\Users\rloer\Desktop\IT-Pc\Angular Test\DmsProjeckt\DmsProjeckt.csproj]
C:\Users\rloer\Desktop\IT-Pc\Angular Test\DmsProjeckt\Controllers\ChatController.cs(526,27): warning CS8618: Non-Nullable-Eigenschaft ÔÇ×DisplayNameÔÇ£ muss beim Beenden des Konstruktors einen Wert ungleich NULL enthalten. F├╝gen Sie ggf. den ÔÇ×erforderlichenÔÇ£ Modifizierer hinzu, oder deklarieren Sie den Eigenschaft als NULL-Werte zulassend. [C:\Users\rloer\Desktop\IT-Pc\Angular Test\DmsProjeckt\DmsProjeckt.csproj]
C:\Users\rloer\Desktop\IT-Pc\Angular Test\DmsProjeckt\Controllers\ChatController.cs(527,27): warning CS8618: Non-Nullable-Eigenschaft ÔÇ×AvatarUrlÔÇ£ muss beim Beenden des Konstruktors einen Wert ungleich NULL enthalten. F├╝gen Sie ggf. den ÔÇ×erforderlichenÔÇ£ Modifizierer hinzu, oder deklarieren Sie den Eigenschaft als NULL-Werte zulassend. [C:\Users\rloer\Desktop\IT-Pc\Angular Test\DmsProjeckt\DmsProjeckt.csproj]
C:\Users\rloer\Desktop\IT-Pc\Angular Test\DmsProjeckt\Controllers\ChatController.cs(516,27): warning CS8618: Non-Nullable-Eigenschaft ÔÇ×GroupNameÔÇ£ muss beim Beenden des Konstruktors einen Wert ungleich NULL enthalten. F├╝gen Sie ggf. den ÔÇ×erforderlichenÔÇ£ Modifizierer hinzu, oder deklarieren Sie den Eigenschaft als NULL-Werte zulassend. [C:\Users\rloer\Desktop\IT-Pc\Angular Test\DmsProjeckt\DmsProjeckt.csproj]
C:\Users\rloer\Desktop\IT-Pc\Angular Test\DmsProjeckt\Controllers\ChatController.cs(519,33): warning CS8618: Non-Nullable-Eigenschaft ÔÇ×UserIdsÔÇ£ muss beim Beenden des Konstruktors einen Wert ungleich NULL enthalten. F├╝gen Sie ggf. den ÔÇ×erforderlichenÔÇ£ Modifizierer hinzu, oder deklarieren Sie den Eigenschaft als NULL-Werte zulassend. [C:\Users\rloer\Desktop\IT-Pc\Angular Test\DmsProjeckt\DmsProjeckt.csproj]
C:\Users\rloer\Desktop\IT-Pc\Angular Test\DmsProjeckt\Controllers\PdfProxyController.cs(185,64): warning CS8604: M├Âgliches Nullverweisargument f├╝r den Parameter "remotePath" in "Task<Stream?> WebDavStorageService.DownloadStreamAsync(string remotePath)". [C:\Users\rloer\Desktop\IT-Pc\Angular Test\DmsProjeckt\DmsProjeckt.csproj]
C:\Users\rloer\Desktop\IT-Pc\Angular Test\DmsProjeckt\Controllers\PdfProxyController.cs(192,60): warning CS8604: M├Âgliches Nullverweisargument f├╝r den Parameter "stringToEscape" in "string Uri.EscapeDataString(string stringToEscape)". [C:\Users\rloer\Desktop\IT-Pc\Angular Test\DmsProjeckt\DmsProjeckt.csproj]
C:\Users\rloer\Desktop\IT-Pc\Angular Test\DmsProjeckt\Pages\Admin\MeinBenutzer.cshtml.cs(36,30): warning CS8619: Die NULL-Zul├ñssigkeit von Verweistypen im Wert vom Typ "List<string?>" entspricht nicht dem Zieltyp "List<string>". [C:\Users\rloer\Desktop\IT-Pc\Angular Test\DmsProjeckt\DmsProjeckt.csproj]
C:\Users\rloer\Desktop\IT-Pc\Angular Test\DmsProjeckt\Pages\Admin\MeinBenutzer.cshtml.cs(51,32): warning CS8601: M├Âgliche Nullverweiszuweisung. [C:\Users\rloer\Desktop\IT-Pc\Angular Test\DmsProjeckt\DmsProjeckt.csproj]
C:\Users\rloer\Desktop\IT-Pc\Angular Test\DmsProjeckt\Pages\Admin\MeinBenutzer.cshtml.cs(52,29): warning CS8601: M├Âgliche Nullverweiszuweisung. [C:\Users\rloer\Desktop\IT-Pc\Angular Test\DmsProjeckt\DmsProjeckt.csproj]
C:\Users\rloer\Desktop\IT-Pc\Angular Test\DmsProjeckt\Pages\Admin\MeinBenutzer.cshtml.cs(90,27): warning CS8601: M├Âgliche Nullverweiszuweisung. [C:\Users\rloer\Desktop\IT-Pc\Angular Test\DmsProjeckt\DmsProjeckt.csproj]
C:\Users\rloer\Desktop\IT-Pc\Angular Test\DmsProjeckt\Pages\Admin\MeinBenutzer.cshtml.cs(106,27): warning CS8618: Non-Nullable-Eigenschaft ÔÇ×UserIdÔÇ£ muss beim Beenden des Konstruktors einen Wert ungleich NULL enthalten. F├╝gen Sie ggf. den ÔÇ×erforderlichenÔÇ£ Modifizierer hinzu, oder deklarieren Sie den Eigenschaft als NULL-Werte zulassend. [C:\Users\rloer\Desktop\IT-Pc\Angular Test\DmsProjeckt\DmsProjeckt.csproj]
C:\Users\rloer\Desktop\IT-Pc\Angular Test\DmsProjeckt\Pages\Admin\MeinBenutzer.cshtml.cs(107,27): warning CS8618: Non-Nullable-Eigenschaft ÔÇ×UserNameÔÇ£ muss beim Beenden des Konstruktors einen Wert ungleich NULL enthalten. F├╝gen Sie ggf. den ÔÇ×erforderlichenÔÇ£ Modifizierer hinzu, oder deklarieren Sie den Eigenschaft als NULL-Werte zulassend. [C:\Users\rloer\Desktop\IT-Pc\Angular Test\DmsProjeckt\DmsProjeckt.csproj]
C:\Users\rloer\Desktop\IT-Pc\Angular Test\DmsProjeckt\Pages\Admin\MeinBenutzer.cshtml.cs(108,27): warning CS8618: Non-Nullable-Eigenschaft ÔÇ×EmailÔÇ£ muss beim Beenden des Konstruktors einen Wert ungleich NULL enthalten. F├╝gen Sie ggf. den ÔÇ×erforderlichenÔÇ£ Modifizierer hinzu, oder deklarieren Sie den Eigenschaft als NULL-Werte zulassend. [C:\Users\rloer\Desktop\IT-Pc\Angular Test\DmsProjeckt\DmsProjeckt.csproj]
C:\Users\rloer\Desktop\IT-Pc\Angular Test\DmsProjeckt\Pages\Admin\CreateUser.cshtml.cs(18,16): warning CS8618: Non-Nullable-Eigenschaft ÔÇ×EmailÔÇ£ muss beim Beenden des Konstruktors einen Wert ungleich NULL enthalten. F├╝gen Sie ggf. den ÔÇ×erforderlichenÔÇ£ Modifizierer hinzu, oder deklarieren Sie den Eigenschaft als NULL-Werte zulassend. [C:\Users\rloer\Desktop\IT-Pc\Angular Test\DmsProjeckt\DmsProjeckt.csproj]
C:\Users\rloer\Desktop\IT-Pc\Angular Test\DmsProjeckt\Pages\Admin\CreateUser.cshtml.cs(18,16): warning CS8618: Non-Nullable-Eigenschaft ÔÇ×PasswordÔÇ£ muss beim Beenden des Konstruktors einen Wert ungleich NULL enthalten. F├╝gen Sie ggf. den ÔÇ×erforderlichenÔÇ£ Modifizierer hinzu, oder deklarieren Sie den Eigenschaft als NULL-Werte zulassend. [C:\Users\rloer\Desktop\IT-Pc\Angular Test\DmsProjeckt\DmsProjeckt.csproj]
C:\Users\rloer\Desktop\IT-Pc\Angular Test\DmsProjeckt\Pages\Admin\CreateUser.cshtml.cs(18,16): warning CS8618: Non-Nullable-Eigenschaft ÔÇ×SelectedRoleÔÇ£ muss beim Beenden des Konstruktors einen Wert ungleich NULL enthalten. F├╝gen Sie ggf. den ÔÇ×erforderlichenÔÇ£ Modifizierer hinzu, oder deklarieren Sie den Eigenschaft als NULL-Werte zulassend. [C:\Users\rloer\Desktop\IT-Pc\Angular Test\DmsProjeckt\DmsProjeckt.csproj]
C:\Users\rloer\Desktop\IT-Pc\Angular Test\DmsProjeckt\Pages\Admin\CreateUser.cshtml.cs(18,16): warning CS8618: Non-Nullable-Eigenschaft ÔÇ×VornameÔÇ£ muss beim Beenden des Konstruktors einen Wert ungleich NULL enthalten. F├╝gen Sie ggf. den ÔÇ×erforderlichenÔÇ£ Modifizierer hinzu, oder deklarieren Sie den Eigenschaft als NULL-Werte zulassend. [C:\Users\rloer\Desktop\IT-Pc\Angular Test\DmsProjeckt\DmsProjeckt.csproj]
C:\Users\rloer\Desktop\IT-Pc\Angular Test\DmsProjeckt\Pages\Admin\CreateUser.cshtml.cs(18,16): warning CS8618: Non-Nullable-Eigenschaft ÔÇ×NachnameÔÇ£ muss beim Beenden des Konstruktors einen Wert ungleich NULL enthalten. F├╝gen Sie ggf. den ÔÇ×erforderlichenÔÇ£ Modifizierer hinzu, oder deklarieren Sie den Eigenschaft als NULL-Werte zulassend. [C:\Users\rloer\Desktop\IT-Pc\Angular Test\DmsProjeckt\DmsProjeckt.csproj]
C:\Users\rloer\Desktop\IT-Pc\Angular Test\DmsProjeckt\Pages\Admin\CreateUser.cshtml.cs(18,16): warning CS8618: Non-Nullable-Eigenschaft ÔÇ×FirmenNameÔÇ£ muss beim Beenden des Konstruktors einen Wert ungleich NULL enthalten. F├╝gen Sie ggf. den ÔÇ×erforderlichenÔÇ£ Modifizierer hinzu, oder deklarieren Sie den Eigenschaft als NULL-Werte zulassend. [C:\Users\rloer\Desktop\IT-Pc\Angular Test\DmsProjeckt\DmsProjeckt.csproj]
C:\Users\rloer\Desktop\IT-Pc\Angular Test\DmsProjeckt\Pages\AuditLog.cshtml.cs(33,37): warning CS8601: M├Âgliche Nullverweiszuweisung. [C:\Users\rloer\Desktop\IT-Pc\Angular Test\DmsProjeckt\DmsProjeckt.csproj]
C:\Users\rloer\Desktop\IT-Pc\Angular Test\DmsProjeckt\Service\ChunkService.cs(116,56): warning CS8600: Das NULL-Literal oder ein m├Âglicher NULL-Wert wird in einen Non-Nullable-Typ konvertiert. [C:\Users\rloer\Desktop\IT-Pc\Angular Test\DmsProjeckt\DmsProjeckt.csproj]
C:\Users\rloer\Desktop\IT-Pc\Angular Test\DmsProjeckt\Controllers\PdfProxyController.cs(263,68): warning CS8604: M├Âgliches Nullverweisargument f├╝r den Parameter "remotePath" in "Task<Stream?> WebDavStorageService.DownloadStreamAsync(string remotePath)". [C:\Users\rloer\Desktop\IT-Pc\Angular Test\DmsProjeckt\DmsProjeckt.csproj]
C:\Users\rloer\Desktop\IT-Pc\Angular Test\DmsProjeckt\Service\WebDavStorageService.cs(1274,45): warning CS8601: M├Âgliche Nullverweiszuweisung. [C:\Users\rloer\Desktop\IT-Pc\Angular Test\DmsProjeckt\DmsProjeckt.csproj]
C:\Users\rloer\Desktop\IT-Pc\Angular Test\DmsProjeckt\Service\WebDavStorageService.cs(1351,45): warning CS8604: M├Âgliches Nullverweisargument f├╝r den Parameter "fileStream" in "Task<bool> WebDavStorageService.UploadStreamAsync(Stream fileStream, string relativePath, string contentType = "application/octet-stream")". [C:\Users\rloer\Desktop\IT-Pc\Angular Test\DmsProjeckt\DmsProjeckt.csproj]
C:\Users\rloer\Desktop\IT-Pc\Angular Test\DmsProjeckt\Pages\Einstellungen.cshtml(557,21): warning CS8603: M├Âgliche Nullverweisr├╝ckgabe. [C:\Users\rloer\Desktop\IT-Pc\Angular Test\DmsProjeckt\DmsProjeckt.csproj]
C:\Users\rloer\Desktop\IT-Pc\Angular Test\DmsProjeckt\Service\WebDavStorageService.cs(1511,27): warning SYSLIB0013: "Uri.EscapeUriString(string)" ist veraltet: "Uri.EscapeUriString can corrupt the Uri string in some cases. Consider using Uri.EscapeDataString for query string components instead." (https://aka.ms/dotnet-warnings/SYSLIB0013) [C:\Users\rloer\Desktop\IT-Pc\Angular Test\DmsProjeckt\DmsProjeckt.csproj]
C:\Users\rloer\Desktop\IT-Pc\Angular Test\DmsProjeckt\Controllers\NotificationsController.cs(143,30): warning CS8601: M├Âgliche Nullverweiszuweisung. [C:\Users\rloer\Desktop\IT-Pc\Angular Test\DmsProjeckt\DmsProjeckt.csproj]
C:\Users\rloer\Desktop\IT-Pc\Angular Test\DmsProjeckt\Pages\Dokument\_DokumentTableRow.cshtml(25,12): warning CS8602: Dereferenzierung eines m├Âglichen Nullverweises. [C:\Users\rloer\Desktop\IT-Pc\Angular Test\DmsProjeckt\DmsProjeckt.csproj]
C:\Users\rloer\Desktop\IT-Pc\Angular Test\DmsProjeckt\Pages\Dokument\_DokumentTableRow.cshtml(33,23): warning CS8602: Dereferenzierung eines m├Âglichen Nullverweises. [C:\Users\rloer\Desktop\IT-Pc\Angular Test\DmsProjeckt\DmsProjeckt.csproj]
C:\Users\rloer\Desktop\IT-Pc\Angular Test\DmsProjeckt\Pages\Dokument\_DokumentTableRow.cshtml(35,23): warning CS8602: Dereferenzierung eines m├Âglichen Nullverweises. [C:\Users\rloer\Desktop\IT-Pc\Angular Test\DmsProjeckt\DmsProjeckt.csproj]
C:\Users\rloer\Desktop\IT-Pc\Angular Test\DmsProjeckt\Pages\Dokument\_DokumentTableRow.cshtml(37,20): warning CS8602: Dereferenzierung eines m├Âglichen Nullverweises. [C:\Users\rloer\Desktop\IT-Pc\Angular Test\DmsProjeckt\DmsProjeckt.csproj]
C:\Users\rloer\Desktop\IT-Pc\Angular Test\DmsProjeckt\Pages\Dokument\_DokumentTableRow.cshtml(39,20): warning CS8602: Dereferenzierung eines m├Âglichen Nullverweises. [C:\Users\rloer\Desktop\IT-Pc\Angular Test\DmsProjeckt\DmsProjeckt.csproj]
C:\Users\rloer\Desktop\IT-Pc\Angular Test\DmsProjeckt\Pages\Dokument\_DokumentTableRow.cshtml(54,26): warning CS8602: Dereferenzierung eines m├Âglichen Nullverweises. [C:\Users\rloer\Desktop\IT-Pc\Angular Test\DmsProjeckt\DmsProjeckt.csproj]
C:\Users\rloer\Desktop\IT-Pc\Angular Test\DmsProjeckt\Pages\Dokument\_DokumentTableRow.cshtml(56,26): warning CS8602: Dereferenzierung eines m├Âglichen Nullverweises. [C:\Users\rloer\Desktop\IT-Pc\Angular Test\DmsProjeckt\DmsProjeckt.csproj]
C:\Users\rloer\Desktop\IT-Pc\Angular Test\DmsProjeckt\Pages\Dokument\_DokumentTableRow.cshtml(65,24): warning CS8602: Dereferenzierung eines m├Âglichen Nullverweises. [C:\Users\rloer\Desktop\IT-Pc\Angular Test\DmsProjeckt\DmsProjeckt.csproj]
C:\Users\rloer\Desktop\IT-Pc\Angular Test\DmsProjeckt\Pages\Dokument\_DokumentTableRow.cshtml(129,15): warning CS8602: Dereferenzierung eines m├Âglichen Nullverweises. [C:\Users\rloer\Desktop\IT-Pc\Angular Test\DmsProjeckt\DmsProjeckt.csproj]
C:\Users\rloer\Desktop\IT-Pc\Angular Test\DmsProjeckt\Pages\Dokument\AdminVerwaltung.cshtml.cs(19,16): warning CS8618: Non-Nullable-Eigenschaft ÔÇ×NewUserIdÔÇ£ muss beim Beenden des Konstruktors einen Wert ungleich NULL enthalten. F├╝gen Sie ggf. den ÔÇ×erforderlichenÔÇ£ Modifizierer hinzu, oder deklarieren Sie den Eigenschaft als NULL-Werte zulassend. [C:\Users\rloer\Desktop\IT-Pc\Angular Test\DmsProjeckt\DmsProjeckt.csproj]
C:\Users\rloer\Desktop\IT-Pc\Angular Test\DmsProjeckt\Pages\Dokument\AdminVerwaltung.cshtml.cs(19,16): warning CS8618: Non-Nullable-Eigenschaft ÔÇ×SelectedRoleÔÇ£ muss beim Beenden des Konstruktors einen Wert ungleich NULL enthalten. F├╝gen Sie ggf. den ÔÇ×erforderlichenÔÇ£ Modifizierer hinzu, oder deklarieren Sie den Eigenschaft als NULL-Werte zulassend. [C:\Users\rloer\Desktop\IT-Pc\Angular Test\DmsProjeckt\DmsProjeckt.csproj]
C:\Users\rloer\Desktop\IT-Pc\Angular Test\DmsProjeckt\Pages\Dokument\AdminVerwaltung.cshtml.cs(19,16): warning CS8618: Non-Nullable-Eigenschaft ÔÇ×UserIdÔÇ£ muss beim Beenden des Konstruktors einen Wert ungleich NULL enthalten. F├╝gen Sie ggf. den ÔÇ×erforderlichenÔÇ£ Modifizierer hinzu, oder deklarieren Sie den Eigenschaft als NULL-Werte zulassend. [C:\Users\rloer\Desktop\IT-Pc\Angular Test\DmsProjeckt\DmsProjeckt.csproj]
C:\Users\rloer\Desktop\IT-Pc\Angular Test\DmsProjeckt\Pages\Dokument\AdminVerwaltung.cshtml.cs(19,16): warning CS8618: Non-Nullable-Eigenschaft ÔÇ×UsersÔÇ£ muss beim Beenden des Konstruktors einen Wert ungleich NULL enthalten. F├╝gen Sie ggf. den ÔÇ×erforderlichenÔÇ£ Modifizierer hinzu, oder deklarieren Sie den Eigenschaft als NULL-Werte zulassend. [C:\Users\rloer\Desktop\IT-Pc\Angular Test\DmsProjeckt\DmsProjeckt.csproj]
C:\Users\rloer\Desktop\IT-Pc\Angular Test\DmsProjeckt\Service\DocumentHashService.cs(52,24): warning CS8619: Die NULL-Zul├ñssigkeit von Verweistypen im Wert vom Typ "(bool, string? ObjectPath, string hash)" entspricht nicht dem Zieltyp "(bool reused, string firebasePath, string hash)". [C:\Users\rloer\Desktop\IT-Pc\Angular Test\DmsProjeckt\DmsProjeckt.csproj]
C:\Users\rloer\Desktop\IT-Pc\Angular Test\DmsProjeckt\Pages\Dokument\AdminVerwaltung.cshtml.cs(51,32): warning CS8601: M├Âgliche Nullverweiszuweisung. [C:\Users\rloer\Desktop\IT-Pc\Angular Test\DmsProjeckt\DmsProjeckt.csproj]
C:\Users\rloer\Desktop\IT-Pc\Angular Test\DmsProjeckt\Pages\Dokument\AdminVerwaltung.cshtml.cs(54,38): warning CS8619: Die NULL-Zul├ñssigkeit von Verweistypen im Wert vom Typ "List<string?>" entspricht nicht dem Zieltyp "List<string>". [C:\Users\rloer\Desktop\IT-Pc\Angular Test\DmsProjeckt\DmsProjeckt.csproj]
C:\Users\rloer\Desktop\IT-Pc\Angular Test\DmsProjeckt\Pages\Dokument\AdminVerwaltung.cshtml.cs(67,65): warning CS8604: M├Âgliches Nullverweisargument f├╝r den Parameter "user" in "Task<IList<string>> UserManager<ApplicationUser>.GetRolesAsync(ApplicationUser user)". [C:\Users\rloer\Desktop\IT-Pc\Angular Test\DmsProjeckt\DmsProjeckt.csproj]
C:\Users\rloer\Desktop\IT-Pc\Angular Test\DmsProjeckt\Pages\Dokument\AdminVerwaltung.cshtml.cs(75,27): warning CS8601: M├Âgliche Nullverweiszuweisung. [C:\Users\rloer\Desktop\IT-Pc\Angular Test\DmsProjeckt\DmsProjeckt.csproj]
C:\Users\rloer\Desktop\IT-Pc\Angular Test\DmsProjeckt\Service\WebDavStorageService.cs(1624,27): warning SYSLIB0013: "Uri.EscapeUriString(string)" ist veraltet: "Uri.EscapeUriString can corrupt the Uri string in some cases. Consider using Uri.EscapeDataString for query string components instead." (https://aka.ms/dotnet-warnings/SYSLIB0013) [C:\Users\rloer\Desktop\IT-Pc\Angular Test\DmsProjeckt\DmsProjeckt.csproj]
C:\Users\rloer\Desktop\IT-Pc\Angular Test\DmsProjeckt\Service\ChunkService.cs(433,39): warning CS8600: Das NULL-Literal oder ein m├Âglicher NULL-Wert wird in einen Non-Nullable-Typ konvertiert. [C:\Users\rloer\Desktop\IT-Pc\Angular Test\DmsProjeckt\DmsProjeckt.csproj]
C:\Users\rloer\Desktop\IT-Pc\Angular Test\DmsProjeckt\Service\ChunkService.cs(434,55): warning CS8601: M├Âgliche Nullverweiszuweisung. [C:\Users\rloer\Desktop\IT-Pc\Angular Test\DmsProjeckt\DmsProjeckt.csproj]
C:\Users\rloer\Desktop\IT-Pc\Angular Test\DmsProjeckt\Pages\Favoriten.cshtml.cs(38,29): warning CS8601: M├Âgliche Nullverweiszuweisung. [C:\Users\rloer\Desktop\IT-Pc\Angular Test\DmsProjeckt\DmsProjeckt.csproj]
C:\Users\rloer\Desktop\IT-Pc\Angular Test\DmsProjeckt\Pages\Favoriten.cshtml.cs(50,29): warning CS8601: M├Âgliche Nullverweiszuweisung. [C:\Users\rloer\Desktop\IT-Pc\Angular Test\DmsProjeckt\DmsProjeckt.csproj]
C:\Users\rloer\Desktop\IT-Pc\Angular Test\DmsProjeckt\Pages\Favoriten.cshtml.cs(60,23): warning CS8618: Non-Nullable-Eigenschaft ÔÇ×TitelÔÇ£ muss beim Beenden des Konstruktors einen Wert ungleich NULL enthalten. F├╝gen Sie ggf. den ÔÇ×erforderlichenÔÇ£ Modifizierer hinzu, oder deklarieren Sie den Eigenschaft als NULL-Werte zulassend. [C:\Users\rloer\Desktop\IT-Pc\Angular Test\DmsProjeckt\DmsProjeckt.csproj]
C:\Users\rloer\Desktop\IT-Pc\Angular Test\DmsProjeckt\Pages\Favoriten.cshtml.cs(67,23): warning CS8618: Non-Nullable-Eigenschaft ÔÇ×TitelÔÇ£ muss beim Beenden des Konstruktors einen Wert ungleich NULL enthalten. F├╝gen Sie ggf. den ÔÇ×erforderlichenÔÇ£ Modifizierer hinzu, oder deklarieren Sie den Eigenschaft als NULL-Werte zulassend. [C:\Users\rloer\Desktop\IT-Pc\Angular Test\DmsProjeckt\DmsProjeckt.csproj]
C:\Users\rloer\Desktop\IT-Pc\Angular Test\DmsProjeckt\Pages\GeteilteDokumente.cshtml.cs(13,23): warning CS8618: Non-Nullable-Eigenschaft ÔÇ×NoteTitleÔÇ£ muss beim Beenden des Konstruktors einen Wert ungleich NULL enthalten. F├╝gen Sie ggf. den ÔÇ×erforderlichenÔÇ£ Modifizierer hinzu, oder deklarieren Sie den Eigenschaft als NULL-Werte zulassend. [C:\Users\rloer\Desktop\IT-Pc\Angular Test\DmsProjeckt\DmsProjeckt.csproj]
C:\Users\rloer\Desktop\IT-Pc\Angular Test\DmsProjeckt\Pages\GeteilteDokumente.cshtml.cs(14,23): warning CS8618: Non-Nullable-Eigenschaft ÔÇ×SharedUserNameÔÇ£ muss beim Beenden des Konstruktors einen Wert ungleich NULL enthalten. F├╝gen Sie ggf. den ÔÇ×erforderlichenÔÇ£ Modifizierer hinzu, oder deklarieren Sie den Eigenschaft als NULL-Werte zulassend. [C:\Users\rloer\Desktop\IT-Pc\Angular Test\DmsProjeckt\DmsProjeckt.csproj]
C:\Users\rloer\Desktop\IT-Pc\Angular Test\DmsProjeckt\Pages\Notiz\Edit.cshtml.cs(22,16): warning CS8618: Non-Nullable-Eigenschaft ÔÇ×NoteÔÇ£ muss beim Beenden des Konstruktors einen Wert ungleich NULL enthalten. F├╝gen Sie ggf. den ÔÇ×erforderlichenÔÇ£ Modifizierer hinzu, oder deklarieren Sie den Eigenschaft als NULL-Werte zulassend. [C:\Users\rloer\Desktop\IT-Pc\Angular Test\DmsProjeckt\DmsProjeckt.csproj]
C:\Users\rloer\Desktop\IT-Pc\Angular Test\DmsProjeckt\Pages\Notiz\Edit.cshtml.cs(22,16): warning CS8618: Non-Nullable-Eigenschaft ÔÇ×NotesÔÇ£ muss beim Beenden des Konstruktors einen Wert ungleich NULL enthalten. F├╝gen Sie ggf. den ÔÇ×erforderlichenÔÇ£ Modifizierer hinzu, oder deklarieren Sie den Eigenschaft als NULL-Werte zulassend. [C:\Users\rloer\Desktop\IT-Pc\Angular Test\DmsProjeckt\DmsProjeckt.csproj]
C:\Users\rloer\Desktop\IT-Pc\Angular Test\DmsProjeckt\Pages\Notiz\Edit.cshtml.cs(29,26): warning CS8602: Dereferenzierung eines m├Âglichen Nullverweises. [C:\Users\rloer\Desktop\IT-Pc\Angular Test\DmsProjeckt\DmsProjeckt.csproj]
C:\Users\rloer\Desktop\IT-Pc\Angular Test\DmsProjeckt\Pages\Dokument\DashboardAdmin.cshtml.cs(48,16): warning CS8618: Non-Nullable-Eigenschaft ÔÇ×UsersÔÇ£ muss beim Beenden des Konstruktors einen Wert ungleich NULL enthalten. F├╝gen Sie ggf. den ÔÇ×erforderlichenÔÇ£ Modifizierer hinzu, oder deklarieren Sie den Eigenschaft als NULL-Werte zulassend. [C:\Users\rloer\Desktop\IT-Pc\Angular Test\DmsProjeckt\DmsProjeckt.csproj]
C:\Users\rloer\Desktop\IT-Pc\Angular Test\DmsProjeckt\Pages\Dokument\DashboardAdmin.cshtml.cs(48,16): warning CS8618: Non-Nullable-Eigenschaft ÔÇ×SelectedRoleÔÇ£ muss beim Beenden des Konstruktors einen Wert ungleich NULL enthalten. F├╝gen Sie ggf. den ÔÇ×erforderlichenÔÇ£ Modifizierer hinzu, oder deklarieren Sie den Eigenschaft als NULL-Werte zulassend. [C:\Users\rloer\Desktop\IT-Pc\Angular Test\DmsProjeckt\DmsProjeckt.csproj]
C:\Users\rloer\Desktop\IT-Pc\Angular Test\DmsProjeckt\Pages\Dokument\DashboardAdmin.cshtml.cs(48,16): warning CS8618: Non-Nullable-Eigenschaft ÔÇ×UserIdÔÇ£ muss beim Beenden des Konstruktors einen Wert ungleich NULL enthalten. F├╝gen Sie ggf. den ÔÇ×erforderlichenÔÇ£ Modifizierer hinzu, oder deklarieren Sie den Eigenschaft als NULL-Werte zulassend. [C:\Users\rloer\Desktop\IT-Pc\Angular Test\DmsProjeckt\DmsProjeckt.csproj]
C:\Users\rloer\Desktop\IT-Pc\Angular Test\DmsProjeckt\Pages\Dokument\DashboardAdmin.cshtml.cs(48,16): warning CS8618: Non-Nullable-Eigenschaft ÔÇ×NewUserIdÔÇ£ muss beim Beenden des Konstruktors einen Wert ungleich NULL enthalten. F├╝gen Sie ggf. den ÔÇ×erforderlichenÔÇ£ Modifizierer hinzu, oder deklarieren Sie den Eigenschaft als NULL-Werte zulassend. [C:\Users\rloer\Desktop\IT-Pc\Angular Test\DmsProjeckt\DmsProjeckt.csproj]
C:\Users\rloer\Desktop\IT-Pc\Angular Test\DmsProjeckt\Pages\Dokument\DashboardAdmin.cshtml.cs(48,16): warning CS8618: Non-Nullable-Eigenschaft ÔÇ×FirstNameÔÇ£ muss beim Beenden des Konstruktors einen Wert ungleich NULL enthalten. F├╝gen Sie ggf. den ÔÇ×erforderlichenÔÇ£ Modifizierer hinzu, oder deklarieren Sie den Eigenschaft als NULL-Werte zulassend. [C:\Users\rloer\Desktop\IT-Pc\Angular Test\DmsProjeckt\DmsProjeckt.csproj]
C:\Users\rloer\Desktop\IT-Pc\Angular Test\DmsProjeckt\Pages\Dokument\DashboardAdmin.cshtml.cs(48,16): warning CS8618: Non-Nullable-Eigenschaft ÔÇ×LastNameÔÇ£ muss beim Beenden des Konstruktors einen Wert ungleich NULL enthalten. F├╝gen Sie ggf. den ÔÇ×erforderlichenÔÇ£ Modifizierer hinzu, oder deklarieren Sie den Eigenschaft als NULL-Werte zulassend. [C:\Users\rloer\Desktop\IT-Pc\Angular Test\DmsProjeckt\DmsProjeckt.csproj]
C:\Users\rloer\Desktop\IT-Pc\Angular Test\DmsProjeckt\Pages\Dokument\DashboardAdmin.cshtml.cs(48,16): warning CS8618: Non-Nullable-Eigenschaft ÔÇ×EmailÔÇ£ muss beim Beenden des Konstruktors einen Wert ungleich NULL enthalten. F├╝gen Sie ggf. den ÔÇ×erforderlichenÔÇ£ Modifizierer hinzu, oder deklarieren Sie den Eigenschaft als NULL-Werte zulassend. [C:\Users\rloer\Desktop\IT-Pc\Angular Test\DmsProjeckt\DmsProjeckt.csproj]
C:\Users\rloer\Desktop\IT-Pc\Angular Test\DmsProjeckt\Pages\Dokument\DashboardAdmin.cshtml.cs(48,16): warning CS8618: Non-Nullable-Eigenschaft ÔÇ×PasswordÔÇ£ muss beim Beenden des Konstruktors einen Wert ungleich NULL enthalten. F├╝gen Sie ggf. den ÔÇ×erforderlichenÔÇ£ Modifizierer hinzu, oder deklarieren Sie den Eigenschaft als NULL-Werte zulassend. [C:\Users\rloer\Desktop\IT-Pc\Angular Test\DmsProjeckt\DmsProjeckt.csproj]
C:\Users\rloer\Desktop\IT-Pc\Angular Test\DmsProjeckt\Pages\Dokument\DashboardAdmin.cshtml.cs(48,16): warning CS8618: Non-Nullable-Eigenschaft ÔÇ×ConfirmPasswordÔÇ£ muss beim Beenden des Konstruktors einen Wert ungleich NULL enthalten. F├╝gen Sie ggf. den ÔÇ×erforderlichenÔÇ£ Modifizierer hinzu, oder deklarieren Sie den Eigenschaft als NULL-Werte zulassend. [C:\Users\rloer\Desktop\IT-Pc\Angular Test\DmsProjeckt\DmsProjeckt.csproj]
C:\Users\rloer\Desktop\IT-Pc\Angular Test\DmsProjeckt\Pages\GeteilteDokumente.cshtml.cs(48,37): warning CS8601: M├Âgliche Nullverweiszuweisung. [C:\Users\rloer\Desktop\IT-Pc\Angular Test\DmsProjeckt\DmsProjeckt.csproj]
C:\Users\rloer\Desktop\IT-Pc\Angular Test\DmsProjeckt\Pages\GeteilteDokumente.cshtml.cs(49,40): warning CS8601: M├Âgliche Nullverweiszuweisung. [C:\Users\rloer\Desktop\IT-Pc\Angular Test\DmsProjeckt\DmsProjeckt.csproj]
C:\Users\rloer\Desktop\IT-Pc\Angular Test\DmsProjeckt\Pages\GeteilteDokumente.cshtml.cs(51,34): warning CS8601: M├Âgliche Nullverweiszuweisung. [C:\Users\rloer\Desktop\IT-Pc\Angular Test\DmsProjeckt\DmsProjeckt.csproj]
C:\Users\rloer\Desktop\IT-Pc\Angular Test\DmsProjeckt\Pages\GeteilteDokumente.cshtml.cs(63,37): warning CS8601: M├Âgliche Nullverweiszuweisung. [C:\Users\rloer\Desktop\IT-Pc\Angular Test\DmsProjeckt\DmsProjeckt.csproj]
C:\Users\rloer\Desktop\IT-Pc\Angular Test\DmsProjeckt\Pages\GeteilteDokumente.cshtml.cs(64,40): warning CS8601: M├Âgliche Nullverweiszuweisung. [C:\Users\rloer\Desktop\IT-Pc\Angular Test\DmsProjeckt\DmsProjeckt.csproj]
C:\Users\rloer\Desktop\IT-Pc\Angular Test\DmsProjeckt\Pages\GeteilteDokumente.cshtml.cs(66,34): warning CS8601: M├Âgliche Nullverweiszuweisung. [C:\Users\rloer\Desktop\IT-Pc\Angular Test\DmsProjeckt\DmsProjeckt.csproj]
C:\Users\rloer\Desktop\IT-Pc\Angular Test\DmsProjeckt\Pages\GeteilteDokumente.cshtml.cs(79,33): warning CS8601: M├Âgliche Nullverweiszuweisung. [C:\Users\rloer\Desktop\IT-Pc\Angular Test\DmsProjeckt\DmsProjeckt.csproj]
C:\Users\rloer\Desktop\IT-Pc\Angular Test\DmsProjeckt\Pages\GeteilteDokumente.cshtml.cs(94,33): warning CS8601: M├Âgliche Nullverweiszuweisung. [C:\Users\rloer\Desktop\IT-Pc\Angular Test\DmsProjeckt\DmsProjeckt.csproj]
C:\Users\rloer\Desktop\IT-Pc\Angular Test\DmsProjeckt\Service\ChunkService.cs(748,59): warning CS8604: M├Âgliches Nullverweisargument f├╝r den Parameter "folderPath" in "Task WebDavStorageService.EnsureFolderTreeExistsAsync(string folderPath)". [C:\Users\rloer\Desktop\IT-Pc\Angular Test\DmsProjeckt\DmsProjeckt.csproj]
C:\Users\rloer\Desktop\IT-Pc\Angular Test\DmsProjeckt\Pages\Dokument\AlleVersionen.cshtml.cs(120,32): warning CS8601: M├Âgliche Nullverweiszuweisung. [C:\Users\rloer\Desktop\IT-Pc\Angular Test\DmsProjeckt\DmsProjeckt.csproj]
C:\Users\rloer\Desktop\IT-Pc\Angular Test\DmsProjeckt\Pages\Dokument\AlleVersionen.cshtml.cs(129,37): warning CS8601: M├Âgliche Nullverweiszuweisung. [C:\Users\rloer\Desktop\IT-Pc\Angular Test\DmsProjeckt\DmsProjeckt.csproj]
C:\Users\rloer\Desktop\IT-Pc\Angular Test\DmsProjeckt\Pages\Dokument\AlleVersionen.cshtml.cs(131,37): warning CS8601: M├Âgliche Nullverweiszuweisung. [C:\Users\rloer\Desktop\IT-Pc\Angular Test\DmsProjeckt\DmsProjeckt.csproj]
C:\Users\rloer\Desktop\IT-Pc\Angular Test\DmsProjeckt\Pages\Dokument\AlleVersionen.cshtml.cs(133,38): warning CS8601: M├Âgliche Nullverweiszuweisung. [C:\Users\rloer\Desktop\IT-Pc\Angular Test\DmsProjeckt\DmsProjeckt.csproj]
C:\Users\rloer\Desktop\IT-Pc\Angular Test\DmsProjeckt\Pages\Dokument\AlleVersionen.cshtml.cs(151,41): warning CS8601: M├Âgliche Nullverweiszuweisung. [C:\Users\rloer\Desktop\IT-Pc\Angular Test\DmsProjeckt\DmsProjeckt.csproj]
C:\Users\rloer\Desktop\IT-Pc\Angular Test\DmsProjeckt\Pages\Notiz\Edit.cshtml.cs(48,26): warning CS8602: Dereferenzierung eines m├Âglichen Nullverweises. [C:\Users\rloer\Desktop\IT-Pc\Angular Test\DmsProjeckt\DmsProjeckt.csproj]
C:\Users\rloer\Desktop\IT-Pc\Angular Test\DmsProjeckt\Pages\Notiz\Index.cshtml.cs(35,16): warning CS8618: Non-Nullable-Eigenschaft ÔÇ×NotesÔÇ£ muss beim Beenden des Konstruktors einen Wert ungleich NULL enthalten. F├╝gen Sie ggf. den ÔÇ×erforderlichenÔÇ£ Modifizierer hinzu, oder deklarieren Sie den Eigenschaft als NULL-Werte zulassend. [C:\Users\rloer\Desktop\IT-Pc\Angular Test\DmsProjeckt\DmsProjeckt.csproj]
C:\Users\rloer\Desktop\IT-Pc\Angular Test\DmsProjeckt\Pages\Notiz\Index.cshtml.cs(35,16): warning CS8618: Non-Nullable-Eigenschaft ÔÇ×SelectedNoteÔÇ£ muss beim Beenden des Konstruktors einen Wert ungleich NULL enthalten. F├╝gen Sie ggf. den ÔÇ×erforderlichenÔÇ£ Modifizierer hinzu, oder deklarieren Sie den Eigenschaft als NULL-Werte zulassend. [C:\Users\rloer\Desktop\IT-Pc\Angular Test\DmsProjeckt\DmsProjeckt.csproj]
C:\Users\rloer\Desktop\IT-Pc\Angular Test\DmsProjeckt\Pages\Notiz\Index.cshtml.cs(35,16): warning CS8618: Non-Nullable-Eigenschaft ÔÇ×FavoriteNoteIdsÔÇ£ muss beim Beenden des Konstruktors einen Wert ungleich NULL enthalten. F├╝gen Sie ggf. den ÔÇ×erforderlichenÔÇ£ Modifizierer hinzu, oder deklarieren Sie den Eigenschaft als NULL-Werte zulassend. [C:\Users\rloer\Desktop\IT-Pc\Angular Test\DmsProjeckt\DmsProjeckt.csproj]
C:\Users\rloer\Desktop\IT-Pc\Angular Test\DmsProjeckt\Pages\Notiz\Index.cshtml.cs(251,29): warning CS8618: Non-Nullable-Eigenschaft ÔÇ×UserIdsÔÇ£ muss beim Beenden des Konstruktors einen Wert ungleich NULL enthalten. F├╝gen Sie ggf. den ÔÇ×erforderlichenÔÇ£ Modifizierer hinzu, oder deklarieren Sie den Eigenschaft als NULL-Werte zulassend. [C:\Users\rloer\Desktop\IT-Pc\Angular Test\DmsProjeckt\DmsProjeckt.csproj]
C:\Users\rloer\Desktop\IT-Pc\Angular Test\DmsProjeckt\Service\MyFirebaseOptions.cs(5,23): warning CS8618: Non-Nullable-Eigenschaft ÔÇ×BucketÔÇ£ muss beim Beenden des Konstruktors einen Wert ungleich NULL enthalten. F├╝gen Sie ggf. den ÔÇ×erforderlichenÔÇ£ Modifizierer hinzu, oder deklarieren Sie den Eigenschaft als NULL-Werte zulassend. [C:\Users\rloer\Desktop\IT-Pc\Angular Test\DmsProjeckt\DmsProjeckt.csproj]
C:\Users\rloer\Desktop\IT-Pc\Angular Test\DmsProjeckt\Service\MyFirebaseOptions.cs(6,23): warning CS8618: Non-Nullable-Eigenschaft ÔÇ×AuthTokenÔÇ£ muss beim Beenden des Konstruktors einen Wert ungleich NULL enthalten. F├╝gen Sie ggf. den ÔÇ×erforderlichenÔÇ£ Modifizierer hinzu, oder deklarieren Sie den Eigenschaft als NULL-Werte zulassend. [C:\Users\rloer\Desktop\IT-Pc\Angular Test\DmsProjeckt\DmsProjeckt.csproj]
C:\Users\rloer\Desktop\IT-Pc\Angular Test\DmsProjeckt\Pages\Notiz\Index.cshtml.cs(44,26): warning CS8602: Dereferenzierung eines m├Âglichen Nullverweises. [C:\Users\rloer\Desktop\IT-Pc\Angular Test\DmsProjeckt\DmsProjeckt.csproj]
C:\Users\rloer\Desktop\IT-Pc\Angular Test\DmsProjeckt\Pages\Notiz\Index.cshtml.cs(60,32): warning CS8601: M├Âgliche Nullverweiszuweisung. [C:\Users\rloer\Desktop\IT-Pc\Angular Test\DmsProjeckt\DmsProjeckt.csproj]
C:\Users\rloer\Desktop\IT-Pc\Angular Test\DmsProjeckt\Pages\Notiz\Index.cshtml.cs(62,32): warning CS8601: M├Âgliche Nullverweiszuweisung. [C:\Users\rloer\Desktop\IT-Pc\Angular Test\DmsProjeckt\DmsProjeckt.csproj]
C:\Users\rloer\Desktop\IT-Pc\Angular Test\DmsProjeckt\Service\DueTaskNotificationService.cs(114,46): warning CS8601: M├Âgliche Nullverweiszuweisung. [C:\Users\rloer\Desktop\IT-Pc\Angular Test\DmsProjeckt\DmsProjeckt.csproj]
C:\Users\rloer\Desktop\IT-Pc\Angular Test\DmsProjeckt\Service\OcrMetadataExtractorService.cs(142,31): warning CS8600: Das NULL-Literal oder ein m├Âglicher NULL-Wert wird in einen Non-Nullable-Typ konvertiert. [C:\Users\rloer\Desktop\IT-Pc\Angular Test\DmsProjeckt\DmsProjeckt.csproj]
C:\Users\rloer\Desktop\IT-Pc\Angular Test\DmsProjeckt\Service\OcrMetadataExtractorService.cs(168,20): warning CS8603: M├Âgliche Nullverweisr├╝ckgabe. [C:\Users\rloer\Desktop\IT-Pc\Angular Test\DmsProjeckt\DmsProjeckt.csproj]
C:\Users\rloer\Desktop\IT-Pc\Angular Test\DmsProjeckt\Pages\Dokument\Bearbeiten.cshtml.cs(326,81): warning CS8604: M├Âgliches Nullverweisargument f├╝r den Parameter "remotePath" in "Task<Stream?> WebDavStorageService.DownloadStreamStableAsync(string remotePath)". [C:\Users\rloer\Desktop\IT-Pc\Angular Test\DmsProjeckt\DmsProjeckt.csproj]
C:\Users\rloer\Desktop\IT-Pc\Angular Test\DmsProjeckt\Pages\Dokument\Bearbeiten.cshtml.cs(436,36): warning CS8601: M├Âgliche Nullverweiszuweisung. [C:\Users\rloer\Desktop\IT-Pc\Angular Test\DmsProjeckt\DmsProjeckt.csproj]
C:\Users\rloer\Desktop\IT-Pc\Angular Test\DmsProjeckt\Pages\Notiz\Index.cshtml.cs(67,26): warning CS8602: Dereferenzierung eines m├Âglichen Nullverweises. [C:\Users\rloer\Desktop\IT-Pc\Angular Test\DmsProjeckt\DmsProjeckt.csproj]
C:\Users\rloer\Desktop\IT-Pc\Angular Test\DmsProjeckt\Pages\Dokument\AlleVersionen.cshtml.cs(225,34): warning CS8602: Dereferenzierung eines m├Âglichen Nullverweises. [C:\Users\rloer\Desktop\IT-Pc\Angular Test\DmsProjeckt\DmsProjeckt.csproj]
C:\Users\rloer\Desktop\IT-Pc\Angular Test\DmsProjeckt\Pages\Notiz\Index.cshtml.cs(88,26): warning CS8602: Dereferenzierung eines m├Âglichen Nullverweises. [C:\Users\rloer\Desktop\IT-Pc\Angular Test\DmsProjeckt\DmsProjeckt.csproj]
C:\Users\rloer\Desktop\IT-Pc\Angular Test\DmsProjeckt\Pages\Dokument\DashboardAdmin.cshtml.cs(62,51): warning CS8602: Dereferenzierung eines m├Âglichen Nullverweises. [C:\Users\rloer\Desktop\IT-Pc\Angular Test\DmsProjeckt\DmsProjeckt.csproj]
C:\Users\rloer\Desktop\IT-Pc\Angular Test\DmsProjeckt\Pages\Dokument\DashboardAdmin.cshtml.cs(78,32): warning CS8601: M├Âgliche Nullverweiszuweisung. [C:\Users\rloer\Desktop\IT-Pc\Angular Test\DmsProjeckt\DmsProjeckt.csproj]
C:\Users\rloer\Desktop\IT-Pc\Angular Test\DmsProjeckt\Pages\Dokument\DashboardAdmin.cshtml.cs(79,31): warning CS8601: M├Âgliche Nullverweiszuweisung. [C:\Users\rloer\Desktop\IT-Pc\Angular Test\DmsProjeckt\DmsProjeckt.csproj]
C:\Users\rloer\Desktop\IT-Pc\Angular Test\DmsProjeckt\Pages\Dokument\DashboardAdmin.cshtml.cs(80,32): warning CS8601: M├Âgliche Nullverweiszuweisung. [C:\Users\rloer\Desktop\IT-Pc\Angular Test\DmsProjeckt\DmsProjeckt.csproj]
C:\Users\rloer\Desktop\IT-Pc\Angular Test\DmsProjeckt\Pages\Dokument\DashboardAdmin.cshtml.cs(81,35): warning CS8601: M├Âgliche Nullverweiszuweisung. [C:\Users\rloer\Desktop\IT-Pc\Angular Test\DmsProjeckt\DmsProjeckt.csproj]
C:\Users\rloer\Desktop\IT-Pc\Angular Test\DmsProjeckt\Pages\Dokument\DashboardAdmin.cshtml.cs(82,36): warning CS8601: M├Âgliche Nullverweiszuweisung. [C:\Users\rloer\Desktop\IT-Pc\Angular Test\DmsProjeckt\DmsProjeckt.csproj]
C:\Users\rloer\Desktop\IT-Pc\Angular Test\DmsProjeckt\Pages\Dokument\DashboardAdmin.cshtml.cs(83,38): warning CS8619: Die NULL-Zul├ñssigkeit von Verweistypen im Wert vom Typ "List<string?>" entspricht nicht dem Zieltyp "List<string>". [C:\Users\rloer\Desktop\IT-Pc\Angular Test\DmsProjeckt\DmsProjeckt.csproj]
C:\Users\rloer\Desktop\IT-Pc\Angular Test\DmsProjeckt\Pages\Dokument\DashboardAdmin.cshtml.cs(86,29): warning CS8601: M├Âgliche Nullverweiszuweisung. [C:\Users\rloer\Desktop\IT-Pc\Angular Test\DmsProjeckt\DmsProjeckt.csproj]
C:\Users\rloer\Desktop\IT-Pc\Angular Test\DmsProjeckt\Pages\Notiz\Index.cshtml.cs(105,26): warning CS8602: Dereferenzierung eines m├Âglichen Nullverweises. [C:\Users\rloer\Desktop\IT-Pc\Angular Test\DmsProjeckt\DmsProjeckt.csproj]
C:\Users\rloer\Desktop\IT-Pc\Angular Test\DmsProjeckt\Pages\Dokument\DashboardAdmin.cshtml.cs(135,30): warning CS8602: Dereferenzierung eines m├Âglichen Nullverweises. [C:\Users\rloer\Desktop\IT-Pc\Angular Test\DmsProjeckt\DmsProjeckt.csproj]
C:\Users\rloer\Desktop\IT-Pc\Angular Test\DmsProjeckt\Pages\Dokument\DashboardAdmin.cshtml.cs(636,23): warning CS8618: Non-Nullable-Eigenschaft ÔÇ×UserIdÔÇ£ muss beim Beenden des Konstruktors einen Wert ungleich NULL enthalten. F├╝gen Sie ggf. den ÔÇ×erforderlichenÔÇ£ Modifizierer hinzu, oder deklarieren Sie den Eigenschaft als NULL-Werte zulassend. [C:\Users\rloer\Desktop\IT-Pc\Angular Test\DmsProjeckt\DmsProjeckt.csproj]
C:\Users\rloer\Desktop\IT-Pc\Angular Test\DmsProjeckt\Pages\Dokument\DashboardAdmin.cshtml.cs(640,23): warning CS8618: Non-Nullable-Eigenschaft ÔÇ×DateinameÔÇ£ muss beim Beenden des Konstruktors einen Wert ungleich NULL enthalten. F├╝gen Sie ggf. den ÔÇ×erforderlichenÔÇ£ Modifizierer hinzu, oder deklarieren Sie den Eigenschaft als NULL-Werte zulassend. [C:\Users\rloer\Desktop\IT-Pc\Angular Test\DmsProjeckt\DmsProjeckt.csproj]
C:\Users\rloer\Desktop\IT-Pc\Angular Test\DmsProjeckt\Pages\Dokument\DashboardAdmin.cshtml.cs(641,23): warning CS8618: Non-Nullable-Eigenschaft ÔÇ×UserIdÔÇ£ muss beim Beenden des Konstruktors einen Wert ungleich NULL enthalten. F├╝gen Sie ggf. den ÔÇ×erforderlichenÔÇ£ Modifizierer hinzu, oder deklarieren Sie den Eigenschaft als NULL-Werte zulassend. [C:\Users\rloer\Desktop\IT-Pc\Angular Test\DmsProjeckt\DmsProjeckt.csproj]
C:\Users\rloer\Desktop\IT-Pc\Angular Test\DmsProjeckt\Pages\Dokument\DashboardAdmin.cshtml.cs(647,23): warning CS8618: Non-Nullable-Eigenschaft ÔÇ×BenutzerIdÔÇ£ muss beim Beenden des Konstruktors einen Wert ungleich NULL enthalten. F├╝gen Sie ggf. den ÔÇ×erforderlichenÔÇ£ Modifizierer hinzu, oder deklarieren Sie den Eigenschaft als NULL-Werte zulassend. [C:\Users\rloer\Desktop\IT-Pc\Angular Test\DmsProjeckt\DmsProjeckt.csproj]
C:\Users\rloer\Desktop\IT-Pc\Angular Test\DmsProjeckt\Pages\Dokument\DashboardAdmin.cshtml.cs(648,23): warning CS8618: Non-Nullable-Eigenschaft ÔÇ×AktionÔÇ£ muss beim Beenden des Konstruktors einen Wert ungleich NULL enthalten. F├╝gen Sie ggf. den ÔÇ×erforderlichenÔÇ£ Modifizierer hinzu, oder deklarieren Sie den Eigenschaft als NULL-Werte zulassend. [C:\Users\rloer\Desktop\IT-Pc\Angular Test\DmsProjeckt\DmsProjeckt.csproj]
C:\Users\rloer\Desktop\IT-Pc\Angular Test\DmsProjeckt\Pages\Dokument\DashboardAdmin.cshtml.cs(662,23): warning CS8618: Non-Nullable-Eigenschaft ÔÇ×NameÔÇ£ muss beim Beenden des Konstruktors einen Wert ungleich NULL enthalten. F├╝gen Sie ggf. den ÔÇ×erforderlichenÔÇ£ Modifizierer hinzu, oder deklarieren Sie den Eigenschaft als NULL-Werte zulassend. [C:\Users\rloer\Desktop\IT-Pc\Angular Test\DmsProjeckt\DmsProjeckt.csproj]
C:\Users\rloer\Desktop\IT-Pc\Angular Test\DmsProjeckt\Pages\Dokument\DashboardAdmin.cshtml.cs(663,23): warning CS8618: Non-Nullable-Eigenschaft ÔÇ×PathÔÇ£ muss beim Beenden des Konstruktors einen Wert ungleich NULL enthalten. F├╝gen Sie ggf. den ÔÇ×erforderlichenÔÇ£ Modifizierer hinzu, oder deklarieren Sie den Eigenschaft als NULL-Werte zulassend. [C:\Users\rloer\Desktop\IT-Pc\Angular Test\DmsProjeckt\DmsProjeckt.csproj]
C:\Users\rloer\Desktop\IT-Pc\Angular Test\DmsProjeckt\Pages\Dokument\Index.cshtml.cs(2391,23): warning CS8618: Non-Nullable-Eigenschaft ÔÇ×SourcePathÔÇ£ muss beim Beenden des Konstruktors einen Wert ungleich NULL enthalten. F├╝gen Sie ggf. den ÔÇ×erforderlichenÔÇ£ Modifizierer hinzu, oder deklarieren Sie den Eigenschaft als NULL-Werte zulassend. [C:\Users\rloer\Desktop\IT-Pc\Angular Test\DmsProjeckt\DmsProjeckt.csproj]
C:\Users\rloer\Desktop\IT-Pc\Angular Test\DmsProjeckt\Pages\Dokument\Index.cshtml.cs(2392,23): warning CS8618: Non-Nullable-Eigenschaft ÔÇ×TargetPathÔÇ£ muss beim Beenden des Konstruktors einen Wert ungleich NULL enthalten. F├╝gen Sie ggf. den ÔÇ×erforderlichenÔÇ£ Modifizierer hinzu, oder deklarieren Sie den Eigenschaft als NULL-Werte zulassend. [C:\Users\rloer\Desktop\IT-Pc\Angular Test\DmsProjeckt\DmsProjeckt.csproj]
C:\Users\rloer\Desktop\IT-Pc\Angular Test\DmsProjeckt\Pages\Dokument\DashboardAdmin.cshtml.cs(654,23): warning CS8618: Non-Nullable-Eigenschaft ÔÇ×NameÔÇ£ muss beim Beenden des Konstruktors einen Wert ungleich NULL enthalten. F├╝gen Sie ggf. den ÔÇ×erforderlichenÔÇ£ Modifizierer hinzu, oder deklarieren Sie den Eigenschaft als NULL-Werte zulassend. [C:\Users\rloer\Desktop\IT-Pc\Angular Test\DmsProjeckt\DmsProjeckt.csproj]
C:\Users\rloer\Desktop\IT-Pc\Angular Test\DmsProjeckt\Pages\Dokument\DashboardAdmin.cshtml.cs(655,23): warning CS8618: Non-Nullable-Eigenschaft ÔÇ×PathÔÇ£ muss beim Beenden des Konstruktors einen Wert ungleich NULL enthalten. F├╝gen Sie ggf. den ÔÇ×erforderlichenÔÇ£ Modifizierer hinzu, oder deklarieren Sie den Eigenschaft als NULL-Werte zulassend. [C:\Users\rloer\Desktop\IT-Pc\Angular Test\DmsProjeckt\DmsProjeckt.csproj]
C:\Users\rloer\Desktop\IT-Pc\Angular Test\DmsProjeckt\Pages\Dokument\DashboardAdmin.cshtml.cs(657,29): warning CS8618: Non-Nullable-Eigenschaft ÔÇ×CategoriesÔÇ£ muss beim Beenden des Konstruktors einen Wert ungleich NULL enthalten. F├╝gen Sie ggf. den ÔÇ×erforderlichenÔÇ£ Modifizierer hinzu, oder deklarieren Sie den Eigenschaft als NULL-Werte zulassend. [C:\Users\rloer\Desktop\IT-Pc\Angular Test\DmsProjeckt\DmsProjeckt.csproj]
C:\Users\rloer\Desktop\IT-Pc\Angular Test\DmsProjeckt\Pages\Dokument\Index.cshtml.cs(66,16): warning CS8618: Non-Nullable-Eigenschaft ÔÇ×AlleAbteilungenÔÇ£ muss beim Beenden des Konstruktors einen Wert ungleich NULL enthalten. F├╝gen Sie ggf. den ÔÇ×erforderlichenÔÇ£ Modifizierer hinzu, oder deklarieren Sie den Eigenschaft als NULL-Werte zulassend. [C:\Users\rloer\Desktop\IT-Pc\Angular Test\DmsProjeckt\DmsProjeckt.csproj]
C:\Users\rloer\Desktop\IT-Pc\Angular Test\DmsProjeckt\Pages\Dokument\Index.cshtml.cs(66,16): warning CS8618: Non-Nullable-Eigenschaft ÔÇ×TypÔÇ£ muss beim Beenden des Konstruktors einen Wert ungleich NULL enthalten. F├╝gen Sie ggf. den ÔÇ×erforderlichenÔÇ£ Modifizierer hinzu, oder deklarieren Sie den Eigenschaft als NULL-Werte zulassend. [C:\Users\rloer\Desktop\IT-Pc\Angular Test\DmsProjeckt\DmsProjeckt.csproj]
C:\Users\rloer\Desktop\IT-Pc\Angular Test\DmsProjeckt\Pages\Dokument\Index.cshtml.cs(66,16): warning CS8618: Non-Nullable-Eigenschaft ÔÇ×KategorieÔÇ£ muss beim Beenden des Konstruktors einen Wert ungleich NULL enthalten. F├╝gen Sie ggf. den ÔÇ×erforderlichenÔÇ£ Modifizierer hinzu, oder deklarieren Sie den Eigenschaft als NULL-Werte zulassend. [C:\Users\rloer\Desktop\IT-Pc\Angular Test\DmsProjeckt\DmsProjeckt.csproj]
C:\Users\rloer\Desktop\IT-Pc\Angular Test\DmsProjeckt\Pages\Dokument\Index.cshtml.cs(66,16): warning CS8618: Non-Nullable-Eigenschaft ÔÇ×StatusÔÇ£ muss beim Beenden des Konstruktors einen Wert ungleich NULL enthalten. F├╝gen Sie ggf. den ÔÇ×erforderlichenÔÇ£ Modifizierer hinzu, oder deklarieren Sie den Eigenschaft als NULL-Werte zulassend. [C:\Users\rloer\Desktop\IT-Pc\Angular Test\DmsProjeckt\DmsProjeckt.csproj]
C:\Users\rloer\Desktop\IT-Pc\Angular Test\DmsProjeckt\Pages\Dokument\Index.cshtml.cs(66,16): warning CS8618: Non-Nullable-Eigenschaft ÔÇ×BenutzerÔÇ£ muss beim Beenden des Konstruktors einen Wert ungleich NULL enthalten. F├╝gen Sie ggf. den ÔÇ×erforderlichenÔÇ£ Modifizierer hinzu, oder deklarieren Sie den Eigenschaft als NULL-Werte zulassend. [C:\Users\rloer\Desktop\IT-Pc\Angular Test\DmsProjeckt\DmsProjeckt.csproj]
C:\Users\rloer\Desktop\IT-Pc\Angular Test\DmsProjeckt\Pages\Dokument\Index.cshtml.cs(66,16): warning CS8618: Non-Nullable-Eigenschaft ÔÇ×BenutzerIdÔÇ£ muss beim Beenden des Konstruktors einen Wert ungleich NULL enthalten. F├╝gen Sie ggf. den ÔÇ×erforderlichenÔÇ£ Modifizierer hinzu, oder deklarieren Sie den Eigenschaft als NULL-Werte zulassend. [C:\Users\rloer\Desktop\IT-Pc\Angular Test\DmsProjeckt\DmsProjeckt.csproj]
C:\Users\rloer\Desktop\IT-Pc\Angular Test\DmsProjeckt\Pages\Dokument\Index.cshtml.cs(66,16): warning CS8618: Non-Nullable-Eigenschaft ÔÇ×DateinameÔÇ£ muss beim Beenden des Konstruktors einen Wert ungleich NULL enthalten. F├╝gen Sie ggf. den ÔÇ×erforderlichenÔÇ£ Modifizierer hinzu, oder deklarieren Sie den Eigenschaft als NULL-Werte zulassend. [C:\Users\rloer\Desktop\IT-Pc\Angular Test\DmsProjeckt\DmsProjeckt.csproj]
C:\Users\rloer\Desktop\IT-Pc\Angular Test\DmsProjeckt\Pages\Dokument\Index.cshtml.cs(66,16): warning CS8618: Non-Nullable-Eigenschaft ÔÇ×RechnungsnummerÔÇ£ muss beim Beenden des Konstruktors einen Wert ungleich NULL enthalten. F├╝gen Sie ggf. den ÔÇ×erforderlichenÔÇ£ Modifizierer hinzu, oder deklarieren Sie den Eigenschaft als NULL-Werte zulassend. [C:\Users\rloer\Desktop\IT-Pc\Angular Test\DmsProjeckt\DmsProjeckt.csproj]
C:\Users\rloer\Desktop\IT-Pc\Angular Test\DmsProjeckt\Pages\Dokument\Index.cshtml.cs(66,16): warning CS8618: Non-Nullable-Eigenschaft ÔÇ×KundennummerÔÇ£ muss beim Beenden des Konstruktors einen Wert ungleich NULL enthalten. F├╝gen Sie ggf. den ÔÇ×erforderlichenÔÇ£ Modifizierer hinzu, oder deklarieren Sie den Eigenschaft als NULL-Werte zulassend. [C:\Users\rloer\Desktop\IT-Pc\Angular Test\DmsProjeckt\DmsProjeckt.csproj]
C:\Users\rloer\Desktop\IT-Pc\Angular Test\DmsProjeckt\Pages\Dokument\Index.cshtml.cs(66,16): warning CS8618: Non-Nullable-Eigenschaft ÔÇ×PdfAutorÔÇ£ muss beim Beenden des Konstruktors einen Wert ungleich NULL enthalten. F├╝gen Sie ggf. den ÔÇ×erforderlichenÔÇ£ Modifizierer hinzu, oder deklarieren Sie den Eigenschaft als NULL-Werte zulassend. [C:\Users\rloer\Desktop\IT-Pc\Angular Test\DmsProjeckt\DmsProjeckt.csproj]
C:\Users\rloer\Desktop\IT-Pc\Angular Test\DmsProjeckt\Pages\Dokument\Index.cshtml.cs(66,16): warning CS8618: Non-Nullable-Eigenschaft ÔÇ×OCRTextÔÇ£ muss beim Beenden des Konstruktors einen Wert ungleich NULL enthalten. F├╝gen Sie ggf. den ÔÇ×erforderlichenÔÇ£ Modifizierer hinzu, oder deklarieren Sie den Eigenschaft als NULL-Werte zulassend. [C:\Users\rloer\Desktop\IT-Pc\Angular Test\DmsProjeckt\DmsProjeckt.csproj]
C:\Users\rloer\Desktop\IT-Pc\Angular Test\DmsProjeckt\Pages\Dokument\Index.cshtml.cs(66,16): warning CS8618: Non-Nullable-Eigenschaft ÔÇ×QueryÔÇ£ muss beim Beenden des Konstruktors einen Wert ungleich NULL enthalten. F├╝gen Sie ggf. den ÔÇ×erforderlichenÔÇ£ Modifizierer hinzu, oder deklarieren Sie den Eigenschaft als NULL-Werte zulassend. [C:\Users\rloer\Desktop\IT-Pc\Angular Test\DmsProjeckt\DmsProjeckt.csproj]
C:\Users\rloer\Desktop\IT-Pc\Angular Test\DmsProjeckt\Pages\Dokument\Index.cshtml.cs(66,16): warning CS8618: Non-Nullable-Eigenschaft ÔÇ×NewFolderÔÇ£ muss beim Beenden des Konstruktors einen Wert ungleich NULL enthalten. F├╝gen Sie ggf. den ÔÇ×erforderlichenÔÇ£ Modifizierer hinzu, oder deklarieren Sie den Eigenschaft als NULL-Werte zulassend. [C:\Users\rloer\Desktop\IT-Pc\Angular Test\DmsProjeckt\DmsProjeckt.csproj]
C:\Users\rloer\Desktop\IT-Pc\Angular Test\DmsProjeckt\Pages\Dokument\Index.cshtml.cs(66,16): warning CS8618: Non-Nullable-Eigenschaft ÔÇ×UnterschriebenÔÇ£ muss beim Beenden des Konstruktors einen Wert ungleich NULL enthalten. F├╝gen Sie ggf. den ÔÇ×erforderlichenÔÇ£ Modifizierer hinzu, oder deklarieren Sie den Eigenschaft als NULL-Werte zulassend. [C:\Users\rloer\Desktop\IT-Pc\Angular Test\DmsProjeckt\DmsProjeckt.csproj]
C:\Users\rloer\Desktop\IT-Pc\Angular Test\DmsProjeckt\Pages\Dokument\Index.cshtml.cs(66,16): warning CS8618: Non-Nullable-Eigenschaft ÔÇ×SignierteDokumenteÔÇ£ muss beim Beenden des Konstruktors einen Wert ungleich NULL enthalten. F├╝gen Sie ggf. den ÔÇ×erforderlichenÔÇ£ Modifizierer hinzu, oder deklarieren Sie den Eigenschaft als NULL-Werte zulassend. [C:\Users\rloer\Desktop\IT-Pc\Angular Test\DmsProjeckt\DmsProjeckt.csproj]
C:\Users\rloer\Desktop\IT-Pc\Angular Test\DmsProjeckt\Pages\Dokument\Index.cshtml.cs(66,16): warning CS8618: Non-Nullable-Eigenschaft ÔÇ×NichtSignierteDokumenteÔÇ£ muss beim Beenden des Konstruktors einen Wert ungleich NULL enthalten. F├╝gen Sie ggf. den ÔÇ×erforderlichenÔÇ£ Modifizierer hinzu, oder deklarieren Sie den Eigenschaft als NULL-Werte zulassend. [C:\Users\rloer\Desktop\IT-Pc\Angular Test\DmsProjeckt\DmsProjeckt.csproj]
C:\Users\rloer\Desktop\IT-Pc\Angular Test\DmsProjeckt\Pages\Dokument\Index.cshtml.cs(66,16): warning CS8618: Non-Nullable-Eigenschaft ÔÇ×MetaListeÔÇ£ muss beim Beenden des Konstruktors einen Wert ungleich NULL enthalten. F├╝gen Sie ggf. den ÔÇ×erforderlichenÔÇ£ Modifizierer hinzu, oder deklarieren Sie den Eigenschaft als NULL-Werte zulassend. [C:\Users\rloer\Desktop\IT-Pc\Angular Test\DmsProjeckt\DmsProjeckt.csproj]
C:\Users\rloer\Desktop\IT-Pc\Angular Test\DmsProjeckt\Pages\Dokument\Index.cshtml.cs(66,16): warning CS8618: Non-Nullable-Eigenschaft ÔÇ×RowCssClassÔÇ£ muss beim Beenden des Konstruktors einen Wert ungleich NULL enthalten. F├╝gen Sie ggf. den ÔÇ×erforderlichenÔÇ£ Modifizierer hinzu, oder deklarieren Sie den Eigenschaft als NULL-Werte zulassend. [C:\Users\rloer\Desktop\IT-Pc\Angular Test\DmsProjeckt\DmsProjeckt.csproj]
C:\Users\rloer\Desktop\IT-Pc\Angular Test\DmsProjeckt\Pages\Dokument\Index.cshtml.cs(66,16): warning CS8618: Non-Nullable-Eigenschaft ÔÇ×IndexListeÔÇ£ muss beim Beenden des Konstruktors einen Wert ungleich NULL enthalten. F├╝gen Sie ggf. den ÔÇ×erforderlichenÔÇ£ Modifizierer hinzu, oder deklarieren Sie den Eigenschaft als NULL-Werte zulassend. [C:\Users\rloer\Desktop\IT-Pc\Angular Test\DmsProjeckt\DmsProjeckt.csproj]
C:\Users\rloer\Desktop\IT-Pc\Angular Test\DmsProjeckt\Pages\Dokument\Index.cshtml.cs(66,16): warning CS8618: Non-Nullable-Eigenschaft ÔÇ×RootFolderÔÇ£ muss beim Beenden des Konstruktors einen Wert ungleich NULL enthalten. F├╝gen Sie ggf. den ÔÇ×erforderlichenÔÇ£ Modifizierer hinzu, oder deklarieren Sie den Eigenschaft als NULL-Werte zulassend. [C:\Users\rloer\Desktop\IT-Pc\Angular Test\DmsProjeckt\DmsProjeckt.csproj]
C:\Users\rloer\Desktop\IT-Pc\Angular Test\DmsProjeckt\Pages\Dokument\Index.cshtml.cs(66,16): warning CS8618: Non-Nullable-Eigenschaft ÔÇ×OriginaleDokumenteÔÇ£ muss beim Beenden des Konstruktors einen Wert ungleich NULL enthalten. F├╝gen Sie ggf. den ÔÇ×erforderlichenÔÇ£ Modifizierer hinzu, oder deklarieren Sie den Eigenschaft als NULL-Werte zulassend. [C:\Users\rloer\Desktop\IT-Pc\Angular Test\DmsProjeckt\DmsProjeckt.csproj]
C:\Users\rloer\Desktop\IT-Pc\Angular Test\DmsProjeckt\Pages\Dokument\Index.cshtml.cs(66,16): warning CS8618: Non-Nullable-Eigenschaft ÔÇ×VersionierteDokumenteÔÇ£ muss beim Beenden des Konstruktors einen Wert ungleich NULL enthalten. F├╝gen Sie ggf. den ÔÇ×erforderlichenÔÇ£ Modifizierer hinzu, oder deklarieren Sie den Eigenschaft als NULL-Werte zulassend. [C:\Users\rloer\Desktop\IT-Pc\Angular Test\DmsProjeckt\DmsProjeckt.csproj]
C:\Users\rloer\Desktop\IT-Pc\Angular Test\DmsProjeckt\Pages\Dokument\Index.cshtml.cs(66,16): warning CS8618: Non-Nullable-Eigenschaft ÔÇ×ArchivierteDokumenteÔÇ£ muss beim Beenden des Konstruktors einen Wert ungleich NULL enthalten. F├╝gen Sie ggf. den ÔÇ×erforderlichenÔÇ£ Modifizierer hinzu, oder deklarieren Sie den Eigenschaft als NULL-Werte zulassend. [C:\Users\rloer\Desktop\IT-Pc\Angular Test\DmsProjeckt\DmsProjeckt.csproj]
C:\Users\rloer\Desktop\IT-Pc\Angular Test\DmsProjeckt\Pages\Dokument\Index.cshtml.cs(66,16): warning CS8618: Non-Nullable-Eigenschaft ÔÇ×SonstigeDokumenteÔÇ£ muss beim Beenden des Konstruktors einen Wert ungleich NULL enthalten. F├╝gen Sie ggf. den ÔÇ×erforderlichenÔÇ£ Modifizierer hinzu, oder deklarieren Sie den Eigenschaft als NULL-Werte zulassend. [C:\Users\rloer\Desktop\IT-Pc\Angular Test\DmsProjeckt\DmsProjeckt.csproj]
C:\Users\rloer\Desktop\IT-Pc\Angular Test\DmsProjeckt\Pages\Dokument\Index.cshtml.cs(66,16): warning CS8618: Non-Nullable-Eigenschaft ÔÇ×FirmaÔÇ£ muss beim Beenden des Konstruktors einen Wert ungleich NULL enthalten. F├╝gen Sie ggf. den ÔÇ×erforderlichenÔÇ£ Modifizierer hinzu, oder deklarieren Sie den Eigenschaft als NULL-Werte zulassend. [C:\Users\rloer\Desktop\IT-Pc\Angular Test\DmsProjeckt\DmsProjeckt.csproj]
C:\Users\rloer\Desktop\IT-Pc\Angular Test\DmsProjeckt\Pages\Dokument\Index.cshtml.cs(66,16): warning CS8618: Non-Nullable-Eigenschaft ÔÇ×FirmaNameÔÇ£ muss beim Beenden des Konstruktors einen Wert ungleich NULL enthalten. F├╝gen Sie ggf. den ÔÇ×erforderlichenÔÇ£ Modifizierer hinzu, oder deklarieren Sie den Eigenschaft als NULL-Werte zulassend. [C:\Users\rloer\Desktop\IT-Pc\Angular Test\DmsProjeckt\DmsProjeckt.csproj]
C:\Users\rloer\Desktop\IT-Pc\Angular Test\DmsProjeckt\Pages\Dokument\Index.cshtml.cs(66,16): warning CS8618: Non-Nullable-Eigenschaft ÔÇ×MoveRequestModelÔÇ£ muss beim Beenden des Konstruktors einen Wert ungleich NULL enthalten. F├╝gen Sie ggf. den ÔÇ×erforderlichenÔÇ£ Modifizierer hinzu, oder deklarieren Sie den Eigenschaft als NULL-Werte zulassend. [C:\Users\rloer\Desktop\IT-Pc\Angular Test\DmsProjeckt\DmsProjeckt.csproj]
C:\Users\rloer\Desktop\IT-Pc\Angular Test\DmsProjeckt\Pages\Dokument\Index.cshtml.cs(2396,23): warning CS8618: Non-Nullable-Eigenschaft ÔÇ×SourcePathÔÇ£ muss beim Beenden des Konstruktors einen Wert ungleich NULL enthalten. F├╝gen Sie ggf. den ÔÇ×erforderlichenÔÇ£ Modifizierer hinzu, oder deklarieren Sie den Eigenschaft als NULL-Werte zulassend. [C:\Users\rloer\Desktop\IT-Pc\Angular Test\DmsProjeckt\DmsProjeckt.csproj]
C:\Users\rloer\Desktop\IT-Pc\Angular Test\DmsProjeckt\Pages\Dokument\Index.cshtml.cs(2397,23): warning CS8618: Non-Nullable-Eigenschaft ÔÇ×TargetPathÔÇ£ muss beim Beenden des Konstruktors einen Wert ungleich NULL enthalten. F├╝gen Sie ggf. den ÔÇ×erforderlichenÔÇ£ Modifizierer hinzu, oder deklarieren Sie den Eigenschaft als NULL-Werte zulassend. [C:\Users\rloer\Desktop\IT-Pc\Angular Test\DmsProjeckt\DmsProjeckt.csproj]
C:\Users\rloer\Desktop\IT-Pc\Angular Test\DmsProjeckt\Pages\Dokument\Index.cshtml.cs(2398,23): warning CS8618: Non-Nullable-Eigenschaft ÔÇ×PasswortÔÇ£ muss beim Beenden des Konstruktors einen Wert ungleich NULL enthalten. F├╝gen Sie ggf. den ÔÇ×erforderlichenÔÇ£ Modifizierer hinzu, oder deklarieren Sie den Eigenschaft als NULL-Werte zulassend. [C:\Users\rloer\Desktop\IT-Pc\Angular Test\DmsProjeckt\DmsProjeckt.csproj]
C:\Users\rloer\Desktop\IT-Pc\Angular Test\DmsProjeckt\Pages\Dokument\DashboardAdmin.cshtml.cs(217,44): warning CS8602: Dereferenzierung eines m├Âglichen Nullverweises. [C:\Users\rloer\Desktop\IT-Pc\Angular Test\DmsProjeckt\DmsProjeckt.csproj]
C:\Users\rloer\Desktop\IT-Pc\Angular Test\DmsProjeckt\Pages\Dokument\Index.cshtml.cs(2403,23): warning CS8618: Non-Nullable-Eigenschaft ÔÇ×SourcePathÔÇ£ muss beim Beenden des Konstruktors einen Wert ungleich NULL enthalten. F├╝gen Sie ggf. den ÔÇ×erforderlichenÔÇ£ Modifizierer hinzu, oder deklarieren Sie den Eigenschaft als NULL-Werte zulassend. [C:\Users\rloer\Desktop\IT-Pc\Angular Test\DmsProjeckt\DmsProjeckt.csproj]
C:\Users\rloer\Desktop\IT-Pc\Angular Test\DmsProjeckt\Pages\Dokument\Index.cshtml.cs(2404,23): warning CS8618: Non-Nullable-Eigenschaft ÔÇ×TargetPathÔÇ£ muss beim Beenden des Konstruktors einen Wert ungleich NULL enthalten. F├╝gen Sie ggf. den ÔÇ×erforderlichenÔÇ£ Modifizierer hinzu, oder deklarieren Sie den Eigenschaft als NULL-Werte zulassend. [C:\Users\rloer\Desktop\IT-Pc\Angular Test\DmsProjeckt\DmsProjeckt.csproj]
C:\Users\rloer\Desktop\IT-Pc\Angular Test\DmsProjeckt\Pages\Dokument\Index.cshtml.cs(2405,23): warning CS8618: Non-Nullable-Eigenschaft ÔÇ×NewNameÔÇ£ muss beim Beenden des Konstruktors einen Wert ungleich NULL enthalten. F├╝gen Sie ggf. den ÔÇ×erforderlichenÔÇ£ Modifizierer hinzu, oder deklarieren Sie den Eigenschaft als NULL-Werte zulassend. [C:\Users\rloer\Desktop\IT-Pc\Angular Test\DmsProjeckt\DmsProjeckt.csproj]
C:\Users\rloer\Desktop\IT-Pc\Angular Test\DmsProjeckt\Pages\Dokument\Index.cshtml.cs(2409,23): warning CS8618: Non-Nullable-Eigenschaft ÔÇ×NameÔÇ£ muss beim Beenden des Konstruktors einen Wert ungleich NULL enthalten. F├╝gen Sie ggf. den ÔÇ×erforderlichenÔÇ£ Modifizierer hinzu, oder deklarieren Sie den Eigenschaft als NULL-Werte zulassend. [C:\Users\rloer\Desktop\IT-Pc\Angular Test\DmsProjeckt\DmsProjeckt.csproj]
C:\Users\rloer\Desktop\IT-Pc\Angular Test\DmsProjeckt\Pages\Dokument\Index.cshtml.cs(2410,23): warning CS8618: Non-Nullable-Eigenschaft ÔÇ×FullPathÔÇ£ muss beim Beenden des Konstruktors einen Wert ungleich NULL enthalten. F├╝gen Sie ggf. den ÔÇ×erforderlichenÔÇ£ Modifizierer hinzu, oder deklarieren Sie den Eigenschaft als NULL-Werte zulassend. [C:\Users\rloer\Desktop\IT-Pc\Angular Test\DmsProjeckt\DmsProjeckt.csproj]
C:\Users\rloer\Desktop\IT-Pc\Angular Test\DmsProjeckt\Pages\Dokument\Index.cshtml.cs(2415,23): warning CS8618: Non-Nullable-Eigenschaft ÔÇ×folderPathÔÇ£ muss beim Beenden des Konstruktors einen Wert ungleich NULL enthalten. F├╝gen Sie ggf. den ÔÇ×erforderlichenÔÇ£ Modifizierer hinzu, oder deklarieren Sie den Eigenschaft als NULL-Werte zulassend. [C:\Users\rloer\Desktop\IT-Pc\Angular Test\DmsProjeckt\DmsProjeckt.csproj]
C:\Users\rloer\Desktop\IT-Pc\Angular Test\DmsProjeckt\Pages\Signieren.cshtml.cs(28,27): warning CS8618: Non-Nullable-Eigenschaft ÔÇ×ObjectPathÔÇ£ muss beim Beenden des Konstruktors einen Wert ungleich NULL enthalten. F├╝gen Sie ggf. den ÔÇ×erforderlichenÔÇ£ Modifizierer hinzu, oder deklarieren Sie den Eigenschaft als NULL-Werte zulassend. [C:\Users\rloer\Desktop\IT-Pc\Angular Test\DmsProjeckt\DmsProjeckt.csproj]
C:\Users\rloer\Desktop\IT-Pc\Angular Test\DmsProjeckt\Pages\Dokument\Index.cshtml.cs(152,57): warning CS8604: M├Âgliches Nullverweisargument f├╝r den Parameter "userId" in "Task<ApplicationUser?> UserManager<ApplicationUser>.FindByIdAsync(string userId)". [C:\Users\rloer\Desktop\IT-Pc\Angular Test\DmsProjeckt\DmsProjeckt.csproj]
C:\Users\rloer\Desktop\IT-Pc\Angular Test\DmsProjeckt\Pages\Dokument\Index.cshtml.cs(2419,23): warning CS8618: Non-Nullable-Eigenschaft ÔÇ×SourceÔÇ£ muss beim Beenden des Konstruktors einen Wert ungleich NULL enthalten. F├╝gen Sie ggf. den ÔÇ×erforderlichenÔÇ£ Modifizierer hinzu, oder deklarieren Sie den Eigenschaft als NULL-Werte zulassend. [C:\Users\rloer\Desktop\IT-Pc\Angular Test\DmsProjeckt\DmsProjeckt.csproj]
C:\Users\rloer\Desktop\IT-Pc\Angular Test\DmsProjeckt\Pages\Tests\Aufgaben.cshtml.cs(26,16): warning CS8618: Non-Nullable-Eigenschaft ÔÇ×VorgewaehltesDokumentÔÇ£ muss beim Beenden des Konstruktors einen Wert ungleich NULL enthalten. F├╝gen Sie ggf. den ÔÇ×erforderlichenÔÇ£ Modifizierer hinzu, oder deklarieren Sie den Eigenschaft als NULL-Werte zulassend. [C:\Users\rloer\Desktop\IT-Pc\Angular Test\DmsProjeckt\DmsProjeckt.csproj]
C:\Users\rloer\Desktop\IT-Pc\Angular Test\DmsProjeckt\Pages\Signieren.cshtml.cs(50,29): warning CS8601: M├Âgliche Nullverweiszuweisung. [C:\Users\rloer\Desktop\IT-Pc\Angular Test\DmsProjeckt\DmsProjeckt.csproj]
C:\Users\rloer\Desktop\IT-Pc\Angular Test\DmsProjeckt\Pages\Signieren.cshtml.cs(53,27): warning CS8601: M├Âgliche Nullverweiszuweisung. [C:\Users\rloer\Desktop\IT-Pc\Angular Test\DmsProjeckt\DmsProjeckt.csproj]
C:\Users\rloer\Desktop\IT-Pc\Angular Test\DmsProjeckt\Service\VersionierungsService.cs(68,32): warning CS8604: M├Âgliches Nullverweisargument f├╝r den Parameter "abteilungName" in "(string finalPath, int? abteilungId) DocumentPathHelper.BuildFinalPath(string firma, string fileName, string kategorie, int? abteilungId, string abteilungName = null)". [C:\Users\rloer\Desktop\IT-Pc\Angular Test\DmsProjeckt\DmsProjeckt.csproj]
C:\Users\rloer\Desktop\IT-Pc\Angular Test\DmsProjeckt\Service\VersionierungsService.cs(87,29): warning CS8601: M├Âgliche Nullverweiszuweisung. [C:\Users\rloer\Desktop\IT-Pc\Angular Test\DmsProjeckt\DmsProjeckt.csproj]
C:\Users\rloer\Desktop\IT-Pc\Angular Test\DmsProjeckt\Service\VersionierungsService.cs(129,34): warning CS8602: Dereferenzierung eines m├Âglichen Nullverweises. [C:\Users\rloer\Desktop\IT-Pc\Angular Test\DmsProjeckt\DmsProjeckt.csproj]
C:\Users\rloer\Desktop\IT-Pc\Angular Test\DmsProjeckt\Pages\Dokument\DashboardAdmin.cshtml.cs(248,30): warning CS8602: Dereferenzierung eines m├Âglichen Nullverweises. [C:\Users\rloer\Desktop\IT-Pc\Angular Test\DmsProjeckt\DmsProjeckt.csproj]
C:\Users\rloer\Desktop\IT-Pc\Angular Test\DmsProjeckt\Pages\Notiz\Index.cshtml.cs(156,42): warning CS8602: Dereferenzierung eines m├Âglichen Nullverweises. [C:\Users\rloer\Desktop\IT-Pc\Angular Test\DmsProjeckt\DmsProjeckt.csproj]
C:\Users\rloer\Desktop\IT-Pc\Angular Test\DmsProjeckt\Pages\Notiz\Index.cshtml.cs(162,93): warning CS8602: Dereferenzierung eines m├Âglichen Nullverweises. [C:\Users\rloer\Desktop\IT-Pc\Angular Test\DmsProjeckt\DmsProjeckt.csproj]
C:\Users\rloer\Desktop\IT-Pc\Angular Test\DmsProjeckt\Pages\Notiz\Index.cshtml.cs(167,93): warning CS8602: Dereferenzierung eines m├Âglichen Nullverweises. [C:\Users\rloer\Desktop\IT-Pc\Angular Test\DmsProjeckt\DmsProjeckt.csproj]
C:\Users\rloer\Desktop\IT-Pc\Angular Test\DmsProjeckt\Pages\Notiz\Index.cshtml.cs(175,46): warning CS8602: Dereferenzierung eines m├Âglichen Nullverweises. [C:\Users\rloer\Desktop\IT-Pc\Angular Test\DmsProjeckt\DmsProjeckt.csproj]
C:\Users\rloer\Desktop\IT-Pc\Angular Test\DmsProjeckt\Pages\Notiz\Index.cshtml.cs(196,47): warning CS8602: Dereferenzierung eines m├Âglichen Nullverweises. [C:\Users\rloer\Desktop\IT-Pc\Angular Test\DmsProjeckt\DmsProjeckt.csproj]
C:\Users\rloer\Desktop\IT-Pc\Angular Test\DmsProjeckt\Pages\Notiz\Index.cshtml.cs(201,56): warning CS8604: M├Âgliches Nullverweisargument f├╝r den Parameter "to" in "Task EmailService.SendEmailAsync(string to, string subject, string body, List<(byte[] Data, string FileName, string MimeType)>? attachments = null)". [C:\Users\rloer\Desktop\IT-Pc\Angular Test\DmsProjeckt\DmsProjeckt.csproj]
C:\Users\rloer\Desktop\IT-Pc\Angular Test\DmsProjeckt\Pages\Tests\Aufgaben.cshtml.cs(40,28): warning CS8602: Dereferenzierung eines m├Âglichen Nullverweises. [C:\Users\rloer\Desktop\IT-Pc\Angular Test\DmsProjeckt\DmsProjeckt.csproj]
C:\Users\rloer\Desktop\IT-Pc\Angular Test\DmsProjeckt\Pages\Tests\Aufgaben.cshtml.cs(68,41): warning CS8601: M├Âgliche Nullverweiszuweisung. [C:\Users\rloer\Desktop\IT-Pc\Angular Test\DmsProjeckt\DmsProjeckt.csproj]
C:\Users\rloer\Desktop\IT-Pc\Angular Test\DmsProjeckt\Pages\Dokument\AlleVersionen.cshtml.cs(397,30): warning CS8600: Das NULL-Literal oder ein m├Âglicher NULL-Wert wird in einen Non-Nullable-Typ konvertiert. [C:\Users\rloer\Desktop\IT-Pc\Angular Test\DmsProjeckt\DmsProjeckt.csproj]
C:\Users\rloer\Desktop\IT-Pc\Angular Test\DmsProjeckt\Pages\Dokument\AlleVersionen.cshtml.cs(409,61): warning CS8604: M├Âgliches Nullverweisargument f├╝r den Parameter "remotePath" in "Task<string> WebDavStorageService.GetDownloadUrlAsync(string remotePath)". [C:\Users\rloer\Desktop\IT-Pc\Angular Test\DmsProjeckt\DmsProjeckt.csproj]
C:\Users\rloer\Desktop\IT-Pc\Angular Test\DmsProjeckt\Pages\Notiz\Index.cshtml.cs(238,30): warning CS8601: M├Âgliche Nullverweiszuweisung. [C:\Users\rloer\Desktop\IT-Pc\Angular Test\DmsProjeckt\DmsProjeckt.csproj]
C:\Users\rloer\Desktop\IT-Pc\Angular Test\DmsProjeckt\Pages\Dokument\AlleVersionen.cshtml.cs(444,38): warning CS1998: In dieser Async-Methode fehlen die "await"-Operatoren, weshalb sie synchron ausgef├╝hrt wird. Sie sollten die Verwendung des "await"-Operators oder von "await Task.Run(...)" in Betracht ziehen, um auf nicht blockierende API-Aufrufe zu warten bzw. CPU-gebundene Aufgaben auf einem Hintergrundthread auszuf├╝hren. [C:\Users\rloer\Desktop\IT-Pc\Angular Test\DmsProjeckt\DmsProjeckt.csproj]
C:\Users\rloer\Desktop\IT-Pc\Angular Test\DmsProjeckt\Pages\Tests\UploadMulti.cshtml.cs(1528,23): warning CS8618: Non-Nullable-Eigenschaft ÔÇ×FileNameÔÇ£ muss beim Beenden des Konstruktors einen Wert ungleich NULL enthalten. F├╝gen Sie ggf. den ÔÇ×erforderlichenÔÇ£ Modifizierer hinzu, oder deklarieren Sie den Eigenschaft als NULL-Werte zulassend. [C:\Users\rloer\Desktop\IT-Pc\Angular Test\DmsProjeckt\DmsProjeckt.csproj]
C:\Users\rloer\Desktop\IT-Pc\Angular Test\DmsProjeckt\Pages\Tests\UploadMulti.cshtml.cs(1529,30): warning CS8618: Non-Nullable-Eigenschaft ÔÇ×MetadataÔÇ£ muss beim Beenden des Konstruktors einen Wert ungleich NULL enthalten. F├╝gen Sie ggf. den ÔÇ×erforderlichenÔÇ£ Modifizierer hinzu, oder deklarieren Sie den Eigenschaft als NULL-Werte zulassend. [C:\Users\rloer\Desktop\IT-Pc\Angular Test\DmsProjeckt\DmsProjeckt.csproj]
C:\Users\rloer\Desktop\IT-Pc\Angular Test\DmsProjeckt\Pages\Tests\UploadMulti.cshtml.cs(1531,23): warning CS8618: Non-Nullable-Eigenschaft ÔÇ×ObjectPathÔÇ£ muss beim Beenden des Konstruktors einen Wert ungleich NULL enthalten. F├╝gen Sie ggf. den ÔÇ×erforderlichenÔÇ£ Modifizierer hinzu, oder deklarieren Sie den Eigenschaft als NULL-Werte zulassend. [C:\Users\rloer\Desktop\IT-Pc\Angular Test\DmsProjeckt\DmsProjeckt.csproj]
C:\Users\rloer\Desktop\IT-Pc\Angular Test\DmsProjeckt\Pages\Tests\UploadMulti.cshtml.cs(1534,23): warning CS8618: Non-Nullable-Eigenschaft ÔÇ×AbteilungNameÔÇ£ muss beim Beenden des Konstruktors einen Wert ungleich NULL enthalten. F├╝gen Sie ggf. den ÔÇ×erforderlichenÔÇ£ Modifizierer hinzu, oder deklarieren Sie den Eigenschaft als NULL-Werte zulassend. [C:\Users\rloer\Desktop\IT-Pc\Angular Test\DmsProjeckt\DmsProjeckt.csproj]
C:\Users\rloer\Desktop\IT-Pc\Angular Test\DmsProjeckt\Pages\Tests\UploadMulti.cshtml.cs(33,16): warning CS8618: Non-Nullable-Eigenschaft ÔÇ×DateienÔÇ£ muss beim Beenden des Konstruktors einen Wert ungleich NULL enthalten. F├╝gen Sie ggf. den ÔÇ×erforderlichenÔÇ£ Modifizierer hinzu, oder deklarieren Sie den Eigenschaft als NULL-Werte zulassend. [C:\Users\rloer\Desktop\IT-Pc\Angular Test\DmsProjeckt\DmsProjeckt.csproj]
C:\Users\rloer\Desktop\IT-Pc\Angular Test\DmsProjeckt\Pages\Tests\UploadMulti.cshtml.cs(33,16): warning CS8618: Non-Nullable-Eigenschaft ÔÇ×TitelÔÇ£ muss beim Beenden des Konstruktors einen Wert ungleich NULL enthalten. F├╝gen Sie ggf. den ÔÇ×erforderlichenÔÇ£ Modifizierer hinzu, oder deklarieren Sie den Eigenschaft als NULL-Werte zulassend. [C:\Users\rloer\Desktop\IT-Pc\Angular Test\DmsProjeckt\DmsProjeckt.csproj]
C:\Users\rloer\Desktop\IT-Pc\Angular Test\DmsProjeckt\Pages\Tests\UploadMulti.cshtml.cs(33,16): warning CS8618: Non-Nullable-Eigenschaft ÔÇ×KategorieÔÇ£ muss beim Beenden des Konstruktors einen Wert ungleich NULL enthalten. F├╝gen Sie ggf. den ÔÇ×erforderlichenÔÇ£ Modifizierer hinzu, oder deklarieren Sie den Eigenschaft als NULL-Werte zulassend. [C:\Users\rloer\Desktop\IT-Pc\Angular Test\DmsProjeckt\DmsProjeckt.csproj]
C:\Users\rloer\Desktop\IT-Pc\Angular Test\DmsProjeckt\Pages\Tests\UploadMulti.cshtml.cs(33,16): warning CS8618: Non-Nullable-Eigenschaft ÔÇ×BeschreibungÔÇ£ muss beim Beenden des Konstruktors einen Wert ungleich NULL enthalten. F├╝gen Sie ggf. den ÔÇ×erforderlichenÔÇ£ Modifizierer hinzu, oder deklarieren Sie den Eigenschaft als NULL-Werte zulassend. [C:\Users\rloer\Desktop\IT-Pc\Angular Test\DmsProjeckt\DmsProjeckt.csproj]
C:\Users\rloer\Desktop\IT-Pc\Angular Test\DmsProjeckt\Pages\Tests\UploadMulti.cshtml.cs(33,16): warning CS8618: Non-Nullable-Eigenschaft ÔÇ×RechnungsnummerÔÇ£ muss beim Beenden des Konstruktors einen Wert ungleich NULL enthalten. F├╝gen Sie ggf. den ÔÇ×erforderlichenÔÇ£ Modifizierer hinzu, oder deklarieren Sie den Eigenschaft als NULL-Werte zulassend. [C:\Users\rloer\Desktop\IT-Pc\Angular Test\DmsProjeckt\DmsProjeckt.csproj]
C:\Users\rloer\Desktop\IT-Pc\Angular Test\DmsProjeckt\Pages\Tests\UploadMulti.cshtml.cs(33,16): warning CS8618: Non-Nullable-Eigenschaft ÔÇ×KundennummerÔÇ£ muss beim Beenden des Konstruktors einen Wert ungleich NULL enthalten. F├╝gen Sie ggf. den ÔÇ×erforderlichenÔÇ£ Modifizierer hinzu, oder deklarieren Sie den Eigenschaft als NULL-Werte zulassend. [C:\Users\rloer\Desktop\IT-Pc\Angular Test\DmsProjeckt\DmsProjeckt.csproj]
C:\Users\rloer\Desktop\IT-Pc\Angular Test\DmsProjeckt\Pages\Tests\UploadMulti.cshtml.cs(33,16): warning CS8618: Non-Nullable-Eigenschaft ÔÇ×RechnungsbetragÔÇ£ muss beim Beenden des Konstruktors einen Wert ungleich NULL enthalten. F├╝gen Sie ggf. den ÔÇ×erforderlichenÔÇ£ Modifizierer hinzu, oder deklarieren Sie den Eigenschaft als NULL-Werte zulassend. [C:\Users\rloer\Desktop\IT-Pc\Angular Test\DmsProjeckt\DmsProjeckt.csproj]
C:\Users\rloer\Desktop\IT-Pc\Angular Test\DmsProjeckt\Pages\Tests\UploadMulti.cshtml.cs(33,16): warning CS8618: Non-Nullable-Eigenschaft ÔÇ×NettobetragÔÇ£ muss beim Beenden des Konstruktors einen Wert ungleich NULL enthalten. F├╝gen Sie ggf. den ÔÇ×erforderlichenÔÇ£ Modifizierer hinzu, oder deklarieren Sie den Eigenschaft als NULL-Werte zulassend. [C:\Users\rloer\Desktop\IT-Pc\Angular Test\DmsProjeckt\DmsProjeckt.csproj]
C:\Users\rloer\Desktop\IT-Pc\Angular Test\DmsProjeckt\Pages\Tests\UploadMulti.cshtml.cs(33,16): warning CS8618: Non-Nullable-Eigenschaft ÔÇ×GesamtpreisÔÇ£ muss beim Beenden des Konstruktors einen Wert ungleich NULL enthalten. F├╝gen Sie ggf. den ÔÇ×erforderlichenÔÇ£ Modifizierer hinzu, oder deklarieren Sie den Eigenschaft als NULL-Werte zulassend. [C:\Users\rloer\Desktop\IT-Pc\Angular Test\DmsProjeckt\DmsProjeckt.csproj]
C:\Users\rloer\Desktop\IT-Pc\Angular Test\DmsProjeckt\Pages\Tests\UploadMulti.cshtml.cs(33,16): warning CS8618: Non-Nullable-Eigenschaft ÔÇ×SteuerbetragÔÇ£ muss beim Beenden des Konstruktors einen Wert ungleich NULL enthalten. F├╝gen Sie ggf. den ÔÇ×erforderlichenÔÇ£ Modifizierer hinzu, oder deklarieren Sie den Eigenschaft als NULL-Werte zulassend. [C:\Users\rloer\Desktop\IT-Pc\Angular Test\DmsProjeckt\DmsProjeckt.csproj]
C:\Users\rloer\Desktop\IT-Pc\Angular Test\DmsProjeckt\Pages\Tests\UploadMulti.cshtml.cs(33,16): warning CS8618: Non-Nullable-Eigenschaft ÔÇ×RechnungsdatumÔÇ£ muss beim Beenden des Konstruktors einen Wert ungleich NULL enthalten. F├╝gen Sie ggf. den ÔÇ×erforderlichenÔÇ£ Modifizierer hinzu, oder deklarieren Sie den Eigenschaft als NULL-Werte zulassend. [C:\Users\rloer\Desktop\IT-Pc\Angular Test\DmsProjeckt\DmsProjeckt.csproj]
C:\Users\rloer\Desktop\IT-Pc\Angular Test\DmsProjeckt\Pages\Tests\UploadMulti.cshtml.cs(33,16): warning CS8618: Non-Nullable-Eigenschaft ÔÇ×LieferdatumÔÇ£ muss beim Beenden des Konstruktors einen Wert ungleich NULL enthalten. F├╝gen Sie ggf. den ÔÇ×erforderlichenÔÇ£ Modifizierer hinzu, oder deklarieren Sie den Eigenschaft als NULL-Werte zulassend. [C:\Users\rloer\Desktop\IT-Pc\Angular Test\DmsProjeckt\DmsProjeckt.csproj]
C:\Users\rloer\Desktop\IT-Pc\Angular Test\DmsProjeckt\Pages\Tests\UploadMulti.cshtml.cs(33,16): warning CS8618: Non-Nullable-Eigenschaft ÔÇ×FaelligkeitsdatumÔÇ£ muss beim Beenden des Konstruktors einen Wert ungleich NULL enthalten. F├╝gen Sie ggf. den ÔÇ×erforderlichenÔÇ£ Modifizierer hinzu, oder deklarieren Sie den Eigenschaft als NULL-Werte zulassend. [C:\Users\rloer\Desktop\IT-Pc\Angular Test\DmsProjeckt\DmsProjeckt.csproj]
C:\Users\rloer\Desktop\IT-Pc\Angular Test\DmsProjeckt\Pages\Tests\UploadMulti.cshtml.cs(33,16): warning CS8618: Non-Nullable-Eigenschaft ÔÇ×ZahlungsbedingungenÔÇ£ muss beim Beenden des Konstruktors einen Wert ungleich NULL enthalten. F├╝gen Sie ggf. den ÔÇ×erforderlichenÔÇ£ Modifizierer hinzu, oder deklarieren Sie den Eigenschaft als NULL-Werte zulassend. [C:\Users\rloer\Desktop\IT-Pc\Angular Test\DmsProjeckt\DmsProjeckt.csproj]
C:\Users\rloer\Desktop\IT-Pc\Angular Test\DmsProjeckt\Pages\Tests\UploadMulti.cshtml.cs(33,16): warning CS8618: Non-Nullable-Eigenschaft ÔÇ×LieferartÔÇ£ muss beim Beenden des Konstruktors einen Wert ungleich NULL enthalten. F├╝gen Sie ggf. den ÔÇ×erforderlichenÔÇ£ Modifizierer hinzu, oder deklarieren Sie den Eigenschaft als NULL-Werte zulassend. [C:\Users\rloer\Desktop\IT-Pc\Angular Test\DmsProjeckt\DmsProjeckt.csproj]
C:\Users\rloer\Desktop\IT-Pc\Angular Test\DmsProjeckt\Pages\Tests\UploadMulti.cshtml.cs(33,16): warning CS8618: Non-Nullable-Eigenschaft ÔÇ×ArtikelAnzahlÔÇ£ muss beim Beenden des Konstruktors einen Wert ungleich NULL enthalten. F├╝gen Sie ggf. den ÔÇ×erforderlichenÔÇ£ Modifizierer hinzu, oder deklarieren Sie den Eigenschaft als NULL-Werte zulassend. [C:\Users\rloer\Desktop\IT-Pc\Angular Test\DmsProjeckt\DmsProjeckt.csproj]
C:\Users\rloer\Desktop\IT-Pc\Angular Test\DmsProjeckt\Pages\Tests\UploadMulti.cshtml.cs(33,16): warning CS8618: Non-Nullable-Eigenschaft ÔÇ×EmailÔÇ£ muss beim Beenden des Konstruktors einen Wert ungleich NULL enthalten. F├╝gen Sie ggf. den ÔÇ×erforderlichenÔÇ£ Modifizierer hinzu, oder deklarieren Sie den Eigenschaft als NULL-Werte zulassend. [C:\Users\rloer\Desktop\IT-Pc\Angular Test\DmsProjeckt\DmsProjeckt.csproj]
C:\Users\rloer\Desktop\IT-Pc\Angular Test\DmsProjeckt\Pages\Tests\UploadMulti.cshtml.cs(33,16): warning CS8618: Non-Nullable-Eigenschaft ÔÇ×TelefonÔÇ£ muss beim Beenden des Konstruktors einen Wert ungleich NULL enthalten. F├╝gen Sie ggf. den ÔÇ×erforderlichenÔÇ£ Modifizierer hinzu, oder deklarieren Sie den Eigenschaft als NULL-Werte zulassend. [C:\Users\rloer\Desktop\IT-Pc\Angular Test\DmsProjeckt\DmsProjeckt.csproj]
C:\Users\rloer\Desktop\IT-Pc\Angular Test\DmsProjeckt\Pages\Tests\UploadMulti.cshtml.cs(33,16): warning CS8618: Non-Nullable-Eigenschaft ÔÇ×TelefaxÔÇ£ muss beim Beenden des Konstruktors einen Wert ungleich NULL enthalten. F├╝gen Sie ggf. den ÔÇ×erforderlichenÔÇ£ Modifizierer hinzu, oder deklarieren Sie den Eigenschaft als NULL-Werte zulassend. [C:\Users\rloer\Desktop\IT-Pc\Angular Test\DmsProjeckt\DmsProjeckt.csproj]
C:\Users\rloer\Desktop\IT-Pc\Angular Test\DmsProjeckt\Pages\Tests\UploadMulti.cshtml.cs(33,16): warning CS8618: Non-Nullable-Eigenschaft ÔÇ×IBANÔÇ£ muss beim Beenden des Konstruktors einen Wert ungleich NULL enthalten. F├╝gen Sie ggf. den ÔÇ×erforderlichenÔÇ£ Modifizierer hinzu, oder deklarieren Sie den Eigenschaft als NULL-Werte zulassend. [C:\Users\rloer\Desktop\IT-Pc\Angular Test\DmsProjeckt\DmsProjeckt.csproj]
C:\Users\rloer\Desktop\IT-Pc\Angular Test\DmsProjeckt\Pages\Tests\UploadMulti.cshtml.cs(33,16): warning CS8618: Non-Nullable-Eigenschaft ÔÇ×BICÔÇ£ muss beim Beenden des Konstruktors einen Wert ungleich NULL enthalten. F├╝gen Sie ggf. den ÔÇ×erforderlichenÔÇ£ Modifizierer hinzu, oder deklarieren Sie den Eigenschaft als NULL-Werte zulassend. [C:\Users\rloer\Desktop\IT-Pc\Angular Test\DmsProjeckt\DmsProjeckt.csproj]
C:\Users\rloer\Desktop\IT-Pc\Angular Test\DmsProjeckt\Pages\Tests\UploadMulti.cshtml.cs(33,16): warning CS8618: Non-Nullable-Eigenschaft ÔÇ×BankverbindungÔÇ£ muss beim Beenden des Konstruktors einen Wert ungleich NULL enthalten. F├╝gen Sie ggf. den ÔÇ×erforderlichenÔÇ£ Modifizierer hinzu, oder deklarieren Sie den Eigenschaft als NULL-Werte zulassend. [C:\Users\rloer\Desktop\IT-Pc\Angular Test\DmsProjeckt\DmsProjeckt.csproj]
C:\Users\rloer\Desktop\IT-Pc\Angular Test\DmsProjeckt\Pages\Tests\UploadMulti.cshtml.cs(33,16): warning CS8618: Non-Nullable-Eigenschaft ÔÇ×SteuerNrÔÇ£ muss beim Beenden des Konstruktors einen Wert ungleich NULL enthalten. F├╝gen Sie ggf. den ÔÇ×erforderlichenÔÇ£ Modifizierer hinzu, oder deklarieren Sie den Eigenschaft als NULL-Werte zulassend. [C:\Users\rloer\Desktop\IT-Pc\Angular Test\DmsProjeckt\DmsProjeckt.csproj]
C:\Users\rloer\Desktop\IT-Pc\Angular Test\DmsProjeckt\Pages\Tests\UploadMulti.cshtml.cs(33,16): warning CS8618: Non-Nullable-Eigenschaft ÔÇ×UIDNummerÔÇ£ muss beim Beenden des Konstruktors einen Wert ungleich NULL enthalten. F├╝gen Sie ggf. den ÔÇ×erforderlichenÔÇ£ Modifizierer hinzu, oder deklarieren Sie den Eigenschaft als NULL-Werte zulassend. [C:\Users\rloer\Desktop\IT-Pc\Angular Test\DmsProjeckt\DmsProjeckt.csproj]
C:\Users\rloer\Desktop\IT-Pc\Angular Test\DmsProjeckt\Pages\Tests\UploadMulti.cshtml.cs(33,16): warning CS8618: Non-Nullable-Eigenschaft ÔÇ×AdresseÔÇ£ muss beim Beenden des Konstruktors einen Wert ungleich NULL enthalten. F├╝gen Sie ggf. den ÔÇ×erforderlichenÔÇ£ Modifizierer hinzu, oder deklarieren Sie den Eigenschaft als NULL-Werte zulassend. [C:\Users\rloer\Desktop\IT-Pc\Angular Test\DmsProjeckt\DmsProjeckt.csproj]
C:\Users\rloer\Desktop\IT-Pc\Angular Test\DmsProjeckt\Pages\Tests\UploadMulti.cshtml.cs(33,16): warning CS8618: Non-Nullable-Eigenschaft ÔÇ×AbsenderAdresseÔÇ£ muss beim Beenden des Konstruktors einen Wert ungleich NULL enthalten. F├╝gen Sie ggf. den ÔÇ×erforderlichenÔÇ£ Modifizierer hinzu, oder deklarieren Sie den Eigenschaft als NULL-Werte zulassend. [C:\Users\rloer\Desktop\IT-Pc\Angular Test\DmsProjeckt\DmsProjeckt.csproj]
C:\Users\rloer\Desktop\IT-Pc\Angular Test\DmsProjeckt\Pages\Tests\UploadMulti.cshtml.cs(33,16): warning CS8618: Non-Nullable-Eigenschaft ÔÇ×AnsprechPartnerÔÇ£ muss beim Beenden des Konstruktors einen Wert ungleich NULL enthalten. F├╝gen Sie ggf. den ÔÇ×erforderlichenÔÇ£ Modifizierer hinzu, oder deklarieren Sie den Eigenschaft als NULL-Werte zulassend. [C:\Users\rloer\Desktop\IT-Pc\Angular Test\DmsProjeckt\DmsProjeckt.csproj]
C:\Users\rloer\Desktop\IT-Pc\Angular Test\DmsProjeckt\Pages\Tests\UploadMulti.cshtml.cs(33,16): warning CS8618: Non-Nullable-Eigenschaft ÔÇ×ZeitraumÔÇ£ muss beim Beenden des Konstruktors einen Wert ungleich NULL enthalten. F├╝gen Sie ggf. den ÔÇ×erforderlichenÔÇ£ Modifizierer hinzu, oder deklarieren Sie den Eigenschaft als NULL-Werte zulassend. [C:\Users\rloer\Desktop\IT-Pc\Angular Test\DmsProjeckt\DmsProjeckt.csproj]
C:\Users\rloer\Desktop\IT-Pc\Angular Test\DmsProjeckt\Pages\Tests\UploadMulti.cshtml.cs(33,16): warning CS8618: Non-Nullable-Eigenschaft ÔÇ×PdfAutorÔÇ£ muss beim Beenden des Konstruktors einen Wert ungleich NULL enthalten. F├╝gen Sie ggf. den ÔÇ×erforderlichenÔÇ£ Modifizierer hinzu, oder deklarieren Sie den Eigenschaft als NULL-Werte zulassend. [C:\Users\rloer\Desktop\IT-Pc\Angular Test\DmsProjeckt\DmsProjeckt.csproj]
C:\Users\rloer\Desktop\IT-Pc\Angular Test\DmsProjeckt\Pages\Tests\UploadMulti.cshtml.cs(33,16): warning CS8618: Non-Nullable-Eigenschaft ÔÇ×PdfBetreffÔÇ£ muss beim Beenden des Konstruktors einen Wert ungleich NULL enthalten. F├╝gen Sie ggf. den ÔÇ×erforderlichenÔÇ£ Modifizierer hinzu, oder deklarieren Sie den Eigenschaft als NULL-Werte zulassend. [C:\Users\rloer\Desktop\IT-Pc\Angular Test\DmsProjeckt\DmsProjeckt.csproj]
C:\Users\rloer\Desktop\IT-Pc\Angular Test\DmsProjeckt\Pages\Tests\UploadMulti.cshtml.cs(33,16): warning CS8618: Non-Nullable-Eigenschaft ÔÇ×PdfSchluesselwoerterÔÇ£ muss beim Beenden des Konstruktors einen Wert ungleich NULL enthalten. F├╝gen Sie ggf. den ÔÇ×erforderlichenÔÇ£ Modifizierer hinzu, oder deklarieren Sie den Eigenschaft als NULL-Werte zulassend. [C:\Users\rloer\Desktop\IT-Pc\Angular Test\DmsProjeckt\DmsProjeckt.csproj]
C:\Users\rloer\Desktop\IT-Pc\Angular Test\DmsProjeckt\Pages\Tests\UploadMulti.cshtml.cs(33,16): warning CS8618: Non-Nullable-Eigenschaft ÔÇ×WebsiteÔÇ£ muss beim Beenden des Konstruktors einen Wert ungleich NULL enthalten. F├╝gen Sie ggf. den ÔÇ×erforderlichenÔÇ£ Modifizierer hinzu, oder deklarieren Sie den Eigenschaft als NULL-Werte zulassend. [C:\Users\rloer\Desktop\IT-Pc\Angular Test\DmsProjeckt\DmsProjeckt.csproj]
C:\Users\rloer\Desktop\IT-Pc\Angular Test\DmsProjeckt\Pages\Tests\UploadMulti.cshtml.cs(33,16): warning CS8618: Non-Nullable-Eigenschaft ÔÇ×OCRTextÔÇ£ muss beim Beenden des Konstruktors einen Wert ungleich NULL enthalten. F├╝gen Sie ggf. den ÔÇ×erforderlichenÔÇ£ Modifizierer hinzu, oder deklarieren Sie den Eigenschaft als NULL-Werte zulassend. [C:\Users\rloer\Desktop\IT-Pc\Angular Test\DmsProjeckt\DmsProjeckt.csproj]
C:\Users\rloer\Desktop\IT-Pc\Angular Test\DmsProjeckt\Pages\Tests\UploadMulti.cshtml.cs(33,16): warning CS8618: Non-Nullable-Eigenschaft ÔÇ×DateiÔÇ£ muss beim Beenden des Konstruktors einen Wert ungleich NULL enthalten. F├╝gen Sie ggf. den ÔÇ×erforderlichenÔÇ£ Modifizierer hinzu, oder deklarieren Sie den Eigenschaft als NULL-Werte zulassend. [C:\Users\rloer\Desktop\IT-Pc\Angular Test\DmsProjeckt\DmsProjeckt.csproj]
C:\Users\rloer\Desktop\IT-Pc\Angular Test\DmsProjeckt\Pages\Tests\UploadMulti.cshtml.cs(33,16): warning CS8618: Non-Nullable-Eigenschaft ÔÇ×UserAbteilungNameÔÇ£ muss beim Beenden des Konstruktors einen Wert ungleich NULL enthalten. F├╝gen Sie ggf. den ÔÇ×erforderlichenÔÇ£ Modifizierer hinzu, oder deklarieren Sie den Eigenschaft als NULL-Werte zulassend. [C:\Users\rloer\Desktop\IT-Pc\Angular Test\DmsProjeckt\DmsProjeckt.csproj]
C:\Users\rloer\Desktop\IT-Pc\Angular Test\DmsProjeckt\Pages\Tests\UploadMulti.cshtml.cs(33,16): warning CS8618: Non-Nullable-Eigenschaft ÔÇ×DokumenteJsonÔÇ£ muss beim Beenden des Konstruktors einen Wert ungleich NULL enthalten. F├╝gen Sie ggf. den ÔÇ×erforderlichenÔÇ£ Modifizierer hinzu, oder deklarieren Sie den Eigenschaft als NULL-Werte zulassend. [C:\Users\rloer\Desktop\IT-Pc\Angular Test\DmsProjeckt\DmsProjeckt.csproj]
C:\Users\rloer\Desktop\IT-Pc\Angular Test\DmsProjeckt\Pages\Dokument\DashboardAdmin.cshtml.cs(360,44): warning CS8602: Dereferenzierung eines m├Âglichen Nullverweises. [C:\Users\rloer\Desktop\IT-Pc\Angular Test\DmsProjeckt\DmsProjeckt.csproj]
C:\Users\rloer\Desktop\IT-Pc\Angular Test\DmsProjeckt\Pages\Dokument\AlleVersionen.cshtml.cs(74,23): warning CS8618: Non-Nullable-Eigenschaft ÔÇ×OriginalNameÔÇ£ muss beim Beenden des Konstruktors einen Wert ungleich NULL enthalten. F├╝gen Sie ggf. den ÔÇ×erforderlichenÔÇ£ Modifizierer hinzu, oder deklarieren Sie den Eigenschaft als NULL-Werte zulassend. [C:\Users\rloer\Desktop\IT-Pc\Angular Test\DmsProjeckt\DmsProjeckt.csproj]
C:\Users\rloer\Desktop\IT-Pc\Angular Test\DmsProjeckt\Pages\Dokument\AlleVersionen.cshtml.cs(75,34): warning CS8618: Non-Nullable-Eigenschaft ÔÇ×VersionsÔÇ£ muss beim Beenden des Konstruktors einen Wert ungleich NULL enthalten. F├╝gen Sie ggf. den ÔÇ×erforderlichenÔÇ£ Modifizierer hinzu, oder deklarieren Sie den Eigenschaft als NULL-Werte zulassend. [C:\Users\rloer\Desktop\IT-Pc\Angular Test\DmsProjeckt\DmsProjeckt.csproj]
C:\Users\rloer\Desktop\IT-Pc\Angular Test\DmsProjeckt\Pages\Tests\UploadMulti.cshtml.cs(98,30): warning CS8618: Non-Nullable-Eigenschaft ÔÇ×ContentÔÇ£ muss beim Beenden des Konstruktors einen Wert ungleich NULL enthalten. F├╝gen Sie ggf. den ÔÇ×erforderlichenÔÇ£ Modifizierer hinzu, oder deklarieren Sie den Eigenschaft als NULL-Werte zulassend. [C:\Users\rloer\Desktop\IT-Pc\Angular Test\DmsProjeckt\DmsProjeckt.csproj]
C:\Users\rloer\Desktop\IT-Pc\Angular Test\DmsProjeckt\Pages\Tests\UploadMulti.cshtml.cs(99,27): warning CS8618: Non-Nullable-Eigenschaft ÔÇ×FileNameÔÇ£ muss beim Beenden des Konstruktors einen Wert ungleich NULL enthalten. F├╝gen Sie ggf. den ÔÇ×erforderlichenÔÇ£ Modifizierer hinzu, oder deklarieren Sie den Eigenschaft als NULL-Werte zulassend. [C:\Users\rloer\Desktop\IT-Pc\Angular Test\DmsProjeckt\DmsProjeckt.csproj]
C:\Users\rloer\Desktop\IT-Pc\Angular Test\DmsProjeckt\Pages\Tests\UploadMulti.cshtml.cs(102,27): warning CS8618: Non-Nullable-Eigenschaft ÔÇ×ObjectPathÔÇ£ muss beim Beenden des Konstruktors einen Wert ungleich NULL enthalten. F├╝gen Sie ggf. den ÔÇ×erforderlichenÔÇ£ Modifizierer hinzu, oder deklarieren Sie den Eigenschaft als NULL-Werte zulassend. [C:\Users\rloer\Desktop\IT-Pc\Angular Test\DmsProjeckt\DmsProjeckt.csproj]
C:\Users\rloer\Desktop\IT-Pc\Angular Test\DmsProjeckt\Pages\Tests\UploadMulti.cshtml.cs(107,27): warning CS8618: Non-Nullable-Eigenschaft ÔÇ×AbteilungNameÔÇ£ muss beim Beenden des Konstruktors einen Wert ungleich NULL enthalten. F├╝gen Sie ggf. den ÔÇ×erforderlichenÔÇ£ Modifizierer hinzu, oder deklarieren Sie den Eigenschaft als NULL-Werte zulassend. [C:\Users\rloer\Desktop\IT-Pc\Angular Test\DmsProjeckt\DmsProjeckt.csproj]
C:\Users\rloer\Desktop\IT-Pc\Angular Test\DmsProjeckt\Pages\Dokument\AlleVersionen.cshtml.cs(59,23): warning CS8618: Non-Nullable-Eigenschaft ÔÇ×OriginalNameÔÇ£ muss beim Beenden des Konstruktors einen Wert ungleich NULL enthalten. F├╝gen Sie ggf. den ÔÇ×erforderlichenÔÇ£ Modifizierer hinzu, oder deklarieren Sie den Eigenschaft als NULL-Werte zulassend. [C:\Users\rloer\Desktop\IT-Pc\Angular Test\DmsProjeckt\DmsProjeckt.csproj]
C:\Users\rloer\Desktop\IT-Pc\Angular Test\DmsProjeckt\Pages\Dokument\AlleVersionen.cshtml.cs(60,23): warning CS8618: Non-Nullable-Eigenschaft ÔÇ×DateinameÔÇ£ muss beim Beenden des Konstruktors einen Wert ungleich NULL enthalten. F├╝gen Sie ggf. den ÔÇ×erforderlichenÔÇ£ Modifizierer hinzu, oder deklarieren Sie den Eigenschaft als NULL-Werte zulassend. [C:\Users\rloer\Desktop\IT-Pc\Angular Test\DmsProjeckt\DmsProjeckt.csproj]
C:\Users\rloer\Desktop\IT-Pc\Angular Test\DmsProjeckt\Pages\Dokument\AlleVersionen.cshtml.cs(61,23): warning CS8618: Non-Nullable-Eigenschaft ÔÇ×SasUrlÔÇ£ muss beim Beenden des Konstruktors einen Wert ungleich NULL enthalten. F├╝gen Sie ggf. den ÔÇ×erforderlichenÔÇ£ Modifizierer hinzu, oder deklarieren Sie den Eigenschaft als NULL-Werte zulassend. [C:\Users\rloer\Desktop\IT-Pc\Angular Test\DmsProjeckt\DmsProjeckt.csproj]
C:\Users\rloer\Desktop\IT-Pc\Angular Test\DmsProjeckt\Pages\Dokument\AlleVersionen.cshtml.cs(62,23): warning CS8618: Non-Nullable-Eigenschaft ÔÇ×ObjectPathÔÇ£ muss beim Beenden des Konstruktors einen Wert ungleich NULL enthalten. F├╝gen Sie ggf. den ÔÇ×erforderlichenÔÇ£ Modifizierer hinzu, oder deklarieren Sie den Eigenschaft als NULL-Werte zulassend. [C:\Users\rloer\Desktop\IT-Pc\Angular Test\DmsProjeckt\DmsProjeckt.csproj]
C:\Users\rloer\Desktop\IT-Pc\Angular Test\DmsProjeckt\Pages\Dokument\AlleVersionen.cshtml.cs(65,23): warning CS8618: Non-Nullable-Eigenschaft ÔÇ×KategorieÔÇ£ muss beim Beenden des Konstruktors einen Wert ungleich NULL enthalten. F├╝gen Sie ggf. den ÔÇ×erforderlichenÔÇ£ Modifizierer hinzu, oder deklarieren Sie den Eigenschaft als NULL-Werte zulassend. [C:\Users\rloer\Desktop\IT-Pc\Angular Test\DmsProjeckt\DmsProjeckt.csproj]
C:\Users\rloer\Desktop\IT-Pc\Angular Test\DmsProjeckt\Pages\Dokument\AlleVersionen.cshtml.cs(67,23): warning CS8618: Non-Nullable-Eigenschaft ÔÇ×CommentSummaryÔÇ£ muss beim Beenden des Konstruktors einen Wert ungleich NULL enthalten. F├╝gen Sie ggf. den ÔÇ×erforderlichenÔÇ£ Modifizierer hinzu, oder deklarieren Sie den Eigenschaft als NULL-Werte zulassend. [C:\Users\rloer\Desktop\IT-Pc\Angular Test\DmsProjeckt\DmsProjeckt.csproj]
C:\Users\rloer\Desktop\IT-Pc\Angular Test\DmsProjeckt\Pages\Tests\UploadMulti.cshtml.cs(121,27): warning CS8618: Non-Nullable-Eigenschaft ÔÇ×KategorieÔÇ£ muss beim Beenden des Konstruktors einen Wert ungleich NULL enthalten. F├╝gen Sie ggf. den ÔÇ×erforderlichenÔÇ£ Modifizierer hinzu, oder deklarieren Sie den Eigenschaft als NULL-Werte zulassend. [C:\Users\rloer\Desktop\IT-Pc\Angular Test\DmsProjeckt\DmsProjeckt.csproj]
C:\Users\rloer\Desktop\IT-Pc\Angular Test\DmsProjeckt\Pages\Tests\UploadMulti.cshtml.cs(122,27): warning CS8618: Non-Nullable-Eigenschaft ÔÇ×BeschreibungÔÇ£ muss beim Beenden des Konstruktors einen Wert ungleich NULL enthalten. F├╝gen Sie ggf. den ÔÇ×erforderlichenÔÇ£ Modifizierer hinzu, oder deklarieren Sie den Eigenschaft als NULL-Werte zulassend. [C:\Users\rloer\Desktop\IT-Pc\Angular Test\DmsProjeckt\DmsProjeckt.csproj]
C:\Users\rloer\Desktop\IT-Pc\Angular Test\DmsProjeckt\Pages\Tests\UploadMulti.cshtml.cs(123,27): warning CS8618: Non-Nullable-Eigenschaft ÔÇ×TitelÔÇ£ muss beim Beenden des Konstruktors einen Wert ungleich NULL enthalten. F├╝gen Sie ggf. den ÔÇ×erforderlichenÔÇ£ Modifizierer hinzu, oder deklarieren Sie den Eigenschaft als NULL-Werte zulassend. [C:\Users\rloer\Desktop\IT-Pc\Angular Test\DmsProjeckt\DmsProjeckt.csproj]
C:\Users\rloer\Desktop\IT-Pc\Angular Test\DmsProjeckt\Pages\Tests\UploadMulti.cshtml.cs(124,27): warning CS8618: Non-Nullable-Eigenschaft ÔÇ×RechnungsnummerÔÇ£ muss beim Beenden des Konstruktors einen Wert ungleich NULL enthalten. F├╝gen Sie ggf. den ÔÇ×erforderlichenÔÇ£ Modifizierer hinzu, oder deklarieren Sie den Eigenschaft als NULL-Werte zulassend. [C:\Users\rloer\Desktop\IT-Pc\Angular Test\DmsProjeckt\DmsProjeckt.csproj]
C:\Users\rloer\Desktop\IT-Pc\Angular Test\DmsProjeckt\Pages\Tests\UploadMulti.cshtml.cs(125,27): warning CS8618: Non-Nullable-Eigenschaft ÔÇ×KundennummerÔÇ£ muss beim Beenden des Konstruktors einen Wert ungleich NULL enthalten. F├╝gen Sie ggf. den ÔÇ×erforderlichenÔÇ£ Modifizierer hinzu, oder deklarieren Sie den Eigenschaft als NULL-Werte zulassend. [C:\Users\rloer\Desktop\IT-Pc\Angular Test\DmsProjeckt\DmsProjeckt.csproj]
C:\Users\rloer\Desktop\IT-Pc\Angular Test\DmsProjeckt\Pages\Tests\UploadMulti.cshtml.cs(126,27): warning CS8618: Non-Nullable-Eigenschaft ÔÇ×RechnungsbetragÔÇ£ muss beim Beenden des Konstruktors einen Wert ungleich NULL enthalten. F├╝gen Sie ggf. den ÔÇ×erforderlichenÔÇ£ Modifizierer hinzu, oder deklarieren Sie den Eigenschaft als NULL-Werte zulassend. [C:\Users\rloer\Desktop\IT-Pc\Angular Test\DmsProjeckt\DmsProjeckt.csproj]
C:\Users\rloer\Desktop\IT-Pc\Angular Test\DmsProjeckt\Pages\Tests\UploadMulti.cshtml.cs(127,27): warning CS8618: Non-Nullable-Eigenschaft ÔÇ×NettobetragÔÇ£ muss beim Beenden des Konstruktors einen Wert ungleich NULL enthalten. F├╝gen Sie ggf. den ÔÇ×erforderlichenÔÇ£ Modifizierer hinzu, oder deklarieren Sie den Eigenschaft als NULL-Werte zulassend. [C:\Users\rloer\Desktop\IT-Pc\Angular Test\DmsProjeckt\DmsProjeckt.csproj]
C:\Users\rloer\Desktop\IT-Pc\Angular Test\DmsProjeckt\Pages\Tests\UploadMulti.cshtml.cs(128,27): warning CS8618: Non-Nullable-Eigenschaft ÔÇ×GesamtpreisÔÇ£ muss beim Beenden des Konstruktors einen Wert ungleich NULL enthalten. F├╝gen Sie ggf. den ÔÇ×erforderlichenÔÇ£ Modifizierer hinzu, oder deklarieren Sie den Eigenschaft als NULL-Werte zulassend. [C:\Users\rloer\Desktop\IT-Pc\Angular Test\DmsProjeckt\DmsProjeckt.csproj]
C:\Users\rloer\Desktop\IT-Pc\Angular Test\DmsProjeckt\Pages\Tests\UploadMulti.cshtml.cs(129,27): warning CS8618: Non-Nullable-Eigenschaft ÔÇ×SteuerbetragÔÇ£ muss beim Beenden des Konstruktors einen Wert ungleich NULL enthalten. F├╝gen Sie ggf. den ÔÇ×erforderlichenÔÇ£ Modifizierer hinzu, oder deklarieren Sie den Eigenschaft als NULL-Werte zulassend. [C:\Users\rloer\Desktop\IT-Pc\Angular Test\DmsProjeckt\DmsProjeckt.csproj]
C:\Users\rloer\Desktop\IT-Pc\Angular Test\DmsProjeckt\Pages\Tests\UploadMulti.cshtml.cs(130,27): warning CS8618: Non-Nullable-Eigenschaft ÔÇ×RechnungsdatumÔÇ£ muss beim Beenden des Konstruktors einen Wert ungleich NULL enthalten. F├╝gen Sie ggf. den ÔÇ×erforderlichenÔÇ£ Modifizierer hinzu, oder deklarieren Sie den Eigenschaft als NULL-Werte zulassend. [C:\Users\rloer\Desktop\IT-Pc\Angular Test\DmsProjeckt\DmsProjeckt.csproj]
C:\Users\rloer\Desktop\IT-Pc\Angular Test\DmsProjeckt\Pages\Tests\UploadMulti.cshtml.cs(131,27): warning CS8618: Non-Nullable-Eigenschaft ÔÇ×LieferdatumÔÇ£ muss beim Beenden des Konstruktors einen Wert ungleich NULL enthalten. F├╝gen Sie ggf. den ÔÇ×erforderlichenÔÇ£ Modifizierer hinzu, oder deklarieren Sie den Eigenschaft als NULL-Werte zulassend. [C:\Users\rloer\Desktop\IT-Pc\Angular Test\DmsProjeckt\DmsProjeckt.csproj]
C:\Users\rloer\Desktop\IT-Pc\Angular Test\DmsProjeckt\Pages\Tests\UploadMulti.cshtml.cs(132,27): warning CS8618: Non-Nullable-Eigenschaft ÔÇ×FaelligkeitsdatumÔÇ£ muss beim Beenden des Konstruktors einen Wert ungleich NULL enthalten. F├╝gen Sie ggf. den ÔÇ×erforderlichenÔÇ£ Modifizierer hinzu, oder deklarieren Sie den Eigenschaft als NULL-Werte zulassend. [C:\Users\rloer\Desktop\IT-Pc\Angular Test\DmsProjeckt\DmsProjeckt.csproj]
C:\Users\rloer\Desktop\IT-Pc\Angular Test\DmsProjeckt\Pages\Tests\UploadMulti.cshtml.cs(133,27): warning CS8618: Non-Nullable-Eigenschaft ÔÇ×ZahlungsbedingungenÔÇ£ muss beim Beenden des Konstruktors einen Wert ungleich NULL enthalten. F├╝gen Sie ggf. den ÔÇ×erforderlichenÔÇ£ Modifizierer hinzu, oder deklarieren Sie den Eigenschaft als NULL-Werte zulassend. [C:\Users\rloer\Desktop\IT-Pc\Angular Test\DmsProjeckt\DmsProjeckt.csproj]
C:\Users\rloer\Desktop\IT-Pc\Angular Test\DmsProjeckt\Pages\Tests\UploadMulti.cshtml.cs(134,27): warning CS8618: Non-Nullable-Eigenschaft ÔÇ×LieferartÔÇ£ muss beim Beenden des Konstruktors einen Wert ungleich NULL enthalten. F├╝gen Sie ggf. den ÔÇ×erforderlichenÔÇ£ Modifizierer hinzu, oder deklarieren Sie den Eigenschaft als NULL-Werte zulassend. [C:\Users\rloer\Desktop\IT-Pc\Angular Test\DmsProjeckt\DmsProjeckt.csproj]
C:\Users\rloer\Desktop\IT-Pc\Angular Test\DmsProjeckt\Pages\Tests\UploadMulti.cshtml.cs(135,27): warning CS8618: Non-Nullable-Eigenschaft ÔÇ×ArtikelAnzahlÔÇ£ muss beim Beenden des Konstruktors einen Wert ungleich NULL enthalten. F├╝gen Sie ggf. den ÔÇ×erforderlichenÔÇ£ Modifizierer hinzu, oder deklarieren Sie den Eigenschaft als NULL-Werte zulassend. [C:\Users\rloer\Desktop\IT-Pc\Angular Test\DmsProjeckt\DmsProjeckt.csproj]
C:\Users\rloer\Desktop\IT-Pc\Angular Test\DmsProjeckt\Pages\Tests\UploadMulti.cshtml.cs(137,27): warning CS8618: Non-Nullable-Eigenschaft ÔÇ×EmailÔÇ£ muss beim Beenden des Konstruktors einen Wert ungleich NULL enthalten. F├╝gen Sie ggf. den ÔÇ×erforderlichenÔÇ£ Modifizierer hinzu, oder deklarieren Sie den Eigenschaft als NULL-Werte zulassend. [C:\Users\rloer\Desktop\IT-Pc\Angular Test\DmsProjeckt\DmsProjeckt.csproj]
C:\Users\rloer\Desktop\IT-Pc\Angular Test\DmsProjeckt\Pages\Tests\UploadMulti.cshtml.cs(138,27): warning CS8618: Non-Nullable-Eigenschaft ÔÇ×TelefonÔÇ£ muss beim Beenden des Konstruktors einen Wert ungleich NULL enthalten. F├╝gen Sie ggf. den ÔÇ×erforderlichenÔÇ£ Modifizierer hinzu, oder deklarieren Sie den Eigenschaft als NULL-Werte zulassend. [C:\Users\rloer\Desktop\IT-Pc\Angular Test\DmsProjeckt\DmsProjeckt.csproj]
C:\Users\rloer\Desktop\IT-Pc\Angular Test\DmsProjeckt\Pages\Tests\UploadMulti.cshtml.cs(139,27): warning CS8618: Non-Nullable-Eigenschaft ÔÇ×TelefaxÔÇ£ muss beim Beenden des Konstruktors einen Wert ungleich NULL enthalten. F├╝gen Sie ggf. den ÔÇ×erforderlichenÔÇ£ Modifizierer hinzu, oder deklarieren Sie den Eigenschaft als NULL-Werte zulassend. [C:\Users\rloer\Desktop\IT-Pc\Angular Test\DmsProjeckt\DmsProjeckt.csproj]
C:\Users\rloer\Desktop\IT-Pc\Angular Test\DmsProjeckt\Pages\Tests\UploadMulti.cshtml.cs(141,27): warning CS8618: Non-Nullable-Eigenschaft ÔÇ×IBANÔÇ£ muss beim Beenden des Konstruktors einen Wert ungleich NULL enthalten. F├╝gen Sie ggf. den ÔÇ×erforderlichenÔÇ£ Modifizierer hinzu, oder deklarieren Sie den Eigenschaft als NULL-Werte zulassend. [C:\Users\rloer\Desktop\IT-Pc\Angular Test\DmsProjeckt\DmsProjeckt.csproj]
C:\Users\rloer\Desktop\IT-Pc\Angular Test\DmsProjeckt\Pages\Tests\UploadMulti.cshtml.cs(142,27): warning CS8618: Non-Nullable-Eigenschaft ÔÇ×BICÔÇ£ muss beim Beenden des Konstruktors einen Wert ungleich NULL enthalten. F├╝gen Sie ggf. den ÔÇ×erforderlichenÔÇ£ Modifizierer hinzu, oder deklarieren Sie den Eigenschaft als NULL-Werte zulassend. [C:\Users\rloer\Desktop\IT-Pc\Angular Test\DmsProjeckt\DmsProjeckt.csproj]
C:\Users\rloer\Desktop\IT-Pc\Angular Test\DmsProjeckt\Pages\Tests\UploadMulti.cshtml.cs(143,27): warning CS8618: Non-Nullable-Eigenschaft ÔÇ×BankverbindungÔÇ£ muss beim Beenden des Konstruktors einen Wert ungleich NULL enthalten. F├╝gen Sie ggf. den ÔÇ×erforderlichenÔÇ£ Modifizierer hinzu, oder deklarieren Sie den Eigenschaft als NULL-Werte zulassend. [C:\Users\rloer\Desktop\IT-Pc\Angular Test\DmsProjeckt\DmsProjeckt.csproj]
C:\Users\rloer\Desktop\IT-Pc\Angular Test\DmsProjeckt\Pages\Tests\UploadMulti.cshtml.cs(144,27): warning CS8618: Non-Nullable-Eigenschaft ÔÇ×SteuerNrÔÇ£ muss beim Beenden des Konstruktors einen Wert ungleich NULL enthalten. F├╝gen Sie ggf. den ÔÇ×erforderlichenÔÇ£ Modifizierer hinzu, oder deklarieren Sie den Eigenschaft als NULL-Werte zulassend. [C:\Users\rloer\Desktop\IT-Pc\Angular Test\DmsProjeckt\DmsProjeckt.csproj]
C:\Users\rloer\Desktop\IT-Pc\Angular Test\DmsProjeckt\Pages\Tests\UploadMulti.cshtml.cs(145,27): warning CS8618: Non-Nullable-Eigenschaft ÔÇ×UIDNummerÔÇ£ muss beim Beenden des Konstruktors einen Wert ungleich NULL enthalten. F├╝gen Sie ggf. den ÔÇ×erforderlichenÔÇ£ Modifizierer hinzu, oder deklarieren Sie den Eigenschaft als NULL-Werte zulassend. [C:\Users\rloer\Desktop\IT-Pc\Angular Test\DmsProjeckt\DmsProjeckt.csproj]
C:\Users\rloer\Desktop\IT-Pc\Angular Test\DmsProjeckt\Pages\Tests\UploadMulti.cshtml.cs(147,27): warning CS8618: Non-Nullable-Eigenschaft ÔÇ×AdresseÔÇ£ muss beim Beenden des Konstruktors einen Wert ungleich NULL enthalten. F├╝gen Sie ggf. den ÔÇ×erforderlichenÔÇ£ Modifizierer hinzu, oder deklarieren Sie den Eigenschaft als NULL-Werte zulassend. [C:\Users\rloer\Desktop\IT-Pc\Angular Test\DmsProjeckt\DmsProjeckt.csproj]
C:\Users\rloer\Desktop\IT-Pc\Angular Test\DmsProjeckt\Pages\Tests\UploadMulti.cshtml.cs(148,27): warning CS8618: Non-Nullable-Eigenschaft ÔÇ×AbsenderAdresseÔÇ£ muss beim Beenden des Konstruktors einen Wert ungleich NULL enthalten. F├╝gen Sie ggf. den ÔÇ×erforderlichenÔÇ£ Modifizierer hinzu, oder deklarieren Sie den Eigenschaft als NULL-Werte zulassend. [C:\Users\rloer\Desktop\IT-Pc\Angular Test\DmsProjeckt\DmsProjeckt.csproj]
C:\Users\rloer\Desktop\IT-Pc\Angular Test\DmsProjeckt\Pages\Tests\UploadMulti.cshtml.cs(149,27): warning CS8618: Non-Nullable-Eigenschaft ÔÇ×AnsprechPartnerÔÇ£ muss beim Beenden des Konstruktors einen Wert ungleich NULL enthalten. F├╝gen Sie ggf. den ÔÇ×erforderlichenÔÇ£ Modifizierer hinzu, oder deklarieren Sie den Eigenschaft als NULL-Werte zulassend. [C:\Users\rloer\Desktop\IT-Pc\Angular Test\DmsProjeckt\DmsProjeckt.csproj]
C:\Users\rloer\Desktop\IT-Pc\Angular Test\DmsProjeckt\Pages\Tests\UploadMulti.cshtml.cs(150,27): warning CS8618: Non-Nullable-Eigenschaft ÔÇ×ZeitraumÔÇ£ muss beim Beenden des Konstruktors einen Wert ungleich NULL enthalten. F├╝gen Sie ggf. den ÔÇ×erforderlichenÔÇ£ Modifizierer hinzu, oder deklarieren Sie den Eigenschaft als NULL-Werte zulassend. [C:\Users\rloer\Desktop\IT-Pc\Angular Test\DmsProjeckt\DmsProjeckt.csproj]
C:\Users\rloer\Desktop\IT-Pc\Angular Test\DmsProjeckt\Pages\Tests\UploadMulti.cshtml.cs(152,27): warning CS8618: Non-Nullable-Eigenschaft ÔÇ×PdfAutorÔÇ£ muss beim Beenden des Konstruktors einen Wert ungleich NULL enthalten. F├╝gen Sie ggf. den ÔÇ×erforderlichenÔÇ£ Modifizierer hinzu, oder deklarieren Sie den Eigenschaft als NULL-Werte zulassend. [C:\Users\rloer\Desktop\IT-Pc\Angular Test\DmsProjeckt\DmsProjeckt.csproj]
C:\Users\rloer\Desktop\IT-Pc\Angular Test\DmsProjeckt\Pages\Tests\UploadMulti.cshtml.cs(153,27): warning CS8618: Non-Nullable-Eigenschaft ÔÇ×PdfBetreffÔÇ£ muss beim Beenden des Konstruktors einen Wert ungleich NULL enthalten. F├╝gen Sie ggf. den ÔÇ×erforderlichenÔÇ£ Modifizierer hinzu, oder deklarieren Sie den Eigenschaft als NULL-Werte zulassend. [C:\Users\rloer\Desktop\IT-Pc\Angular Test\DmsProjeckt\DmsProjeckt.csproj]
C:\Users\rloer\Desktop\IT-Pc\Angular Test\DmsProjeckt\Pages\Tests\UploadMulti.cshtml.cs(154,27): warning CS8618: Non-Nullable-Eigenschaft ÔÇ×PdfSchluesselwoerterÔÇ£ muss beim Beenden des Konstruktors einen Wert ungleich NULL enthalten. F├╝gen Sie ggf. den ÔÇ×erforderlichenÔÇ£ Modifizierer hinzu, oder deklarieren Sie den Eigenschaft als NULL-Werte zulassend. [C:\Users\rloer\Desktop\IT-Pc\Angular Test\DmsProjeckt\DmsProjeckt.csproj]
C:\Users\rloer\Desktop\IT-Pc\Angular Test\DmsProjeckt\Pages\Tests\UploadMulti.cshtml.cs(155,27): warning CS8618: Non-Nullable-Eigenschaft ÔÇ×WebsiteÔÇ£ muss beim Beenden des Konstruktors einen Wert ungleich NULL enthalten. F├╝gen Sie ggf. den ÔÇ×erforderlichenÔÇ£ Modifizierer hinzu, oder deklarieren Sie den Eigenschaft als NULL-Werte zulassend. [C:\Users\rloer\Desktop\IT-Pc\Angular Test\DmsProjeckt\DmsProjeckt.csproj]
C:\Users\rloer\Desktop\IT-Pc\Angular Test\DmsProjeckt\Pages\Tests\UploadMulti.cshtml.cs(156,27): warning CS8618: Non-Nullable-Eigenschaft ÔÇ×OCRTextÔÇ£ muss beim Beenden des Konstruktors einen Wert ungleich NULL enthalten. F├╝gen Sie ggf. den ÔÇ×erforderlichenÔÇ£ Modifizierer hinzu, oder deklarieren Sie den Eigenschaft als NULL-Werte zulassend. [C:\Users\rloer\Desktop\IT-Pc\Angular Test\DmsProjeckt\DmsProjeckt.csproj]
C:\Users\rloer\Desktop\IT-Pc\Angular Test\DmsProjeckt\Pages\Tests\UploadMulti.cshtml.cs(161,27): warning CS8618: Non-Nullable-Eigenschaft ÔÇ×AbteilungNameÔÇ£ muss beim Beenden des Konstruktors einen Wert ungleich NULL enthalten. F├╝gen Sie ggf. den ÔÇ×erforderlichenÔÇ£ Modifizierer hinzu, oder deklarieren Sie den Eigenschaft als NULL-Werte zulassend. [C:\Users\rloer\Desktop\IT-Pc\Angular Test\DmsProjeckt\DmsProjeckt.csproj]
C:\Users\rloer\Desktop\IT-Pc\Angular Test\DmsProjeckt\Pages\Tests\UploadMulti.cshtml.cs(162,27): warning CS8618: Non-Nullable-Eigenschaft ÔÇ×ObjectPathÔÇ£ muss beim Beenden des Konstruktors einen Wert ungleich NULL enthalten. F├╝gen Sie ggf. den ÔÇ×erforderlichenÔÇ£ Modifizierer hinzu, oder deklarieren Sie den Eigenschaft als NULL-Werte zulassend. [C:\Users\rloer\Desktop\IT-Pc\Angular Test\DmsProjeckt\DmsProjeckt.csproj]
C:\Users\rloer\Desktop\IT-Pc\Angular Test\DmsProjeckt\Pages\Tests\UploadMulti.cshtml.cs(163,27): warning CS8618: Non-Nullable-Eigenschaft ÔÇ×FileHashÔÇ£ muss beim Beenden des Konstruktors einen Wert ungleich NULL enthalten. F├╝gen Sie ggf. den ÔÇ×erforderlichenÔÇ£ Modifizierer hinzu, oder deklarieren Sie den Eigenschaft als NULL-Werte zulassend. [C:\Users\rloer\Desktop\IT-Pc\Angular Test\DmsProjeckt\DmsProjeckt.csproj]
C:\Users\rloer\Desktop\IT-Pc\Angular Test\DmsProjeckt\Pages\Dokument\Index.cshtml.cs(2430,29): warning CS8618: Non-Nullable-Eigenschaft ÔÇ×UserIdsÔÇ£ muss beim Beenden des Konstruktors einen Wert ungleich NULL enthalten. F├╝gen Sie ggf. den ÔÇ×erforderlichenÔÇ£ Modifizierer hinzu, oder deklarieren Sie den Eigenschaft als NULL-Werte zulassend. [C:\Users\rloer\Desktop\IT-Pc\Angular Test\DmsProjeckt\DmsProjeckt.csproj]
C:\Users\rloer\Desktop\IT-Pc\Angular Test\DmsProjeckt\Pages\Dokument\Index.cshtml.cs(2434,23): warning CS8618: Non-Nullable-Eigenschaft ÔÇ×sourceÔÇ£ muss beim Beenden des Konstruktors einen Wert ungleich NULL enthalten. F├╝gen Sie ggf. den ÔÇ×erforderlichenÔÇ£ Modifizierer hinzu, oder deklarieren Sie den Eigenschaft als NULL-Werte zulassend. [C:\Users\rloer\Desktop\IT-Pc\Angular Test\DmsProjeckt\DmsProjeckt.csproj]
C:\Users\rloer\Desktop\IT-Pc\Angular Test\DmsProjeckt\Pages\Workflows\Bearbeiten.cshtml.cs(17,16): warning CS8618: Non-Nullable-Eigenschaft ÔÇ×WorkflowsÔÇ£ muss beim Beenden des Konstruktors einen Wert ungleich NULL enthalten. F├╝gen Sie ggf. den ÔÇ×erforderlichenÔÇ£ Modifizierer hinzu, oder deklarieren Sie den Eigenschaft als NULL-Werte zulassend. [C:\Users\rloer\Desktop\IT-Pc\Angular Test\DmsProjeckt\DmsProjeckt.csproj]
C:\Users\rloer\Desktop\IT-Pc\Angular Test\DmsProjeckt\Pages\Workflows\Bearbeiten.cshtml.cs(17,16): warning CS8618: Non-Nullable-Eigenschaft ÔÇ×WorkflowÔÇ£ muss beim Beenden des Konstruktors einen Wert ungleich NULL enthalten. F├╝gen Sie ggf. den ÔÇ×erforderlichenÔÇ£ Modifizierer hinzu, oder deklarieren Sie den Eigenschaft als NULL-Werte zulassend. [C:\Users\rloer\Desktop\IT-Pc\Angular Test\DmsProjeckt\DmsProjeckt.csproj]
C:\Users\rloer\Desktop\IT-Pc\Angular Test\DmsProjeckt\Pages\Workflows\Bearbeiten.cshtml.cs(17,16): warning CS8618: Non-Nullable-Eigenschaft ÔÇ×UserOptionsÔÇ£ muss beim Beenden des Konstruktors einen Wert ungleich NULL enthalten. F├╝gen Sie ggf. den ÔÇ×erforderlichenÔÇ£ Modifizierer hinzu, oder deklarieren Sie den Eigenschaft als NULL-Werte zulassend. [C:\Users\rloer\Desktop\IT-Pc\Angular Test\DmsProjeckt\DmsProjeckt.csproj]
C:\Users\rloer\Desktop\IT-Pc\Angular Test\DmsProjeckt\Pages\Shared\_Layout.cshtml(5,23): warning CS8602: Dereferenzierung eines m├Âglichen Nullverweises. [C:\Users\rloer\Desktop\IT-Pc\Angular Test\DmsProjeckt\DmsProjeckt.csproj]
C:\Users\rloer\Desktop\IT-Pc\Angular Test\DmsProjeckt\Pages\Dokument\Index.cshtml.cs(2438,23): warning CS8618: Non-Nullable-Eigenschaft ÔÇ×KategorieÔÇ£ muss beim Beenden des Konstruktors einen Wert ungleich NULL enthalten. F├╝gen Sie ggf. den ÔÇ×erforderlichenÔÇ£ Modifizierer hinzu, oder deklarieren Sie den Eigenschaft als NULL-Werte zulassend. [C:\Users\rloer\Desktop\IT-Pc\Angular Test\DmsProjeckt\DmsProjeckt.csproj]
C:\Users\rloer\Desktop\IT-Pc\Angular Test\DmsProjeckt\Pages\Dokument\Index.cshtml.cs(2439,23): warning CS8618: Non-Nullable-Eigenschaft ÔÇ×ObjectPathÔÇ£ muss beim Beenden des Konstruktors einen Wert ungleich NULL enthalten. F├╝gen Sie ggf. den ÔÇ×erforderlichenÔÇ£ Modifizierer hinzu, oder deklarieren Sie den Eigenschaft als NULL-Werte zulassend. [C:\Users\rloer\Desktop\IT-Pc\Angular Test\DmsProjeckt\DmsProjeckt.csproj]
C:\Users\rloer\Desktop\IT-Pc\Angular Test\DmsProjeckt\Pages\Dokument\Index.cshtml.cs(2440,23): warning CS8618: Non-Nullable-Eigenschaft ÔÇ×StatusÔÇ£ muss beim Beenden des Konstruktors einen Wert ungleich NULL enthalten. F├╝gen Sie ggf. den ÔÇ×erforderlichenÔÇ£ Modifizierer hinzu, oder deklarieren Sie den Eigenschaft als NULL-Werte zulassend. [C:\Users\rloer\Desktop\IT-Pc\Angular Test\DmsProjeckt\DmsProjeckt.csproj]
C:\Users\rloer\Desktop\IT-Pc\Angular Test\DmsProjeckt\Pages\Dokument\Index.cshtml.cs(2441,23): warning CS8618: Non-Nullable-Eigenschaft ÔÇ×BenutzerIdÔÇ£ muss beim Beenden des Konstruktors einen Wert ungleich NULL enthalten. F├╝gen Sie ggf. den ÔÇ×erforderlichenÔÇ£ Modifizierer hinzu, oder deklarieren Sie den Eigenschaft als NULL-Werte zulassend. [C:\Users\rloer\Desktop\IT-Pc\Angular Test\DmsProjeckt\DmsProjeckt.csproj]
C:\Users\rloer\Desktop\IT-Pc\Angular Test\DmsProjeckt\Pages\Dokument\Index.cshtml.cs(2443,23): warning CS8618: Non-Nullable-Eigenschaft ÔÇ×DateinameÔÇ£ muss beim Beenden des Konstruktors einen Wert ungleich NULL enthalten. F├╝gen Sie ggf. den ÔÇ×erforderlichenÔÇ£ Modifizierer hinzu, oder deklarieren Sie den Eigenschaft als NULL-Werte zulassend. [C:\Users\rloer\Desktop\IT-Pc\Angular Test\DmsProjeckt\DmsProjeckt.csproj]
C:\Users\rloer\Desktop\IT-Pc\Angular Test\DmsProjeckt\Pages\Tests\Aufgaben.cshtml.cs(235,30): error CS0029: Der Typ "string" kann nicht implizit in "DmsProjeckt.Data.EventParticipationStatus" konvertiert werden. [C:\Users\rloer\Desktop\IT-Pc\Angular Test\DmsProjeckt\DmsProjeckt.csproj]
C:\Users\rloer\Desktop\IT-Pc\Angular Test\DmsProjeckt\Pages\Tests\Aufgaben.cshtml.cs(271,34): warning CS8601: M├Âgliche Nullverweiszuweisung. [C:\Users\rloer\Desktop\IT-Pc\Angular Test\DmsProjeckt\DmsProjeckt.csproj]
C:\Users\rloer\Desktop\IT-Pc\Angular Test\DmsProjeckt\Pages\Workflows\Bearbeiten.cshtml.cs(35,24): warning CS8601: M├Âgliche Nullverweiszuweisung. [C:\Users\rloer\Desktop\IT-Pc\Angular Test\DmsProjeckt\DmsProjeckt.csproj]
C:\Users\rloer\Desktop\IT-Pc\Angular Test\DmsProjeckt\Pages\Workflows\Bearbeiten.cshtml.cs(45,37): warning CS8602: Dereferenzierung eines m├Âglichen Nullverweises. [C:\Users\rloer\Desktop\IT-Pc\Angular Test\DmsProjeckt\DmsProjeckt.csproj]
C:\Users\rloer\Desktop\IT-Pc\Angular Test\DmsProjeckt\Pages\Shared\_AufgabenTabelle.cshtml(75,61): warning CS8604: M├Âgliches Nullverweisargument f├╝r den Parameter "source" in "IEnumerable<string> Enumerable.Select<Dokumente, string>(IEnumerable<Dokumente> source, Func<Dokumente, string> selector)". [C:\Users\rloer\Desktop\IT-Pc\Angular Test\DmsProjeckt\DmsProjeckt.csproj]
C:\Users\rloer\Desktop\IT-Pc\Angular Test\DmsProjeckt\Pages\Shared\_TextareaFieldPartialStep.cshtml(4,45): warning CS8604: M├Âgliches Nullverweisargument f├╝r den Parameter "name" in "PropertyInfo? Type.GetProperty(string name)". [C:\Users\rloer\Desktop\IT-Pc\Angular Test\DmsProjeckt\DmsProjeckt.csproj]
C:\Users\rloer\Desktop\IT-Pc\Angular Test\DmsProjeckt\Pages\Dokument\Index.cshtml.cs(270,30): warning CS8618: Non-Nullable-Eigenschaft ÔÇ×DokumentÔÇ£ muss beim Beenden des Konstruktors einen Wert ungleich NULL enthalten. F├╝gen Sie ggf. den ÔÇ×erforderlichenÔÇ£ Modifizierer hinzu, oder deklarieren Sie den Eigenschaft als NULL-Werte zulassend. [C:\Users\rloer\Desktop\IT-Pc\Angular Test\DmsProjeckt\DmsProjeckt.csproj]
C:\Users\rloer\Desktop\IT-Pc\Angular Test\DmsProjeckt\Pages\Dokument\Index.cshtml.cs(272,27): warning CS8618: Non-Nullable-Eigenschaft ÔÇ×CommentSummaryÔÇ£ muss beim Beenden des Konstruktors einen Wert ungleich NULL enthalten. F├╝gen Sie ggf. den ÔÇ×erforderlichenÔÇ£ Modifizierer hinzu, oder deklarieren Sie den Eigenschaft als NULL-Werte zulassend. [C:\Users\rloer\Desktop\IT-Pc\Angular Test\DmsProjeckt\DmsProjeckt.csproj]
C:\Users\rloer\Desktop\IT-Pc\Angular Test\DmsProjeckt\Pages\Workflows\Erstellen.cshtml.cs(21,16): warning CS8618: Non-Nullable-Eigenschaft ÔÇ×WorkflowÔÇ£ muss beim Beenden des Konstruktors einen Wert ungleich NULL enthalten. F├╝gen Sie ggf. den ÔÇ×erforderlichenÔÇ£ Modifizierer hinzu, oder deklarieren Sie den Eigenschaft als NULL-Werte zulassend. [C:\Users\rloer\Desktop\IT-Pc\Angular Test\DmsProjeckt\DmsProjeckt.csproj]
C:\Users\rloer\Desktop\IT-Pc\Angular Test\DmsProjeckt\Pages\Workflows\Erstellen.cshtml.cs(21,16): warning CS8618: Non-Nullable-Eigenschaft ÔÇ×UserOptionsÔÇ£ muss beim Beenden des Konstruktors einen Wert ungleich NULL enthalten. F├╝gen Sie ggf. den ÔÇ×erforderlichenÔÇ£ Modifizierer hinzu, oder deklarieren Sie den Eigenschaft als NULL-Werte zulassend. [C:\Users\rloer\Desktop\IT-Pc\Angular Test\DmsProjeckt\DmsProjeckt.csproj]
C:\Users\rloer\Desktop\IT-Pc\Angular Test\DmsProjeckt\Pages\Dokument\Index.cshtml.cs(277,27): warning CS8618: Non-Nullable-Eigenschaft ÔÇ×OriginalNameÔÇ£ muss beim Beenden des Konstruktors einen Wert ungleich NULL enthalten. F├╝gen Sie ggf. den ÔÇ×erforderlichenÔÇ£ Modifizierer hinzu, oder deklarieren Sie den Eigenschaft als NULL-Werte zulassend. [C:\Users\rloer\Desktop\IT-Pc\Angular Test\DmsProjeckt\DmsProjeckt.csproj]
C:\Users\rloer\Desktop\IT-Pc\Angular Test\DmsProjeckt\Pages\Dokument\Index.cshtml.cs(278,27): warning CS8618: Non-Nullable-Eigenschaft ÔÇ×DateinameÔÇ£ muss beim Beenden des Konstruktors einen Wert ungleich NULL enthalten. F├╝gen Sie ggf. den ÔÇ×erforderlichenÔÇ£ Modifizierer hinzu, oder deklarieren Sie den Eigenschaft als NULL-Werte zulassend. [C:\Users\rloer\Desktop\IT-Pc\Angular Test\DmsProjeckt\DmsProjeckt.csproj]
C:\Users\rloer\Desktop\IT-Pc\Angular Test\DmsProjeckt\Pages\Dokument\Index.cshtml.cs(279,27): warning CS8618: Non-Nullable-Eigenschaft ÔÇ×SasUrlÔÇ£ muss beim Beenden des Konstruktors einen Wert ungleich NULL enthalten. F├╝gen Sie ggf. den ÔÇ×erforderlichenÔÇ£ Modifizierer hinzu, oder deklarieren Sie den Eigenschaft als NULL-Werte zulassend. [C:\Users\rloer\Desktop\IT-Pc\Angular Test\DmsProjeckt\DmsProjeckt.csproj]
C:\Users\rloer\Desktop\IT-Pc\Angular Test\DmsProjeckt\Pages\Dokument\Index.cshtml.cs(280,27): warning CS8618: Non-Nullable-Eigenschaft ÔÇ×ObjectPathÔÇ£ muss beim Beenden des Konstruktors einen Wert ungleich NULL enthalten. F├╝gen Sie ggf. den ÔÇ×erforderlichenÔÇ£ Modifizierer hinzu, oder deklarieren Sie den Eigenschaft als NULL-Werte zulassend. [C:\Users\rloer\Desktop\IT-Pc\Angular Test\DmsProjeckt\DmsProjeckt.csproj]
C:\Users\rloer\Desktop\IT-Pc\Angular Test\DmsProjeckt\Pages\Dokument\Index.cshtml.cs(283,27): warning CS8618: Non-Nullable-Eigenschaft ÔÇ×KategorieÔÇ£ muss beim Beenden des Konstruktors einen Wert ungleich NULL enthalten. F├╝gen Sie ggf. den ÔÇ×erforderlichenÔÇ£ Modifizierer hinzu, oder deklarieren Sie den Eigenschaft als NULL-Werte zulassend. [C:\Users\rloer\Desktop\IT-Pc\Angular Test\DmsProjeckt\DmsProjeckt.csproj]
C:\Users\rloer\Desktop\IT-Pc\Angular Test\DmsProjeckt\Pages\Dokument\Index.cshtml.cs(285,27): warning CS8618: Non-Nullable-Eigenschaft ÔÇ×CommentSummaryÔÇ£ muss beim Beenden des Konstruktors einen Wert ungleich NULL enthalten. F├╝gen Sie ggf. den ÔÇ×erforderlichenÔÇ£ Modifizierer hinzu, oder deklarieren Sie den Eigenschaft als NULL-Werte zulassend. [C:\Users\rloer\Desktop\IT-Pc\Angular Test\DmsProjeckt\DmsProjeckt.csproj]
C:\Users\rloer\Desktop\IT-Pc\Angular Test\DmsProjeckt\Pages\Dokument\Index.cshtml.cs(290,27): warning CS8618: Non-Nullable-Eigenschaft ÔÇ×OriginalNameÔÇ£ muss beim Beenden des Konstruktors einen Wert ungleich NULL enthalten. F├╝gen Sie ggf. den ÔÇ×erforderlichenÔÇ£ Modifizierer hinzu, oder deklarieren Sie den Eigenschaft als NULL-Werte zulassend. [C:\Users\rloer\Desktop\IT-Pc\Angular Test\DmsProjeckt\DmsProjeckt.csproj]
C:\Users\rloer\Desktop\IT-Pc\Angular Test\DmsProjeckt\Pages\Dokument\Index.cshtml.cs(291,38): warning CS8618: Non-Nullable-Eigenschaft ÔÇ×VersionsÔÇ£ muss beim Beenden des Konstruktors einen Wert ungleich NULL enthalten. F├╝gen Sie ggf. den ÔÇ×erforderlichenÔÇ£ Modifizierer hinzu, oder deklarieren Sie den Eigenschaft als NULL-Werte zulassend. [C:\Users\rloer\Desktop\IT-Pc\Angular Test\DmsProjeckt\DmsProjeckt.csproj]
C:\Users\rloer\Desktop\IT-Pc\Angular Test\DmsProjeckt\Pages\Dokument\Index.cshtml.cs(381,55): warning CS8602: Dereferenzierung eines m├Âglichen Nullverweises. [C:\Users\rloer\Desktop\IT-Pc\Angular Test\DmsProjeckt\DmsProjeckt.csproj]
C:\Users\rloer\Desktop\IT-Pc\Angular Test\DmsProjeckt\Pages\Dokument\Index.cshtml.cs(397,55): warning CS8602: Dereferenzierung eines m├Âglichen Nullverweises. [C:\Users\rloer\Desktop\IT-Pc\Angular Test\DmsProjeckt\DmsProjeckt.csproj]
C:\Users\rloer\Desktop\IT-Pc\Angular Test\DmsProjeckt\Pages\Dokument\Index.cshtml.cs(439,36): warning CS8602: Dereferenzierung eines m├Âglichen Nullverweises. [C:\Users\rloer\Desktop\IT-Pc\Angular Test\DmsProjeckt\DmsProjeckt.csproj]
C:\Users\rloer\Desktop\IT-Pc\Angular Test\DmsProjeckt\Pages\Dokument\Index.cshtml.cs(445,25): warning CS8602: Dereferenzierung eines m├Âglichen Nullverweises. [C:\Users\rloer\Desktop\IT-Pc\Angular Test\DmsProjeckt\DmsProjeckt.csproj]
C:\Users\rloer\Desktop\IT-Pc\Angular Test\DmsProjeckt\Pages\Dokument\Index.cshtml.cs(581,91): warning CS8604: M├Âgliches Nullverweisargument f├╝r den Parameter "benutzerId" in "Task<List<AuditLogDokument>> AuditLogDokumentService.ObtenirHistoriquePourBenutzerAsync(string benutzerId)". [C:\Users\rloer\Desktop\IT-Pc\Angular Test\DmsProjeckt\DmsProjeckt.csproj]
C:\Users\rloer\Desktop\IT-Pc\Angular Test\DmsProjeckt\Pages\Dokument\Index.cshtml.cs(589,30): warning CS8619: Die NULL-Zul├ñssigkeit von Verweistypen im Wert vom Typ "List<string?>" entspricht nicht dem Zieltyp "List<string>". [C:\Users\rloer\Desktop\IT-Pc\Angular Test\DmsProjeckt\DmsProjeckt.csproj]
C:\Users\rloer\Desktop\IT-Pc\Angular Test\DmsProjeckt\Pages\Dokument\Index.cshtml.cs(2448,23): warning CS8618: Non-Nullable-Eigenschaft ÔÇ×NewFolderÔÇ£ muss beim Beenden des Konstruktors einen Wert ungleich NULL enthalten. F├╝gen Sie ggf. den ÔÇ×erforderlichenÔÇ£ Modifizierer hinzu, oder deklarieren Sie den Eigenschaft als NULL-Werte zulassend. [C:\Users\rloer\Desktop\IT-Pc\Angular Test\DmsProjeckt\DmsProjeckt.csproj]
C:\Users\rloer\Desktop\IT-Pc\Angular Test\DmsProjeckt\Pages\Tests\UploadMulti.cshtml.cs(212,33): warning CS8601: M├Âgliche Nullverweiszuweisung. [C:\Users\rloer\Desktop\IT-Pc\Angular Test\DmsProjeckt\DmsProjeckt.csproj]
C:\Users\rloer\Desktop\IT-Pc\Angular Test\DmsProjeckt\Pages\Tests\UploadMulti.cshtml.cs(246,36): warning CS8601: M├Âgliche Nullverweiszuweisung. [C:\Users\rloer\Desktop\IT-Pc\Angular Test\DmsProjeckt\DmsProjeckt.csproj]
C:\Users\rloer\Desktop\IT-Pc\Angular Test\DmsProjeckt\Pages\Tests\UploadMulti.cshtml.cs(249,41): warning CS8601: M├Âgliche Nullverweiszuweisung. [C:\Users\rloer\Desktop\IT-Pc\Angular Test\DmsProjeckt\DmsProjeckt.csproj]
C:\Users\rloer\Desktop\IT-Pc\Angular Test\DmsProjeckt\Pages\Tests\UploadMulti.cshtml.cs(250,44): warning CS8601: M├Âgliche Nullverweiszuweisung. [C:\Users\rloer\Desktop\IT-Pc\Angular Test\DmsProjeckt\DmsProjeckt.csproj]
C:\Users\rloer\Desktop\IT-Pc\Angular Test\DmsProjeckt\Pages\Tests\UploadMulti.cshtml.cs(251,37): warning CS8601: M├Âgliche Nullverweiszuweisung. [C:\Users\rloer\Desktop\IT-Pc\Angular Test\DmsProjeckt\DmsProjeckt.csproj]
C:\Users\rloer\Desktop\IT-Pc\Angular Test\DmsProjeckt\Pages\Tests\UploadMulti.cshtml.cs(252,47): warning CS8601: M├Âgliche Nullverweiszuweisung. [C:\Users\rloer\Desktop\IT-Pc\Angular Test\DmsProjeckt\DmsProjeckt.csproj]
C:\Users\rloer\Desktop\IT-Pc\Angular Test\DmsProjeckt\Pages\Tests\UploadMulti.cshtml.cs(253,44): warning CS8601: M├Âgliche Nullverweiszuweisung. [C:\Users\rloer\Desktop\IT-Pc\Angular Test\DmsProjeckt\DmsProjeckt.csproj]
C:\Users\rloer\Desktop\IT-Pc\Angular Test\DmsProjeckt\Pages\Tests\UploadMulti.cshtml.cs(254,47): warning CS8601: M├Âgliche Nullverweiszuweisung. [C:\Users\rloer\Desktop\IT-Pc\Angular Test\DmsProjeckt\DmsProjeckt.csproj]
C:\Users\rloer\Desktop\IT-Pc\Angular Test\DmsProjeckt\Pages\Tests\UploadMulti.cshtml.cs(255,43): warning CS8601: M├Âgliche Nullverweiszuweisung. [C:\Users\rloer\Desktop\IT-Pc\Angular Test\DmsProjeckt\DmsProjeckt.csproj]
C:\Users\rloer\Desktop\IT-Pc\Angular Test\DmsProjeckt\Pages\Tests\UploadMulti.cshtml.cs(256,43): warning CS8601: M├Âgliche Nullverweiszuweisung. [C:\Users\rloer\Desktop\IT-Pc\Angular Test\DmsProjeckt\DmsProjeckt.csproj]
C:\Users\rloer\Desktop\IT-Pc\Angular Test\DmsProjeckt\Pages\Tests\UploadMulti.cshtml.cs(257,44): warning CS8601: M├Âgliche Nullverweiszuweisung. [C:\Users\rloer\Desktop\IT-Pc\Angular Test\DmsProjeckt\DmsProjeckt.csproj]
C:\Users\rloer\Desktop\IT-Pc\Angular Test\DmsProjeckt\Pages\Tests\UploadMulti.cshtml.cs(258,46): warning CS8601: M├Âgliche Nullverweiszuweisung. [C:\Users\rloer\Desktop\IT-Pc\Angular Test\DmsProjeckt\DmsProjeckt.csproj]
C:\Users\rloer\Desktop\IT-Pc\Angular Test\DmsProjeckt\Pages\Tests\UploadMulti.cshtml.cs(259,43): warning CS8601: M├Âgliche Nullverweiszuweisung. [C:\Users\rloer\Desktop\IT-Pc\Angular Test\DmsProjeckt\DmsProjeckt.csproj]
C:\Users\rloer\Desktop\IT-Pc\Angular Test\DmsProjeckt\Pages\Tests\UploadMulti.cshtml.cs(260,49): warning CS8601: M├Âgliche Nullverweiszuweisung. [C:\Users\rloer\Desktop\IT-Pc\Angular Test\DmsProjeckt\DmsProjeckt.csproj]
C:\Users\rloer\Desktop\IT-Pc\Angular Test\DmsProjeckt\Pages\Tests\UploadMulti.cshtml.cs(261,51): warning CS8601: M├Âgliche Nullverweiszuweisung. [C:\Users\rloer\Desktop\IT-Pc\Angular Test\DmsProjeckt\DmsProjeckt.csproj]
C:\Users\rloer\Desktop\IT-Pc\Angular Test\DmsProjeckt\Pages\Tests\UploadMulti.cshtml.cs(262,41): warning CS8601: M├Âgliche Nullverweiszuweisung. [C:\Users\rloer\Desktop\IT-Pc\Angular Test\DmsProjeckt\DmsProjeckt.csproj]
C:\Users\rloer\Desktop\IT-Pc\Angular Test\DmsProjeckt\Pages\Tests\UploadMulti.cshtml.cs(263,45): warning CS8601: M├Âgliche Nullverweiszuweisung. [C:\Users\rloer\Desktop\IT-Pc\Angular Test\DmsProjeckt\DmsProjeckt.csproj]
C:\Users\rloer\Desktop\IT-Pc\Angular Test\DmsProjeckt\Pages\Tests\UploadMulti.cshtml.cs(264,37): warning CS8601: M├Âgliche Nullverweiszuweisung. [C:\Users\rloer\Desktop\IT-Pc\Angular Test\DmsProjeckt\DmsProjeckt.csproj]
C:\Users\rloer\Desktop\IT-Pc\Angular Test\DmsProjeckt\Pages\Tests\UploadMulti.cshtml.cs(265,39): warning CS8601: M├Âgliche Nullverweiszuweisung. [C:\Users\rloer\Desktop\IT-Pc\Angular Test\DmsProjeckt\DmsProjeckt.csproj]
C:\Users\rloer\Desktop\IT-Pc\Angular Test\DmsProjeckt\Pages\Tests\UploadMulti.cshtml.cs(266,39): warning CS8601: M├Âgliche Nullverweiszuweisung. [C:\Users\rloer\Desktop\IT-Pc\Angular Test\DmsProjeckt\DmsProjeckt.csproj]
C:\Users\rloer\Desktop\IT-Pc\Angular Test\DmsProjeckt\Pages\Tests\UploadMulti.cshtml.cs(267,36): warning CS8601: M├Âgliche Nullverweiszuweisung. [C:\Users\rloer\Desktop\IT-Pc\Angular Test\DmsProjeckt\DmsProjeckt.csproj]
C:\Users\rloer\Desktop\IT-Pc\Angular Test\DmsProjeckt\Pages\Tests\UploadMulti.cshtml.cs(268,35): warning CS8601: M├Âgliche Nullverweiszuweisung. [C:\Users\rloer\Desktop\IT-Pc\Angular Test\DmsProjeckt\DmsProjeckt.csproj]
C:\Users\rloer\Desktop\IT-Pc\Angular Test\DmsProjeckt\Pages\Tests\UploadMulti.cshtml.cs(269,46): warning CS8601: M├Âgliche Nullverweiszuweisung. [C:\Users\rloer\Desktop\IT-Pc\Angular Test\DmsProjeckt\DmsProjeckt.csproj]
C:\Users\rloer\Desktop\IT-Pc\Angular Test\DmsProjeckt\Pages\Tests\UploadMulti.cshtml.cs(270,40): warning CS8601: M├Âgliche Nullverweiszuweisung. [C:\Users\rloer\Desktop\IT-Pc\Angular Test\DmsProjeckt\DmsProjeckt.csproj]
C:\Users\rloer\Desktop\IT-Pc\Angular Test\DmsProjeckt\Pages\Tests\UploadMulti.cshtml.cs(271,41): warning CS8601: M├Âgliche Nullverweiszuweisung. [C:\Users\rloer\Desktop\IT-Pc\Angular Test\DmsProjeckt\DmsProjeckt.csproj]
C:\Users\rloer\Desktop\IT-Pc\Angular Test\DmsProjeckt\Pages\Tests\UploadMulti.cshtml.cs(272,39): warning CS8601: M├Âgliche Nullverweiszuweisung. [C:\Users\rloer\Desktop\IT-Pc\Angular Test\DmsProjeckt\DmsProjeckt.csproj]
C:\Users\rloer\Desktop\IT-Pc\Angular Test\DmsProjeckt\Pages\Tests\UploadMulti.cshtml.cs(273,47): warning CS8601: M├Âgliche Nullverweiszuweisung. [C:\Users\rloer\Desktop\IT-Pc\Angular Test\DmsProjeckt\DmsProjeckt.csproj]
C:\Users\rloer\Desktop\IT-Pc\Angular Test\DmsProjeckt\Pages\Tests\UploadMulti.cshtml.cs(274,47): warning CS8601: M├Âgliche Nullverweiszuweisung. [C:\Users\rloer\Desktop\IT-Pc\Angular Test\DmsProjeckt\DmsProjeckt.csproj]
C:\Users\rloer\Desktop\IT-Pc\Angular Test\DmsProjeckt\Pages\Tests\UploadMulti.cshtml.cs(275,40): warning CS8601: M├Âgliche Nullverweiszuweisung. [C:\Users\rloer\Desktop\IT-Pc\Angular Test\DmsProjeckt\DmsProjeckt.csproj]
C:\Users\rloer\Desktop\IT-Pc\Angular Test\DmsProjeckt\Pages\Tests\UploadMulti.cshtml.cs(276,40): warning CS8601: M├Âgliche Nullverweiszuweisung. [C:\Users\rloer\Desktop\IT-Pc\Angular Test\DmsProjeckt\DmsProjeckt.csproj]
C:\Users\rloer\Desktop\IT-Pc\Angular Test\DmsProjeckt\Pages\Tests\UploadMulti.cshtml.cs(277,42): warning CS8601: M├Âgliche Nullverweiszuweisung. [C:\Users\rloer\Desktop\IT-Pc\Angular Test\DmsProjeckt\DmsProjeckt.csproj]
C:\Users\rloer\Desktop\IT-Pc\Angular Test\DmsProjeckt\Pages\Tests\UploadMulti.cshtml.cs(278,52): warning CS8601: M├Âgliche Nullverweiszuweisung. [C:\Users\rloer\Desktop\IT-Pc\Angular Test\DmsProjeckt\DmsProjeckt.csproj]
C:\Users\rloer\Desktop\IT-Pc\Angular Test\DmsProjeckt\Pages\Tests\UploadMulti.cshtml.cs(279,39): warning CS8601: M├Âgliche Nullverweiszuweisung. [C:\Users\rloer\Desktop\IT-Pc\Angular Test\DmsProjeckt\DmsProjeckt.csproj]
C:\Users\rloer\Desktop\IT-Pc\Angular Test\DmsProjeckt\Pages\Tests\UploadMulti.cshtml.cs(280,39): warning CS8601: M├Âgliche Nullverweiszuweisung. [C:\Users\rloer\Desktop\IT-Pc\Angular Test\DmsProjeckt\DmsProjeckt.csproj]
C:\Users\rloer\Desktop\IT-Pc\Angular Test\DmsProjeckt\Pages\Tests\UploadMulti.cshtml.cs(281,42): warning CS8601: M├Âgliche Nullverweiszuweisung. [C:\Users\rloer\Desktop\IT-Pc\Angular Test\DmsProjeckt\DmsProjeckt.csproj]
C:\Users\rloer\Desktop\IT-Pc\Angular Test\DmsProjeckt\Pages\Tests\UploadMulti.cshtml.cs(300,34): warning CS8629: Ein Werttyp, der NULL zul├ñsst, kann NULL sein. [C:\Users\rloer\Desktop\IT-Pc\Angular Test\DmsProjeckt\DmsProjeckt.csproj]
C:\Users\rloer\Desktop\IT-Pc\Angular Test\DmsProjeckt\Pages\Tests\UploadMulti.cshtml.cs(316,40): warning CS8601: M├Âgliche Nullverweiszuweisung. [C:\Users\rloer\Desktop\IT-Pc\Angular Test\DmsProjeckt\DmsProjeckt.csproj]
C:\Users\rloer\Desktop\IT-Pc\Angular Test\DmsProjeckt\Pages\Tests\UploadMulti.cshtml.cs(319,45): warning CS8601: M├Âgliche Nullverweiszuweisung. [C:\Users\rloer\Desktop\IT-Pc\Angular Test\DmsProjeckt\DmsProjeckt.csproj]
C:\Users\rloer\Desktop\IT-Pc\Angular Test\DmsProjeckt\Pages\Tests\UploadMulti.cshtml.cs(320,48): warning CS8601: M├Âgliche Nullverweiszuweisung. [C:\Users\rloer\Desktop\IT-Pc\Angular Test\DmsProjeckt\DmsProjeckt.csproj]
C:\Users\rloer\Desktop\IT-Pc\Angular Test\DmsProjeckt\Pages\Tests\UploadMulti.cshtml.cs(321,41): warning CS8601: M├Âgliche Nullverweiszuweisung. [C:\Users\rloer\Desktop\IT-Pc\Angular Test\DmsProjeckt\DmsProjeckt.csproj]
C:\Users\rloer\Desktop\IT-Pc\Angular Test\DmsProjeckt\Pages\Tests\UploadMulti.cshtml.cs(322,51): warning CS8601: M├Âgliche Nullverweiszuweisung. [C:\Users\rloer\Desktop\IT-Pc\Angular Test\DmsProjeckt\DmsProjeckt.csproj]
C:\Users\rloer\Desktop\IT-Pc\Angular Test\DmsProjeckt\Pages\Tests\UploadMulti.cshtml.cs(323,48): warning CS8601: M├Âgliche Nullverweiszuweisung. [C:\Users\rloer\Desktop\IT-Pc\Angular Test\DmsProjeckt\DmsProjeckt.csproj]
C:\Users\rloer\Desktop\IT-Pc\Angular Test\DmsProjeckt\Pages\Tests\UploadMulti.cshtml.cs(324,51): warning CS8601: M├Âgliche Nullverweiszuweisung. [C:\Users\rloer\Desktop\IT-Pc\Angular Test\DmsProjeckt\DmsProjeckt.csproj]
C:\Users\rloer\Desktop\IT-Pc\Angular Test\DmsProjeckt\Pages\Tests\UploadMulti.cshtml.cs(325,47): warning CS8601: M├Âgliche Nullverweiszuweisung. [C:\Users\rloer\Desktop\IT-Pc\Angular Test\DmsProjeckt\DmsProjeckt.csproj]
C:\Users\rloer\Desktop\IT-Pc\Angular Test\DmsProjeckt\Pages\Tests\UploadMulti.cshtml.cs(326,47): warning CS8601: M├Âgliche Nullverweiszuweisung. [C:\Users\rloer\Desktop\IT-Pc\Angular Test\DmsProjeckt\DmsProjeckt.csproj]
C:\Users\rloer\Desktop\IT-Pc\Angular Test\DmsProjeckt\Pages\Tests\UploadMulti.cshtml.cs(327,48): warning CS8601: M├Âgliche Nullverweiszuweisung. [C:\Users\rloer\Desktop\IT-Pc\Angular Test\DmsProjeckt\DmsProjeckt.csproj]
C:\Users\rloer\Desktop\IT-Pc\Angular Test\DmsProjeckt\Pages\Tests\UploadMulti.cshtml.cs(328,50): warning CS8601: M├Âgliche Nullverweiszuweisung. [C:\Users\rloer\Desktop\IT-Pc\Angular Test\DmsProjeckt\DmsProjeckt.csproj]
C:\Users\rloer\Desktop\IT-Pc\Angular Test\DmsProjeckt\Pages\Tests\UploadMulti.cshtml.cs(329,47): warning CS8601: M├Âgliche Nullverweiszuweisung. [C:\Users\rloer\Desktop\IT-Pc\Angular Test\DmsProjeckt\DmsProjeckt.csproj]
C:\Users\rloer\Desktop\IT-Pc\Angular Test\DmsProjeckt\Pages\Tests\UploadMulti.cshtml.cs(330,53): warning CS8601: M├Âgliche Nullverweiszuweisung. [C:\Users\rloer\Desktop\IT-Pc\Angular Test\DmsProjeckt\DmsProjeckt.csproj]
C:\Users\rloer\Desktop\IT-Pc\Angular Test\DmsProjeckt\Pages\Tests\UploadMulti.cshtml.cs(331,55): warning CS8601: M├Âgliche Nullverweiszuweisung. [C:\Users\rloer\Desktop\IT-Pc\Angular Test\DmsProjeckt\DmsProjeckt.csproj]
C:\Users\rloer\Desktop\IT-Pc\Angular Test\DmsProjeckt\Pages\Tests\UploadMulti.cshtml.cs(332,45): warning CS8601: M├Âgliche Nullverweiszuweisung. [C:\Users\rloer\Desktop\IT-Pc\Angular Test\DmsProjeckt\DmsProjeckt.csproj]
C:\Users\rloer\Desktop\IT-Pc\Angular Test\DmsProjeckt\Pages\Tests\UploadMulti.cshtml.cs(333,49): warning CS8601: M├Âgliche Nullverweiszuweisung. [C:\Users\rloer\Desktop\IT-Pc\Angular Test\DmsProjeckt\DmsProjeckt.csproj]
C:\Users\rloer\Desktop\IT-Pc\Angular Test\DmsProjeckt\Pages\Tests\UploadMulti.cshtml.cs(334,41): warning CS8601: M├Âgliche Nullverweiszuweisung. [C:\Users\rloer\Desktop\IT-Pc\Angular Test\DmsProjeckt\DmsProjeckt.csproj]
C:\Users\rloer\Desktop\IT-Pc\Angular Test\DmsProjeckt\Pages\Tests\UploadMulti.cshtml.cs(335,43): warning CS8601: M├Âgliche Nullverweiszuweisung. [C:\Users\rloer\Desktop\IT-Pc\Angular Test\DmsProjeckt\DmsProjeckt.csproj]
C:\Users\rloer\Desktop\IT-Pc\Angular Test\DmsProjeckt\Pages\Tests\UploadMulti.cshtml.cs(336,43): warning CS8601: M├Âgliche Nullverweiszuweisung. [C:\Users\rloer\Desktop\IT-Pc\Angular Test\DmsProjeckt\DmsProjeckt.csproj]
C:\Users\rloer\Desktop\IT-Pc\Angular Test\DmsProjeckt\Pages\Tests\UploadMulti.cshtml.cs(337,40): warning CS8601: M├Âgliche Nullverweiszuweisung. [C:\Users\rloer\Desktop\IT-Pc\Angular Test\DmsProjeckt\DmsProjeckt.csproj]
C:\Users\rloer\Desktop\IT-Pc\Angular Test\DmsProjeckt\Pages\Tests\UploadMulti.cshtml.cs(338,39): warning CS8601: M├Âgliche Nullverweiszuweisung. [C:\Users\rloer\Desktop\IT-Pc\Angular Test\DmsProjeckt\DmsProjeckt.csproj]
C:\Users\rloer\Desktop\IT-Pc\Angular Test\DmsProjeckt\Pages\Tests\UploadMulti.cshtml.cs(339,50): warning CS8601: M├Âgliche Nullverweiszuweisung. [C:\Users\rloer\Desktop\IT-Pc\Angular Test\DmsProjeckt\DmsProjeckt.csproj]
C:\Users\rloer\Desktop\IT-Pc\Angular Test\DmsProjeckt\Pages\Tests\UploadMulti.cshtml.cs(340,44): warning CS8601: M├Âgliche Nullverweiszuweisung. [C:\Users\rloer\Desktop\IT-Pc\Angular Test\DmsProjeckt\DmsProjeckt.csproj]
C:\Users\rloer\Desktop\IT-Pc\Angular Test\DmsProjeckt\Pages\Tests\UploadMulti.cshtml.cs(341,45): warning CS8601: M├Âgliche Nullverweiszuweisung. [C:\Users\rloer\Desktop\IT-Pc\Angular Test\DmsProjeckt\DmsProjeckt.csproj]
C:\Users\rloer\Desktop\IT-Pc\Angular Test\DmsProjeckt\Pages\Tests\UploadMulti.cshtml.cs(342,43): warning CS8601: M├Âgliche Nullverweiszuweisung. [C:\Users\rloer\Desktop\IT-Pc\Angular Test\DmsProjeckt\DmsProjeckt.csproj]
C:\Users\rloer\Desktop\IT-Pc\Angular Test\DmsProjeckt\Pages\Tests\UploadMulti.cshtml.cs(343,51): warning CS8601: M├Âgliche Nullverweiszuweisung. [C:\Users\rloer\Desktop\IT-Pc\Angular Test\DmsProjeckt\DmsProjeckt.csproj]
C:\Users\rloer\Desktop\IT-Pc\Angular Test\DmsProjeckt\Pages\Tests\UploadMulti.cshtml.cs(344,51): warning CS8601: M├Âgliche Nullverweiszuweisung. [C:\Users\rloer\Desktop\IT-Pc\Angular Test\DmsProjeckt\DmsProjeckt.csproj]
C:\Users\rloer\Desktop\IT-Pc\Angular Test\DmsProjeckt\Pages\Tests\UploadMulti.cshtml.cs(345,44): warning CS8601: M├Âgliche Nullverweiszuweisung. [C:\Users\rloer\Desktop\IT-Pc\Angular Test\DmsProjeckt\DmsProjeckt.csproj]
C:\Users\rloer\Desktop\IT-Pc\Angular Test\DmsProjeckt\Pages\Tests\UploadMulti.cshtml.cs(346,44): warning CS8601: M├Âgliche Nullverweiszuweisung. [C:\Users\rloer\Desktop\IT-Pc\Angular Test\DmsProjeckt\DmsProjeckt.csproj]
C:\Users\rloer\Desktop\IT-Pc\Angular Test\DmsProjeckt\Pages\Tests\UploadMulti.cshtml.cs(347,46): warning CS8601: M├Âgliche Nullverweiszuweisung. [C:\Users\rloer\Desktop\IT-Pc\Angular Test\DmsProjeckt\DmsProjeckt.csproj]
C:\Users\rloer\Desktop\IT-Pc\Angular Test\DmsProjeckt\Pages\Tests\UploadMulti.cshtml.cs(348,56): warning CS8601: M├Âgliche Nullverweiszuweisung. [C:\Users\rloer\Desktop\IT-Pc\Angular Test\DmsProjeckt\DmsProjeckt.csproj]
C:\Users\rloer\Desktop\IT-Pc\Angular Test\DmsProjeckt\Pages\Tests\UploadMulti.cshtml.cs(349,43): warning CS8601: M├Âgliche Nullverweiszuweisung. [C:\Users\rloer\Desktop\IT-Pc\Angular Test\DmsProjeckt\DmsProjeckt.csproj]
C:\Users\rloer\Desktop\IT-Pc\Angular Test\DmsProjeckt\Pages\Tests\UploadMulti.cshtml.cs(350,43): warning CS8601: M├Âgliche Nullverweiszuweisung. [C:\Users\rloer\Desktop\IT-Pc\Angular Test\DmsProjeckt\DmsProjeckt.csproj]
C:\Users\rloer\Desktop\IT-Pc\Angular Test\DmsProjeckt\Pages\Tests\UploadMulti.cshtml.cs(351,46): warning CS8601: M├Âgliche Nullverweiszuweisung. [C:\Users\rloer\Desktop\IT-Pc\Angular Test\DmsProjeckt\DmsProjeckt.csproj]
C:\Users\rloer\Desktop\IT-Pc\Angular Test\DmsProjeckt\Pages\Tests\UploadMulti.cshtml.cs(371,36): warning CS8601: M├Âgliche Nullverweiszuweisung. [C:\Users\rloer\Desktop\IT-Pc\Angular Test\DmsProjeckt\DmsProjeckt.csproj]
C:\Users\rloer\Desktop\IT-Pc\Angular Test\DmsProjeckt\Pages\Tests\UploadMulti.cshtml.cs(374,41): warning CS8601: M├Âgliche Nullverweiszuweisung. [C:\Users\rloer\Desktop\IT-Pc\Angular Test\DmsProjeckt\DmsProjeckt.csproj]
C:\Users\rloer\Desktop\IT-Pc\Angular Test\DmsProjeckt\Pages\Tests\UploadMulti.cshtml.cs(375,44): warning CS8601: M├Âgliche Nullverweiszuweisung. [C:\Users\rloer\Desktop\IT-Pc\Angular Test\DmsProjeckt\DmsProjeckt.csproj]
C:\Users\rloer\Desktop\IT-Pc\Angular Test\DmsProjeckt\Pages\Tests\UploadMulti.cshtml.cs(376,37): warning CS8601: M├Âgliche Nullverweiszuweisung. [C:\Users\rloer\Desktop\IT-Pc\Angular Test\DmsProjeckt\DmsProjeckt.csproj]
C:\Users\rloer\Desktop\IT-Pc\Angular Test\DmsProjeckt\Pages\Tests\UploadMulti.cshtml.cs(377,47): warning CS8601: M├Âgliche Nullverweiszuweisung. [C:\Users\rloer\Desktop\IT-Pc\Angular Test\DmsProjeckt\DmsProjeckt.csproj]
C:\Users\rloer\Desktop\IT-Pc\Angular Test\DmsProjeckt\Pages\Tests\UploadMulti.cshtml.cs(378,44): warning CS8601: M├Âgliche Nullverweiszuweisung. [C:\Users\rloer\Desktop\IT-Pc\Angular Test\DmsProjeckt\DmsProjeckt.csproj]
C:\Users\rloer\Desktop\IT-Pc\Angular Test\DmsProjeckt\Pages\Tests\UploadMulti.cshtml.cs(379,47): warning CS8601: M├Âgliche Nullverweiszuweisung. [C:\Users\rloer\Desktop\IT-Pc\Angular Test\DmsProjeckt\DmsProjeckt.csproj]
C:\Users\rloer\Desktop\IT-Pc\Angular Test\DmsProjeckt\Pages\Tests\UploadMulti.cshtml.cs(380,43): warning CS8601: M├Âgliche Nullverweiszuweisung. [C:\Users\rloer\Desktop\IT-Pc\Angular Test\DmsProjeckt\DmsProjeckt.csproj]
C:\Users\rloer\Desktop\IT-Pc\Angular Test\DmsProjeckt\Pages\Tests\UploadMulti.cshtml.cs(381,43): warning CS8601: M├Âgliche Nullverweiszuweisung. [C:\Users\rloer\Desktop\IT-Pc\Angular Test\DmsProjeckt\DmsProjeckt.csproj]
C:\Users\rloer\Desktop\IT-Pc\Angular Test\DmsProjeckt\Pages\Tests\UploadMulti.cshtml.cs(382,44): warning CS8601: M├Âgliche Nullverweiszuweisung. [C:\Users\rloer\Desktop\IT-Pc\Angular Test\DmsProjeckt\DmsProjeckt.csproj]
C:\Users\rloer\Desktop\IT-Pc\Angular Test\DmsProjeckt\Pages\Tests\UploadMulti.cshtml.cs(383,46): warning CS8601: M├Âgliche Nullverweiszuweisung. [C:\Users\rloer\Desktop\IT-Pc\Angular Test\DmsProjeckt\DmsProjeckt.csproj]
C:\Users\rloer\Desktop\IT-Pc\Angular Test\DmsProjeckt\Pages\Tests\UploadMulti.cshtml.cs(384,43): warning CS8601: M├Âgliche Nullverweiszuweisung. [C:\Users\rloer\Desktop\IT-Pc\Angular Test\DmsProjeckt\DmsProjeckt.csproj]
C:\Users\rloer\Desktop\IT-Pc\Angular Test\DmsProjeckt\Pages\Tests\UploadMulti.cshtml.cs(385,49): warning CS8601: M├Âgliche Nullverweiszuweisung. [C:\Users\rloer\Desktop\IT-Pc\Angular Test\DmsProjeckt\DmsProjeckt.csproj]
C:\Users\rloer\Desktop\IT-Pc\Angular Test\DmsProjeckt\Pages\Tests\UploadMulti.cshtml.cs(386,51): warning CS8601: M├Âgliche Nullverweiszuweisung. [C:\Users\rloer\Desktop\IT-Pc\Angular Test\DmsProjeckt\DmsProjeckt.csproj]
C:\Users\rloer\Desktop\IT-Pc\Angular Test\DmsProjeckt\Pages\Tests\UploadMulti.cshtml.cs(387,41): warning CS8601: M├Âgliche Nullverweiszuweisung. [C:\Users\rloer\Desktop\IT-Pc\Angular Test\DmsProjeckt\DmsProjeckt.csproj]
C:\Users\rloer\Desktop\IT-Pc\Angular Test\DmsProjeckt\Pages\Tests\UploadMulti.cshtml.cs(388,45): warning CS8601: M├Âgliche Nullverweiszuweisung. [C:\Users\rloer\Desktop\IT-Pc\Angular Test\DmsProjeckt\DmsProjeckt.csproj]
C:\Users\rloer\Desktop\IT-Pc\Angular Test\DmsProjeckt\Pages\Tests\UploadMulti.cshtml.cs(389,37): warning CS8601: M├Âgliche Nullverweiszuweisung. [C:\Users\rloer\Desktop\IT-Pc\Angular Test\DmsProjeckt\DmsProjeckt.csproj]
C:\Users\rloer\Desktop\IT-Pc\Angular Test\DmsProjeckt\Pages\Tests\UploadMulti.cshtml.cs(390,39): warning CS8601: M├Âgliche Nullverweiszuweisung. [C:\Users\rloer\Desktop\IT-Pc\Angular Test\DmsProjeckt\DmsProjeckt.csproj]
C:\Users\rloer\Desktop\IT-Pc\Angular Test\DmsProjeckt\Pages\Tests\UploadMulti.cshtml.cs(391,39): warning CS8601: M├Âgliche Nullverweiszuweisung. [C:\Users\rloer\Desktop\IT-Pc\Angular Test\DmsProjeckt\DmsProjeckt.csproj]
C:\Users\rloer\Desktop\IT-Pc\Angular Test\DmsProjeckt\Pages\Tests\UploadMulti.cshtml.cs(392,36): warning CS8601: M├Âgliche Nullverweiszuweisung. [C:\Users\rloer\Desktop\IT-Pc\Angular Test\DmsProjeckt\DmsProjeckt.csproj]
C:\Users\rloer\Desktop\IT-Pc\Angular Test\DmsProjeckt\Pages\Tests\UploadMulti.cshtml.cs(393,35): warning CS8601: M├Âgliche Nullverweiszuweisung. [C:\Users\rloer\Desktop\IT-Pc\Angular Test\DmsProjeckt\DmsProjeckt.csproj]
C:\Users\rloer\Desktop\IT-Pc\Angular Test\DmsProjeckt\Pages\Tests\UploadMulti.cshtml.cs(394,46): warning CS8601: M├Âgliche Nullverweiszuweisung. [C:\Users\rloer\Desktop\IT-Pc\Angular Test\DmsProjeckt\DmsProjeckt.csproj]
C:\Users\rloer\Desktop\IT-Pc\Angular Test\DmsProjeckt\Pages\Tests\UploadMulti.cshtml.cs(395,40): warning CS8601: M├Âgliche Nullverweiszuweisung. [C:\Users\rloer\Desktop\IT-Pc\Angular Test\DmsProjeckt\DmsProjeckt.csproj]
C:\Users\rloer\Desktop\IT-Pc\Angular Test\DmsProjeckt\Pages\Tests\UploadMulti.cshtml.cs(396,41): warning CS8601: M├Âgliche Nullverweiszuweisung. [C:\Users\rloer\Desktop\IT-Pc\Angular Test\DmsProjeckt\DmsProjeckt.csproj]
C:\Users\rloer\Desktop\IT-Pc\Angular Test\DmsProjeckt\Pages\Tests\UploadMulti.cshtml.cs(397,39): warning CS8601: M├Âgliche Nullverweiszuweisung. [C:\Users\rloer\Desktop\IT-Pc\Angular Test\DmsProjeckt\DmsProjeckt.csproj]
C:\Users\rloer\Desktop\IT-Pc\Angular Test\DmsProjeckt\Pages\Tests\UploadMulti.cshtml.cs(398,47): warning CS8601: M├Âgliche Nullverweiszuweisung. [C:\Users\rloer\Desktop\IT-Pc\Angular Test\DmsProjeckt\DmsProjeckt.csproj]
C:\Users\rloer\Desktop\IT-Pc\Angular Test\DmsProjeckt\Pages\Tests\UploadMulti.cshtml.cs(399,47): warning CS8601: M├Âgliche Nullverweiszuweisung. [C:\Users\rloer\Desktop\IT-Pc\Angular Test\DmsProjeckt\DmsProjeckt.csproj]
C:\Users\rloer\Desktop\IT-Pc\Angular Test\DmsProjeckt\Pages\Tests\UploadMulti.cshtml.cs(400,40): warning CS8601: M├Âgliche Nullverweiszuweisung. [C:\Users\rloer\Desktop\IT-Pc\Angular Test\DmsProjeckt\DmsProjeckt.csproj]
C:\Users\rloer\Desktop\IT-Pc\Angular Test\DmsProjeckt\Pages\Tests\UploadMulti.cshtml.cs(401,39): warning CS8601: M├Âgliche Nullverweiszuweisung. [C:\Users\rloer\Desktop\IT-Pc\Angular Test\DmsProjeckt\DmsProjeckt.csproj]
C:\Users\rloer\Desktop\IT-Pc\Angular Test\DmsProjeckt\Pages\Tests\UploadMulti.cshtml.cs(402,39): warning CS8601: M├Âgliche Nullverweiszuweisung. [C:\Users\rloer\Desktop\IT-Pc\Angular Test\DmsProjeckt\DmsProjeckt.csproj]
C:\Users\rloer\Desktop\IT-Pc\Angular Test\DmsProjeckt\Pages\Tests\UploadMulti.cshtml.cs(403,42): warning CS8601: M├Âgliche Nullverweiszuweisung. [C:\Users\rloer\Desktop\IT-Pc\Angular Test\DmsProjeckt\DmsProjeckt.csproj]
C:\Users\rloer\Desktop\IT-Pc\Angular Test\DmsProjeckt\Pages\Dokument\Index.cshtml.cs(2454,23): warning CS8618: Non-Nullable-Eigenschaft ÔÇ×SourceÔÇ£ muss beim Beenden des Konstruktors einen Wert ungleich NULL enthalten. F├╝gen Sie ggf. den ÔÇ×erforderlichenÔÇ£ Modifizierer hinzu, oder deklarieren Sie den Eigenschaft als NULL-Werte zulassend. [C:\Users\rloer\Desktop\IT-Pc\Angular Test\DmsProjeckt\DmsProjeckt.csproj]
C:\Users\rloer\Desktop\IT-Pc\Angular Test\DmsProjeckt\Pages\Dokument\Index.cshtml.cs(2455,23): warning CS8618: Non-Nullable-Eigenschaft ÔÇ×TargetÔÇ£ muss beim Beenden des Konstruktors einen Wert ungleich NULL enthalten. F├╝gen Sie ggf. den ÔÇ×erforderlichenÔÇ£ Modifizierer hinzu, oder deklarieren Sie den Eigenschaft als NULL-Werte zulassend. [C:\Users\rloer\Desktop\IT-Pc\Angular Test\DmsProjeckt\DmsProjeckt.csproj]
C:\Users\rloer\Desktop\IT-Pc\Angular Test\DmsProjeckt\Pages\Dokument\Index.cshtml.cs(2458,23): warning CS8618: Non-Nullable-Eigenschaft ÔÇ×KategorieÔÇ£ muss beim Beenden des Konstruktors einen Wert ungleich NULL enthalten. F├╝gen Sie ggf. den ÔÇ×erforderlichenÔÇ£ Modifizierer hinzu, oder deklarieren Sie den Eigenschaft als NULL-Werte zulassend. [C:\Users\rloer\Desktop\IT-Pc\Angular Test\DmsProjeckt\DmsProjeckt.csproj]
C:\Users\rloer\Desktop\IT-Pc\Angular Test\DmsProjeckt\Pages\Workflows\Erstellen.cshtml.cs(42,37): warning CS8602: Dereferenzierung eines m├Âglichen Nullverweises. [C:\Users\rloer\Desktop\IT-Pc\Angular Test\DmsProjeckt\DmsProjeckt.csproj]
C:\Users\rloer\Desktop\IT-Pc\Angular Test\DmsProjeckt\Pages\Dokument\DashboardAdmin.cshtml.cs(569,51): warning CS8602: Dereferenzierung eines m├Âglichen Nullverweises. [C:\Users\rloer\Desktop\IT-Pc\Angular Test\DmsProjeckt\DmsProjeckt.csproj]
C:\Users\rloer\Desktop\IT-Pc\Angular Test\DmsProjeckt\Pages\Workflows\Index.cshtml.cs(20,16): warning CS8618: Non-Nullable-Eigenschaft ÔÇ×WorkflowsÔÇ£ muss beim Beenden des Konstruktors einen Wert ungleich NULL enthalten. F├╝gen Sie ggf. den ÔÇ×erforderlichenÔÇ£ Modifizierer hinzu, oder deklarieren Sie den Eigenschaft als NULL-Werte zulassend. [C:\Users\rloer\Desktop\IT-Pc\Angular Test\DmsProjeckt\DmsProjeckt.csproj]
C:\Users\rloer\Desktop\IT-Pc\Angular Test\DmsProjeckt\Pages\Workflows\Index.cshtml.cs(20,16): warning CS8618: Non-Nullable-Eigenschaft ÔÇ×CurrentUserIdÔÇ£ muss beim Beenden des Konstruktors einen Wert ungleich NULL enthalten. F├╝gen Sie ggf. den ÔÇ×erforderlichenÔÇ£ Modifizierer hinzu, oder deklarieren Sie den Eigenschaft als NULL-Werte zulassend. [C:\Users\rloer\Desktop\IT-Pc\Angular Test\DmsProjeckt\DmsProjeckt.csproj]
C:\Users\rloer\Desktop\IT-Pc\Angular Test\DmsProjeckt\Pages\Tests\UploadMulti.cshtml.cs(417,70): warning CS0618: "PdfDocumentOpenMode.ReadOnly" ist veraltet: "ReadOnly is not implemented, use Import instead." [C:\Users\rloer\Desktop\IT-Pc\Angular Test\DmsProjeckt\DmsProjeckt.csproj]
C:\Users\rloer\Desktop\IT-Pc\Angular Test\DmsProjeckt\Pages\Tests\UploadMulti.cshtml.cs(429,20): warning CS8603: M├Âgliche Nullverweisr├╝ckgabe. [C:\Users\rloer\Desktop\IT-Pc\Angular Test\DmsProjeckt\DmsProjeckt.csproj]
C:\Users\rloer\Desktop\IT-Pc\Angular Test\DmsProjeckt\Pages\Dokument\Index.cshtml.cs(2463,23): warning CS8618: Non-Nullable-Eigenschaft ÔÇ×SourceÔÇ£ muss beim Beenden des Konstruktors einen Wert ungleich NULL enthalten. F├╝gen Sie ggf. den ÔÇ×erforderlichenÔÇ£ Modifizierer hinzu, oder deklarieren Sie den Eigenschaft als NULL-Werte zulassend. [C:\Users\rloer\Desktop\IT-Pc\Angular Test\DmsProjeckt\DmsProjeckt.csproj]
C:\Users\rloer\Desktop\IT-Pc\Angular Test\DmsProjeckt\Pages\Dokument\Index.cshtml.cs(2464,23): warning CS8618: Non-Nullable-Eigenschaft ÔÇ×TargetÔÇ£ muss beim Beenden des Konstruktors einen Wert ungleich NULL enthalten. F├╝gen Sie ggf. den ÔÇ×erforderlichenÔÇ£ Modifizierer hinzu, oder deklarieren Sie den Eigenschaft als NULL-Werte zulassend. [C:\Users\rloer\Desktop\IT-Pc\Angular Test\DmsProjeckt\DmsProjeckt.csproj]
C:\Users\rloer\Desktop\IT-Pc\Angular Test\DmsProjeckt\Pages\Dokument\Index.cshtml.cs(2466,23): warning CS8618: Non-Nullable-Eigenschaft ÔÇ×KategorieÔÇ£ muss beim Beenden des Konstruktors einen Wert ungleich NULL enthalten. F├╝gen Sie ggf. den ÔÇ×erforderlichenÔÇ£ Modifizierer hinzu, oder deklarieren Sie den Eigenschaft als NULL-Werte zulassend. [C:\Users\rloer\Desktop\IT-Pc\Angular Test\DmsProjeckt\DmsProjeckt.csproj]
C:\Users\rloer\Desktop\IT-Pc\Angular Test\DmsProjeckt\Pages\Tests\Aufgaben.cshtml.cs(315,35): warning CS8602: Dereferenzierung eines m├Âglichen Nullverweises. [C:\Users\rloer\Desktop\IT-Pc\Angular Test\DmsProjeckt\DmsProjeckt.csproj]
C:\Users\rloer\Desktop\IT-Pc\Angular Test\DmsProjeckt\Pages\Tests\Aufgaben.cshtml.cs(340,115): warning CS8604: M├Âgliches Nullverweisargument f├╝r den Parameter "benutzerId" in "Task AuditLogService.LogActionOnlyAsync(string aktion, string benutzerId)". [C:\Users\rloer\Desktop\IT-Pc\Angular Test\DmsProjeckt\DmsProjeckt.csproj]
C:\Users\rloer\Desktop\IT-Pc\Angular Test\DmsProjeckt\Pages\Tests\Aufgaben.cshtml.cs(344,98): warning CS8602: Dereferenzierung eines m├Âglichen Nullverweises. [C:\Users\rloer\Desktop\IT-Pc\Angular Test\DmsProjeckt\DmsProjeckt.csproj]
C:\Users\rloer\Desktop\IT-Pc\Angular Test\DmsProjeckt\Pages\Tests\Aufgaben.cshtml.cs(349,102): warning CS8602: Dereferenzierung eines m├Âglichen Nullverweises. [C:\Users\rloer\Desktop\IT-Pc\Angular Test\DmsProjeckt\DmsProjeckt.csproj]
C:\Users\rloer\Desktop\IT-Pc\Angular Test\DmsProjeckt\Pages\Tests\Aufgaben.cshtml.cs(358,46): warning CS8602: Dereferenzierung eines m├Âglichen Nullverweises. [C:\Users\rloer\Desktop\IT-Pc\Angular Test\DmsProjeckt\DmsProjeckt.csproj]
C:\Users\rloer\Desktop\IT-Pc\Angular Test\DmsProjeckt\Pages\Tests\Aufgaben.cshtml.cs(366,34): warning CS8601: M├Âgliche Nullverweiszuweisung. [C:\Users\rloer\Desktop\IT-Pc\Angular Test\DmsProjeckt\DmsProjeckt.csproj]
C:\Users\rloer\Desktop\IT-Pc\Angular Test\DmsProjeckt\Pages\Tests\Aufgaben.cshtml.cs(379,27): warning CS8602: Dereferenzierung eines m├Âglichen Nullverweises. [C:\Users\rloer\Desktop\IT-Pc\Angular Test\DmsProjeckt\DmsProjeckt.csproj]
C:\Users\rloer\Desktop\IT-Pc\Angular Test\DmsProjeckt\Pages\Tests\Aufgaben.cshtml.cs(384,48): warning CS8604: M├Âgliches Nullverweisargument f├╝r den Parameter "to" in "Task EmailService.SendEmailAsync(string to, string subject, string body, List<(byte[] Data, string FileName, string MimeType)>? attachments = null)". [C:\Users\rloer\Desktop\IT-Pc\Angular Test\DmsProjeckt\DmsProjeckt.csproj]
C:\Users\rloer\Desktop\IT-Pc\Angular Test\DmsProjeckt\Pages\Tests\Aufgaben.cshtml.cs(412,70): warning CS8602: Dereferenzierung eines m├Âglichen Nullverweises. [C:\Users\rloer\Desktop\IT-Pc\Angular Test\DmsProjeckt\DmsProjeckt.csproj]
C:\Users\rloer\Desktop\IT-Pc\Angular Test\DmsProjeckt\Pages\Tests\Aufgaben.cshtml.cs(412,119): warning CS8602: Dereferenzierung eines m├Âglichen Nullverweises. [C:\Users\rloer\Desktop\IT-Pc\Angular Test\DmsProjeckt\DmsProjeckt.csproj]
C:\Users\rloer\Desktop\IT-Pc\Angular Test\DmsProjeckt\Pages\Tests\Aufgaben.cshtml.cs(412,209): warning CS8604: M├Âgliches Nullverweisargument f├╝r den Parameter "benutzerId" in "Task AuditLogService.LogActionOnlyAsync(string aktion, string benutzerId)". [C:\Users\rloer\Desktop\IT-Pc\Angular Test\DmsProjeckt\DmsProjeckt.csproj]
C:\Users\rloer\Desktop\IT-Pc\Angular Test\DmsProjeckt\Pages\Tests\Aufgaben.cshtml.cs(458,86): warning CS8602: Dereferenzierung eines m├Âglichen Nullverweises. [C:\Users\rloer\Desktop\IT-Pc\Angular Test\DmsProjeckt\DmsProjeckt.csproj]
C:\Users\rloer\Desktop\IT-Pc\Angular Test\DmsProjeckt\Pages\Tests\Aufgaben.cshtml.cs(482,101): warning CS8602: Dereferenzierung eines m├Âglichen Nullverweises. [C:\Users\rloer\Desktop\IT-Pc\Angular Test\DmsProjeckt\DmsProjeckt.csproj]
C:\Users\rloer\Desktop\IT-Pc\Angular Test\DmsProjeckt\Pages\Tests\Aufgaben.cshtml.cs(489,72): warning CS8602: Dereferenzierung eines m├Âglichen Nullverweises. [C:\Users\rloer\Desktop\IT-Pc\Angular Test\DmsProjeckt\DmsProjeckt.csproj]
C:\Users\rloer\Desktop\IT-Pc\Angular Test\DmsProjeckt\Pages\Tests\Aufgaben.cshtml.cs(491,46): warning CS8602: Dereferenzierung eines m├Âglichen Nullverweises. [C:\Users\rloer\Desktop\IT-Pc\Angular Test\DmsProjeckt\DmsProjeckt.csproj]
C:\Users\rloer\Desktop\IT-Pc\Angular Test\DmsProjeckt\Pages\Tests\Aufgaben.cshtml.cs(498,34): warning CS8601: M├Âgliche Nullverweiszuweisung. [C:\Users\rloer\Desktop\IT-Pc\Angular Test\DmsProjeckt\DmsProjeckt.csproj]
C:\Users\rloer\Desktop\IT-Pc\Angular Test\DmsProjeckt\Pages\Dokument\Index.cshtml.cs(2470,23): warning CS8618: Non-Nullable-Eigenschaft ÔÇ×NameÔÇ£ muss beim Beenden des Konstruktors einen Wert ungleich NULL enthalten. F├╝gen Sie ggf. den ÔÇ×erforderlichenÔÇ£ Modifizierer hinzu, oder deklarieren Sie den Eigenschaft als NULL-Werte zulassend. [C:\Users\rloer\Desktop\IT-Pc\Angular Test\DmsProjeckt\DmsProjeckt.csproj]
C:\Users\rloer\Desktop\IT-Pc\Angular Test\DmsProjeckt\Pages\Dokument\Index.cshtml.cs(2471,23): warning CS8618: Non-Nullable-Eigenschaft ÔÇ×PathÔÇ£ muss beim Beenden des Konstruktors einen Wert ungleich NULL enthalten. F├╝gen Sie ggf. den ÔÇ×erforderlichenÔÇ£ Modifizierer hinzu, oder deklarieren Sie den Eigenschaft als NULL-Werte zulassend. [C:\Users\rloer\Desktop\IT-Pc\Angular Test\DmsProjeckt\DmsProjeckt.csproj]
C:\Users\rloer\Desktop\IT-Pc\Angular Test\DmsProjeckt\Pages\Workflows\Step.cshtml.cs(12,16): warning CS8618: Non-Nullable-Feld ÔÇ×StepÔÇ£ muss beim Beenden des Konstruktors einen Wert ungleich NULL enthalten. F├╝gen Sie ggf. den ÔÇ×erforderlichenÔÇ£ Modifizierer hinzu, oder deklarieren Sie den Feld als NULL-Werte zulassend. [C:\Users\rloer\Desktop\IT-Pc\Angular Test\DmsProjeckt\DmsProjeckt.csproj]
C:\Users\rloer\Desktop\IT-Pc\Angular Test\DmsProjeckt\Pages\Workflows\Index.cshtml.cs(37,44): warning CS8602: Dereferenzierung eines m├Âglichen Nullverweises. [C:\Users\rloer\Desktop\IT-Pc\Angular Test\DmsProjeckt\DmsProjeckt.csproj]
C:\Users\rloer\Desktop\IT-Pc\Angular Test\DmsProjeckt\Pages\Workflows\Index.cshtml.cs(38,30): warning CS8629: Ein Werttyp, der NULL zul├ñsst, kann NULL sein. [C:\Users\rloer\Desktop\IT-Pc\Angular Test\DmsProjeckt\DmsProjeckt.csproj]
C:\Users\rloer\Desktop\IT-Pc\Angular Test\DmsProjeckt\Pages\Workflows\Index.cshtml.cs(45,29): warning CS8601: M├Âgliche Nullverweiszuweisung. [C:\Users\rloer\Desktop\IT-Pc\Angular Test\DmsProjeckt\DmsProjeckt.csproj]
C:\Users\rloer\Desktop\IT-Pc\Angular Test\DmsProjeckt\Pages\Dokument\Index.cshtml.cs(673,56): warning CS8603: M├Âgliche Nullverweisr├╝ckgabe. [C:\Users\rloer\Desktop\IT-Pc\Angular Test\DmsProjeckt\DmsProjeckt.csproj]
C:\Users\rloer\Desktop\IT-Pc\Angular Test\DmsProjeckt\Pages\Dokument\Index.cshtml.cs(678,20): warning CS8603: M├Âgliche Nullverweisr├╝ckgabe. [C:\Users\rloer\Desktop\IT-Pc\Angular Test\DmsProjeckt\DmsProjeckt.csproj]
C:\Users\rloer\Desktop\IT-Pc\Angular Test\DmsProjeckt\Pages\Workflows\Index.cshtml.cs(59,69): warning CS8602: Dereferenzierung eines m├Âglichen Nullverweises. [C:\Users\rloer\Desktop\IT-Pc\Angular Test\DmsProjeckt\DmsProjeckt.csproj]
C:\Users\rloer\Desktop\IT-Pc\Angular Test\DmsProjeckt\Pages\Workflows\Index.cshtml.cs(59,114): warning CS8604: M├Âgliches Nullverweisargument f├╝r den Parameter "benutzerId" in "Task AuditLogService.LogActionOnlyAsync(string aktion, string benutzerId)". [C:\Users\rloer\Desktop\IT-Pc\Angular Test\DmsProjeckt\DmsProjeckt.csproj]
C:\Users\rloer\Desktop\IT-Pc\Angular Test\DmsProjeckt\Pages\Workflows\Step.cshtml.cs(18,20): warning CS8601: M├Âgliche Nullverweiszuweisung. [C:\Users\rloer\Desktop\IT-Pc\Angular Test\DmsProjeckt\DmsProjeckt.csproj]
C:\Users\rloer\Desktop\IT-Pc\Angular Test\DmsProjeckt\Pages\Dokument\Indexierte.cshtml.cs(26,67): warning CS8604: M├Âgliches Nullverweisargument f├╝r den Parameter "applicationUserId" in "Task<List<DokumentIndex>> DokumentIndexService.GetIndexedForUserAsync(string applicationUserId)". [C:\Users\rloer\Desktop\IT-Pc\Angular Test\DmsProjeckt\DmsProjeckt.csproj]
C:\Users\rloer\Desktop\IT-Pc\Angular Test\DmsProjeckt\Pages\Dokument\MetadatenBearbeiten.cshtml.cs(17,16): warning CS8618: Non-Nullable-Eigenschaft ÔÇ×DokumentÔÇ£ muss beim Beenden des Konstruktors einen Wert ungleich NULL enthalten. F├╝gen Sie ggf. den ÔÇ×erforderlichenÔÇ£ Modifizierer hinzu, oder deklarieren Sie den Eigenschaft als NULL-Werte zulassend. [C:\Users\rloer\Desktop\IT-Pc\Angular Test\DmsProjeckt\DmsProjeckt.csproj]
C:\Users\rloer\Desktop\IT-Pc\Angular Test\DmsProjeckt\Pages\Dokument\MetadatenBearbeiten.cshtml.cs(17,16): warning CS8618: Non-Nullable-Eigenschaft ÔÇ×PendingSignaturesJsonÔÇ£ muss beim Beenden des Konstruktors einen Wert ungleich NULL enthalten. F├╝gen Sie ggf. den ÔÇ×erforderlichenÔÇ£ Modifizierer hinzu, oder deklarieren Sie den Eigenschaft als NULL-Werte zulassend. [C:\Users\rloer\Desktop\IT-Pc\Angular Test\DmsProjeckt\DmsProjeckt.csproj]
C:\Users\rloer\Desktop\IT-Pc\Angular Test\DmsProjeckt\Pages\Dokument\MetadatenBearbeiten.cshtml.cs(179,23): warning CS8618: Non-Nullable-Eigenschaft ÔÇ×ImageBase64ÔÇ£ muss beim Beenden des Konstruktors einen Wert ungleich NULL enthalten. F├╝gen Sie ggf. den ÔÇ×erforderlichenÔÇ£ Modifizierer hinzu, oder deklarieren Sie den Eigenschaft als NULL-Werte zulassend. [C:\Users\rloer\Desktop\IT-Pc\Angular Test\DmsProjeckt\DmsProjeckt.csproj]
C:\Users\rloer\Desktop\IT-Pc\Angular Test\DmsProjeckt\Pages\Dokument\Index.cshtml.cs(725,31): warning CS8602: Dereferenzierung eines m├Âglichen Nullverweises. [C:\Users\rloer\Desktop\IT-Pc\Angular Test\DmsProjeckt\DmsProjeckt.csproj]
C:\Users\rloer\Desktop\IT-Pc\Angular Test\DmsProjeckt\Pages\Dokument\Suchen.cshtml.cs(32,27): warning CS8618: Non-Nullable-Eigenschaft ÔÇ×DateinameÔÇ£ muss beim Beenden des Konstruktors einen Wert ungleich NULL enthalten. F├╝gen Sie ggf. den ÔÇ×erforderlichenÔÇ£ Modifizierer hinzu, oder deklarieren Sie den Eigenschaft als NULL-Werte zulassend. [C:\Users\rloer\Desktop\IT-Pc\Angular Test\DmsProjeckt\DmsProjeckt.csproj]
C:\Users\rloer\Desktop\IT-Pc\Angular Test\DmsProjeckt\Pages\Dokument\Suchen.cshtml.cs(33,27): warning CS8618: Non-Nullable-Eigenschaft ÔÇ×KategorieÔÇ£ muss beim Beenden des Konstruktors einen Wert ungleich NULL enthalten. F├╝gen Sie ggf. den ÔÇ×erforderlichenÔÇ£ Modifizierer hinzu, oder deklarieren Sie den Eigenschaft als NULL-Werte zulassend. [C:\Users\rloer\Desktop\IT-Pc\Angular Test\DmsProjeckt\DmsProjeckt.csproj]
C:\Users\rloer\Desktop\IT-Pc\Angular Test\DmsProjeckt\Pages\Dokument\Suchen.cshtml.cs(34,27): warning CS8618: Non-Nullable-Eigenschaft ÔÇ×RechnungsnummerÔÇ£ muss beim Beenden des Konstruktors einen Wert ungleich NULL enthalten. F├╝gen Sie ggf. den ÔÇ×erforderlichenÔÇ£ Modifizierer hinzu, oder deklarieren Sie den Eigenschaft als NULL-Werte zulassend. [C:\Users\rloer\Desktop\IT-Pc\Angular Test\DmsProjeckt\DmsProjeckt.csproj]
C:\Users\rloer\Desktop\IT-Pc\Angular Test\DmsProjeckt\Pages\Dokument\Suchen.cshtml.cs(35,27): warning CS8618: Non-Nullable-Eigenschaft ÔÇ×KundennummerÔÇ£ muss beim Beenden des Konstruktors einen Wert ungleich NULL enthalten. F├╝gen Sie ggf. den ÔÇ×erforderlichenÔÇ£ Modifizierer hinzu, oder deklarieren Sie den Eigenschaft als NULL-Werte zulassend. [C:\Users\rloer\Desktop\IT-Pc\Angular Test\DmsProjeckt\DmsProjeckt.csproj]
C:\Users\rloer\Desktop\IT-Pc\Angular Test\DmsProjeckt\Pages\Dokument\Suchen.cshtml.cs(36,27): warning CS8618: Non-Nullable-Eigenschaft ÔÇ×UIDNummerÔÇ£ muss beim Beenden des Konstruktors einen Wert ungleich NULL enthalten. F├╝gen Sie ggf. den ÔÇ×erforderlichenÔÇ£ Modifizierer hinzu, oder deklarieren Sie den Eigenschaft als NULL-Werte zulassend. [C:\Users\rloer\Desktop\IT-Pc\Angular Test\DmsProjeckt\DmsProjeckt.csproj]
C:\Users\rloer\Desktop\IT-Pc\Angular Test\DmsProjeckt\Pages\Dokument\Suchen.cshtml.cs(37,27): warning CS8618: Non-Nullable-Eigenschaft ÔÇ×OCRTextÔÇ£ muss beim Beenden des Konstruktors einen Wert ungleich NULL enthalten. F├╝gen Sie ggf. den ÔÇ×erforderlichenÔÇ£ Modifizierer hinzu, oder deklarieren Sie den Eigenschaft als NULL-Werte zulassend. [C:\Users\rloer\Desktop\IT-Pc\Angular Test\DmsProjeckt\DmsProjeckt.csproj]
C:\Users\rloer\Desktop\IT-Pc\Angular Test\DmsProjeckt\Pages\Dokument\Suchen.cshtml.cs(38,27): warning CS8618: Non-Nullable-Eigenschaft ÔÇ×BeschreibungÔÇ£ muss beim Beenden des Konstruktors einen Wert ungleich NULL enthalten. F├╝gen Sie ggf. den ÔÇ×erforderlichenÔÇ£ Modifizierer hinzu, oder deklarieren Sie den Eigenschaft als NULL-Werte zulassend. [C:\Users\rloer\Desktop\IT-Pc\Angular Test\DmsProjeckt\DmsProjeckt.csproj]
C:\Users\rloer\Desktop\IT-Pc\Angular Test\DmsProjeckt\Pages\Dokument\ScanDokument.cshtml.cs(50,27): warning CS8618: Non-Nullable-Eigenschaft ÔÇ×BeschreibungÔÇ£ muss beim Beenden des Konstruktors einen Wert ungleich NULL enthalten. F├╝gen Sie ggf. den ÔÇ×erforderlichenÔÇ£ Modifizierer hinzu, oder deklarieren Sie den Eigenschaft als NULL-Werte zulassend. [C:\Users\rloer\Desktop\IT-Pc\Angular Test\DmsProjeckt\DmsProjeckt.csproj]
C:\Users\rloer\Desktop\IT-Pc\Angular Test\DmsProjeckt\Pages\Dokument\ScanDokument.cshtml.cs(51,27): warning CS8618: Non-Nullable-Eigenschaft ÔÇ×TitelÔÇ£ muss beim Beenden des Konstruktors einen Wert ungleich NULL enthalten. F├╝gen Sie ggf. den ÔÇ×erforderlichenÔÇ£ Modifizierer hinzu, oder deklarieren Sie den Eigenschaft als NULL-Werte zulassend. [C:\Users\rloer\Desktop\IT-Pc\Angular Test\DmsProjeckt\DmsProjeckt.csproj]
C:\Users\rloer\Desktop\IT-Pc\Angular Test\DmsProjeckt\Pages\Dokument\ScanDokument.cshtml.cs(52,27): warning CS8618: Non-Nullable-Eigenschaft ÔÇ×RechnungsnummerÔÇ£ muss beim Beenden des Konstruktors einen Wert ungleich NULL enthalten. F├╝gen Sie ggf. den ÔÇ×erforderlichenÔÇ£ Modifizierer hinzu, oder deklarieren Sie den Eigenschaft als NULL-Werte zulassend. [C:\Users\rloer\Desktop\IT-Pc\Angular Test\DmsProjeckt\DmsProjeckt.csproj]
C:\Users\rloer\Desktop\IT-Pc\Angular Test\DmsProjeckt\Pages\Dokument\ScanDokument.cshtml.cs(53,27): warning CS8618: Non-Nullable-Eigenschaft ÔÇ×KundennummerÔÇ£ muss beim Beenden des Konstruktors einen Wert ungleich NULL enthalten. F├╝gen Sie ggf. den ÔÇ×erforderlichenÔÇ£ Modifizierer hinzu, oder deklarieren Sie den Eigenschaft als NULL-Werte zulassend. [C:\Users\rloer\Desktop\IT-Pc\Angular Test\DmsProjeckt\DmsProjeckt.csproj]
C:\Users\rloer\Desktop\IT-Pc\Angular Test\DmsProjeckt\Pages\Dokument\ScanDokument.cshtml.cs(54,27): warning CS8618: Non-Nullable-Eigenschaft ÔÇ×RechnungsbetragÔÇ£ muss beim Beenden des Konstruktors einen Wert ungleich NULL enthalten. F├╝gen Sie ggf. den ÔÇ×erforderlichenÔÇ£ Modifizierer hinzu, oder deklarieren Sie den Eigenschaft als NULL-Werte zulassend. [C:\Users\rloer\Desktop\IT-Pc\Angular Test\DmsProjeckt\DmsProjeckt.csproj]
C:\Users\rloer\Desktop\IT-Pc\Angular Test\DmsProjeckt\Pages\Dokument\ScanDokument.cshtml.cs(55,27): warning CS8618: Non-Nullable-Eigenschaft ÔÇ×NettobetragÔÇ£ muss beim Beenden des Konstruktors einen Wert ungleich NULL enthalten. F├╝gen Sie ggf. den ÔÇ×erforderlichenÔÇ£ Modifizierer hinzu, oder deklarieren Sie den Eigenschaft als NULL-Werte zulassend. [C:\Users\rloer\Desktop\IT-Pc\Angular Test\DmsProjeckt\DmsProjeckt.csproj]
C:\Users\rloer\Desktop\IT-Pc\Angular Test\DmsProjeckt\Pages\Dokument\ScanDokument.cshtml.cs(56,27): warning CS8618: Non-Nullable-Eigenschaft ÔÇ×GesamtpreisÔÇ£ muss beim Beenden des Konstruktors einen Wert ungleich NULL enthalten. F├╝gen Sie ggf. den ÔÇ×erforderlichenÔÇ£ Modifizierer hinzu, oder deklarieren Sie den Eigenschaft als NULL-Werte zulassend. [C:\Users\rloer\Desktop\IT-Pc\Angular Test\DmsProjeckt\DmsProjeckt.csproj]
C:\Users\rloer\Desktop\IT-Pc\Angular Test\DmsProjeckt\Pages\Dokument\ScanDokument.cshtml.cs(57,27): warning CS8618: Non-Nullable-Eigenschaft ÔÇ×SteuerbetragÔÇ£ muss beim Beenden des Konstruktors einen Wert ungleich NULL enthalten. F├╝gen Sie ggf. den ÔÇ×erforderlichenÔÇ£ Modifizierer hinzu, oder deklarieren Sie den Eigenschaft als NULL-Werte zulassend. [C:\Users\rloer\Desktop\IT-Pc\Angular Test\DmsProjeckt\DmsProjeckt.csproj]
C:\Users\rloer\Desktop\IT-Pc\Angular Test\DmsProjeckt\Pages\Dokument\ScanDokument.cshtml.cs(58,27): warning CS8618: Non-Nullable-Eigenschaft ÔÇ×RechnungsdatumÔÇ£ muss beim Beenden des Konstruktors einen Wert ungleich NULL enthalten. F├╝gen Sie ggf. den ÔÇ×erforderlichenÔÇ£ Modifizierer hinzu, oder deklarieren Sie den Eigenschaft als NULL-Werte zulassend. [C:\Users\rloer\Desktop\IT-Pc\Angular Test\DmsProjeckt\DmsProjeckt.csproj]
C:\Users\rloer\Desktop\IT-Pc\Angular Test\DmsProjeckt\Pages\Dokument\ScanDokument.cshtml.cs(59,27): warning CS8618: Non-Nullable-Eigenschaft ÔÇ×LieferdatumÔÇ£ muss beim Beenden des Konstruktors einen Wert ungleich NULL enthalten. F├╝gen Sie ggf. den ÔÇ×erforderlichenÔÇ£ Modifizierer hinzu, oder deklarieren Sie den Eigenschaft als NULL-Werte zulassend. [C:\Users\rloer\Desktop\IT-Pc\Angular Test\DmsProjeckt\DmsProjeckt.csproj]
C:\Users\rloer\Desktop\IT-Pc\Angular Test\DmsProjeckt\Pages\Dokument\ScanDokument.cshtml.cs(60,27): warning CS8618: Non-Nullable-Eigenschaft ÔÇ×FaelligkeitsdatumÔÇ£ muss beim Beenden des Konstruktors einen Wert ungleich NULL enthalten. F├╝gen Sie ggf. den ÔÇ×erforderlichenÔÇ£ Modifizierer hinzu, oder deklarieren Sie den Eigenschaft als NULL-Werte zulassend. [C:\Users\rloer\Desktop\IT-Pc\Angular Test\DmsProjeckt\DmsProjeckt.csproj]
C:\Users\rloer\Desktop\IT-Pc\Angular Test\DmsProjeckt\Pages\Dokument\ScanDokument.cshtml.cs(61,27): warning CS8618: Non-Nullable-Eigenschaft ÔÇ×ZahlungsbedingungenÔÇ£ muss beim Beenden des Konstruktors einen Wert ungleich NULL enthalten. F├╝gen Sie ggf. den ÔÇ×erforderlichenÔÇ£ Modifizierer hinzu, oder deklarieren Sie den Eigenschaft als NULL-Werte zulassend. [C:\Users\rloer\Desktop\IT-Pc\Angular Test\DmsProjeckt\DmsProjeckt.csproj]
C:\Users\rloer\Desktop\IT-Pc\Angular Test\DmsProjeckt\Pages\Dokument\ScanDokument.cshtml.cs(62,27): warning CS8618: Non-Nullable-Eigenschaft ÔÇ×LieferartÔÇ£ muss beim Beenden des Konstruktors einen Wert ungleich NULL enthalten. F├╝gen Sie ggf. den ÔÇ×erforderlichenÔÇ£ Modifizierer hinzu, oder deklarieren Sie den Eigenschaft als NULL-Werte zulassend. [C:\Users\rloer\Desktop\IT-Pc\Angular Test\DmsProjeckt\DmsProjeckt.csproj]
C:\Users\rloer\Desktop\IT-Pc\Angular Test\DmsProjeckt\Pages\Dokument\ScanDokument.cshtml.cs(63,27): warning CS8618: Non-Nullable-Eigenschaft ÔÇ×ArtikelAnzahlÔÇ£ muss beim Beenden des Konstruktors einen Wert ungleich NULL enthalten. F├╝gen Sie ggf. den ÔÇ×erforderlichenÔÇ£ Modifizierer hinzu, oder deklarieren Sie den Eigenschaft als NULL-Werte zulassend. [C:\Users\rloer\Desktop\IT-Pc\Angular Test\DmsProjeckt\DmsProjeckt.csproj]
C:\Users\rloer\Desktop\IT-Pc\Angular Test\DmsProjeckt\Pages\Dokument\ScanDokument.cshtml.cs(64,27): warning CS8618: Non-Nullable-Eigenschaft ÔÇ×EmailÔÇ£ muss beim Beenden des Konstruktors einen Wert ungleich NULL enthalten. F├╝gen Sie ggf. den ÔÇ×erforderlichenÔÇ£ Modifizierer hinzu, oder deklarieren Sie den Eigenschaft als NULL-Werte zulassend. [C:\Users\rloer\Desktop\IT-Pc\Angular Test\DmsProjeckt\DmsProjeckt.csproj]
C:\Users\rloer\Desktop\IT-Pc\Angular Test\DmsProjeckt\Pages\Dokument\ScanDokument.cshtml.cs(65,27): warning CS8618: Non-Nullable-Eigenschaft ÔÇ×TelefonÔÇ£ muss beim Beenden des Konstruktors einen Wert ungleich NULL enthalten. F├╝gen Sie ggf. den ÔÇ×erforderlichenÔÇ£ Modifizierer hinzu, oder deklarieren Sie den Eigenschaft als NULL-Werte zulassend. [C:\Users\rloer\Desktop\IT-Pc\Angular Test\DmsProjeckt\DmsProjeckt.csproj]
C:\Users\rloer\Desktop\IT-Pc\Angular Test\DmsProjeckt\Pages\Dokument\ScanDokument.cshtml.cs(66,27): warning CS8618: Non-Nullable-Eigenschaft ÔÇ×TelefaxÔÇ£ muss beim Beenden des Konstruktors einen Wert ungleich NULL enthalten. F├╝gen Sie ggf. den ÔÇ×erforderlichenÔÇ£ Modifizierer hinzu, oder deklarieren Sie den Eigenschaft als NULL-Werte zulassend. [C:\Users\rloer\Desktop\IT-Pc\Angular Test\DmsProjeckt\DmsProjeckt.csproj]
C:\Users\rloer\Desktop\IT-Pc\Angular Test\DmsProjeckt\Pages\Dokument\ScanDokument.cshtml.cs(67,27): warning CS8618: Non-Nullable-Eigenschaft ÔÇ×IBANÔÇ£ muss beim Beenden des Konstruktors einen Wert ungleich NULL enthalten. F├╝gen Sie ggf. den ÔÇ×erforderlichenÔÇ£ Modifizierer hinzu, oder deklarieren Sie den Eigenschaft als NULL-Werte zulassend. [C:\Users\rloer\Desktop\IT-Pc\Angular Test\DmsProjeckt\DmsProjeckt.csproj]
C:\Users\rloer\Desktop\IT-Pc\Angular Test\DmsProjeckt\Pages\Dokument\ScanDokument.cshtml.cs(68,27): warning CS8618: Non-Nullable-Eigenschaft ÔÇ×BICÔÇ£ muss beim Beenden des Konstruktors einen Wert ungleich NULL enthalten. F├╝gen Sie ggf. den ÔÇ×erforderlichenÔÇ£ Modifizierer hinzu, oder deklarieren Sie den Eigenschaft als NULL-Werte zulassend. [C:\Users\rloer\Desktop\IT-Pc\Angular Test\DmsProjeckt\DmsProjeckt.csproj]
C:\Users\rloer\Desktop\IT-Pc\Angular Test\DmsProjeckt\Pages\Dokument\ScanDokument.cshtml.cs(69,27): warning CS8618: Non-Nullable-Eigenschaft ÔÇ×BankverbindungÔÇ£ muss beim Beenden des Konstruktors einen Wert ungleich NULL enthalten. F├╝gen Sie ggf. den ÔÇ×erforderlichenÔÇ£ Modifizierer hinzu, oder deklarieren Sie den Eigenschaft als NULL-Werte zulassend. [C:\Users\rloer\Desktop\IT-Pc\Angular Test\DmsProjeckt\DmsProjeckt.csproj]
C:\Users\rloer\Desktop\IT-Pc\Angular Test\DmsProjeckt\Pages\Dokument\ScanDokument.cshtml.cs(70,27): warning CS8618: Non-Nullable-Eigenschaft ÔÇ×SteuerNrÔÇ£ muss beim Beenden des Konstruktors einen Wert ungleich NULL enthalten. F├╝gen Sie ggf. den ÔÇ×erforderlichenÔÇ£ Modifizierer hinzu, oder deklarieren Sie den Eigenschaft als NULL-Werte zulassend. [C:\Users\rloer\Desktop\IT-Pc\Angular Test\DmsProjeckt\DmsProjeckt.csproj]
C:\Users\rloer\Desktop\IT-Pc\Angular Test\DmsProjeckt\Pages\Dokument\ScanDokument.cshtml.cs(71,27): warning CS8618: Non-Nullable-Eigenschaft ÔÇ×UIDNummerÔÇ£ muss beim Beenden des Konstruktors einen Wert ungleich NULL enthalten. F├╝gen Sie ggf. den ÔÇ×erforderlichenÔÇ£ Modifizierer hinzu, oder deklarieren Sie den Eigenschaft als NULL-Werte zulassend. [C:\Users\rloer\Desktop\IT-Pc\Angular Test\DmsProjeckt\DmsProjeckt.csproj]
C:\Users\rloer\Desktop\IT-Pc\Angular Test\DmsProjeckt\Pages\Dokument\ScanDokument.cshtml.cs(72,27): warning CS8618: Non-Nullable-Eigenschaft ÔÇ×AdresseÔÇ£ muss beim Beenden des Konstruktors einen Wert ungleich NULL enthalten. F├╝gen Sie ggf. den ÔÇ×erforderlichenÔÇ£ Modifizierer hinzu, oder deklarieren Sie den Eigenschaft als NULL-Werte zulassend. [C:\Users\rloer\Desktop\IT-Pc\Angular Test\DmsProjeckt\DmsProjeckt.csproj]
C:\Users\rloer\Desktop\IT-Pc\Angular Test\DmsProjeckt\Pages\Dokument\ScanDokument.cshtml.cs(73,27): warning CS8618: Non-Nullable-Eigenschaft ÔÇ×AbsenderAdresseÔÇ£ muss beim Beenden des Konstruktors einen Wert ungleich NULL enthalten. F├╝gen Sie ggf. den ÔÇ×erforderlichenÔÇ£ Modifizierer hinzu, oder deklarieren Sie den Eigenschaft als NULL-Werte zulassend. [C:\Users\rloer\Desktop\IT-Pc\Angular Test\DmsProjeckt\DmsProjeckt.csproj]
C:\Users\rloer\Desktop\IT-Pc\Angular Test\DmsProjeckt\Pages\Dokument\ScanDokument.cshtml.cs(74,27): warning CS8618: Non-Nullable-Eigenschaft ÔÇ×AnsprechPartnerÔÇ£ muss beim Beenden des Konstruktors einen Wert ungleich NULL enthalten. F├╝gen Sie ggf. den ÔÇ×erforderlichenÔÇ£ Modifizierer hinzu, oder deklarieren Sie den Eigenschaft als NULL-Werte zulassend. [C:\Users\rloer\Desktop\IT-Pc\Angular Test\DmsProjeckt\DmsProjeckt.csproj]
C:\Users\rloer\Desktop\IT-Pc\Angular Test\DmsProjeckt\Pages\Dokument\ScanDokument.cshtml.cs(75,27): warning CS8618: Non-Nullable-Eigenschaft ÔÇ×ZeitraumÔÇ£ muss beim Beenden des Konstruktors einen Wert ungleich NULL enthalten. F├╝gen Sie ggf. den ÔÇ×erforderlichenÔÇ£ Modifizierer hinzu, oder deklarieren Sie den Eigenschaft als NULL-Werte zulassend. [C:\Users\rloer\Desktop\IT-Pc\Angular Test\DmsProjeckt\DmsProjeckt.csproj]
C:\Users\rloer\Desktop\IT-Pc\Angular Test\DmsProjeckt\Pages\Dokument\ScanDokument.cshtml.cs(76,27): warning CS8618: Non-Nullable-Eigenschaft ÔÇ×PdfAutorÔÇ£ muss beim Beenden des Konstruktors einen Wert ungleich NULL enthalten. F├╝gen Sie ggf. den ÔÇ×erforderlichenÔÇ£ Modifizierer hinzu, oder deklarieren Sie den Eigenschaft als NULL-Werte zulassend. [C:\Users\rloer\Desktop\IT-Pc\Angular Test\DmsProjeckt\DmsProjeckt.csproj]
C:\Users\rloer\Desktop\IT-Pc\Angular Test\DmsProjeckt\Pages\Dokument\ScanDokument.cshtml.cs(77,27): warning CS8618: Non-Nullable-Eigenschaft ÔÇ×PdfBetreffÔÇ£ muss beim Beenden des Konstruktors einen Wert ungleich NULL enthalten. F├╝gen Sie ggf. den ÔÇ×erforderlichenÔÇ£ Modifizierer hinzu, oder deklarieren Sie den Eigenschaft als NULL-Werte zulassend. [C:\Users\rloer\Desktop\IT-Pc\Angular Test\DmsProjeckt\DmsProjeckt.csproj]
C:\Users\rloer\Desktop\IT-Pc\Angular Test\DmsProjeckt\Pages\Dokument\ScanDokument.cshtml.cs(78,27): warning CS8618: Non-Nullable-Eigenschaft ÔÇ×PdfSchluesselwoerterÔÇ£ muss beim Beenden des Konstruktors einen Wert ungleich NULL enthalten. F├╝gen Sie ggf. den ÔÇ×erforderlichenÔÇ£ Modifizierer hinzu, oder deklarieren Sie den Eigenschaft als NULL-Werte zulassend. [C:\Users\rloer\Desktop\IT-Pc\Angular Test\DmsProjeckt\DmsProjeckt.csproj]
C:\Users\rloer\Desktop\IT-Pc\Angular Test\DmsProjeckt\Pages\Dokument\ScanDokument.cshtml.cs(79,27): warning CS8618: Non-Nullable-Eigenschaft ÔÇ×WebsiteÔÇ£ muss beim Beenden des Konstruktors einen Wert ungleich NULL enthalten. F├╝gen Sie ggf. den ÔÇ×erforderlichenÔÇ£ Modifizierer hinzu, oder deklarieren Sie den Eigenschaft als NULL-Werte zulassend. [C:\Users\rloer\Desktop\IT-Pc\Angular Test\DmsProjeckt\DmsProjeckt.csproj]
C:\Users\rloer\Desktop\IT-Pc\Angular Test\DmsProjeckt\Pages\Dokument\ScanDokument.cshtml.cs(80,27): warning CS8618: Non-Nullable-Eigenschaft ÔÇ×OCRTextÔÇ£ muss beim Beenden des Konstruktors einen Wert ungleich NULL enthalten. F├╝gen Sie ggf. den ÔÇ×erforderlichenÔÇ£ Modifizierer hinzu, oder deklarieren Sie den Eigenschaft als NULL-Werte zulassend. [C:\Users\rloer\Desktop\IT-Pc\Angular Test\DmsProjeckt\DmsProjeckt.csproj]
C:\Users\rloer\Desktop\IT-Pc\Angular Test\DmsProjeckt\Pages\Dokument\ScanDokument.cshtml.cs(81,27): warning CS8618: Non-Nullable-Eigenschaft ÔÇ×ObjectPathÔÇ£ muss beim Beenden des Konstruktors einen Wert ungleich NULL enthalten. F├╝gen Sie ggf. den ÔÇ×erforderlichenÔÇ£ Modifizierer hinzu, oder deklarieren Sie den Eigenschaft als NULL-Werte zulassend. [C:\Users\rloer\Desktop\IT-Pc\Angular Test\DmsProjeckt\DmsProjeckt.csproj]
C:\Users\rloer\Desktop\IT-Pc\Angular Test\DmsProjeckt\Pages\Workflows\StepUpload.cshtml.cs(32,34): warning CS8603: M├Âgliche Nullverweisr├╝ckgabe. [C:\Users\rloer\Desktop\IT-Pc\Angular Test\DmsProjeckt\DmsProjeckt.csproj]
C:\Users\rloer\Desktop\IT-Pc\Angular Test\DmsProjeckt\Pages\Dokument\DashboardAdmin.cshtml.cs(624,48): warning CS8604: M├Âgliches Nullverweisargument f├╝r den Parameter "to" in "Task EmailService.SendEmailAsync(string to, string subject, string body, List<(byte[] Data, string FileName, string MimeType)>? attachments = null)". [C:\Users\rloer\Desktop\IT-Pc\Angular Test\DmsProjeckt\DmsProjeckt.csproj]
C:\Users\rloer\Desktop\IT-Pc\Angular Test\DmsProjeckt\Pages\Workflows\StepUpload.cshtml.cs(36,16): warning CS8618: Non-Nullable-Eigenschaft ÔÇ×WorkflowTitleÔÇ£ muss beim Beenden des Konstruktors einen Wert ungleich NULL enthalten. F├╝gen Sie ggf. den ÔÇ×erforderlichenÔÇ£ Modifizierer hinzu, oder deklarieren Sie den Eigenschaft als NULL-Werte zulassend. [C:\Users\rloer\Desktop\IT-Pc\Angular Test\DmsProjeckt\DmsProjeckt.csproj]
C:\Users\rloer\Desktop\IT-Pc\Angular Test\DmsProjeckt\Pages\Workflows\StepUpload.cshtml.cs(36,16): warning CS8618: Non-Nullable-Eigenschaft ÔÇ×StepTitleÔÇ£ muss beim Beenden des Konstruktors einen Wert ungleich NULL enthalten. F├╝gen Sie ggf. den ÔÇ×erforderlichenÔÇ£ Modifizierer hinzu, oder deklarieren Sie den Eigenschaft als NULL-Werte zulassend. [C:\Users\rloer\Desktop\IT-Pc\Angular Test\DmsProjeckt\DmsProjeckt.csproj]
C:\Users\rloer\Desktop\IT-Pc\Angular Test\DmsProjeckt\Pages\Workflows\StepUpload.cshtml.cs(36,16): warning CS8618: Non-Nullable-Eigenschaft ÔÇ×StepAssignedUserNameÔÇ£ muss beim Beenden des Konstruktors einen Wert ungleich NULL enthalten. F├╝gen Sie ggf. den ÔÇ×erforderlichenÔÇ£ Modifizierer hinzu, oder deklarieren Sie den Eigenschaft als NULL-Werte zulassend. [C:\Users\rloer\Desktop\IT-Pc\Angular Test\DmsProjeckt\DmsProjeckt.csproj]
C:\Users\rloer\Desktop\IT-Pc\Angular Test\DmsProjeckt\Pages\Workflows\StepUpload.cshtml.cs(36,16): warning CS8618: Non-Nullable-Eigenschaft ÔÇ×StepDescriptionÔÇ£ muss beim Beenden des Konstruktors einen Wert ungleich NULL enthalten. F├╝gen Sie ggf. den ÔÇ×erforderlichenÔÇ£ Modifizierer hinzu, oder deklarieren Sie den Eigenschaft als NULL-Werte zulassend. [C:\Users\rloer\Desktop\IT-Pc\Angular Test\DmsProjeckt\DmsProjeckt.csproj]
C:\Users\rloer\Desktop\IT-Pc\Angular Test\DmsProjeckt\Pages\Workflows\StepUpload.cshtml.cs(36,16): warning CS8618: Non-Nullable-Eigenschaft ÔÇ×DateiÔÇ£ muss beim Beenden des Konstruktors einen Wert ungleich NULL enthalten. F├╝gen Sie ggf. den ÔÇ×erforderlichenÔÇ£ Modifizierer hinzu, oder deklarieren Sie den Eigenschaft als NULL-Werte zulassend. [C:\Users\rloer\Desktop\IT-Pc\Angular Test\DmsProjeckt\DmsProjeckt.csproj]
C:\Users\rloer\Desktop\IT-Pc\Angular Test\DmsProjeckt\Pages\Workflows\StepUpload.cshtml.cs(36,16): warning CS8618: Non-Nullable-Eigenschaft ÔÇ×BeschreibungÔÇ£ muss beim Beenden des Konstruktors einen Wert ungleich NULL enthalten. F├╝gen Sie ggf. den ÔÇ×erforderlichenÔÇ£ Modifizierer hinzu, oder deklarieren Sie den Eigenschaft als NULL-Werte zulassend. [C:\Users\rloer\Desktop\IT-Pc\Angular Test\DmsProjeckt\DmsProjeckt.csproj]
C:\Users\rloer\Desktop\IT-Pc\Angular Test\DmsProjeckt\Pages\Workflows\StepUpload.cshtml.cs(36,16): warning CS8618: Non-Nullable-Eigenschaft ÔÇ×TitelÔÇ£ muss beim Beenden des Konstruktors einen Wert ungleich NULL enthalten. F├╝gen Sie ggf. den ÔÇ×erforderlichenÔÇ£ Modifizierer hinzu, oder deklarieren Sie den Eigenschaft als NULL-Werte zulassend. [C:\Users\rloer\Desktop\IT-Pc\Angular Test\DmsProjeckt\DmsProjeckt.csproj]
C:\Users\rloer\Desktop\IT-Pc\Angular Test\DmsProjeckt\Pages\Workflows\StepUpload.cshtml.cs(36,16): warning CS8618: Non-Nullable-Eigenschaft ÔÇ×RechnungsnummerÔÇ£ muss beim Beenden des Konstruktors einen Wert ungleich NULL enthalten. F├╝gen Sie ggf. den ÔÇ×erforderlichenÔÇ£ Modifizierer hinzu, oder deklarieren Sie den Eigenschaft als NULL-Werte zulassend. [C:\Users\rloer\Desktop\IT-Pc\Angular Test\DmsProjeckt\DmsProjeckt.csproj]
C:\Users\rloer\Desktop\IT-Pc\Angular Test\DmsProjeckt\Pages\Workflows\StepUpload.cshtml.cs(36,16): warning CS8618: Non-Nullable-Eigenschaft ÔÇ×KundennummerÔÇ£ muss beim Beenden des Konstruktors einen Wert ungleich NULL enthalten. F├╝gen Sie ggf. den ÔÇ×erforderlichenÔÇ£ Modifizierer hinzu, oder deklarieren Sie den Eigenschaft als NULL-Werte zulassend. [C:\Users\rloer\Desktop\IT-Pc\Angular Test\DmsProjeckt\DmsProjeckt.csproj]
C:\Users\rloer\Desktop\IT-Pc\Angular Test\DmsProjeckt\Pages\Workflows\StepUpload.cshtml.cs(36,16): warning CS8618: Non-Nullable-Eigenschaft ÔÇ×RechnungsbetragÔÇ£ muss beim Beenden des Konstruktors einen Wert ungleich NULL enthalten. F├╝gen Sie ggf. den ÔÇ×erforderlichenÔÇ£ Modifizierer hinzu, oder deklarieren Sie den Eigenschaft als NULL-Werte zulassend. [C:\Users\rloer\Desktop\IT-Pc\Angular Test\DmsProjeckt\DmsProjeckt.csproj]
C:\Users\rloer\Desktop\IT-Pc\Angular Test\DmsProjeckt\Pages\Workflows\StepUpload.cshtml.cs(36,16): warning CS8618: Non-Nullable-Eigenschaft ÔÇ×RechnungsdatumÔÇ£ muss beim Beenden des Konstruktors einen Wert ungleich NULL enthalten. F├╝gen Sie ggf. den ÔÇ×erforderlichenÔÇ£ Modifizierer hinzu, oder deklarieren Sie den Eigenschaft als NULL-Werte zulassend. [C:\Users\rloer\Desktop\IT-Pc\Angular Test\DmsProjeckt\DmsProjeckt.csproj]
C:\Users\rloer\Desktop\IT-Pc\Angular Test\DmsProjeckt\Pages\Workflows\StepUpload.cshtml.cs(36,16): warning CS8618: Non-Nullable-Eigenschaft ÔÇ×LieferdatumÔÇ£ muss beim Beenden des Konstruktors einen Wert ungleich NULL enthalten. F├╝gen Sie ggf. den ÔÇ×erforderlichenÔÇ£ Modifizierer hinzu, oder deklarieren Sie den Eigenschaft als NULL-Werte zulassend. [C:\Users\rloer\Desktop\IT-Pc\Angular Test\DmsProjeckt\DmsProjeckt.csproj]
C:\Users\rloer\Desktop\IT-Pc\Angular Test\DmsProjeckt\Pages\Workflows\StepUpload.cshtml.cs(36,16): warning CS8618: Non-Nullable-Eigenschaft ÔÇ×FaelligkeitsdatumÔÇ£ muss beim Beenden des Konstruktors einen Wert ungleich NULL enthalten. F├╝gen Sie ggf. den ÔÇ×erforderlichenÔÇ£ Modifizierer hinzu, oder deklarieren Sie den Eigenschaft als NULL-Werte zulassend. [C:\Users\rloer\Desktop\IT-Pc\Angular Test\DmsProjeckt\DmsProjeckt.csproj]
C:\Users\rloer\Desktop\IT-Pc\Angular Test\DmsProjeckt\Pages\Workflows\StepUpload.cshtml.cs(36,16): warning CS8618: Non-Nullable-Eigenschaft ÔÇ×SteuerbetragÔÇ£ muss beim Beenden des Konstruktors einen Wert ungleich NULL enthalten. F├╝gen Sie ggf. den ÔÇ×erforderlichenÔÇ£ Modifizierer hinzu, oder deklarieren Sie den Eigenschaft als NULL-Werte zulassend. [C:\Users\rloer\Desktop\IT-Pc\Angular Test\DmsProjeckt\DmsProjeckt.csproj]
C:\Users\rloer\Desktop\IT-Pc\Angular Test\DmsProjeckt\Pages\Workflows\StepUpload.cshtml.cs(36,16): warning CS8618: Non-Nullable-Eigenschaft ÔÇ×ZahlungsbedingungenÔÇ£ muss beim Beenden des Konstruktors einen Wert ungleich NULL enthalten. F├╝gen Sie ggf. den ÔÇ×erforderlichenÔÇ£ Modifizierer hinzu, oder deklarieren Sie den Eigenschaft als NULL-Werte zulassend. [C:\Users\rloer\Desktop\IT-Pc\Angular Test\DmsProjeckt\DmsProjeckt.csproj]
C:\Users\rloer\Desktop\IT-Pc\Angular Test\DmsProjeckt\Pages\Workflows\StepUpload.cshtml.cs(36,16): warning CS8618: Non-Nullable-Eigenschaft ÔÇ×LieferartÔÇ£ muss beim Beenden des Konstruktors einen Wert ungleich NULL enthalten. F├╝gen Sie ggf. den ÔÇ×erforderlichenÔÇ£ Modifizierer hinzu, oder deklarieren Sie den Eigenschaft als NULL-Werte zulassend. [C:\Users\rloer\Desktop\IT-Pc\Angular Test\DmsProjeckt\DmsProjeckt.csproj]
C:\Users\rloer\Desktop\IT-Pc\Angular Test\DmsProjeckt\Pages\Workflows\StepUpload.cshtml.cs(36,16): warning CS8618: Non-Nullable-Eigenschaft ÔÇ×ArtikelAnzahlÔÇ£ muss beim Beenden des Konstruktors einen Wert ungleich NULL enthalten. F├╝gen Sie ggf. den ÔÇ×erforderlichenÔÇ£ Modifizierer hinzu, oder deklarieren Sie den Eigenschaft als NULL-Werte zulassend. [C:\Users\rloer\Desktop\IT-Pc\Angular Test\DmsProjeckt\DmsProjeckt.csproj]
C:\Users\rloer\Desktop\IT-Pc\Angular Test\DmsProjeckt\Pages\Workflows\StepUpload.cshtml.cs(36,16): warning CS8618: Non-Nullable-Eigenschaft ÔÇ×DateipfadÔÇ£ muss beim Beenden des Konstruktors einen Wert ungleich NULL enthalten. F├╝gen Sie ggf. den ÔÇ×erforderlichenÔÇ£ Modifizierer hinzu, oder deklarieren Sie den Eigenschaft als NULL-Werte zulassend. [C:\Users\rloer\Desktop\IT-Pc\Angular Test\DmsProjeckt\DmsProjeckt.csproj]
C:\Users\rloer\Desktop\IT-Pc\Angular Test\DmsProjeckt\Pages\Workflows\StepUpload.cshtml.cs(36,16): warning CS8618: Non-Nullable-Eigenschaft ÔÇ×DateinameÔÇ£ muss beim Beenden des Konstruktors einen Wert ungleich NULL enthalten. F├╝gen Sie ggf. den ÔÇ×erforderlichenÔÇ£ Modifizierer hinzu, oder deklarieren Sie den Eigenschaft als NULL-Werte zulassend. [C:\Users\rloer\Desktop\IT-Pc\Angular Test\DmsProjeckt\DmsProjeckt.csproj]
C:\Users\rloer\Desktop\IT-Pc\Angular Test\DmsProjeckt\Pages\Workflows\StepUpload.cshtml.cs(36,16): warning CS8618: Non-Nullable-Eigenschaft ÔÇ×OCRTextÔÇ£ muss beim Beenden des Konstruktors einen Wert ungleich NULL enthalten. F├╝gen Sie ggf. den ÔÇ×erforderlichenÔÇ£ Modifizierer hinzu, oder deklarieren Sie den Eigenschaft als NULL-Werte zulassend. [C:\Users\rloer\Desktop\IT-Pc\Angular Test\DmsProjeckt\DmsProjeckt.csproj]
C:\Users\rloer\Desktop\IT-Pc\Angular Test\DmsProjeckt\Pages\Workflows\StepUpload.cshtml.cs(36,16): warning CS8618: Non-Nullable-Eigenschaft ÔÇ×EmailÔÇ£ muss beim Beenden des Konstruktors einen Wert ungleich NULL enthalten. F├╝gen Sie ggf. den ÔÇ×erforderlichenÔÇ£ Modifizierer hinzu, oder deklarieren Sie den Eigenschaft als NULL-Werte zulassend. [C:\Users\rloer\Desktop\IT-Pc\Angular Test\DmsProjeckt\DmsProjeckt.csproj]
C:\Users\rloer\Desktop\IT-Pc\Angular Test\DmsProjeckt\Pages\Workflows\StepUpload.cshtml.cs(36,16): warning CS8618: Non-Nullable-Eigenschaft ÔÇ×TelefonÔÇ£ muss beim Beenden des Konstruktors einen Wert ungleich NULL enthalten. F├╝gen Sie ggf. den ÔÇ×erforderlichenÔÇ£ Modifizierer hinzu, oder deklarieren Sie den Eigenschaft als NULL-Werte zulassend. [C:\Users\rloer\Desktop\IT-Pc\Angular Test\DmsProjeckt\DmsProjeckt.csproj]
C:\Users\rloer\Desktop\IT-Pc\Angular Test\DmsProjeckt\Pages\Workflows\StepUpload.cshtml.cs(36,16): warning CS8618: Non-Nullable-Eigenschaft ÔÇ×TelefaxÔÇ£ muss beim Beenden des Konstruktors einen Wert ungleich NULL enthalten. F├╝gen Sie ggf. den ÔÇ×erforderlichenÔÇ£ Modifizierer hinzu, oder deklarieren Sie den Eigenschaft als NULL-Werte zulassend. [C:\Users\rloer\Desktop\IT-Pc\Angular Test\DmsProjeckt\DmsProjeckt.csproj]
C:\Users\rloer\Desktop\IT-Pc\Angular Test\DmsProjeckt\Pages\Workflows\StepUpload.cshtml.cs(36,16): warning CS8618: Non-Nullable-Eigenschaft ÔÇ×IBANÔÇ£ muss beim Beenden des Konstruktors einen Wert ungleich NULL enthalten. F├╝gen Sie ggf. den ÔÇ×erforderlichenÔÇ£ Modifizierer hinzu, oder deklarieren Sie den Eigenschaft als NULL-Werte zulassend. [C:\Users\rloer\Desktop\IT-Pc\Angular Test\DmsProjeckt\DmsProjeckt.csproj]
C:\Users\rloer\Desktop\IT-Pc\Angular Test\DmsProjeckt\Pages\Workflows\StepUpload.cshtml.cs(36,16): warning CS8618: Non-Nullable-Eigenschaft ÔÇ×BICÔÇ£ muss beim Beenden des Konstruktors einen Wert ungleich NULL enthalten. F├╝gen Sie ggf. den ÔÇ×erforderlichenÔÇ£ Modifizierer hinzu, oder deklarieren Sie den Eigenschaft als NULL-Werte zulassend. [C:\Users\rloer\Desktop\IT-Pc\Angular Test\DmsProjeckt\DmsProjeckt.csproj]
C:\Users\rloer\Desktop\IT-Pc\Angular Test\DmsProjeckt\Pages\Workflows\StepUpload.cshtml.cs(36,16): warning CS8618: Non-Nullable-Eigenschaft ÔÇ×BankverbindungÔÇ£ muss beim Beenden des Konstruktors einen Wert ungleich NULL enthalten. F├╝gen Sie ggf. den ÔÇ×erforderlichenÔÇ£ Modifizierer hinzu, oder deklarieren Sie den Eigenschaft als NULL-Werte zulassend. [C:\Users\rloer\Desktop\IT-Pc\Angular Test\DmsProjeckt\DmsProjeckt.csproj]
C:\Users\rloer\Desktop\IT-Pc\Angular Test\DmsProjeckt\Pages\Workflows\StepUpload.cshtml.cs(36,16): warning CS8618: Non-Nullable-Eigenschaft ÔÇ×ZeitraumÔÇ£ muss beim Beenden des Konstruktors einen Wert ungleich NULL enthalten. F├╝gen Sie ggf. den ÔÇ×erforderlichenÔÇ£ Modifizierer hinzu, oder deklarieren Sie den Eigenschaft als NULL-Werte zulassend. [C:\Users\rloer\Desktop\IT-Pc\Angular Test\DmsProjeckt\DmsProjeckt.csproj]
C:\Users\rloer\Desktop\IT-Pc\Angular Test\DmsProjeckt\Pages\Workflows\StepUpload.cshtml.cs(36,16): warning CS8618: Non-Nullable-Eigenschaft ÔÇ×SteuerNrÔÇ£ muss beim Beenden des Konstruktors einen Wert ungleich NULL enthalten. F├╝gen Sie ggf. den ÔÇ×erforderlichenÔÇ£ Modifizierer hinzu, oder deklarieren Sie den Eigenschaft als NULL-Werte zulassend. [C:\Users\rloer\Desktop\IT-Pc\Angular Test\DmsProjeckt\DmsProjeckt.csproj]
C:\Users\rloer\Desktop\IT-Pc\Angular Test\DmsProjeckt\Pages\Workflows\StepUpload.cshtml.cs(36,16): warning CS8618: Non-Nullable-Eigenschaft ÔÇ×GesamtpreisÔÇ£ muss beim Beenden des Konstruktors einen Wert ungleich NULL enthalten. F├╝gen Sie ggf. den ÔÇ×erforderlichenÔÇ£ Modifizierer hinzu, oder deklarieren Sie den Eigenschaft als NULL-Werte zulassend. [C:\Users\rloer\Desktop\IT-Pc\Angular Test\DmsProjeckt\DmsProjeckt.csproj]
C:\Users\rloer\Desktop\IT-Pc\Angular Test\DmsProjeckt\Pages\Workflows\StepUpload.cshtml.cs(36,16): warning CS8618: Non-Nullable-Eigenschaft ÔÇ×NettobetragÔÇ£ muss beim Beenden des Konstruktors einen Wert ungleich NULL enthalten. F├╝gen Sie ggf. den ÔÇ×erforderlichenÔÇ£ Modifizierer hinzu, oder deklarieren Sie den Eigenschaft als NULL-Werte zulassend. [C:\Users\rloer\Desktop\IT-Pc\Angular Test\DmsProjeckt\DmsProjeckt.csproj]
C:\Users\rloer\Desktop\IT-Pc\Angular Test\DmsProjeckt\Pages\Workflows\StepUpload.cshtml.cs(36,16): warning CS8618: Non-Nullable-Eigenschaft ÔÇ×AnsprechPartnerÔÇ£ muss beim Beenden des Konstruktors einen Wert ungleich NULL enthalten. F├╝gen Sie ggf. den ÔÇ×erforderlichenÔÇ£ Modifizierer hinzu, oder deklarieren Sie den Eigenschaft als NULL-Werte zulassend. [C:\Users\rloer\Desktop\IT-Pc\Angular Test\DmsProjeckt\DmsProjeckt.csproj]
C:\Users\rloer\Desktop\IT-Pc\Angular Test\DmsProjeckt\Pages\Workflows\StepUpload.cshtml.cs(36,16): warning CS8618: Non-Nullable-Eigenschaft ÔÇ×AdresseÔÇ£ muss beim Beenden des Konstruktors einen Wert ungleich NULL enthalten. F├╝gen Sie ggf. den ÔÇ×erforderlichenÔÇ£ Modifizierer hinzu, oder deklarieren Sie den Eigenschaft als NULL-Werte zulassend. [C:\Users\rloer\Desktop\IT-Pc\Angular Test\DmsProjeckt\DmsProjeckt.csproj]
C:\Users\rloer\Desktop\IT-Pc\Angular Test\DmsProjeckt\Pages\Workflows\StepUpload.cshtml.cs(36,16): warning CS8618: Non-Nullable-Eigenschaft ÔÇ×AbsenderAdresseÔÇ£ muss beim Beenden des Konstruktors einen Wert ungleich NULL enthalten. F├╝gen Sie ggf. den ÔÇ×erforderlichenÔÇ£ Modifizierer hinzu, oder deklarieren Sie den Eigenschaft als NULL-Werte zulassend. [C:\Users\rloer\Desktop\IT-Pc\Angular Test\DmsProjeckt\DmsProjeckt.csproj]
C:\Users\rloer\Desktop\IT-Pc\Angular Test\DmsProjeckt\Pages\Workflows\StepUpload.cshtml.cs(36,16): warning CS8618: Non-Nullable-Eigenschaft ÔÇ×UIDNummerÔÇ£ muss beim Beenden des Konstruktors einen Wert ungleich NULL enthalten. F├╝gen Sie ggf. den ÔÇ×erforderlichenÔÇ£ Modifizierer hinzu, oder deklarieren Sie den Eigenschaft als NULL-Werte zulassend. [C:\Users\rloer\Desktop\IT-Pc\Angular Test\DmsProjeckt\DmsProjeckt.csproj]
C:\Users\rloer\Desktop\IT-Pc\Angular Test\DmsProjeckt\Pages\Workflows\StepUpload.cshtml.cs(36,16): warning CS8618: Non-Nullable-Eigenschaft ÔÇ×WebsiteÔÇ£ muss beim Beenden des Konstruktors einen Wert ungleich NULL enthalten. F├╝gen Sie ggf. den ÔÇ×erforderlichenÔÇ£ Modifizierer hinzu, oder deklarieren Sie den Eigenschaft als NULL-Werte zulassend. [C:\Users\rloer\Desktop\IT-Pc\Angular Test\DmsProjeckt\DmsProjeckt.csproj]
C:\Users\rloer\Desktop\IT-Pc\Angular Test\DmsProjeckt\Pages\Workflows\StepUpload.cshtml.cs(36,16): warning CS8618: Non-Nullable-Eigenschaft ÔÇ×PdfAutorÔÇ£ muss beim Beenden des Konstruktors einen Wert ungleich NULL enthalten. F├╝gen Sie ggf. den ÔÇ×erforderlichenÔÇ£ Modifizierer hinzu, oder deklarieren Sie den Eigenschaft als NULL-Werte zulassend. [C:\Users\rloer\Desktop\IT-Pc\Angular Test\DmsProjeckt\DmsProjeckt.csproj]
C:\Users\rloer\Desktop\IT-Pc\Angular Test\DmsProjeckt\Pages\Workflows\StepUpload.cshtml.cs(36,16): warning CS8618: Non-Nullable-Eigenschaft ÔÇ×PdfBetreffÔÇ£ muss beim Beenden des Konstruktors einen Wert ungleich NULL enthalten. F├╝gen Sie ggf. den ÔÇ×erforderlichenÔÇ£ Modifizierer hinzu, oder deklarieren Sie den Eigenschaft als NULL-Werte zulassend. [C:\Users\rloer\Desktop\IT-Pc\Angular Test\DmsProjeckt\DmsProjeckt.csproj]
C:\Users\rloer\Desktop\IT-Pc\Angular Test\DmsProjeckt\Pages\Workflows\StepUpload.cshtml.cs(36,16): warning CS8618: Non-Nullable-Eigenschaft ÔÇ×PdfSchluesselwoerterÔÇ£ muss beim Beenden des Konstruktors einen Wert ungleich NULL enthalten. F├╝gen Sie ggf. den ÔÇ×erforderlichenÔÇ£ Modifizierer hinzu, oder deklarieren Sie den Eigenschaft als NULL-Werte zulassend. [C:\Users\rloer\Desktop\IT-Pc\Angular Test\DmsProjeckt\DmsProjeckt.csproj]
C:\Users\rloer\Desktop\IT-Pc\Angular Test\DmsProjeckt\Pages\Workflows\StepUpload.cshtml.cs(36,16): warning CS8618: Non-Nullable-Eigenschaft ÔÇ×ObjectPathÔÇ£ muss beim Beenden des Konstruktors einen Wert ungleich NULL enthalten. F├╝gen Sie ggf. den ÔÇ×erforderlichenÔÇ£ Modifizierer hinzu, oder deklarieren Sie den Eigenschaft als NULL-Werte zulassend. [C:\Users\rloer\Desktop\IT-Pc\Angular Test\DmsProjeckt\DmsProjeckt.csproj]
C:\Users\rloer\Desktop\IT-Pc\Angular Test\DmsProjeckt\Pages\Workflows\StepUpload.cshtml.cs(36,16): warning CS8618: Non-Nullable-Eigenschaft ÔÇ×NeuerDateinameÔÇ£ muss beim Beenden des Konstruktors einen Wert ungleich NULL enthalten. F├╝gen Sie ggf. den ÔÇ×erforderlichenÔÇ£ Modifizierer hinzu, oder deklarieren Sie den Eigenschaft als NULL-Werte zulassend. [C:\Users\rloer\Desktop\IT-Pc\Angular Test\DmsProjeckt\DmsProjeckt.csproj]
C:\Users\rloer\Desktop\IT-Pc\Angular Test\DmsProjeckt\Pages\Dokument\Index.cshtml.cs(791,31): warning CS8602: Dereferenzierung eines m├Âglichen Nullverweises. [C:\Users\rloer\Desktop\IT-Pc\Angular Test\DmsProjeckt\DmsProjeckt.csproj]
C:\Users\rloer\Desktop\IT-Pc\Angular Test\DmsProjeckt\Pages\Workflows\Bearbeiten.cshtml.cs(61,21): warning CS8602: Dereferenzierung eines m├Âglichen Nullverweises. [C:\Users\rloer\Desktop\IT-Pc\Angular Test\DmsProjeckt\DmsProjeckt.csproj]
C:\Users\rloer\Desktop\IT-Pc\Angular Test\DmsProjeckt\Pages\Workflows\Bearbeiten.cshtml.cs(62,52): warning CS8602: Dereferenzierung eines m├Âglichen Nullverweises. [C:\Users\rloer\Desktop\IT-Pc\Angular Test\DmsProjeckt\DmsProjeckt.csproj]
C:\Users\rloer\Desktop\IT-Pc\Angular Test\DmsProjeckt\Pages\Workflows\Bearbeiten.cshtml.cs(72,37): warning CS8602: Dereferenzierung eines m├Âglichen Nullverweises. [C:\Users\rloer\Desktop\IT-Pc\Angular Test\DmsProjeckt\DmsProjeckt.csproj]
C:\Users\rloer\Desktop\IT-Pc\Angular Test\DmsProjeckt\Pages\Workflows\Bearbeiten.cshtml.cs(80,31): warning CS8602: Dereferenzierung eines m├Âglichen Nullverweises. [C:\Users\rloer\Desktop\IT-Pc\Angular Test\DmsProjeckt\DmsProjeckt.csproj]
C:\Users\rloer\Desktop\IT-Pc\Angular Test\DmsProjeckt\Pages\Workflows\Bearbeiten.cshtml.cs(115,31): warning CS8601: M├Âgliche Nullverweiszuweisung. [C:\Users\rloer\Desktop\IT-Pc\Angular Test\DmsProjeckt\DmsProjeckt.csproj]
C:\Users\rloer\Desktop\IT-Pc\Angular Test\DmsProjeckt\Pages\Workflows\Bearbeiten.cshtml.cs(125,34): warning CS8629: Ein Werttyp, der NULL zul├ñsst, kann NULL sein. [C:\Users\rloer\Desktop\IT-Pc\Angular Test\DmsProjeckt\DmsProjeckt.csproj]
C:\Users\rloer\Desktop\IT-Pc\Angular Test\DmsProjeckt\Pages\Workflows\Bearbeiten.cshtml.cs(152,46): warning CS8629: Ein Werttyp, der NULL zul├ñsst, kann NULL sein. [C:\Users\rloer\Desktop\IT-Pc\Angular Test\DmsProjeckt\DmsProjeckt.csproj]
C:\Users\rloer\Desktop\IT-Pc\Angular Test\DmsProjeckt\Pages\Workflows\Bearbeiten.cshtml.cs(165,116): warning CS8604: M├Âgliches Nullverweisargument f├╝r den Parameter "benutzerId" in "Task AuditLogService.LogActionOnlyAsync(string aktion, string benutzerId)". [C:\Users\rloer\Desktop\IT-Pc\Angular Test\DmsProjeckt\DmsProjeckt.csproj]
C:\Users\rloer\Desktop\IT-Pc\Angular Test\DmsProjeckt\Pages\Dokument\Versionieren.cshtml.cs(16,16): warning CS8618: Non-Nullable-Eigenschaft ÔÇ×DokumentÔÇ£ muss beim Beenden des Konstruktors einen Wert ungleich NULL enthalten. F├╝gen Sie ggf. den ÔÇ×erforderlichenÔÇ£ Modifizierer hinzu, oder deklarieren Sie den Eigenschaft als NULL-Werte zulassend. [C:\Users\rloer\Desktop\IT-Pc\Angular Test\DmsProjeckt\DmsProjeckt.csproj]
C:\Users\rloer\Desktop\IT-Pc\Angular Test\DmsProjeckt\Pages\Dokument\Suchen.cshtml.cs(66,42): warning CS8602: Dereferenzierung eines m├Âglichen Nullverweises. [C:\Users\rloer\Desktop\IT-Pc\Angular Test\DmsProjeckt\DmsProjeckt.csproj]
C:\Users\rloer\Desktop\IT-Pc\Angular Test\DmsProjeckt\Pages\Dokument\Suchen.cshtml.cs(68,42): warning CS8602: Dereferenzierung eines m├Âglichen Nullverweises. [C:\Users\rloer\Desktop\IT-Pc\Angular Test\DmsProjeckt\DmsProjeckt.csproj]
C:\Users\rloer\Desktop\IT-Pc\Angular Test\DmsProjeckt\Pages\Dokument\Suchen.cshtml.cs(68,42): warning CS8602: Dereferenzierung eines m├Âglichen Nullverweises. [C:\Users\rloer\Desktop\IT-Pc\Angular Test\DmsProjeckt\DmsProjeckt.csproj]
C:\Users\rloer\Desktop\IT-Pc\Angular Test\DmsProjeckt\Pages\Dokument\Suchen.cshtml.cs(70,42): warning CS8602: Dereferenzierung eines m├Âglichen Nullverweises. [C:\Users\rloer\Desktop\IT-Pc\Angular Test\DmsProjeckt\DmsProjeckt.csproj]
C:\Users\rloer\Desktop\IT-Pc\Angular Test\DmsProjeckt\Pages\Dokument\Suchen.cshtml.cs(70,42): warning CS8602: Dereferenzierung eines m├Âglichen Nullverweises. [C:\Users\rloer\Desktop\IT-Pc\Angular Test\DmsProjeckt\DmsProjeckt.csproj]
C:\Users\rloer\Desktop\IT-Pc\Angular Test\DmsProjeckt\Pages\Dokument\Suchen.cshtml.cs(72,42): warning CS8602: Dereferenzierung eines m├Âglichen Nullverweises. [C:\Users\rloer\Desktop\IT-Pc\Angular Test\DmsProjeckt\DmsProjeckt.csproj]
C:\Users\rloer\Desktop\IT-Pc\Angular Test\DmsProjeckt\Pages\Dokument\Suchen.cshtml.cs(72,42): warning CS8602: Dereferenzierung eines m├Âglichen Nullverweises. [C:\Users\rloer\Desktop\IT-Pc\Angular Test\DmsProjeckt\DmsProjeckt.csproj]
C:\Users\rloer\Desktop\IT-Pc\Angular Test\DmsProjeckt\Pages\Dokument\Suchen.cshtml.cs(74,42): warning CS8602: Dereferenzierung eines m├Âglichen Nullverweises. [C:\Users\rloer\Desktop\IT-Pc\Angular Test\DmsProjeckt\DmsProjeckt.csproj]
C:\Users\rloer\Desktop\IT-Pc\Angular Test\DmsProjeckt\Pages\Dokument\Suchen.cshtml.cs(74,42): warning CS8602: Dereferenzierung eines m├Âglichen Nullverweises. [C:\Users\rloer\Desktop\IT-Pc\Angular Test\DmsProjeckt\DmsProjeckt.csproj]
C:\Users\rloer\Desktop\IT-Pc\Angular Test\DmsProjeckt\Pages\Dokument\Suchen.cshtml.cs(77,22): warning CS8602: Dereferenzierung eines m├Âglichen Nullverweises. [C:\Users\rloer\Desktop\IT-Pc\Angular Test\DmsProjeckt\DmsProjeckt.csproj]
C:\Users\rloer\Desktop\IT-Pc\Angular Test\DmsProjeckt\Pages\Dokument\Suchen.cshtml.cs(77,22): warning CS8602: Dereferenzierung eines m├Âglichen Nullverweises. [C:\Users\rloer\Desktop\IT-Pc\Angular Test\DmsProjeckt\DmsProjeckt.csproj]
C:\Users\rloer\Desktop\IT-Pc\Angular Test\DmsProjeckt\Pages\Dokument\Suchen.cshtml.cs(79,42): warning CS8602: Dereferenzierung eines m├Âglichen Nullverweises. [C:\Users\rloer\Desktop\IT-Pc\Angular Test\DmsProjeckt\DmsProjeckt.csproj]
C:\Users\rloer\Desktop\IT-Pc\Angular Test\DmsProjeckt\Pages\Dokument\Suchen.cshtml.cs(79,42): warning CS8602: Dereferenzierung eines m├Âglichen Nullverweises. [C:\Users\rloer\Desktop\IT-Pc\Angular Test\DmsProjeckt\DmsProjeckt.csproj]
C:\Users\rloer\Desktop\IT-Pc\Angular Test\DmsProjeckt\Pages\Dokument\Suchen.cshtml.cs(88,33): warning CS8602: Dereferenzierung eines m├Âglichen Nullverweises. [C:\Users\rloer\Desktop\IT-Pc\Angular Test\DmsProjeckt\DmsProjeckt.csproj]
C:\Users\rloer\Desktop\IT-Pc\Angular Test\DmsProjeckt\Pages\Workflows\Erstellen.cshtml.cs(64,31): warning CS8601: M├Âgliche Nullverweiszuweisung. [C:\Users\rloer\Desktop\IT-Pc\Angular Test\DmsProjeckt\DmsProjeckt.csproj]
C:\Users\rloer\Desktop\IT-Pc\Angular Test\DmsProjeckt\Pages\Workflows\Erstellen.cshtml.cs(80,28): warning CS8602: Dereferenzierung eines m├Âglichen Nullverweises. [C:\Users\rloer\Desktop\IT-Pc\Angular Test\DmsProjeckt\DmsProjeckt.csproj]
C:\Users\rloer\Desktop\IT-Pc\Angular Test\DmsProjeckt\Pages\Workflows\Erstellen.cshtml.cs(245,121): warning CS8604: M├Âgliches Nullverweisargument f├╝r den Parameter "benutzerId" in "Task AuditLogService.LogActionOnlyAsync(string aktion, string benutzerId)". [C:\Users\rloer\Desktop\IT-Pc\Angular Test\DmsProjeckt\DmsProjeckt.csproj]
C:\Users\rloer\Desktop\IT-Pc\Angular Test\DmsProjeckt\Pages\Workflows\Erstellen.cshtml.cs(248,80): warning CS8604: M├Âgliches Nullverweisargument f├╝r den Parameter "benutzerId" in "Task AuditLogService.LogActionOnlyAsync(string aktion, string benutzerId)". [C:\Users\rloer\Desktop\IT-Pc\Angular Test\DmsProjeckt\DmsProjeckt.csproj]
C:\Users\rloer\Desktop\IT-Pc\Angular Test\DmsProjeckt\Pages\Dokument\Index.cshtml.cs(860,31): warning CS8602: Dereferenzierung eines m├Âglichen Nullverweises. [C:\Users\rloer\Desktop\IT-Pc\Angular Test\DmsProjeckt\DmsProjeckt.csproj]
C:\Users\rloer\Desktop\IT-Pc\Angular Test\DmsProjeckt\Pages\Dokument\Suchen.cshtml.cs(125,37): warning CS8602: Dereferenzierung eines m├Âglichen Nullverweises. [C:\Users\rloer\Desktop\IT-Pc\Angular Test\DmsProjeckt\DmsProjeckt.csproj]
C:\Users\rloer\Desktop\IT-Pc\Angular Test\DmsProjeckt\Pages\Dokument\Suchen.cshtml.cs(137,26): warning CS8602: Dereferenzierung eines m├Âglichen Nullverweises. [C:\Users\rloer\Desktop\IT-Pc\Angular Test\DmsProjeckt\DmsProjeckt.csproj]
C:\Users\rloer\Desktop\IT-Pc\Angular Test\DmsProjeckt\Pages\Dokument\Suchen.cshtml.cs(152,33): warning CS8602: Dereferenzierung eines m├Âglichen Nullverweises. [C:\Users\rloer\Desktop\IT-Pc\Angular Test\DmsProjeckt\DmsProjeckt.csproj]
C:\Users\rloer\Desktop\IT-Pc\Angular Test\DmsProjeckt\Pages\Workflows\Erstellen.cshtml.cs(338,29): warning CS8602: Dereferenzierung eines m├Âglichen Nullverweises. [C:\Users\rloer\Desktop\IT-Pc\Angular Test\DmsProjeckt\DmsProjeckt.csproj]
C:\Users\rloer\Desktop\IT-Pc\Angular Test\DmsProjeckt\Pages\Workflows\Erstellen.cshtml.cs(339,29): warning CS8602: Dereferenzierung eines m├Âglichen Nullverweises. [C:\Users\rloer\Desktop\IT-Pc\Angular Test\DmsProjeckt\DmsProjeckt.csproj]
C:\Users\rloer\Desktop\IT-Pc\Angular Test\DmsProjeckt\Pages\Workflows\Erstellen.cshtml.cs(340,29): warning CS8602: Dereferenzierung eines m├Âglichen Nullverweises. [C:\Users\rloer\Desktop\IT-Pc\Angular Test\DmsProjeckt\DmsProjeckt.csproj]
C:\Users\rloer\Desktop\IT-Pc\Angular Test\DmsProjeckt\Pages\Dokument\Index.cshtml.cs(943,42): warning CS1998: In dieser Async-Methode fehlen die "await"-Operatoren, weshalb sie synchron ausgef├╝hrt wird. Sie sollten die Verwendung des "await"-Operators oder von "await Task.Run(...)" in Betracht ziehen, um auf nicht blockierende API-Aufrufe zu warten bzw. CPU-gebundene Aufgaben auf einem Hintergrundthread auszuf├╝hren. [C:\Users\rloer\Desktop\IT-Pc\Angular Test\DmsProjeckt\DmsProjeckt.csproj]
C:\Users\rloer\Desktop\IT-Pc\Angular Test\DmsProjeckt\Pages\Workflows\StepUpload.cshtml.cs(134,57): warning CS8604: M├Âgliches Nullverweisargument f├╝r den Parameter "userId" in "Task<ApplicationUser?> UserManager<ApplicationUser>.FindByIdAsync(string userId)". [C:\Users\rloer\Desktop\IT-Pc\Angular Test\DmsProjeckt\DmsProjeckt.csproj]
C:\Users\rloer\Desktop\IT-Pc\Angular Test\DmsProjeckt\Pages\Workflows\StepUpload.cshtml.cs(182,33): warning CS8601: M├Âgliche Nullverweiszuweisung. [C:\Users\rloer\Desktop\IT-Pc\Angular Test\DmsProjeckt\DmsProjeckt.csproj]
C:\Users\rloer\Desktop\IT-Pc\Angular Test\DmsProjeckt\Pages\Workflows\StepUpload.cshtml.cs(183,36): warning CS8601: M├Âgliche Nullverweiszuweisung. [C:\Users\rloer\Desktop\IT-Pc\Angular Test\DmsProjeckt\DmsProjeckt.csproj]
C:\Users\rloer\Desktop\IT-Pc\Angular Test\DmsProjeckt\Pages\Workflows\StepUpload.cshtml.cs(184,29): warning CS8601: M├Âgliche Nullverweiszuweisung. [C:\Users\rloer\Desktop\IT-Pc\Angular Test\DmsProjeckt\DmsProjeckt.csproj]
C:\Users\rloer\Desktop\IT-Pc\Angular Test\DmsProjeckt\Pages\Workflows\StepUpload.cshtml.cs(185,39): warning CS8601: M├Âgliche Nullverweiszuweisung. [C:\Users\rloer\Desktop\IT-Pc\Angular Test\DmsProjeckt\DmsProjeckt.csproj]
C:\Users\rloer\Desktop\IT-Pc\Angular Test\DmsProjeckt\Pages\Workflows\StepUpload.cshtml.cs(186,36): warning CS8601: M├Âgliche Nullverweiszuweisung. [C:\Users\rloer\Desktop\IT-Pc\Angular Test\DmsProjeckt\DmsProjeckt.csproj]
C:\Users\rloer\Desktop\IT-Pc\Angular Test\DmsProjeckt\Pages\Workflows\StepUpload.cshtml.cs(187,39): warning CS8601: M├Âgliche Nullverweiszuweisung. [C:\Users\rloer\Desktop\IT-Pc\Angular Test\DmsProjeckt\DmsProjeckt.csproj]
C:\Users\rloer\Desktop\IT-Pc\Angular Test\DmsProjeckt\Pages\Workflows\StepUpload.cshtml.cs(188,38): warning CS8601: M├Âgliche Nullverweiszuweisung. [C:\Users\rloer\Desktop\IT-Pc\Angular Test\DmsProjeckt\DmsProjeckt.csproj]
C:\Users\rloer\Desktop\IT-Pc\Angular Test\DmsProjeckt\Pages\Workflows\StepUpload.cshtml.cs(189,35): warning CS8601: M├Âgliche Nullverweiszuweisung. [C:\Users\rloer\Desktop\IT-Pc\Angular Test\DmsProjeckt\DmsProjeckt.csproj]
C:\Users\rloer\Desktop\IT-Pc\Angular Test\DmsProjeckt\Pages\Workflows\StepUpload.cshtml.cs(190,41): warning CS8601: M├Âgliche Nullverweiszuweisung. [C:\Users\rloer\Desktop\IT-Pc\Angular Test\DmsProjeckt\DmsProjeckt.csproj]
C:\Users\rloer\Desktop\IT-Pc\Angular Test\DmsProjeckt\Pages\Workflows\StepUpload.cshtml.cs(191,36): warning CS8601: M├Âgliche Nullverweiszuweisung. [C:\Users\rloer\Desktop\IT-Pc\Angular Test\DmsProjeckt\DmsProjeckt.csproj]
C:\Users\rloer\Desktop\IT-Pc\Angular Test\DmsProjeckt\Pages\Workflows\StepUpload.cshtml.cs(192,43): warning CS8601: M├Âgliche Nullverweiszuweisung. [C:\Users\rloer\Desktop\IT-Pc\Angular Test\DmsProjeckt\DmsProjeckt.csproj]
C:\Users\rloer\Desktop\IT-Pc\Angular Test\DmsProjeckt\Pages\Workflows\StepUpload.cshtml.cs(193,33): warning CS8601: M├Âgliche Nullverweiszuweisung. [C:\Users\rloer\Desktop\IT-Pc\Angular Test\DmsProjeckt\DmsProjeckt.csproj]
C:\Users\rloer\Desktop\IT-Pc\Angular Test\DmsProjeckt\Pages\Workflows\StepUpload.cshtml.cs(194,37): warning CS8601: M├Âgliche Nullverweiszuweisung. [C:\Users\rloer\Desktop\IT-Pc\Angular Test\DmsProjeckt\DmsProjeckt.csproj]
C:\Users\rloer\Desktop\IT-Pc\Angular Test\DmsProjeckt\Pages\Workflows\StepUpload.cshtml.cs(195,29): warning CS8601: M├Âgliche Nullverweiszuweisung. [C:\Users\rloer\Desktop\IT-Pc\Angular Test\DmsProjeckt\DmsProjeckt.csproj]
C:\Users\rloer\Desktop\IT-Pc\Angular Test\DmsProjeckt\Pages\Workflows\StepUpload.cshtml.cs(196,31): warning CS8601: M├Âgliche Nullverweiszuweisung. [C:\Users\rloer\Desktop\IT-Pc\Angular Test\DmsProjeckt\DmsProjeckt.csproj]
C:\Users\rloer\Desktop\IT-Pc\Angular Test\DmsProjeckt\Pages\Workflows\StepUpload.cshtml.cs(197,31): warning CS8601: M├Âgliche Nullverweiszuweisung. [C:\Users\rloer\Desktop\IT-Pc\Angular Test\DmsProjeckt\DmsProjeckt.csproj]
C:\Users\rloer\Desktop\IT-Pc\Angular Test\DmsProjeckt\Pages\Workflows\StepUpload.cshtml.cs(198,28): warning CS8601: M├Âgliche Nullverweiszuweisung. [C:\Users\rloer\Desktop\IT-Pc\Angular Test\DmsProjeckt\DmsProjeckt.csproj]
C:\Users\rloer\Desktop\IT-Pc\Angular Test\DmsProjeckt\Pages\Workflows\StepUpload.cshtml.cs(199,27): warning CS8601: M├Âgliche Nullverweiszuweisung. [C:\Users\rloer\Desktop\IT-Pc\Angular Test\DmsProjeckt\DmsProjeckt.csproj]
C:\Users\rloer\Desktop\IT-Pc\Angular Test\DmsProjeckt\Pages\Workflows\StepUpload.cshtml.cs(200,38): warning CS8601: M├Âgliche Nullverweiszuweisung. [C:\Users\rloer\Desktop\IT-Pc\Angular Test\DmsProjeckt\DmsProjeckt.csproj]
C:\Users\rloer\Desktop\IT-Pc\Angular Test\DmsProjeckt\Pages\Workflows\StepUpload.cshtml.cs(201,32): warning CS8601: M├Âgliche Nullverweiszuweisung. [C:\Users\rloer\Desktop\IT-Pc\Angular Test\DmsProjeckt\DmsProjeckt.csproj]
C:\Users\rloer\Desktop\IT-Pc\Angular Test\DmsProjeckt\Pages\Workflows\StepUpload.cshtml.cs(202,33): warning CS8601: M├Âgliche Nullverweiszuweisung. [C:\Users\rloer\Desktop\IT-Pc\Angular Test\DmsProjeckt\DmsProjeckt.csproj]
C:\Users\rloer\Desktop\IT-Pc\Angular Test\DmsProjeckt\Pages\Workflows\StepUpload.cshtml.cs(203,31): warning CS8601: M├Âgliche Nullverweiszuweisung. [C:\Users\rloer\Desktop\IT-Pc\Angular Test\DmsProjeckt\DmsProjeckt.csproj]
C:\Users\rloer\Desktop\IT-Pc\Angular Test\DmsProjeckt\Pages\Workflows\StepUpload.cshtml.cs(204,39): warning CS8601: M├Âgliche Nullverweiszuweisung. [C:\Users\rloer\Desktop\IT-Pc\Angular Test\DmsProjeckt\DmsProjeckt.csproj]
C:\Users\rloer\Desktop\IT-Pc\Angular Test\DmsProjeckt\Pages\Workflows\StepUpload.cshtml.cs(205,39): warning CS8601: M├Âgliche Nullverweiszuweisung. [C:\Users\rloer\Desktop\IT-Pc\Angular Test\DmsProjeckt\DmsProjeckt.csproj]
C:\Users\rloer\Desktop\IT-Pc\Angular Test\DmsProjeckt\Pages\Workflows\StepUpload.cshtml.cs(206,32): warning CS8601: M├Âgliche Nullverweiszuweisung. [C:\Users\rloer\Desktop\IT-Pc\Angular Test\DmsProjeckt\DmsProjeckt.csproj]
C:\Users\rloer\Desktop\IT-Pc\Angular Test\DmsProjeckt\Pages\Workflows\StepUpload.cshtml.cs(207,32): warning CS8601: M├Âgliche Nullverweiszuweisung. [C:\Users\rloer\Desktop\IT-Pc\Angular Test\DmsProjeckt\DmsProjeckt.csproj]
C:\Users\rloer\Desktop\IT-Pc\Angular Test\DmsProjeckt\Pages\Workflows\StepUpload.cshtml.cs(208,34): warning CS8601: M├Âgliche Nullverweiszuweisung. [C:\Users\rloer\Desktop\IT-Pc\Angular Test\DmsProjeckt\DmsProjeckt.csproj]
C:\Users\rloer\Desktop\IT-Pc\Angular Test\DmsProjeckt\Pages\Workflows\StepUpload.cshtml.cs(209,44): warning CS8601: M├Âgliche Nullverweiszuweisung. [C:\Users\rloer\Desktop\IT-Pc\Angular Test\DmsProjeckt\DmsProjeckt.csproj]
C:\Users\rloer\Desktop\IT-Pc\Angular Test\DmsProjeckt\Pages\Workflows\StepUpload.cshtml.cs(210,31): warning CS8601: M├Âgliche Nullverweiszuweisung. [C:\Users\rloer\Desktop\IT-Pc\Angular Test\DmsProjeckt\DmsProjeckt.csproj]
C:\Users\rloer\Desktop\IT-Pc\Angular Test\DmsProjeckt\Pages\Workflows\StepUpload.cshtml.cs(211,31): warning CS8601: M├Âgliche Nullverweiszuweisung. [C:\Users\rloer\Desktop\IT-Pc\Angular Test\DmsProjeckt\DmsProjeckt.csproj]
C:\Users\rloer\Desktop\IT-Pc\Angular Test\DmsProjeckt\Pages\Workflows\StepUpload.cshtml.cs(214,33): warning CS8601: M├Âgliche Nullverweiszuweisung. [C:\Users\rloer\Desktop\IT-Pc\Angular Test\DmsProjeckt\DmsProjeckt.csproj]
C:\Users\rloer\Desktop\IT-Pc\Angular Test\DmsProjeckt\Pages\Workflows\StepUpload.cshtml.cs(215,33): warning CS8601: M├Âgliche Nullverweiszuweisung. [C:\Users\rloer\Desktop\IT-Pc\Angular Test\DmsProjeckt\DmsProjeckt.csproj]
C:\Users\rloer\Desktop\IT-Pc\Angular Test\DmsProjeckt\Pages\Workflows\StepUpload.cshtml.cs(216,38): warning CS8601: M├Âgliche Nullverweiszuweisung. [C:\Users\rloer\Desktop\IT-Pc\Angular Test\DmsProjeckt\DmsProjeckt.csproj]
C:\Users\rloer\Desktop\IT-Pc\Angular Test\DmsProjeckt\Pages\Workflows\StepUpload.cshtml.cs(218,34): warning CS8601: M├Âgliche Nullverweiszuweisung. [C:\Users\rloer\Desktop\IT-Pc\Angular Test\DmsProjeckt\DmsProjeckt.csproj]
C:\Users\rloer\Desktop\IT-Pc\Angular Test\DmsProjeckt\Pages\Workflows\StepUpload.cshtml.cs(247,33): warning CS8602: Dereferenzierung eines m├Âglichen Nullverweises. [C:\Users\rloer\Desktop\IT-Pc\Angular Test\DmsProjeckt\DmsProjeckt.csproj]
C:\Users\rloer\Desktop\IT-Pc\Angular Test\DmsProjeckt\Pages\Workflows\Erstellen.cshtml.cs(321,27): warning CS8618: Non-Nullable-Eigenschaft ÔÇ×NameÔÇ£ muss beim Beenden des Konstruktors einen Wert ungleich NULL enthalten. F├╝gen Sie ggf. den ÔÇ×erforderlichenÔÇ£ Modifizierer hinzu, oder deklarieren Sie den Eigenschaft als NULL-Werte zulassend. [C:\Users\rloer\Desktop\IT-Pc\Angular Test\DmsProjeckt\DmsProjeckt.csproj]
C:\Users\rloer\Desktop\IT-Pc\Angular Test\DmsProjeckt\Pages\Workflows\Erstellen.cshtml.cs(312,27): warning CS8618: Non-Nullable-Eigenschaft ÔÇ×IdÔÇ£ muss beim Beenden des Konstruktors einen Wert ungleich NULL enthalten. F├╝gen Sie ggf. den ÔÇ×erforderlichenÔÇ£ Modifizierer hinzu, oder deklarieren Sie den Eigenschaft als NULL-Werte zulassend. [C:\Users\rloer\Desktop\IT-Pc\Angular Test\DmsProjeckt\DmsProjeckt.csproj]
C:\Users\rloer\Desktop\IT-Pc\Angular Test\DmsProjeckt\Pages\Workflows\Erstellen.cshtml.cs(313,27): warning CS8618: Non-Nullable-Eigenschaft ÔÇ×NameÔÇ£ muss beim Beenden des Konstruktors einen Wert ungleich NULL enthalten. F├╝gen Sie ggf. den ÔÇ×erforderlichenÔÇ£ Modifizierer hinzu, oder deklarieren Sie den Eigenschaft als NULL-Werte zulassend. [C:\Users\rloer\Desktop\IT-Pc\Angular Test\DmsProjeckt\DmsProjeckt.csproj]
C:\Users\rloer\Desktop\IT-Pc\Angular Test\DmsProjeckt\Pages\Workflows\Erstellen.cshtml.cs(314,27): warning CS8618: Non-Nullable-Eigenschaft ÔÇ×ProfileImageUrlÔÇ£ muss beim Beenden des Konstruktors einen Wert ungleich NULL enthalten. F├╝gen Sie ggf. den ÔÇ×erforderlichenÔÇ£ Modifizierer hinzu, oder deklarieren Sie den Eigenschaft als NULL-Werte zulassend. [C:\Users\rloer\Desktop\IT-Pc\Angular Test\DmsProjeckt\DmsProjeckt.csproj]
C:\Users\rloer\Desktop\IT-Pc\Angular Test\DmsProjeckt\Pages\Workflows\Erstellen.cshtml.cs(315,27): warning CS8618: Non-Nullable-Eigenschaft ÔÇ×AbteilungÔÇ£ muss beim Beenden des Konstruktors einen Wert ungleich NULL enthalten. F├╝gen Sie ggf. den ÔÇ×erforderlichenÔÇ£ Modifizierer hinzu, oder deklarieren Sie den Eigenschaft als NULL-Werte zulassend. [C:\Users\rloer\Desktop\IT-Pc\Angular Test\DmsProjeckt\DmsProjeckt.csproj]
C:\Users\rloer\Desktop\IT-Pc\Angular Test\DmsProjeckt\Pages\Dokument\Suchen.cshtml.cs(185,26): warning CS8602: Dereferenzierung eines m├Âglichen Nullverweises. [C:\Users\rloer\Desktop\IT-Pc\Angular Test\DmsProjeckt\DmsProjeckt.csproj]
C:\Users\rloer\Desktop\IT-Pc\Angular Test\DmsProjeckt\Pages\Dokument\Suchen.cshtml.cs(196,13): warning CS8602: Dereferenzierung eines m├Âglichen Nullverweises. [C:\Users\rloer\Desktop\IT-Pc\Angular Test\DmsProjeckt\DmsProjeckt.csproj]
C:\Users\rloer\Desktop\IT-Pc\Angular Test\DmsProjeckt\Pages\Tests\UploadMulti.cshtml.cs(453,56): warning CS8604: M├Âgliches Nullverweisargument f├╝r den Parameter "user" in "Task<Kunden?> UploadMultiModel.ResolveKundeForUserAsync(ApplicationUser user)". [C:\Users\rloer\Desktop\IT-Pc\Angular Test\DmsProjeckt\DmsProjeckt.csproj]
C:\Users\rloer\Desktop\IT-Pc\Angular Test\DmsProjeckt\Pages\Tests\UploadMulti.cshtml.cs(501,41): warning CS8601: M├Âgliche Nullverweiszuweisung. [C:\Users\rloer\Desktop\IT-Pc\Angular Test\DmsProjeckt\DmsProjeckt.csproj]
C:\Users\rloer\Desktop\IT-Pc\Angular Test\DmsProjeckt\Pages\Tests\UploadMulti.cshtml.cs(504,37): warning CS8601: M├Âgliche Nullverweiszuweisung. [C:\Users\rloer\Desktop\IT-Pc\Angular Test\DmsProjeckt\DmsProjeckt.csproj]
C:\Users\rloer\Desktop\IT-Pc\Angular Test\DmsProjeckt\Pages\Tests\UploadMulti.cshtml.cs(561,63): warning CS8603: M├Âgliche Nullverweisr├╝ckgabe. [C:\Users\rloer\Desktop\IT-Pc\Angular Test\DmsProjeckt\DmsProjeckt.csproj]
C:\Users\rloer\Desktop\IT-Pc\Angular Test\DmsProjeckt\Pages\Tests\UploadMulti.cshtml.cs(593,67): warning CS8601: M├Âgliche Nullverweiszuweisung. [C:\Users\rloer\Desktop\IT-Pc\Angular Test\DmsProjeckt\DmsProjeckt.csproj]
C:\Users\rloer\Desktop\IT-Pc\Angular Test\DmsProjeckt\Pages\Dokument\Versionieren.cshtml.cs(109,68): warning CS8604: M├Âgliches Nullverweisargument f├╝r den Parameter "userId" in "Task VersionierungsService.SpeichereVersionAsync(Guid dokumentId, string userId, string? customLabel = null, object? meta = null)". [C:\Users\rloer\Desktop\IT-Pc\Angular Test\DmsProjeckt\DmsProjeckt.csproj]
C:\Users\rloer\Desktop\IT-Pc\Angular Test\DmsProjeckt\Pages\Tests\UploadMulti.cshtml.cs(744,58): warning CS8603: M├Âgliche Nullverweisr├╝ckgabe. [C:\Users\rloer\Desktop\IT-Pc\Angular Test\DmsProjeckt\DmsProjeckt.csproj]
C:\Users\rloer\Desktop\IT-Pc\Angular Test\DmsProjeckt\Pages\Tests\UploadMulti.cshtml.cs(755,20): warning CS8603: M├Âgliche Nullverweisr├╝ckgabe. [C:\Users\rloer\Desktop\IT-Pc\Angular Test\DmsProjeckt\DmsProjeckt.csproj]
C:\Users\rloer\Desktop\IT-Pc\Angular Test\DmsProjeckt\Pages\Workflows\StepUpload.cshtml.cs(338,28): warning CS8600: Das NULL-Literal oder ein m├Âglicher NULL-Wert wird in einen Non-Nullable-Typ konvertiert. [C:\Users\rloer\Desktop\IT-Pc\Angular Test\DmsProjeckt\DmsProjeckt.csproj]
C:\Users\rloer\Desktop\IT-Pc\Angular Test\DmsProjeckt\Pages\Workflows\StepUpload.cshtml.cs(338,44): warning CS8600: Das NULL-Literal oder ein m├Âglicher NULL-Wert wird in einen Non-Nullable-Typ konvertiert. [C:\Users\rloer\Desktop\IT-Pc\Angular Test\DmsProjeckt\DmsProjeckt.csproj]
C:\Users\rloer\Desktop\IT-Pc\Angular Test\DmsProjeckt\Pages\Workflows\StepUpload.cshtml.cs(338,70): warning CS8600: Das NULL-Literal oder ein m├Âglicher NULL-Wert wird in einen Non-Nullable-Typ konvertiert. [C:\Users\rloer\Desktop\IT-Pc\Angular Test\DmsProjeckt\DmsProjeckt.csproj]
C:\Users\rloer\Desktop\IT-Pc\Angular Test\DmsProjeckt\Pages\Workflows\StepUpload.cshtml.cs(391,33): warning CS8600: Das NULL-Literal oder ein m├Âglicher NULL-Wert wird in einen Non-Nullable-Typ konvertiert. [C:\Users\rloer\Desktop\IT-Pc\Angular Test\DmsProjeckt\DmsProjeckt.csproj]
C:\Users\rloer\Desktop\IT-Pc\Angular Test\DmsProjeckt\Pages\Workflows\StepUpload.cshtml.cs(393,65): warning CS8604: M├Âgliches Nullverweisargument f├╝r den Parameter "firma" in "Task<string> WebDavStorageService.UploadForUserAsync(IFormFile file, string firma, string abteilung, string kategorie)". [C:\Users\rloer\Desktop\IT-Pc\Angular Test\DmsProjeckt\DmsProjeckt.csproj]
C:\Users\rloer\Desktop\IT-Pc\Angular Test\DmsProjeckt\Pages\Workflows\StepUpload.cshtml.cs(333,39): warning CS8603: M├Âgliche Nullverweisr├╝ckgabe. [C:\Users\rloer\Desktop\IT-Pc\Angular Test\DmsProjeckt\DmsProjeckt.csproj]
C:\Users\rloer\Desktop\IT-Pc\Angular Test\DmsProjeckt\Pages\Workflows\StepUpload.cshtml.cs(334,45): warning CS8603: M├Âgliche Nullverweisr├╝ckgabe. [C:\Users\rloer\Desktop\IT-Pc\Angular Test\DmsProjeckt\DmsProjeckt.csproj]
C:\Users\rloer\Desktop\IT-Pc\Angular Test\DmsProjeckt\Pages\Workflows\StepUpload.cshtml.cs(440,24): warning CS8603: M├Âgliche Nullverweisr├╝ckgabe. [C:\Users\rloer\Desktop\IT-Pc\Angular Test\DmsProjeckt\DmsProjeckt.csproj]
C:\Users\rloer\Desktop\IT-Pc\Angular Test\DmsProjeckt\Pages\Workflows\StepUpload.cshtml.cs(446,24): warning CS8603: M├Âgliche Nullverweisr├╝ckgabe. [C:\Users\rloer\Desktop\IT-Pc\Angular Test\DmsProjeckt\DmsProjeckt.csproj]
C:\Users\rloer\Desktop\IT-Pc\Angular Test\DmsProjeckt\Pages\Workflows\StepUpload.cshtml.cs(452,24): warning CS8603: M├Âgliche Nullverweisr├╝ckgabe. [C:\Users\rloer\Desktop\IT-Pc\Angular Test\DmsProjeckt\DmsProjeckt.csproj]
C:\Users\rloer\Desktop\IT-Pc\Angular Test\DmsProjeckt\Pages\Workflows\StepUpload.cshtml.cs(458,24): warning CS8603: M├Âgliche Nullverweisr├╝ckgabe. [C:\Users\rloer\Desktop\IT-Pc\Angular Test\DmsProjeckt\DmsProjeckt.csproj]
C:\Users\rloer\Desktop\IT-Pc\Angular Test\DmsProjeckt\Pages\Workflows\StepUpload.cshtml.cs(462,17): warning CS8603: M├Âgliche Nullverweisr├╝ckgabe. [C:\Users\rloer\Desktop\IT-Pc\Angular Test\DmsProjeckt\DmsProjeckt.csproj]
C:\Users\rloer\Desktop\IT-Pc\Angular Test\DmsProjeckt\Pages\Dokument\Index.cshtml.cs(1061,32): warning CS8604: M├Âgliches Nullverweisargument f├╝r den Parameter "a" in "bool PathsMatch(string a, string b)". [C:\Users\rloer\Desktop\IT-Pc\Angular Test\DmsProjeckt\DmsProjeckt.csproj]
C:\Users\rloer\Desktop\IT-Pc\Angular Test\DmsProjeckt\Pages\Dokument\Index.cshtml.cs(1092,35): warning CS8600: Das NULL-Literal oder ein m├Âglicher NULL-Wert wird in einen Non-Nullable-Typ konvertiert. [C:\Users\rloer\Desktop\IT-Pc\Angular Test\DmsProjeckt\DmsProjeckt.csproj]
C:\Users\rloer\Desktop\IT-Pc\Angular Test\DmsProjeckt\Pages\Dokument\Index.cshtml.cs(1095,21): warning CS8602: Dereferenzierung eines m├Âglichen Nullverweises. [C:\Users\rloer\Desktop\IT-Pc\Angular Test\DmsProjeckt\DmsProjeckt.csproj]
C:\Users\rloer\Desktop\IT-Pc\Angular Test\DmsProjeckt\Pages\Dokument\Index.cshtml.cs(1139,33): warning CS8601: M├Âgliche Nullverweiszuweisung. [C:\Users\rloer\Desktop\IT-Pc\Angular Test\DmsProjeckt\DmsProjeckt.csproj]
C:\Users\rloer\Desktop\IT-Pc\Angular Test\DmsProjeckt\Pages\Dokument\Index.cshtml.cs(1142,43): warning CS8601: M├Âgliche Nullverweiszuweisung. [C:\Users\rloer\Desktop\IT-Pc\Angular Test\DmsProjeckt\DmsProjeckt.csproj]
C:\Users\rloer\Desktop\IT-Pc\Angular Test\DmsProjeckt\Pages\Dokument\Index.cshtml.cs(1143,40): warning CS8601: M├Âgliche Nullverweiszuweisung. [C:\Users\rloer\Desktop\IT-Pc\Angular Test\DmsProjeckt\DmsProjeckt.csproj]
C:\Users\rloer\Desktop\IT-Pc\Angular Test\DmsProjeckt\Pages\Dokument\Index.cshtml.cs(1144,33): warning CS8601: M├Âgliche Nullverweiszuweisung. [C:\Users\rloer\Desktop\IT-Pc\Angular Test\DmsProjeckt\DmsProjeckt.csproj]
C:\Users\rloer\Desktop\IT-Pc\Angular Test\DmsProjeckt\Pages\Dokument\Index.cshtml.cs(1145,35): warning CS8601: M├Âgliche Nullverweiszuweisung. [C:\Users\rloer\Desktop\IT-Pc\Angular Test\DmsProjeckt\DmsProjeckt.csproj]
C:\Users\rloer\Desktop\IT-Pc\Angular Test\DmsProjeckt\Pages\Dokument\Index.cshtml.cs(1146,32): warning CS8601: M├Âgliche Nullverweiszuweisung. [C:\Users\rloer\Desktop\IT-Pc\Angular Test\DmsProjeckt\DmsProjeckt.csproj]
C:\Users\rloer\Desktop\IT-Pc\Angular Test\DmsProjeckt\Pages\Dokument\Index.cshtml.cs(1147,31): warning CS8601: M├Âgliche Nullverweiszuweisung. [C:\Users\rloer\Desktop\IT-Pc\Angular Test\DmsProjeckt\DmsProjeckt.csproj]
C:\Users\rloer\Desktop\IT-Pc\Angular Test\DmsProjeckt\Pages\Dokument\Index.cshtml.cs(1148,35): warning CS8601: M├Âgliche Nullverweiszuweisung. [C:\Users\rloer\Desktop\IT-Pc\Angular Test\DmsProjeckt\DmsProjeckt.csproj]
C:\Users\rloer\Desktop\IT-Pc\Angular Test\DmsProjeckt\Pages\Dokument\Index.cshtml.cs(1149,35): warning CS8601: M├Âgliche Nullverweiszuweisung. [C:\Users\rloer\Desktop\IT-Pc\Angular Test\DmsProjeckt\DmsProjeckt.csproj]
C:\Users\rloer\Desktop\IT-Pc\Angular Test\DmsProjeckt\Pages\Dokument\Index.cshtml.cs(1150,35): warning CS8601: M├Âgliche Nullverweiszuweisung. [C:\Users\rloer\Desktop\IT-Pc\Angular Test\DmsProjeckt\DmsProjeckt.csproj]
C:\Users\rloer\Desktop\IT-Pc\Angular Test\DmsProjeckt\Pages\Dokument\Index.cshtml.cs(1200,57): warning CS8604: M├Âgliches Nullverweisargument f├╝r den Parameter "userId" in "Task<ApplicationUser?> UserManager<ApplicationUser>.FindByIdAsync(string userId)". [C:\Users\rloer\Desktop\IT-Pc\Angular Test\DmsProjeckt\DmsProjeckt.csproj]
C:\Users\rloer\Desktop\IT-Pc\Angular Test\DmsProjeckt\Pages\Dokument\Index.cshtml.cs(1305,32): warning CS8604: M├Âgliches Nullverweisargument f├╝r den Parameter "a" in "bool PathsMatch(string a, string b)". [C:\Users\rloer\Desktop\IT-Pc\Angular Test\DmsProjeckt\DmsProjeckt.csproj]
C:\Users\rloer\Desktop\IT-Pc\Angular Test\DmsProjeckt\Pages\Dokument\Index.cshtml.cs(1338,35): warning CS8600: Das NULL-Literal oder ein m├Âglicher NULL-Wert wird in einen Non-Nullable-Typ konvertiert. [C:\Users\rloer\Desktop\IT-Pc\Angular Test\DmsProjeckt\DmsProjeckt.csproj]
C:\Users\rloer\Desktop\IT-Pc\Angular Test\DmsProjeckt\Pages\Dokument\Index.cshtml.cs(1346,76): warning CS8604: M├Âgliches Nullverweisargument f├╝r den Parameter "remotePath" in "Task<Stream?> WebDavStorageService.DownloadStreamAsync(string remotePath)". [C:\Users\rloer\Desktop\IT-Pc\Angular Test\DmsProjeckt\DmsProjeckt.csproj]
C:\Users\rloer\Desktop\IT-Pc\Angular Test\DmsProjeckt\Pages\Dokument\Index.cshtml.cs(1387,33): warning CS8601: M├Âgliche Nullverweiszuweisung. [C:\Users\rloer\Desktop\IT-Pc\Angular Test\DmsProjeckt\DmsProjeckt.csproj]
C:\Users\rloer\Desktop\IT-Pc\Angular Test\DmsProjeckt\Pages\Dokument\Index.cshtml.cs(1390,43): warning CS8601: M├Âgliche Nullverweiszuweisung. [C:\Users\rloer\Desktop\IT-Pc\Angular Test\DmsProjeckt\DmsProjeckt.csproj]
C:\Users\rloer\Desktop\IT-Pc\Angular Test\DmsProjeckt\Pages\Dokument\Index.cshtml.cs(1391,40): warning CS8601: M├Âgliche Nullverweiszuweisung. [C:\Users\rloer\Desktop\IT-Pc\Angular Test\DmsProjeckt\DmsProjeckt.csproj]
C:\Users\rloer\Desktop\IT-Pc\Angular Test\DmsProjeckt\Pages\Dokument\Index.cshtml.cs(1392,33): warning CS8601: M├Âgliche Nullverweiszuweisung. [C:\Users\rloer\Desktop\IT-Pc\Angular Test\DmsProjeckt\DmsProjeckt.csproj]
C:\Users\rloer\Desktop\IT-Pc\Angular Test\DmsProjeckt\Pages\Dokument\Index.cshtml.cs(1393,35): warning CS8601: M├Âgliche Nullverweiszuweisung. [C:\Users\rloer\Desktop\IT-Pc\Angular Test\DmsProjeckt\DmsProjeckt.csproj]
C:\Users\rloer\Desktop\IT-Pc\Angular Test\DmsProjeckt\Pages\Dokument\Index.cshtml.cs(1394,32): warning CS8601: M├Âgliche Nullverweiszuweisung. [C:\Users\rloer\Desktop\IT-Pc\Angular Test\DmsProjeckt\DmsProjeckt.csproj]
C:\Users\rloer\Desktop\IT-Pc\Angular Test\DmsProjeckt\Pages\Dokument\Index.cshtml.cs(1395,31): warning CS8601: M├Âgliche Nullverweiszuweisung. [C:\Users\rloer\Desktop\IT-Pc\Angular Test\DmsProjeckt\DmsProjeckt.csproj]
C:\Users\rloer\Desktop\IT-Pc\Angular Test\DmsProjeckt\Pages\Dokument\Index.cshtml.cs(1396,35): warning CS8601: M├Âgliche Nullverweiszuweisung. [C:\Users\rloer\Desktop\IT-Pc\Angular Test\DmsProjeckt\DmsProjeckt.csproj]
C:\Users\rloer\Desktop\IT-Pc\Angular Test\DmsProjeckt\Pages\Dokument\Index.cshtml.cs(1397,35): warning CS8601: M├Âgliche Nullverweiszuweisung. [C:\Users\rloer\Desktop\IT-Pc\Angular Test\DmsProjeckt\DmsProjeckt.csproj]
C:\Users\rloer\Desktop\IT-Pc\Angular Test\DmsProjeckt\Pages\Dokument\Index.cshtml.cs(1398,35): warning CS8601: M├Âgliche Nullverweiszuweisung. [C:\Users\rloer\Desktop\IT-Pc\Angular Test\DmsProjeckt\DmsProjeckt.csproj]
C:\Users\rloer\Desktop\IT-Pc\Angular Test\DmsProjeckt\Pages\Dokument\Index.cshtml.cs(1414,108): warning CS8602: Dereferenzierung eines m├Âglichen Nullverweises. [C:\Users\rloer\Desktop\IT-Pc\Angular Test\DmsProjeckt\DmsProjeckt.csproj]
C:\Users\rloer\Desktop\IT-Pc\Angular Test\DmsProjeckt\Pages\Workflows\StepUpload.cshtml.cs(643,35): warning CS8602: Dereferenzierung eines m├Âglichen Nullverweises. [C:\Users\rloer\Desktop\IT-Pc\Angular Test\DmsProjeckt\DmsProjeckt.csproj]
C:\Users\rloer\Desktop\IT-Pc\Angular Test\DmsProjeckt\Pages\Workflows\StepUpload.cshtml.cs(652,77): warning CS8604: M├Âgliches Nullverweisargument f├╝r den Parameter "benutzerId" in "Task AuditLogService.LogActionOnlyAsync(string aktion, string benutzerId)". [C:\Users\rloer\Desktop\IT-Pc\Angular Test\DmsProjeckt\DmsProjeckt.csproj]
C:\Users\rloer\Desktop\IT-Pc\Angular Test\DmsProjeckt\Pages\Workflows\StepUpload.cshtml.cs(693,82): warning CS8602: Dereferenzierung eines m├Âglichen Nullverweises. [C:\Users\rloer\Desktop\IT-Pc\Angular Test\DmsProjeckt\DmsProjeckt.csproj]
C:\Users\rloer\Desktop\IT-Pc\Angular Test\DmsProjeckt\Pages\Workflows\StepUpload.cshtml.cs(702,38): warning CS8601: M├Âgliche Nullverweiszuweisung. [C:\Users\rloer\Desktop\IT-Pc\Angular Test\DmsProjeckt\DmsProjeckt.csproj]
C:\Users\rloer\Desktop\IT-Pc\Angular Test\DmsProjeckt\Pages\Workflows\StepUpload.cshtml.cs(714,93): warning CS8602: Dereferenzierung eines m├Âglichen Nullverweises. [C:\Users\rloer\Desktop\IT-Pc\Angular Test\DmsProjeckt\DmsProjeckt.csproj]
C:\Users\rloer\Desktop\IT-Pc\Angular Test\DmsProjeckt\Pages\Workflows\StepUpload.cshtml.cs(715,17): warning CS8604: M├Âgliches Nullverweisargument f├╝r den Parameter "benutzerId" in "Task AuditLogService.LogActionOnlyAsync(string aktion, string benutzerId)". [C:\Users\rloer\Desktop\IT-Pc\Angular Test\DmsProjeckt\DmsProjeckt.csproj]
C:\Users\rloer\Desktop\IT-Pc\Angular Test\DmsProjeckt\Pages\Workflows\StepUpload.cshtml.cs(713,19): warning CS8602: Dereferenzierung eines m├Âglichen Nullverweises. [C:\Users\rloer\Desktop\IT-Pc\Angular Test\DmsProjeckt\DmsProjeckt.csproj]
C:\Users\rloer\Desktop\IT-Pc\Angular Test\DmsProjeckt\Pages\Workflows\StepUpload.cshtml.cs(520,18): warning CS0219: Die Variable "istNeu" ist zugewiesen, ihr Wert wird aber nie verwendet. [C:\Users\rloer\Desktop\IT-Pc\Angular Test\DmsProjeckt\DmsProjeckt.csproj]
C:\Users\rloer\Desktop\IT-Pc\Angular Test\DmsProjeckt\Pages\Tests\UploadMulti.cshtml.cs(837,56): warning CS8604: M├Âgliches Nullverweisargument f├╝r den Parameter "user" in "Task<Kunden?> UploadMultiModel.ResolveKundeForUserAsync(ApplicationUser user)". [C:\Users\rloer\Desktop\IT-Pc\Angular Test\DmsProjeckt\DmsProjeckt.csproj]
C:\Users\rloer\Desktop\IT-Pc\Angular Test\DmsProjeckt\Pages\Tests\UploadMulti.cshtml.cs(884,35): warning CS8602: Dereferenzierung eines m├Âglichen Nullverweises. [C:\Users\rloer\Desktop\IT-Pc\Angular Test\DmsProjeckt\DmsProjeckt.csproj]
C:\Users\rloer\Desktop\IT-Pc\Angular Test\DmsProjeckt\Pages\Tests\UploadMulti.cshtml.cs(910,34): warning CS8602: Dereferenzierung eines m├Âglichen Nullverweises. [C:\Users\rloer\Desktop\IT-Pc\Angular Test\DmsProjeckt\DmsProjeckt.csproj]
C:\Users\rloer\Desktop\IT-Pc\Angular Test\DmsProjeckt\Pages\Tests\UploadMulti.cshtml.cs(1020,71): warning CS8604: M├Âgliches Nullverweisargument f├╝r den Parameter "benutzerId" in "Task AuditLogDokumentService.EnregistrerAsync(string aktion, string benutzerId, Guid dokumentId)". [C:\Users\rloer\Desktop\IT-Pc\Angular Test\DmsProjeckt\DmsProjeckt.csproj]
C:\Users\rloer\Desktop\IT-Pc\Angular Test\DmsProjeckt\Pages\Dokument\Index.cshtml(1323,30): warning CS8602: Dereferenzierung eines m├Âglichen Nullverweises. [C:\Users\rloer\Desktop\IT-Pc\Angular Test\DmsProjeckt\DmsProjeckt.csproj]
C:\Users\rloer\Desktop\IT-Pc\Angular Test\DmsProjeckt\Pages\Dokument\Index.cshtml.cs(1515,66): warning CS8602: Dereferenzierung eines m├Âglichen Nullverweises. [C:\Users\rloer\Desktop\IT-Pc\Angular Test\DmsProjeckt\DmsProjeckt.csproj]
C:\Users\rloer\Desktop\IT-Pc\Angular Test\DmsProjeckt\Pages\Dokument\Index.cshtml.cs(1541,61): warning CS8603: M├Âgliche Nullverweisr├╝ckgabe. [C:\Users\rloer\Desktop\IT-Pc\Angular Test\DmsProjeckt\DmsProjeckt.csproj]
C:\Users\rloer\Desktop\IT-Pc\Angular Test\DmsProjeckt\Pages\Dokument\Index.cshtml.cs(1544,20): warning CS8603: M├Âgliche Nullverweisr├╝ckgabe. [C:\Users\rloer\Desktop\IT-Pc\Angular Test\DmsProjeckt\DmsProjeckt.csproj]
C:\Users\rloer\Desktop\IT-Pc\Angular Test\DmsProjeckt\Pages\Dokument\Bearbeiten.cshtml.cs(763,39): warning CS8600: Das NULL-Literal oder ein m├Âglicher NULL-Wert wird in einen Non-Nullable-Typ konvertiert. [C:\Users\rloer\Desktop\IT-Pc\Angular Test\DmsProjeckt\DmsProjeckt.csproj]
C:\Users\rloer\Desktop\IT-Pc\Angular Test\DmsProjeckt\Pages\Dokument\Bearbeiten.cshtml.cs(823,40): warning CS8600: Das NULL-Literal oder ein m├Âglicher NULL-Wert wird in einen Non-Nullable-Typ konvertiert. [C:\Users\rloer\Desktop\IT-Pc\Angular Test\DmsProjeckt\DmsProjeckt.csproj]
C:\Users\rloer\Desktop\IT-Pc\Angular Test\DmsProjeckt\Pages\Dokument\Bearbeiten.cshtml.cs(875,78): warning CS8604: M├Âgliches Nullverweisargument f├╝r den Parameter "remotePath" in "Task<Stream?> WebDavStorageService.DownloadStreamStableAsync(string remotePath)". [C:\Users\rloer\Desktop\IT-Pc\Angular Test\DmsProjeckt\DmsProjeckt.csproj]
C:\Users\rloer\Desktop\IT-Pc\Angular Test\DmsProjeckt\Pages\Dokument\Bearbeiten.cshtml.cs(1013,55): warning CS8602: Dereferenzierung eines m├Âglichen Nullverweises. [C:\Users\rloer\Desktop\IT-Pc\Angular Test\DmsProjeckt\DmsProjeckt.csproj]
C:\Users\rloer\Desktop\IT-Pc\Angular Test\DmsProjeckt\Pages\Dokument\Bearbeiten.cshtml.cs(1058,55): warning CS8602: Dereferenzierung eines m├Âglichen Nullverweises. [C:\Users\rloer\Desktop\IT-Pc\Angular Test\DmsProjeckt\DmsProjeckt.csproj]
C:\Users\rloer\Desktop\IT-Pc\Angular Test\DmsProjeckt\Pages\Dokument\Bearbeiten.cshtml.cs(1091,61): warning CS8602: Dereferenzierung eines m├Âglichen Nullverweises. [C:\Users\rloer\Desktop\IT-Pc\Angular Test\DmsProjeckt\DmsProjeckt.csproj]
C:\Users\rloer\Desktop\IT-Pc\Angular Test\DmsProjeckt\Pages\Dokument\Bearbeiten.cshtml.cs(1132,57): warning CS8602: Dereferenzierung eines m├Âglichen Nullverweises. [C:\Users\rloer\Desktop\IT-Pc\Angular Test\DmsProjeckt\DmsProjeckt.csproj]
C:\Users\rloer\Desktop\IT-Pc\Angular Test\DmsProjeckt\Pages\Dokument\Bearbeiten.cshtml.cs(1392,41): warning CS8601: M├Âgliche Nullverweiszuweisung. [C:\Users\rloer\Desktop\IT-Pc\Angular Test\DmsProjeckt\DmsProjeckt.csproj]
C:\Users\rloer\Desktop\IT-Pc\Angular Test\DmsProjeckt\Pages\Dokument\Bearbeiten.cshtml.cs(1672,33): warning CS8602: Dereferenzierung eines m├Âglichen Nullverweises. [C:\Users\rloer\Desktop\IT-Pc\Angular Test\DmsProjeckt\DmsProjeckt.csproj]
C:\Users\rloer\Desktop\IT-Pc\Angular Test\DmsProjeckt\Pages\Dokument\Bearbeiten.cshtml.cs(762,22): warning CS0219: Die Variable "isVersion" ist zugewiesen, ihr Wert wird aber nie verwendet. [C:\Users\rloer\Desktop\IT-Pc\Angular Test\DmsProjeckt\DmsProjeckt.csproj]
C:\Users\rloer\Desktop\IT-Pc\Angular Test\DmsProjeckt\Pages\Dokument\Index.cshtml.cs(1557,29): warning CS8602: Dereferenzierung eines m├Âglichen Nullverweises. [C:\Users\rloer\Desktop\IT-Pc\Angular Test\DmsProjeckt\DmsProjeckt.csproj]
C:\Users\rloer\Desktop\IT-Pc\Angular Test\DmsProjeckt\Pages\Dokument\Index.cshtml.cs(1572,36): warning CS8602: Dereferenzierung eines m├Âglichen Nullverweises. [C:\Users\rloer\Desktop\IT-Pc\Angular Test\DmsProjeckt\DmsProjeckt.csproj]
C:\Users\rloer\Desktop\IT-Pc\Angular Test\DmsProjeckt\Pages\Tests\UploadMulti.cshtml.cs(1190,56): warning CS8604: M├Âgliches Nullverweisargument f├╝r den Parameter "user" in "Task<Kunden?> UploadMultiModel.ResolveKundeForUserAsync(ApplicationUser user)". [C:\Users\rloer\Desktop\IT-Pc\Angular Test\DmsProjeckt\DmsProjeckt.csproj]
C:\Users\rloer\Desktop\IT-Pc\Angular Test\DmsProjeckt\Pages\Tests\UploadMulti.cshtml.cs(1232,31): warning CS8600: Das NULL-Literal oder ein m├Âglicher NULL-Wert wird in einen Non-Nullable-Typ konvertiert. [C:\Users\rloer\Desktop\IT-Pc\Angular Test\DmsProjeckt\DmsProjeckt.csproj]
C:\Users\rloer\Desktop\IT-Pc\Angular Test\DmsProjeckt\Pages\Tests\UploadMulti.cshtml.cs(1243,30): warning CS8602: Dereferenzierung eines m├Âglichen Nullverweises. [C:\Users\rloer\Desktop\IT-Pc\Angular Test\DmsProjeckt\DmsProjeckt.csproj]
C:\Users\rloer\Desktop\IT-Pc\Angular Test\DmsProjeckt\Pages\Tests\UploadMulti.cshtml.cs(1282,41): warning CS8602: Dereferenzierung eines m├Âglichen Nullverweises. [C:\Users\rloer\Desktop\IT-Pc\Angular Test\DmsProjeckt\DmsProjeckt.csproj]
C:\Users\rloer\Desktop\IT-Pc\Angular Test\DmsProjeckt\Pages\Tests\UploadMulti.cshtml.cs(1326,72): warning CS8604: M├Âgliches Nullverweisargument f├╝r den Parameter "benutzerId" in "Task AuditLogDokumentService.EnregistrerAsync(string aktion, string benutzerId, Guid dokumentId)". [C:\Users\rloer\Desktop\IT-Pc\Angular Test\DmsProjeckt\DmsProjeckt.csproj]
C:\Users\rloer\Desktop\IT-Pc\Angular Test\DmsProjeckt\Pages\Tests\UploadMulti.cshtml.cs(1358,67): warning CS8604: M├Âgliches Nullverweisargument f├╝r den Parameter "benutzerId" in "Task AuditLogDokumentService.EnregistrerAsync(string aktion, string benutzerId, Guid dokumentId)". [C:\Users\rloer\Desktop\IT-Pc\Angular Test\DmsProjeckt\DmsProjeckt.csproj]
C:\Users\rloer\Desktop\IT-Pc\Angular Test\DmsProjeckt\Pages\Tests\UploadMulti.cshtml.cs(1367,42): warning CS1998: In dieser Async-Methode fehlen die "await"-Operatoren, weshalb sie synchron ausgef├╝hrt wird. Sie sollten die Verwendung des "await"-Operators oder von "await Task.Run(...)" in Betracht ziehen, um auf nicht blockierende API-Aufrufe zu warten bzw. CPU-gebundene Aufgaben auf einem Hintergrundthread auszuf├╝hren. [C:\Users\rloer\Desktop\IT-Pc\Angular Test\DmsProjeckt\DmsProjeckt.csproj]
C:\Users\rloer\Desktop\IT-Pc\Angular Test\DmsProjeckt\Pages\Dokument\Index.cshtml.cs(1769,32): warning CS8604: M├Âgliches Nullverweisargument f├╝r den Parameter "a" in "bool PathsMatch(string a, string b)". [C:\Users\rloer\Desktop\IT-Pc\Angular Test\DmsProjeckt\DmsProjeckt.csproj]
C:\Users\rloer\Desktop\IT-Pc\Angular Test\DmsProjeckt\Pages\Dokument\Index.cshtml.cs(1791,35): warning CS8600: Das NULL-Literal oder ein m├Âglicher NULL-Wert wird in einen Non-Nullable-Typ konvertiert. [C:\Users\rloer\Desktop\IT-Pc\Angular Test\DmsProjeckt\DmsProjeckt.csproj]
C:\Users\rloer\Desktop\IT-Pc\Angular Test\DmsProjeckt\Pages\Dokument\Index.cshtml.cs(1792,30): warning CS8600: Das NULL-Literal oder ein m├Âglicher NULL-Wert wird in einen Non-Nullable-Typ konvertiert. [C:\Users\rloer\Desktop\IT-Pc\Angular Test\DmsProjeckt\DmsProjeckt.csproj]
C:\Users\rloer\Desktop\IT-Pc\Angular Test\DmsProjeckt\Pages\Dokument\Index.cshtml.cs(1807,74): warning CS8604: M├Âgliches Nullverweisargument f├╝r den Parameter "remotePath" in "Task<Stream?> WebDavStorageService.DownloadStreamAsync(string remotePath)". [C:\Users\rloer\Desktop\IT-Pc\Angular Test\DmsProjeckt\DmsProjeckt.csproj]
C:\Users\rloer\Desktop\IT-Pc\Angular Test\DmsProjeckt\Pages\Dokument\Index.cshtml.cs(1824,40): warning CS8602: Dereferenzierung eines m├Âglichen Nullverweises. [C:\Users\rloer\Desktop\IT-Pc\Angular Test\DmsProjeckt\DmsProjeckt.csproj]
C:\Users\rloer\Desktop\IT-Pc\Angular Test\DmsProjeckt\Pages\Dokument\Index.cshtml.cs(1837,61): warning CS8604: M├Âgliches Nullverweisargument f├╝r den Parameter "fileStream" in "Task<bool> WebDavStorageService.UploadStreamAsync(Stream fileStream, string relativePath, string contentType = "application/octet-stream")". [C:\Users\rloer\Desktop\IT-Pc\Angular Test\DmsProjeckt\DmsProjeckt.csproj]
C:\Users\rloer\Desktop\IT-Pc\Angular Test\DmsProjeckt\Pages\Dokument\Index.cshtml.cs(1868,33): warning CS8601: M├Âgliche Nullverweiszuweisung. [C:\Users\rloer\Desktop\IT-Pc\Angular Test\DmsProjeckt\DmsProjeckt.csproj]
C:\Users\rloer\Desktop\IT-Pc\Angular Test\DmsProjeckt\Pages\Dokument\Index.cshtml.cs(1871,43): warning CS8601: M├Âgliche Nullverweiszuweisung. [C:\Users\rloer\Desktop\IT-Pc\Angular Test\DmsProjeckt\DmsProjeckt.csproj]
C:\Users\rloer\Desktop\IT-Pc\Angular Test\DmsProjeckt\Pages\Dokument\Index.cshtml.cs(1872,40): warning CS8601: M├Âgliche Nullverweiszuweisung. [C:\Users\rloer\Desktop\IT-Pc\Angular Test\DmsProjeckt\DmsProjeckt.csproj]
C:\Users\rloer\Desktop\IT-Pc\Angular Test\DmsProjeckt\Pages\Dokument\Index.cshtml.cs(1873,33): warning CS8601: M├Âgliche Nullverweiszuweisung. [C:\Users\rloer\Desktop\IT-Pc\Angular Test\DmsProjeckt\DmsProjeckt.csproj]
C:\Users\rloer\Desktop\IT-Pc\Angular Test\DmsProjeckt\Pages\Dokument\Index.cshtml.cs(1874,35): warning CS8601: M├Âgliche Nullverweiszuweisung. [C:\Users\rloer\Desktop\IT-Pc\Angular Test\DmsProjeckt\DmsProjeckt.csproj]
C:\Users\rloer\Desktop\IT-Pc\Angular Test\DmsProjeckt\Pages\Dokument\Index.cshtml.cs(1875,32): warning CS8601: M├Âgliche Nullverweiszuweisung. [C:\Users\rloer\Desktop\IT-Pc\Angular Test\DmsProjeckt\DmsProjeckt.csproj]
C:\Users\rloer\Desktop\IT-Pc\Angular Test\DmsProjeckt\Pages\Dokument\Index.cshtml.cs(1876,31): warning CS8601: M├Âgliche Nullverweiszuweisung. [C:\Users\rloer\Desktop\IT-Pc\Angular Test\DmsProjeckt\DmsProjeckt.csproj]
C:\Users\rloer\Desktop\IT-Pc\Angular Test\DmsProjeckt\Pages\Dokument\Index.cshtml.cs(1877,35): warning CS8601: M├Âgliche Nullverweiszuweisung. [C:\Users\rloer\Desktop\IT-Pc\Angular Test\DmsProjeckt\DmsProjeckt.csproj]
C:\Users\rloer\Desktop\IT-Pc\Angular Test\DmsProjeckt\Pages\Dokument\Index.cshtml.cs(1878,35): warning CS8601: M├Âgliche Nullverweiszuweisung. [C:\Users\rloer\Desktop\IT-Pc\Angular Test\DmsProjeckt\DmsProjeckt.csproj]
C:\Users\rloer\Desktop\IT-Pc\Angular Test\DmsProjeckt\Pages\Dokument\Index.cshtml.cs(1879,35): warning CS8601: M├Âgliche Nullverweiszuweisung. [C:\Users\rloer\Desktop\IT-Pc\Angular Test\DmsProjeckt\DmsProjeckt.csproj]
C:\Users\rloer\Desktop\IT-Pc\Angular Test\DmsProjeckt\Pages\Dokument\Bearbeiten.cshtml.cs(1880,18): warning CS0219: Die Variable "isVersion" ist zugewiesen, ihr Wert wird aber nie verwendet. [C:\Users\rloer\Desktop\IT-Pc\Angular Test\DmsProjeckt\DmsProjeckt.csproj]
C:\Users\rloer\Desktop\IT-Pc\Angular Test\DmsProjeckt\Pages\Tests\UploadMulti.cshtml.cs(1512,41): warning CS8604: M├Âgliches Nullverweisargument f├╝r den Parameter "value" in "bool string.StartsWith(string value, StringComparison comparisonType)". [C:\Users\rloer\Desktop\IT-Pc\Angular Test\DmsProjeckt\DmsProjeckt.csproj]
C:\Users\rloer\Desktop\IT-Pc\Angular Test\DmsProjeckt\Pages\Dokument\Bearbeiten.cshtml.cs(2163,40): warning CS8618: Non-Nullable-Eigenschaft ÔÇ×MetadataÔÇ£ muss beim Beenden des Konstruktors einen Wert ungleich NULL enthalten. F├╝gen Sie ggf. den ÔÇ×erforderlichenÔÇ£ Modifizierer hinzu, oder deklarieren Sie den Eigenschaft als NULL-Werte zulassend. [C:\Users\rloer\Desktop\IT-Pc\Angular Test\DmsProjeckt\DmsProjeckt.csproj]
C:\Users\rloer\Desktop\IT-Pc\Angular Test\DmsProjeckt\Pages\Dokument\Index.cshtml.cs(2009,42): warning CS8601: M├Âgliche Nullverweiszuweisung. [C:\Users\rloer\Desktop\IT-Pc\Angular Test\DmsProjeckt\DmsProjeckt.csproj]
C:\Users\rloer\Desktop\IT-Pc\Angular Test\DmsProjeckt\Pages\Dokument\Index.cshtml.cs(1989,17): warning CS8073: Das Ergebnis des Ausdrucks ist immer "false", da ein Wert vom Typ "Guid" niemals NULL vom Typ "Guid?" ist. [C:\Users\rloer\Desktop\IT-Pc\Angular Test\DmsProjeckt\DmsProjeckt.csproj]
C:\Users\rloer\Desktop\IT-Pc\Angular Test\DmsProjeckt\Pages\Dokument\Bearbeiten.cshtml.cs(2183,84): warning CS8604: M├Âgliches Nullverweisargument f├╝r den Parameter "remotePath" in "Task<Stream?> WebDavStorageService.DownloadStreamStableAsync(string remotePath)". [C:\Users\rloer\Desktop\IT-Pc\Angular Test\DmsProjeckt\DmsProjeckt.csproj]
C:\Users\rloer\Desktop\IT-Pc\Angular Test\DmsProjeckt\Pages\Dokument\Bearbeiten.cshtml.cs(2323,38): warning CS8600: Das NULL-Literal oder ein m├Âglicher NULL-Wert wird in einen Non-Nullable-Typ konvertiert. [C:\Users\rloer\Desktop\IT-Pc\Angular Test\DmsProjeckt\DmsProjeckt.csproj]
C:\Users\rloer\Desktop\IT-Pc\Angular Test\DmsProjeckt\Pages\Dokument\Bearbeiten.cshtml.cs(2344,25): warning CS8602: Dereferenzierung eines m├Âglichen Nullverweises. [C:\Users\rloer\Desktop\IT-Pc\Angular Test\DmsProjeckt\DmsProjeckt.csproj]
C:\Users\rloer\Desktop\IT-Pc\Angular Test\DmsProjeckt\Pages\Dokument\Index.cshtml.cs(2112,43): warning CS8602: Dereferenzierung eines m├Âglichen Nullverweises. [C:\Users\rloer\Desktop\IT-Pc\Angular Test\DmsProjeckt\DmsProjeckt.csproj]
C:\Users\rloer\Desktop\IT-Pc\Angular Test\DmsProjeckt\Pages\Dokument\Index.cshtml.cs(2114,40): warning CS8602: Dereferenzierung eines m├Âglichen Nullverweises. [C:\Users\rloer\Desktop\IT-Pc\Angular Test\DmsProjeckt\DmsProjeckt.csproj]
C:\Users\rloer\Desktop\IT-Pc\Angular Test\DmsProjeckt\Pages\Dokument\Bearbeiten.cshtml.cs(2411,84): warning CS8604: M├Âgliches Nullverweisargument f├╝r den Parameter "remotePath" in "Task<Stream?> WebDavStorageService.DownloadStreamStableAsync(string remotePath)". [C:\Users\rloer\Desktop\IT-Pc\Angular Test\DmsProjeckt\DmsProjeckt.csproj]
C:\Users\rloer\Desktop\IT-Pc\Angular Test\DmsProjeckt\Pages\Dokument\Bearbeiten.cshtml.cs(2468,28): warning CS8602: Dereferenzierung eines m├Âglichen Nullverweises. [C:\Users\rloer\Desktop\IT-Pc\Angular Test\DmsProjeckt\DmsProjeckt.csproj]
C:\Users\rloer\Desktop\IT-Pc\Angular Test\DmsProjeckt\Pages\Dokument\Index.cshtml.cs(2227,66): warning CS8602: Dereferenzierung eines m├Âglichen Nullverweises. [C:\Users\rloer\Desktop\IT-Pc\Angular Test\DmsProjeckt\DmsProjeckt.csproj]
C:\Users\rloer\Desktop\IT-Pc\Angular Test\DmsProjeckt\Pages\Dokument\Index.cshtml.cs(2233,43): warning CS8602: Dereferenzierung eines m├Âglichen Nullverweises. [C:\Users\rloer\Desktop\IT-Pc\Angular Test\DmsProjeckt\DmsProjeckt.csproj]
C:\Users\rloer\Desktop\IT-Pc\Angular Test\DmsProjeckt\Pages\Dokument\Bearbeiten.cshtml.cs(2615,27): warning CS8618: Non-Nullable-Eigenschaft ÔÇ×HashÔÇ£ muss beim Beenden des Konstruktors einen Wert ungleich NULL enthalten. F├╝gen Sie ggf. den ÔÇ×erforderlichenÔÇ£ Modifizierer hinzu, oder deklarieren Sie den Eigenschaft als NULL-Werte zulassend. [C:\Users\rloer\Desktop\IT-Pc\Angular Test\DmsProjeckt\DmsProjeckt.csproj]
C:\Users\rloer\Desktop\IT-Pc\Angular Test\DmsProjeckt\Pages\Dokument\Bearbeiten.cshtml.cs(2617,27): warning CS8618: Non-Nullable-Eigenschaft ÔÇ×PathÔÇ£ muss beim Beenden des Konstruktors einen Wert ungleich NULL enthalten. F├╝gen Sie ggf. den ÔÇ×erforderlichenÔÇ£ Modifizierer hinzu, oder deklarieren Sie den Eigenschaft als NULL-Werte zulassend. [C:\Users\rloer\Desktop\IT-Pc\Angular Test\DmsProjeckt\DmsProjeckt.csproj]
C:\Users\rloer\Desktop\IT-Pc\Angular Test\DmsProjeckt\Pages\Dokument\Bearbeiten.cshtml.cs(2489,27): warning CS8618: Non-Nullable-Eigenschaft ÔÇ×TitelÔÇ£ muss beim Beenden des Konstruktors einen Wert ungleich NULL enthalten. F├╝gen Sie ggf. den ÔÇ×erforderlichenÔÇ£ Modifizierer hinzu, oder deklarieren Sie den Eigenschaft als NULL-Werte zulassend. [C:\Users\rloer\Desktop\IT-Pc\Angular Test\DmsProjeckt\DmsProjeckt.csproj]
C:\Users\rloer\Desktop\IT-Pc\Angular Test\DmsProjeckt\Pages\Dokument\Bearbeiten.cshtml.cs(2490,27): warning CS8618: Non-Nullable-Eigenschaft ÔÇ×BeschreibungÔÇ£ muss beim Beenden des Konstruktors einen Wert ungleich NULL enthalten. F├╝gen Sie ggf. den ÔÇ×erforderlichenÔÇ£ Modifizierer hinzu, oder deklarieren Sie den Eigenschaft als NULL-Werte zulassend. [C:\Users\rloer\Desktop\IT-Pc\Angular Test\DmsProjeckt\DmsProjeckt.csproj]
C:\Users\rloer\Desktop\IT-Pc\Angular Test\DmsProjeckt\Pages\Dokument\Bearbeiten.cshtml.cs(2491,27): warning CS8618: Non-Nullable-Eigenschaft ÔÇ×RechnungsnummerÔÇ£ muss beim Beenden des Konstruktors einen Wert ungleich NULL enthalten. F├╝gen Sie ggf. den ÔÇ×erforderlichenÔÇ£ Modifizierer hinzu, oder deklarieren Sie den Eigenschaft als NULL-Werte zulassend. [C:\Users\rloer\Desktop\IT-Pc\Angular Test\DmsProjeckt\DmsProjeckt.csproj]
C:\Users\rloer\Desktop\IT-Pc\Angular Test\DmsProjeckt\Pages\Dokument\Bearbeiten.cshtml.cs(2492,27): warning CS8618: Non-Nullable-Eigenschaft ÔÇ×KundennummerÔÇ£ muss beim Beenden des Konstruktors einen Wert ungleich NULL enthalten. F├╝gen Sie ggf. den ÔÇ×erforderlichenÔÇ£ Modifizierer hinzu, oder deklarieren Sie den Eigenschaft als NULL-Werte zulassend. [C:\Users\rloer\Desktop\IT-Pc\Angular Test\DmsProjeckt\DmsProjeckt.csproj]
C:\Users\rloer\Desktop\IT-Pc\Angular Test\DmsProjeckt\Pages\Dokument\Bearbeiten.cshtml.cs(2500,27): warning CS8618: Non-Nullable-Eigenschaft ÔÇ×ZahlungsbedingungenÔÇ£ muss beim Beenden des Konstruktors einen Wert ungleich NULL enthalten. F├╝gen Sie ggf. den ÔÇ×erforderlichenÔÇ£ Modifizierer hinzu, oder deklarieren Sie den Eigenschaft als NULL-Werte zulassend. [C:\Users\rloer\Desktop\IT-Pc\Angular Test\DmsProjeckt\DmsProjeckt.csproj]
C:\Users\rloer\Desktop\IT-Pc\Angular Test\DmsProjeckt\Pages\Dokument\Bearbeiten.cshtml.cs(2501,27): warning CS8618: Non-Nullable-Eigenschaft ÔÇ×LieferartÔÇ£ muss beim Beenden des Konstruktors einen Wert ungleich NULL enthalten. F├╝gen Sie ggf. den ÔÇ×erforderlichenÔÇ£ Modifizierer hinzu, oder deklarieren Sie den Eigenschaft als NULL-Werte zulassend. [C:\Users\rloer\Desktop\IT-Pc\Angular Test\DmsProjeckt\DmsProjeckt.csproj]
C:\Users\rloer\Desktop\IT-Pc\Angular Test\DmsProjeckt\Pages\Dokument\Bearbeiten.cshtml.cs(2503,27): warning CS8618: Non-Nullable-Eigenschaft ÔÇ×EmailÔÇ£ muss beim Beenden des Konstruktors einen Wert ungleich NULL enthalten. F├╝gen Sie ggf. den ÔÇ×erforderlichenÔÇ£ Modifizierer hinzu, oder deklarieren Sie den Eigenschaft als NULL-Werte zulassend. [C:\Users\rloer\Desktop\IT-Pc\Angular Test\DmsProjeckt\DmsProjeckt.csproj]
C:\Users\rloer\Desktop\IT-Pc\Angular Test\DmsProjeckt\Pages\Dokument\Bearbeiten.cshtml.cs(2504,27): warning CS8618: Non-Nullable-Eigenschaft ÔÇ×TelefonÔÇ£ muss beim Beenden des Konstruktors einen Wert ungleich NULL enthalten. F├╝gen Sie ggf. den ÔÇ×erforderlichenÔÇ£ Modifizierer hinzu, oder deklarieren Sie den Eigenschaft als NULL-Werte zulassend. [C:\Users\rloer\Desktop\IT-Pc\Angular Test\DmsProjeckt\DmsProjeckt.csproj]
C:\Users\rloer\Desktop\IT-Pc\Angular Test\DmsProjeckt\Pages\Dokument\Bearbeiten.cshtml.cs(2505,27): warning CS8618: Non-Nullable-Eigenschaft ÔÇ×TelefaxÔÇ£ muss beim Beenden des Konstruktors einen Wert ungleich NULL enthalten. F├╝gen Sie ggf. den ÔÇ×erforderlichenÔÇ£ Modifizierer hinzu, oder deklarieren Sie den Eigenschaft als NULL-Werte zulassend. [C:\Users\rloer\Desktop\IT-Pc\Angular Test\DmsProjeckt\DmsProjeckt.csproj]
C:\Users\rloer\Desktop\IT-Pc\Angular Test\DmsProjeckt\Pages\Dokument\Bearbeiten.cshtml.cs(2506,27): warning CS8618: Non-Nullable-Eigenschaft ÔÇ×IBANÔÇ£ muss beim Beenden des Konstruktors einen Wert ungleich NULL enthalten. F├╝gen Sie ggf. den ÔÇ×erforderlichenÔÇ£ Modifizierer hinzu, oder deklarieren Sie den Eigenschaft als NULL-Werte zulassend. [C:\Users\rloer\Desktop\IT-Pc\Angular Test\DmsProjeckt\DmsProjeckt.csproj]
C:\Users\rloer\Desktop\IT-Pc\Angular Test\DmsProjeckt\Pages\Dokument\Bearbeiten.cshtml.cs(2507,27): warning CS8618: Non-Nullable-Eigenschaft ÔÇ×BICÔÇ£ muss beim Beenden des Konstruktors einen Wert ungleich NULL enthalten. F├╝gen Sie ggf. den ÔÇ×erforderlichenÔÇ£ Modifizierer hinzu, oder deklarieren Sie den Eigenschaft als NULL-Werte zulassend. [C:\Users\rloer\Desktop\IT-Pc\Angular Test\DmsProjeckt\DmsProjeckt.csproj]
C:\Users\rloer\Desktop\IT-Pc\Angular Test\DmsProjeckt\Pages\Dokument\Bearbeiten.cshtml.cs(2508,27): warning CS8618: Non-Nullable-Eigenschaft ÔÇ×BankverbindungÔÇ£ muss beim Beenden des Konstruktors einen Wert ungleich NULL enthalten. F├╝gen Sie ggf. den ÔÇ×erforderlichenÔÇ£ Modifizierer hinzu, oder deklarieren Sie den Eigenschaft als NULL-Werte zulassend. [C:\Users\rloer\Desktop\IT-Pc\Angular Test\DmsProjeckt\DmsProjeckt.csproj]
C:\Users\rloer\Desktop\IT-Pc\Angular Test\DmsProjeckt\Pages\Dokument\Bearbeiten.cshtml.cs(2509,27): warning CS8618: Non-Nullable-Eigenschaft ÔÇ×SteuerNrÔÇ£ muss beim Beenden des Konstruktors einen Wert ungleich NULL enthalten. F├╝gen Sie ggf. den ÔÇ×erforderlichenÔÇ£ Modifizierer hinzu, oder deklarieren Sie den Eigenschaft als NULL-Werte zulassend. [C:\Users\rloer\Desktop\IT-Pc\Angular Test\DmsProjeckt\DmsProjeckt.csproj]
C:\Users\rloer\Desktop\IT-Pc\Angular Test\DmsProjeckt\Pages\Dokument\Bearbeiten.cshtml.cs(2510,27): warning CS8618: Non-Nullable-Eigenschaft ÔÇ×UIDNummerÔÇ£ muss beim Beenden des Konstruktors einen Wert ungleich NULL enthalten. F├╝gen Sie ggf. den ÔÇ×erforderlichenÔÇ£ Modifizierer hinzu, oder deklarieren Sie den Eigenschaft als NULL-Werte zulassend. [C:\Users\rloer\Desktop\IT-Pc\Angular Test\DmsProjeckt\DmsProjeckt.csproj]
C:\Users\rloer\Desktop\IT-Pc\Angular Test\DmsProjeckt\Pages\Dokument\Bearbeiten.cshtml.cs(2511,27): warning CS8618: Non-Nullable-Eigenschaft ÔÇ×AdresseÔÇ£ muss beim Beenden des Konstruktors einen Wert ungleich NULL enthalten. F├╝gen Sie ggf. den ÔÇ×erforderlichenÔÇ£ Modifizierer hinzu, oder deklarieren Sie den Eigenschaft als NULL-Werte zulassend. [C:\Users\rloer\Desktop\IT-Pc\Angular Test\DmsProjeckt\DmsProjeckt.csproj]
C:\Users\rloer\Desktop\IT-Pc\Angular Test\DmsProjeckt\Pages\Dokument\Bearbeiten.cshtml.cs(2512,27): warning CS8618: Non-Nullable-Eigenschaft ÔÇ×AbsenderAdresseÔÇ£ muss beim Beenden des Konstruktors einen Wert ungleich NULL enthalten. F├╝gen Sie ggf. den ÔÇ×erforderlichenÔÇ£ Modifizierer hinzu, oder deklarieren Sie den Eigenschaft als NULL-Werte zulassend. [C:\Users\rloer\Desktop\IT-Pc\Angular Test\DmsProjeckt\DmsProjeckt.csproj]
C:\Users\rloer\Desktop\IT-Pc\Angular Test\DmsProjeckt\Pages\Dokument\Bearbeiten.cshtml.cs(2513,27): warning CS8618: Non-Nullable-Eigenschaft ÔÇ×AnsprechPartnerÔÇ£ muss beim Beenden des Konstruktors einen Wert ungleich NULL enthalten. F├╝gen Sie ggf. den ÔÇ×erforderlichenÔÇ£ Modifizierer hinzu, oder deklarieren Sie den Eigenschaft als NULL-Werte zulassend. [C:\Users\rloer\Desktop\IT-Pc\Angular Test\DmsProjeckt\DmsProjeckt.csproj]
C:\Users\rloer\Desktop\IT-Pc\Angular Test\DmsProjeckt\Pages\Dokument\Bearbeiten.cshtml.cs(2514,27): warning CS8618: Non-Nullable-Eigenschaft ÔÇ×ZeitraumÔÇ£ muss beim Beenden des Konstruktors einen Wert ungleich NULL enthalten. F├╝gen Sie ggf. den ÔÇ×erforderlichenÔÇ£ Modifizierer hinzu, oder deklarieren Sie den Eigenschaft als NULL-Werte zulassend. [C:\Users\rloer\Desktop\IT-Pc\Angular Test\DmsProjeckt\DmsProjeckt.csproj]
C:\Users\rloer\Desktop\IT-Pc\Angular Test\DmsProjeckt\Pages\Dokument\Bearbeiten.cshtml.cs(2515,27): warning CS8618: Non-Nullable-Eigenschaft ÔÇ×WebsiteÔÇ£ muss beim Beenden des Konstruktors einen Wert ungleich NULL enthalten. F├╝gen Sie ggf. den ÔÇ×erforderlichenÔÇ£ Modifizierer hinzu, oder deklarieren Sie den Eigenschaft als NULL-Werte zulassend. [C:\Users\rloer\Desktop\IT-Pc\Angular Test\DmsProjeckt\DmsProjeckt.csproj]
C:\Users\rloer\Desktop\IT-Pc\Angular Test\DmsProjeckt\Pages\Dokument\Bearbeiten.cshtml.cs(2516,27): warning CS8618: Non-Nullable-Eigenschaft ÔÇ×OCRTextÔÇ£ muss beim Beenden des Konstruktors einen Wert ungleich NULL enthalten. F├╝gen Sie ggf. den ÔÇ×erforderlichenÔÇ£ Modifizierer hinzu, oder deklarieren Sie den Eigenschaft als NULL-Werte zulassend. [C:\Users\rloer\Desktop\IT-Pc\Angular Test\DmsProjeckt\DmsProjeckt.csproj]
C:\Users\rloer\Desktop\IT-Pc\Angular Test\DmsProjeckt\Pages\Dokument\Bearbeiten.cshtml.cs(2520,27): warning CS8618: Non-Nullable-Eigenschaft ÔÇ×PdfAutorÔÇ£ muss beim Beenden des Konstruktors einen Wert ungleich NULL enthalten. F├╝gen Sie ggf. den ÔÇ×erforderlichenÔÇ£ Modifizierer hinzu, oder deklarieren Sie den Eigenschaft als NULL-Werte zulassend. [C:\Users\rloer\Desktop\IT-Pc\Angular Test\DmsProjeckt\DmsProjeckt.csproj]
C:\Users\rloer\Desktop\IT-Pc\Angular Test\DmsProjeckt\Pages\Dokument\Bearbeiten.cshtml.cs(2523,27): warning CS8618: Non-Nullable-Eigenschaft ÔÇ×PdfBetreffÔÇ£ muss beim Beenden des Konstruktors einen Wert ungleich NULL enthalten. F├╝gen Sie ggf. den ÔÇ×erforderlichenÔÇ£ Modifizierer hinzu, oder deklarieren Sie den Eigenschaft als NULL-Werte zulassend. [C:\Users\rloer\Desktop\IT-Pc\Angular Test\DmsProjeckt\DmsProjeckt.csproj]
C:\Users\rloer\Desktop\IT-Pc\Angular Test\DmsProjeckt\Pages\Dokument\Bearbeiten.cshtml.cs(2526,27): warning CS8618: Non-Nullable-Eigenschaft ÔÇ×PdfSchluesselwoerterÔÇ£ muss beim Beenden des Konstruktors einen Wert ungleich NULL enthalten. F├╝gen Sie ggf. den ÔÇ×erforderlichenÔÇ£ Modifizierer hinzu, oder deklarieren Sie den Eigenschaft als NULL-Werte zulassend. [C:\Users\rloer\Desktop\IT-Pc\Angular Test\DmsProjeckt\DmsProjeckt.csproj]
C:\Users\rloer\Desktop\IT-Pc\Angular Test\DmsProjeckt\Pages\Dokument\Bearbeiten.cshtml.cs(2607,27): warning CS8618: Non-Nullable-Eigenschaft ÔÇ×DateinameÔÇ£ muss beim Beenden des Konstruktors einen Wert ungleich NULL enthalten. F├╝gen Sie ggf. den ÔÇ×erforderlichenÔÇ£ Modifizierer hinzu, oder deklarieren Sie den Eigenschaft als NULL-Werte zulassend. [C:\Users\rloer\Desktop\IT-Pc\Angular Test\DmsProjeckt\DmsProjeckt.csproj]
C:\Users\rloer\Desktop\IT-Pc\Angular Test\DmsProjeckt\Pages\Tests\UploadMulti.cshtml(660,88): warning CS8602: Dereferenzierung eines m├Âglichen Nullverweises. [C:\Users\rloer\Desktop\IT-Pc\Angular Test\DmsProjeckt\DmsProjeckt.csproj]
C:\Users\rloer\Desktop\IT-Pc\Angular Test\DmsProjeckt\Pages\Dokument\Index.cshtml.cs(2291,41): warning CS8601: M├Âgliche Nullverweiszuweisung. [C:\Users\rloer\Desktop\IT-Pc\Angular Test\DmsProjeckt\DmsProjeckt.csproj]
C:\Users\rloer\Desktop\IT-Pc\Angular Test\DmsProjeckt\Pages\Dokument\Index.cshtml.cs(2301,110): warning CS8602: Dereferenzierung eines m├Âglichen Nullverweises. [C:\Users\rloer\Desktop\IT-Pc\Angular Test\DmsProjeckt\DmsProjeckt.csproj]
C:\Users\rloer\Desktop\IT-Pc\Angular Test\DmsProjeckt\Pages\Dokument\Index.cshtml.cs(2307,110): warning CS8602: Dereferenzierung eines m├Âglichen Nullverweises. [C:\Users\rloer\Desktop\IT-Pc\Angular Test\DmsProjeckt\DmsProjeckt.csproj]
C:\Users\rloer\Desktop\IT-Pc\Angular Test\DmsProjeckt\Pages\Dokument\Index.cshtml.cs(2312,63): warning CS8604: M├Âgliches Nullverweisargument f├╝r den Parameter "userId" in "Task<ApplicationUser?> UserManager<ApplicationUser>.FindByIdAsync(string userId)". [C:\Users\rloer\Desktop\IT-Pc\Angular Test\DmsProjeckt\DmsProjeckt.csproj]
C:\Users\rloer\Desktop\IT-Pc\Angular Test\DmsProjeckt\Pages\Dokument\Index.cshtml.cs(2319,57): warning CS8602: Dereferenzierung eines m├Âglichen Nullverweises. [C:\Users\rloer\Desktop\IT-Pc\Angular Test\DmsProjeckt\DmsProjeckt.csproj]
C:\Users\rloer\Desktop\IT-Pc\Angular Test\DmsProjeckt\Pages\Dokument\Index.cshtml.cs(2319,85): warning CS8602: Dereferenzierung eines m├Âglichen Nullverweises. [C:\Users\rloer\Desktop\IT-Pc\Angular Test\DmsProjeckt\DmsProjeckt.csproj]
C:\Users\rloer\Desktop\IT-Pc\Angular Test\DmsProjeckt\Pages\Dokument\Index.cshtml.cs(2321,46): warning CS8602: Dereferenzierung eines m├Âglichen Nullverweises. [C:\Users\rloer\Desktop\IT-Pc\Angular Test\DmsProjeckt\DmsProjeckt.csproj]
C:\Users\rloer\Desktop\IT-Pc\Angular Test\DmsProjeckt\Pages\Dokument\Index.cshtml.cs(2344,27): warning CS8602: Dereferenzierung eines m├Âglichen Nullverweises. [C:\Users\rloer\Desktop\IT-Pc\Angular Test\DmsProjeckt\DmsProjeckt.csproj]
C:\Users\rloer\Desktop\IT-Pc\Angular Test\DmsProjeckt\Pages\Dokument\Index.cshtml.cs(2345,43): warning CS8602: Dereferenzierung eines m├Âglichen Nullverweises. [C:\Users\rloer\Desktop\IT-Pc\Angular Test\DmsProjeckt\DmsProjeckt.csproj]
C:\Users\rloer\Desktop\IT-Pc\Angular Test\DmsProjeckt\Pages\Dokument\Index.cshtml.cs(2345,78): warning CS8602: Dereferenzierung eines m├Âglichen Nullverweises. [C:\Users\rloer\Desktop\IT-Pc\Angular Test\DmsProjeckt\DmsProjeckt.csproj]
C:\Users\rloer\Desktop\IT-Pc\Angular Test\DmsProjeckt\Pages\Dokument\Index.cshtml.cs(2350,56): warning CS8604: M├Âgliches Nullverweisargument f├╝r den Parameter "to" in "Task EmailService.SendEmailAsync(string to, string subject, string body, List<(byte[] Data, string FileName, string MimeType)>? attachments = null)". [C:\Users\rloer\Desktop\IT-Pc\Angular Test\DmsProjeckt\DmsProjeckt.csproj]
C:\Users\rloer\Desktop\IT-Pc\Angular Test\DmsProjeckt\Pages\Dokument\Index.cshtml.cs(2282,17): warning CS8073: Das Ergebnis des Ausdrucks ist immer "false", da ein Wert vom Typ "Guid" niemals NULL vom Typ "Guid?" ist. [C:\Users\rloer\Desktop\IT-Pc\Angular Test\DmsProjeckt\DmsProjeckt.csproj]
C:\Users\rloer\Desktop\IT-Pc\Angular Test\DmsProjeckt\Pages\Dokument\Bearbeiten.cshtml.cs(267,10): warning MVC1002: 'HttpPostAttribute' cannot be applied to Razor Page handler methods. Routes for Razor Pages must be declared using the @page directive or using conventions. [C:\Users\rloer\Desktop\IT-Pc\Angular Test\DmsProjeckt\DmsProjeckt.csproj]
C:\Users\rloer\Desktop\IT-Pc\Angular Test\DmsProjeckt\Pages\Notiz\Index.cshtml.cs(102,10): warning MVC1001: 'IgnoreAntiforgeryTokenAttribute' cannot be applied to Razor Page handler methods. It may be applied either to the Razor Page model or applied globally. [C:\Users\rloer\Desktop\IT-Pc\Angular Test\DmsProjeckt\DmsProjeckt.csproj]
C:\Users\rloer\Desktop\IT-Pc\Angular Test\DmsProjeckt\Pages\Notiz\Index.cshtml.cs(115,10): warning MVC1001: 'AuthorizeAttribute' cannot be applied to Razor Page handler methods. It may be applied either to the Razor Page model or applied globally. [C:\Users\rloer\Desktop\IT-Pc\Angular Test\DmsProjeckt\DmsProjeckt.csproj]
C:\Users\rloer\Desktop\IT-Pc\Angular Test\DmsProjeckt\Pages\Dokument\AlleVersionen.cshtml.cs(249,6): warning MVC1001: 'IgnoreAntiforgeryTokenAttribute' cannot be applied to Razor Page handler methods. It may be applied either to the Razor Page model or applied globally. [C:\Users\rloer\Desktop\IT-Pc\Angular Test\DmsProjeckt\DmsProjeckt.csproj]
C:\Users\rloer\Desktop\IT-Pc\Angular Test\DmsProjeckt\Pages\Notiz\Index.cshtml.cs(131,10): warning MVC1001: 'AuthorizeAttribute' cannot be applied to Razor Page handler methods. It may be applied either to the Razor Page model or applied globally. [C:\Users\rloer\Desktop\IT-Pc\Angular Test\DmsProjeckt\DmsProjeckt.csproj]
C:\Users\rloer\Desktop\IT-Pc\Angular Test\DmsProjeckt\Pages\Dokument\Bearbeiten.cshtml.cs(563,10): warning MVC1002: 'HttpPostAttribute' cannot be applied to Razor Page handler methods. Routes for Razor Pages must be declared using the @page directive or using conventions. [C:\Users\rloer\Desktop\IT-Pc\Angular Test\DmsProjeckt\DmsProjeckt.csproj]
C:\Users\rloer\Desktop\IT-Pc\Angular Test\DmsProjeckt\Pages\Dokument\Bearbeiten.cshtml.cs(638,10): warning MVC1002: 'HttpPostAttribute' cannot be applied to Razor Page handler methods. Routes for Razor Pages must be declared using the @page directive or using conventions. [C:\Users\rloer\Desktop\IT-Pc\Angular Test\DmsProjeckt\DmsProjeckt.csproj]
C:\Users\rloer\Desktop\IT-Pc\Angular Test\DmsProjeckt\Pages\Notiz\Index.cshtml.cs(211,10): warning MVC1001: 'AuthorizeAttribute' cannot be applied to Razor Page handler methods. It may be applied either to the Razor Page model or applied globally. [C:\Users\rloer\Desktop\IT-Pc\Angular Test\DmsProjeckt\DmsProjeckt.csproj]
C:\Users\rloer\Desktop\IT-Pc\Angular Test\DmsProjeckt\Pages\Shared\_FolderTree.cshtml(100,34): warning MVC1000: Use of IHtmlHelper.Partial may result in application deadlocks. Consider using <partial> Tag Helper or IHtmlHelper.PartialAsync. [C:\Users\rloer\Desktop\IT-Pc\Angular Test\DmsProjeckt\DmsProjeckt.csproj]
C:\Users\rloer\Desktop\IT-Pc\Angular Test\DmsProjeckt\Pages\Shared\_FolderTree.cshtml(112,26): warning MVC1000: Use of IHtmlHelper.Partial may result in application deadlocks. Consider using <partial> Tag Helper or IHtmlHelper.PartialAsync. [C:\Users\rloer\Desktop\IT-Pc\Angular Test\DmsProjeckt\DmsProjeckt.csproj]
C:\Users\rloer\Desktop\IT-Pc\Angular Test\DmsProjeckt\Pages\Dokument\DokumentRowList.cshtml(11,10): warning MVC1000: Use of IHtmlHelper.Partial may result in application deadlocks. Consider using <partial> Tag Helper or IHtmlHelper.PartialAsync. [C:\Users\rloer\Desktop\IT-Pc\Angular Test\DmsProjeckt\DmsProjeckt.csproj]
C:\Users\rloer\Desktop\IT-Pc\Angular Test\DmsProjeckt\Pages\Tests\UploadMulti.cshtml.cs(438,10): warning MVC1001: 'RequestSizeLimitAttribute' cannot be applied to Razor Page handler methods. It may be applied either to the Razor Page model or applied globally. [C:\Users\rloer\Desktop\IT-Pc\Angular Test\DmsProjeckt\DmsProjeckt.csproj]
C:\Users\rloer\Desktop\IT-Pc\Angular Test\DmsProjeckt\Pages\Dokument\Index.cshtml.cs(961,10): warning MVC1002: 'HttpPostAttribute' cannot be applied to Razor Page handler methods. Routes for Razor Pages must be declared using the @page directive or using conventions. [C:\Users\rloer\Desktop\IT-Pc\Angular Test\DmsProjeckt\DmsProjeckt.csproj]
C:\Users\rloer\Desktop\IT-Pc\Angular Test\DmsProjeckt\Pages\Workflows\StepUpload.cshtml.cs(280,10): warning MVC1001: 'RequestSizeLimitAttribute' cannot be applied to Razor Page handler methods. It may be applied either to the Razor Page model or applied globally. [C:\Users\rloer\Desktop\IT-Pc\Angular Test\DmsProjeckt\DmsProjeckt.csproj]
C:\Users\rloer\Desktop\IT-Pc\Angular Test\DmsProjeckt\Pages\Dokument\Index.cshtml.cs(1008,10): warning MVC1002: 'HttpPostAttribute' cannot be applied to Razor Page handler methods. Routes for Razor Pages must be declared using the @page directive or using conventions. [C:\Users\rloer\Desktop\IT-Pc\Angular Test\DmsProjeckt\DmsProjeckt.csproj]
C:\Users\rloer\Desktop\IT-Pc\Angular Test\DmsProjeckt\Pages\Dokument\Index.cshtml.cs(1251,10): warning MVC1002: 'HttpPostAttribute' cannot be applied to Razor Page handler methods. Routes for Razor Pages must be declared using the @page directive or using conventions. [C:\Users\rloer\Desktop\IT-Pc\Angular Test\DmsProjeckt\DmsProjeckt.csproj]
C:\Users\rloer\Desktop\IT-Pc\Angular Test\DmsProjeckt\Pages\Tests\UploadMulti.cshtml.cs(813,10): warning MVC1002: 'HttpPostAttribute' cannot be applied to Razor Page handler methods. Routes for Razor Pages must be declared using the @page directive or using conventions. [C:\Users\rloer\Desktop\IT-Pc\Angular Test\DmsProjeckt\DmsProjeckt.csproj]
C:\Users\rloer\Desktop\IT-Pc\Angular Test\DmsProjeckt\Pages\Dokument\Index.cshtml.cs(1446,10): warning MVC1002: 'HttpPostAttribute' cannot be applied to Razor Page handler methods. Routes for Razor Pages must be declared using the @page directive or using conventions. [C:\Users\rloer\Desktop\IT-Pc\Angular Test\DmsProjeckt\DmsProjeckt.csproj]
C:\Users\rloer\Desktop\IT-Pc\Angular Test\DmsProjeckt\Pages\Dokument\Index.cshtml(1013,38): warning MVC1000: Use of IHtmlHelper.Partial may result in application deadlocks. Consider using <partial> Tag Helper or IHtmlHelper.PartialAsync. [C:\Users\rloer\Desktop\IT-Pc\Angular Test\DmsProjeckt\DmsProjeckt.csproj]
C:\Users\rloer\Desktop\IT-Pc\Angular Test\DmsProjeckt\Pages\Dokument\Index.cshtml(1053,26): warning MVC1000: Use of IHtmlHelper.Partial may result in application deadlocks. Consider using <partial> Tag Helper or IHtmlHelper.PartialAsync. [C:\Users\rloer\Desktop\IT-Pc\Angular Test\DmsProjeckt\DmsProjeckt.csproj]
C:\Users\rloer\Desktop\IT-Pc\Angular Test\DmsProjeckt\Pages\Dokument\Index.cshtml.cs(1714,10): warning MVC1002: 'HttpPostAttribute' cannot be applied to Razor Page handler methods. Routes for Razor Pages must be declared using the @page directive or using conventions. [C:\Users\rloer\Desktop\IT-Pc\Angular Test\DmsProjeckt\DmsProjeckt.csproj]
C:\Users\rloer\Desktop\IT-Pc\Angular Test\DmsProjeckt\Pages\Dokument\Index.cshtml.cs(2063,10): warning MVC1001: 'IgnoreAntiforgeryTokenAttribute' cannot be applied to Razor Page handler methods. It may be applied either to the Razor Page model or applied globally. [C:\Users\rloer\Desktop\IT-Pc\Angular Test\DmsProjeckt\DmsProjeckt.csproj]
C:\Users\rloer\Desktop\IT-Pc\Angular Test\DmsProjeckt\Pages\Dokument\Bearbeiten.cshtml.cs(2370,10): warning MVC1002: 'HttpPostAttribute' cannot be applied to Razor Page handler methods. Routes for Razor Pages must be declared using the @page directive or using conventions. [C:\Users\rloer\Desktop\IT-Pc\Angular Test\DmsProjeckt\DmsProjeckt.csproj]
C:\Users\rloer\Desktop\IT-Pc\Angular Test\DmsProjeckt\Pages\Dokument\Index.cshtml.cs(2277,10): warning MVC1002: 'HttpPostAttribute' cannot be applied to Razor Page handler methods. Routes for Razor Pages must be declared using the @page directive or using conventions. [C:\Users\rloer\Desktop\IT-Pc\Angular Test\DmsProjeckt\DmsProjeckt.csproj]
C:\Users\rloer\Desktop\IT-Pc\Angular Test\DmsProjeckt\Pages\Dokument\Index.cshtml.cs(2357,10): warning MVC1002: 'HttpGetAttribute' cannot be applied to Razor Page handler methods. Routes for Razor Pages must be declared using the @page directive or using conventions. [C:\Users\rloer\Desktop\IT-Pc\Angular Test\DmsProjeckt\DmsProjeckt.csproj]

Fehler beim Buildvorgang.

C:\Users\rloer\Desktop\IT-Pc\Angular Test\DmsProjeckt\Hubs\SISHub.cs(56,36): warning CS8765: Die NULL-Zul├ñssigkeit des Typs des Parameters "exception" entspricht (m├Âglicherweise aufgrund von Attributen f├╝r die NULL-Zul├ñssigkeit) nicht dem ├╝berschriebenen Member. [C:\Users\rloer\Desktop\IT-Pc\Angular Test\DmsProjeckt\DmsProjeckt.csproj]
C:\Users\rloer\Desktop\IT-Pc\Angular Test\DmsProjeckt\Helpers\DocumentPathHelper.cs(45,31): warning CS8625: Ein NULL-Literal kann nicht in einen Non-Nullable-Verweistyp konvertiert werden. [C:\Users\rloer\Desktop\IT-Pc\Angular Test\DmsProjeckt\DmsProjeckt.csproj]
C:\Users\rloer\Desktop\IT-Pc\Angular Test\DmsProjeckt\Pages\Tests\UploadMulti.cshtml.cs(168,91): warning CS8625: Ein NULL-Literal kann nicht in einen Non-Nullable-Verweistyp konvertiert werden. [C:\Users\rloer\Desktop\IT-Pc\Angular Test\DmsProjeckt\DmsProjeckt.csproj]
C:\Users\rloer\Desktop\IT-Pc\Angular Test\DmsProjeckt\Pages\Workflows\StepDetail.cshtml.cs(16,12): warning CS8618: Non-Nullable-Eigenschaft ÔÇ×KommentarÔÇ£ muss beim Beenden des Konstruktors einen Wert ungleich NULL enthalten. F├╝gen Sie ggf. den ÔÇ×erforderlichenÔÇ£ Modifizierer hinzu, oder deklarieren Sie den Eigenschaft als NULL-Werte zulassend. [C:\Users\rloer\Desktop\IT-Pc\Angular Test\DmsProjeckt\DmsProjeckt.csproj]
C:\Users\rloer\Desktop\IT-Pc\Angular Test\DmsProjeckt\Pages\Workflows\StepDetail.cshtml.cs(16,12): warning CS8618: Non-Nullable-Eigenschaft ÔÇ×CurrentUserIdÔÇ£ muss beim Beenden des Konstruktors einen Wert ungleich NULL enthalten. F├╝gen Sie ggf. den ÔÇ×erforderlichenÔÇ£ Modifizierer hinzu, oder deklarieren Sie den Eigenschaft als NULL-Werte zulassend. [C:\Users\rloer\Desktop\IT-Pc\Angular Test\DmsProjeckt\DmsProjeckt.csproj]
C:\Users\rloer\Desktop\IT-Pc\Angular Test\DmsProjeckt\Pages\Einstellungen.cshtml.cs(19,12): warning CS8618: Non-Nullable-Eigenschaft ÔÇ×SettingsÔÇ£ muss beim Beenden des Konstruktors einen Wert ungleich NULL enthalten. F├╝gen Sie ggf. den ÔÇ×erforderlichenÔÇ£ Modifizierer hinzu, oder deklarieren Sie den Eigenschaft als NULL-Werte zulassend. [C:\Users\rloer\Desktop\IT-Pc\Angular Test\DmsProjeckt\DmsProjeckt.csproj]
C:\Users\rloer\Desktop\IT-Pc\Angular Test\DmsProjeckt\Pages\Einstellungen.cshtml.cs(19,12): warning CS8618: Non-Nullable-Eigenschaft ÔÇ×ProfileImageÔÇ£ muss beim Beenden des Konstruktors einen Wert ungleich NULL enthalten. F├╝gen Sie ggf. den ÔÇ×erforderlichenÔÇ£ Modifizierer hinzu, oder deklarieren Sie den Eigenschaft als NULL-Werte zulassend. [C:\Users\rloer\Desktop\IT-Pc\Angular Test\DmsProjeckt\DmsProjeckt.csproj]
C:\Users\rloer\Desktop\IT-Pc\Angular Test\DmsProjeckt\Service\PdfMetadataReader.cs(27,24): warning CS8619: Die NULL-Zul├ñssigkeit von Verweistypen im Wert vom Typ "(string?, string?, string?)" entspricht nicht dem Zieltyp "(string Autor, string Betreff, string Schluesselwoerter)". [C:\Users\rloer\Desktop\IT-Pc\Angular Test\DmsProjeckt\DmsProjeckt.csproj]
C:\Users\rloer\Desktop\IT-Pc\Angular Test\DmsProjeckt\Data\Workflow.cs(15,23): warning CS8618: Non-Nullable-Eigenschaft ÔÇ×TitleÔÇ£ muss beim Beenden des Konstruktors einen Wert ungleich NULL enthalten. F├╝gen Sie ggf. den ÔÇ×erforderlichenÔÇ£ Modifizierer hinzu, oder deklarieren Sie den Eigenschaft als NULL-Werte zulassend. [C:\Users\rloer\Desktop\IT-Pc\Angular Test\DmsProjeckt\DmsProjeckt.csproj]
C:\Users\rloer\Desktop\IT-Pc\Angular Test\DmsProjeckt\Pages\Einstellungen.cshtml.cs(48,23): warning CS8600: Das NULL-Literal oder ein m├Âglicher NULL-Wert wird in einen Non-Nullable-Typ konvertiert. [C:\Users\rloer\Desktop\IT-Pc\Angular Test\DmsProjeckt\DmsProjeckt.csproj]
C:\Users\rloer\Desktop\IT-Pc\Angular Test\DmsProjeckt\Pages\Einstellungen.cshtml.cs(57,25): warning CS8601: M├Âgliche Nullverweiszuweisung. [C:\Users\rloer\Desktop\IT-Pc\Angular Test\DmsProjeckt\DmsProjeckt.csproj]
C:\Users\rloer\Desktop\IT-Pc\Angular Test\DmsProjeckt\Pages\Einstellungen.cshtml.cs(58,24): warning CS8601: M├Âgliche Nullverweiszuweisung. [C:\Users\rloer\Desktop\IT-Pc\Angular Test\DmsProjeckt\DmsProjeckt.csproj]
C:\Users\rloer\Desktop\IT-Pc\Angular Test\DmsProjeckt\Pages\Einstellungen.cshtml.cs(60,27): warning CS8601: M├Âgliche Nullverweiszuweisung. [C:\Users\rloer\Desktop\IT-Pc\Angular Test\DmsProjeckt\DmsProjeckt.csproj]
C:\Users\rloer\Desktop\IT-Pc\Angular Test\DmsProjeckt\Pages\Einstellungen.cshtml.cs(61,21): warning CS8601: M├Âgliche Nullverweiszuweisung. [C:\Users\rloer\Desktop\IT-Pc\Angular Test\DmsProjeckt\DmsProjeckt.csproj]
C:\Users\rloer\Desktop\IT-Pc\Angular Test\DmsProjeckt\Data\UserSharedNote.cs(7,23): warning CS8618: Non-Nullable-Eigenschaft ÔÇ×SharedByUserIdÔÇ£ muss beim Beenden des Konstruktors einen Wert ungleich NULL enthalten. F├╝gen Sie ggf. den ÔÇ×erforderlichenÔÇ£ Modifizierer hinzu, oder deklarieren Sie den Eigenschaft als NULL-Werte zulassend. [C:\Users\rloer\Desktop\IT-Pc\Angular Test\DmsProjeckt\DmsProjeckt.csproj]
C:\Users\rloer\Desktop\IT-Pc\Angular Test\DmsProjeckt\Data\UserSharedNote.cs(8,23): warning CS8618: Non-Nullable-Eigenschaft ÔÇ×SharedToUserIdÔÇ£ muss beim Beenden des Konstruktors einen Wert ungleich NULL enthalten. F├╝gen Sie ggf. den ÔÇ×erforderlichenÔÇ£ Modifizierer hinzu, oder deklarieren Sie den Eigenschaft als NULL-Werte zulassend. [C:\Users\rloer\Desktop\IT-Pc\Angular Test\DmsProjeckt\DmsProjeckt.csproj]
C:\Users\rloer\Desktop\IT-Pc\Angular Test\DmsProjeckt\Data\UserSharedNote.cs(12,32): warning CS8618: Non-Nullable-Eigenschaft ÔÇ×SharedByUserÔÇ£ muss beim Beenden des Konstruktors einen Wert ungleich NULL enthalten. F├╝gen Sie ggf. den ÔÇ×erforderlichenÔÇ£ Modifizierer hinzu, oder deklarieren Sie den Eigenschaft als NULL-Werte zulassend. [C:\Users\rloer\Desktop\IT-Pc\Angular Test\DmsProjeckt\DmsProjeckt.csproj]
C:\Users\rloer\Desktop\IT-Pc\Angular Test\DmsProjeckt\Data\UserSharedNote.cs(13,32): warning CS8618: Non-Nullable-Eigenschaft ÔÇ×SharedToUserÔÇ£ muss beim Beenden des Konstruktors einen Wert ungleich NULL enthalten. F├╝gen Sie ggf. den ÔÇ×erforderlichenÔÇ£ Modifizierer hinzu, oder deklarieren Sie den Eigenschaft als NULL-Werte zulassend. [C:\Users\rloer\Desktop\IT-Pc\Angular Test\DmsProjeckt\DmsProjeckt.csproj]
C:\Users\rloer\Desktop\IT-Pc\Angular Test\DmsProjeckt\Data\UserSharedNote.cs(14,22): warning CS8618: Non-Nullable-Eigenschaft ÔÇ×NotizÔÇ£ muss beim Beenden des Konstruktors einen Wert ungleich NULL enthalten. F├╝gen Sie ggf. den ÔÇ×erforderlichenÔÇ£ Modifizierer hinzu, oder deklarieren Sie den Eigenschaft als NULL-Werte zulassend. [C:\Users\rloer\Desktop\IT-Pc\Angular Test\DmsProjeckt\DmsProjeckt.csproj]
C:\Users\rloer\Desktop\IT-Pc\Angular Test\DmsProjeckt\Data\UserSharedDocument.cs(10,23): warning CS8618: Non-Nullable-Eigenschaft ÔÇ×SharedByUserIdÔÇ£ muss beim Beenden des Konstruktors einen Wert ungleich NULL enthalten. F├╝gen Sie ggf. den ÔÇ×erforderlichenÔÇ£ Modifizierer hinzu, oder deklarieren Sie den Eigenschaft als NULL-Werte zulassend. [C:\Users\rloer\Desktop\IT-Pc\Angular Test\DmsProjeckt\DmsProjeckt.csproj]
C:\Users\rloer\Desktop\IT-Pc\Angular Test\DmsProjeckt\Data\UserSharedDocument.cs(11,23): warning CS8618: Non-Nullable-Eigenschaft ÔÇ×SharedToUserIdÔÇ£ muss beim Beenden des Konstruktors einen Wert ungleich NULL enthalten. F├╝gen Sie ggf. den ÔÇ×erforderlichenÔÇ£ Modifizierer hinzu, oder deklarieren Sie den Eigenschaft als NULL-Werte zulassend. [C:\Users\rloer\Desktop\IT-Pc\Angular Test\DmsProjeckt\DmsProjeckt.csproj]
C:\Users\rloer\Desktop\IT-Pc\Angular Test\DmsProjeckt\Data\UserSharedDocument.cs(15,32): warning CS8618: Non-Nullable-Eigenschaft ÔÇ×SharedByUserÔÇ£ muss beim Beenden des Konstruktors einen Wert ungleich NULL enthalten. F├╝gen Sie ggf. den ÔÇ×erforderlichenÔÇ£ Modifizierer hinzu, oder deklarieren Sie den Eigenschaft als NULL-Werte zulassend. [C:\Users\rloer\Desktop\IT-Pc\Angular Test\DmsProjeckt\DmsProjeckt.csproj]
C:\Users\rloer\Desktop\IT-Pc\Angular Test\DmsProjeckt\Data\UserSharedDocument.cs(16,32): warning CS8618: Non-Nullable-Eigenschaft ÔÇ×SharedToUserÔÇ£ muss beim Beenden des Konstruktors einen Wert ungleich NULL enthalten. F├╝gen Sie ggf. den ÔÇ×erforderlichenÔÇ£ Modifizierer hinzu, oder deklarieren Sie den Eigenschaft als NULL-Werte zulassend. [C:\Users\rloer\Desktop\IT-Pc\Angular Test\DmsProjeckt\DmsProjeckt.csproj]
C:\Users\rloer\Desktop\IT-Pc\Angular Test\DmsProjeckt\Data\UserSharedDocument.cs(17,26): warning CS8618: Non-Nullable-Eigenschaft ÔÇ×DokumentÔÇ£ muss beim Beenden des Konstruktors einen Wert ungleich NULL enthalten. F├╝gen Sie ggf. den ÔÇ×erforderlichenÔÇ£ Modifizierer hinzu, oder deklarieren Sie den Eigenschaft als NULL-Werte zulassend. [C:\Users\rloer\Desktop\IT-Pc\Angular Test\DmsProjeckt\DmsProjeckt.csproj]
C:\Users\rloer\Desktop\IT-Pc\Angular Test\DmsProjeckt\Data\UserRoleViewModel.cs(5,23): warning CS8618: Non-Nullable-Eigenschaft ÔÇ×UserIdÔÇ£ muss beim Beenden des Konstruktors einen Wert ungleich NULL enthalten. F├╝gen Sie ggf. den ÔÇ×erforderlichenÔÇ£ Modifizierer hinzu, oder deklarieren Sie den Eigenschaft als NULL-Werte zulassend. [C:\Users\rloer\Desktop\IT-Pc\Angular Test\DmsProjeckt\DmsProjeckt.csproj]
C:\Users\rloer\Desktop\IT-Pc\Angular Test\DmsProjeckt\Data\UserRoleViewModel.cs(6,23): warning CS8618: Non-Nullable-Eigenschaft ÔÇ×UserNameÔÇ£ muss beim Beenden des Konstruktors einen Wert ungleich NULL enthalten. F├╝gen Sie ggf. den ÔÇ×erforderlichenÔÇ£ Modifizierer hinzu, oder deklarieren Sie den Eigenschaft als NULL-Werte zulassend. [C:\Users\rloer\Desktop\IT-Pc\Angular Test\DmsProjeckt\DmsProjeckt.csproj]
C:\Users\rloer\Desktop\IT-Pc\Angular Test\DmsProjeckt\Data\UserRoleViewModel.cs(7,23): warning CS8618: Non-Nullable-Eigenschaft ÔÇ×CurrentRoleÔÇ£ muss beim Beenden des Konstruktors einen Wert ungleich NULL enthalten. F├╝gen Sie ggf. den ÔÇ×erforderlichenÔÇ£ Modifizierer hinzu, oder deklarieren Sie den Eigenschaft als NULL-Werte zulassend. [C:\Users\rloer\Desktop\IT-Pc\Angular Test\DmsProjeckt\DmsProjeckt.csproj]
C:\Users\rloer\Desktop\IT-Pc\Angular Test\DmsProjeckt\Data\UserRoleViewModel.cs(8,23): warning CS8618: Non-Nullable-Eigenschaft ÔÇ×SelectedRoleÔÇ£ muss beim Beenden des Konstruktors einen Wert ungleich NULL enthalten. F├╝gen Sie ggf. den ÔÇ×erforderlichenÔÇ£ Modifizierer hinzu, oder deklarieren Sie den Eigenschaft als NULL-Werte zulassend. [C:\Users\rloer\Desktop\IT-Pc\Angular Test\DmsProjeckt\DmsProjeckt.csproj]
C:\Users\rloer\Desktop\IT-Pc\Angular Test\DmsProjeckt\Data\UserRoleViewModel.cs(9,29): warning CS8618: Non-Nullable-Eigenschaft ÔÇ×AvailableRolesÔÇ£ muss beim Beenden des Konstruktors einen Wert ungleich NULL enthalten. F├╝gen Sie ggf. den ÔÇ×erforderlichenÔÇ£ Modifizierer hinzu, oder deklarieren Sie den Eigenschaft als NULL-Werte zulassend. [C:\Users\rloer\Desktop\IT-Pc\Angular Test\DmsProjeckt\DmsProjeckt.csproj]
C:\Users\rloer\Desktop\IT-Pc\Angular Test\DmsProjeckt\Data\UserRoleViewModel.cs(10,23): warning CS8618: Non-Nullable-Eigenschaft ÔÇ×DepartmentNameÔÇ£ muss beim Beenden des Konstruktors einen Wert ungleich NULL enthalten. F├╝gen Sie ggf. den ÔÇ×erforderlichenÔÇ£ Modifizierer hinzu, oder deklarieren Sie den Eigenschaft als NULL-Werte zulassend. [C:\Users\rloer\Desktop\IT-Pc\Angular Test\DmsProjeckt\DmsProjeckt.csproj]
C:\Users\rloer\Desktop\IT-Pc\Angular Test\DmsProjeckt\Data\UserRoleViewModel.cs(11,23): warning CS8618: Non-Nullable-Eigenschaft ÔÇ×EmailÔÇ£ muss beim Beenden des Konstruktors einen Wert ungleich NULL enthalten. F├╝gen Sie ggf. den ÔÇ×erforderlichenÔÇ£ Modifizierer hinzu, oder deklarieren Sie den Eigenschaft als NULL-Werte zulassend. [C:\Users\rloer\Desktop\IT-Pc\Angular Test\DmsProjeckt\DmsProjeckt.csproj]
C:\Users\rloer\Desktop\IT-Pc\Angular Test\DmsProjeckt\Data\UserRoleViewModel.cs(12,23): warning CS8618: Non-Nullable-Eigenschaft ÔÇ×VornameÔÇ£ muss beim Beenden des Konstruktors einen Wert ungleich NULL enthalten. F├╝gen Sie ggf. den ÔÇ×erforderlichenÔÇ£ Modifizierer hinzu, oder deklarieren Sie den Eigenschaft als NULL-Werte zulassend. [C:\Users\rloer\Desktop\IT-Pc\Angular Test\DmsProjeckt\DmsProjeckt.csproj]
C:\Users\rloer\Desktop\IT-Pc\Angular Test\DmsProjeckt\Data\UserRoleViewModel.cs(13,23): warning CS8618: Non-Nullable-Eigenschaft ÔÇ×NachnameÔÇ£ muss beim Beenden des Konstruktors einen Wert ungleich NULL enthalten. F├╝gen Sie ggf. den ÔÇ×erforderlichenÔÇ£ Modifizierer hinzu, oder deklarieren Sie den Eigenschaft als NULL-Werte zulassend. [C:\Users\rloer\Desktop\IT-Pc\Angular Test\DmsProjeckt\DmsProjeckt.csproj]
C:\Users\rloer\Desktop\IT-Pc\Angular Test\DmsProjeckt\Data\UserNotificationSetting.cs(6,23): warning CS8618: Non-Nullable-Eigenschaft ÔÇ×UserIdÔÇ£ muss beim Beenden des Konstruktors einen Wert ungleich NULL enthalten. F├╝gen Sie ggf. den ÔÇ×erforderlichenÔÇ£ Modifizierer hinzu, oder deklarieren Sie den Eigenschaft als NULL-Werte zulassend. [C:\Users\rloer\Desktop\IT-Pc\Angular Test\DmsProjeckt\DmsProjeckt.csproj]
C:\Users\rloer\Desktop\IT-Pc\Angular Test\DmsProjeckt\Data\UserNotificationSetting.cs(7,32): warning CS8618: Non-Nullable-Eigenschaft ÔÇ×UserÔÇ£ muss beim Beenden des Konstruktors einen Wert ungleich NULL enthalten. F├╝gen Sie ggf. den ÔÇ×erforderlichenÔÇ£ Modifizierer hinzu, oder deklarieren Sie den Eigenschaft als NULL-Werte zulassend. [C:\Users\rloer\Desktop\IT-Pc\Angular Test\DmsProjeckt\DmsProjeckt.csproj]
C:\Users\rloer\Desktop\IT-Pc\Angular Test\DmsProjeckt\Data\UserNotificationSetting.cs(9,33): warning CS8618: Non-Nullable-Eigenschaft ÔÇ×NotificationTypeÔÇ£ muss beim Beenden des Konstruktors einen Wert ungleich NULL enthalten. F├╝gen Sie ggf. den ÔÇ×erforderlichenÔÇ£ Modifizierer hinzu, oder deklarieren Sie den Eigenschaft als NULL-Werte zulassend. [C:\Users\rloer\Desktop\IT-Pc\Angular Test\DmsProjeckt\DmsProjeckt.csproj]
C:\Users\rloer\Desktop\IT-Pc\Angular Test\DmsProjeckt\Data\UserNotification.cs(7,23): warning CS8618: Non-Nullable-Eigenschaft ÔÇ×UserIdÔÇ£ muss beim Beenden des Konstruktors einen Wert ungleich NULL enthalten. F├╝gen Sie ggf. den ÔÇ×erforderlichenÔÇ£ Modifizierer hinzu, oder deklarieren Sie den Eigenschaft als NULL-Werte zulassend. [C:\Users\rloer\Desktop\IT-Pc\Angular Test\DmsProjeckt\DmsProjeckt.csproj]
C:\Users\rloer\Desktop\IT-Pc\Angular Test\DmsProjeckt\Data\UserNotification.cs(8,32): warning CS8618: Non-Nullable-Eigenschaft ÔÇ×UserÔÇ£ muss beim Beenden des Konstruktors einen Wert ungleich NULL enthalten. F├╝gen Sie ggf. den ÔÇ×erforderlichenÔÇ£ Modifizierer hinzu, oder deklarieren Sie den Eigenschaft als NULL-Werte zulassend. [C:\Users\rloer\Desktop\IT-Pc\Angular Test\DmsProjeckt\DmsProjeckt.csproj]
C:\Users\rloer\Desktop\IT-Pc\Angular Test\DmsProjeckt\Data\UserNotification.cs(10,29): warning CS8618: Non-Nullable-Eigenschaft ÔÇ×NotificationÔÇ£ muss beim Beenden des Konstruktors einen Wert ungleich NULL enthalten. F├╝gen Sie ggf. den ÔÇ×erforderlichenÔÇ£ Modifizierer hinzu, oder deklarieren Sie den Eigenschaft als NULL-Werte zulassend. [C:\Users\rloer\Desktop\IT-Pc\Angular Test\DmsProjeckt\DmsProjeckt.csproj]
C:\Users\rloer\Desktop\IT-Pc\Angular Test\DmsProjeckt\Data\UserFavoritNote.cs(15,22): warning CS8618: Non-Nullable-Eigenschaft ÔÇ×NotizÔÇ£ muss beim Beenden des Konstruktors einen Wert ungleich NULL enthalten. F├╝gen Sie ggf. den ÔÇ×erforderlichenÔÇ£ Modifizierer hinzu, oder deklarieren Sie den Eigenschaft als NULL-Werte zulassend. [C:\Users\rloer\Desktop\IT-Pc\Angular Test\DmsProjeckt\DmsProjeckt.csproj]
C:\Users\rloer\Desktop\IT-Pc\Angular Test\DmsProjeckt\Data\UserFavoritNote.cs(18,23): warning CS8618: Non-Nullable-Eigenschaft ÔÇ×UserIdÔÇ£ muss beim Beenden des Konstruktors einen Wert ungleich NULL enthalten. F├╝gen Sie ggf. den ÔÇ×erforderlichenÔÇ£ Modifizierer hinzu, oder deklarieren Sie den Eigenschaft als NULL-Werte zulassend. [C:\Users\rloer\Desktop\IT-Pc\Angular Test\DmsProjeckt\DmsProjeckt.csproj]
C:\Users\rloer\Desktop\IT-Pc\Angular Test\DmsProjeckt\Data\UserFavoritNote.cs(21,32): warning CS8618: Non-Nullable-Eigenschaft ÔÇ×UserÔÇ£ muss beim Beenden des Konstruktors einen Wert ungleich NULL enthalten. F├╝gen Sie ggf. den ÔÇ×erforderlichenÔÇ£ Modifizierer hinzu, oder deklarieren Sie den Eigenschaft als NULL-Werte zulassend. [C:\Users\rloer\Desktop\IT-Pc\Angular Test\DmsProjeckt\DmsProjeckt.csproj]
C:\Users\rloer\Desktop\IT-Pc\Angular Test\DmsProjeckt\Data\Abteilung.cs(6,23): warning CS8618: Non-Nullable-Eigenschaft ÔÇ×NameÔÇ£ muss beim Beenden des Konstruktors einen Wert ungleich NULL enthalten. F├╝gen Sie ggf. den ÔÇ×erforderlichenÔÇ£ Modifizierer hinzu, oder deklarieren Sie den Eigenschaft als NULL-Werte zulassend. [C:\Users\rloer\Desktop\IT-Pc\Angular Test\DmsProjeckt\DmsProjeckt.csproj]
C:\Users\rloer\Desktop\IT-Pc\Angular Test\DmsProjeckt\Data\Abteilung.cs(9,39): warning CS8618: Non-Nullable-Eigenschaft ÔÇ×DokumenteÔÇ£ muss beim Beenden des Konstruktors einen Wert ungleich NULL enthalten. F├╝gen Sie ggf. den ÔÇ×erforderlichenÔÇ£ Modifizierer hinzu, oder deklarieren Sie den Eigenschaft als NULL-Werte zulassend. [C:\Users\rloer\Desktop\IT-Pc\Angular Test\DmsProjeckt\DmsProjeckt.csproj]
C:\Users\rloer\Desktop\IT-Pc\Angular Test\DmsProjeckt\Data\UserFavoritDokument.cs(5,23): warning CS8618: Non-Nullable-Eigenschaft ÔÇ×ApplicationUserIdÔÇ£ muss beim Beenden des Konstruktors einen Wert ungleich NULL enthalten. F├╝gen Sie ggf. den ÔÇ×erforderlichenÔÇ£ Modifizierer hinzu, oder deklarieren Sie den Eigenschaft als NULL-Werte zulassend. [C:\Users\rloer\Desktop\IT-Pc\Angular Test\DmsProjeckt\DmsProjeckt.csproj]
C:\Users\rloer\Desktop\IT-Pc\Angular Test\DmsProjeckt\Data\UserFavoritDokument.cs(6,32): warning CS8618: Non-Nullable-Eigenschaft ÔÇ×ApplicationUserÔÇ£ muss beim Beenden des Konstruktors einen Wert ungleich NULL enthalten. F├╝gen Sie ggf. den ÔÇ×erforderlichenÔÇ£ Modifizierer hinzu, oder deklarieren Sie den Eigenschaft als NULL-Werte zulassend. [C:\Users\rloer\Desktop\IT-Pc\Angular Test\DmsProjeckt\DmsProjeckt.csproj]
C:\Users\rloer\Desktop\IT-Pc\Angular Test\DmsProjeckt\Data\UserFavoritDokument.cs(9,26): warning CS8618: Non-Nullable-Eigenschaft ÔÇ×DokumentÔÇ£ muss beim Beenden des Konstruktors einen Wert ungleich NULL enthalten. F├╝gen Sie ggf. den ÔÇ×erforderlichenÔÇ£ Modifizierer hinzu, oder deklarieren Sie den Eigenschaft als NULL-Werte zulassend. [C:\Users\rloer\Desktop\IT-Pc\Angular Test\DmsProjeckt\DmsProjeckt.csproj]
C:\Users\rloer\Desktop\IT-Pc\Angular Test\DmsProjeckt\Data\StepKommentar.cs(7,21): warning CS8618: Non-Nullable-Eigenschaft ÔÇ×StepÔÇ£ muss beim Beenden des Konstruktors einen Wert ungleich NULL enthalten. F├╝gen Sie ggf. den ÔÇ×erforderlichenÔÇ£ Modifizierer hinzu, oder deklarieren Sie den Eigenschaft als NULL-Werte zulassend. [C:\Users\rloer\Desktop\IT-Pc\Angular Test\DmsProjeckt\DmsProjeckt.csproj]
C:\Users\rloer\Desktop\IT-Pc\Angular Test\DmsProjeckt\Data\StepKommentar.cs(8,23): warning CS8618: Non-Nullable-Eigenschaft ÔÇ×UserIdÔÇ£ muss beim Beenden des Konstruktors einen Wert ungleich NULL enthalten. F├╝gen Sie ggf. den ÔÇ×erforderlichenÔÇ£ Modifizierer hinzu, oder deklarieren Sie den Eigenschaft als NULL-Werte zulassend. [C:\Users\rloer\Desktop\IT-Pc\Angular Test\DmsProjeckt\DmsProjeckt.csproj]
C:\Users\rloer\Desktop\IT-Pc\Angular Test\DmsProjeckt\Data\StepKommentar.cs(9,32): warning CS8618: Non-Nullable-Eigenschaft ÔÇ×UserÔÇ£ muss beim Beenden des Konstruktors einen Wert ungleich NULL enthalten. F├╝gen Sie ggf. den ÔÇ×erforderlichenÔÇ£ Modifizierer hinzu, oder deklarieren Sie den Eigenschaft als NULL-Werte zulassend. [C:\Users\rloer\Desktop\IT-Pc\Angular Test\DmsProjeckt\DmsProjeckt.csproj]
C:\Users\rloer\Desktop\IT-Pc\Angular Test\DmsProjeckt\Data\StepKommentar.cs(11,23): warning CS8618: Non-Nullable-Eigenschaft ÔÇ×TextÔÇ£ muss beim Beenden des Konstruktors einen Wert ungleich NULL enthalten. F├╝gen Sie ggf. den ÔÇ×erforderlichenÔÇ£ Modifizierer hinzu, oder deklarieren Sie den Eigenschaft als NULL-Werte zulassend. [C:\Users\rloer\Desktop\IT-Pc\Angular Test\DmsProjeckt\DmsProjeckt.csproj]
C:\Users\rloer\Desktop\IT-Pc\Angular Test\DmsProjeckt\Data\Step.cs(15,23): warning CS8618: Non-Nullable-Eigenschaft ÔÇ×DescriptionÔÇ£ muss beim Beenden des Konstruktors einen Wert ungleich NULL enthalten. F├╝gen Sie ggf. den ÔÇ×erforderlichenÔÇ£ Modifizierer hinzu, oder deklarieren Sie den Eigenschaft als NULL-Werte zulassend. [C:\Users\rloer\Desktop\IT-Pc\Angular Test\DmsProjeckt\DmsProjeckt.csproj]
C:\Users\rloer\Desktop\IT-Pc\Angular Test\DmsProjeckt\Data\Step.cs(32,44): warning CS8618: Non-Nullable-Eigenschaft ÔÇ×KommentareÔÇ£ muss beim Beenden des Konstruktors einen Wert ungleich NULL enthalten. F├╝gen Sie ggf. den ÔÇ×erforderlichenÔÇ£ Modifizierer hinzu, oder deklarieren Sie den Eigenschaft als NULL-Werte zulassend. [C:\Users\rloer\Desktop\IT-Pc\Angular Test\DmsProjeckt\DmsProjeckt.csproj]
C:\Users\rloer\Desktop\IT-Pc\Angular Test\DmsProjeckt\Data\Step.cs(33,40): warning CS8618: Non-Nullable-Eigenschaft ÔÇ×DokumenteÔÇ£ muss beim Beenden des Konstruktors einen Wert ungleich NULL enthalten. F├╝gen Sie ggf. den ÔÇ×erforderlichenÔÇ£ Modifizierer hinzu, oder deklarieren Sie den Eigenschaft als NULL-Werte zulassend. [C:\Users\rloer\Desktop\IT-Pc\Angular Test\DmsProjeckt\DmsProjeckt.csproj]
C:\Users\rloer\Desktop\IT-Pc\Angular Test\DmsProjeckt\Data\SharedDocumentsDto.cs(5,23): warning CS8618: Non-Nullable-Eigenschaft ÔÇ×DokumentTitleÔÇ£ muss beim Beenden des Konstruktors einen Wert ungleich NULL enthalten. F├╝gen Sie ggf. den ÔÇ×erforderlichenÔÇ£ Modifizierer hinzu, oder deklarieren Sie den Eigenschaft als NULL-Werte zulassend. [C:\Users\rloer\Desktop\IT-Pc\Angular Test\DmsProjeckt\DmsProjeckt.csproj]
C:\Users\rloer\Desktop\IT-Pc\Angular Test\DmsProjeckt\Data\SharedDocumentsDto.cs(6,23): warning CS8618: Non-Nullable-Eigenschaft ÔÇ×SharedByUserNameÔÇ£ muss beim Beenden des Konstruktors einen Wert ungleich NULL enthalten. F├╝gen Sie ggf. den ÔÇ×erforderlichenÔÇ£ Modifizierer hinzu, oder deklarieren Sie den Eigenschaft als NULL-Werte zulassend. [C:\Users\rloer\Desktop\IT-Pc\Angular Test\DmsProjeckt\DmsProjeckt.csproj]
C:\Users\rloer\Desktop\IT-Pc\Angular Test\DmsProjeckt\Data\SharedDocumentsDto.cs(9,23): warning CS8618: Non-Nullable-Eigenschaft ÔÇ×ObjectPathÔÇ£ muss beim Beenden des Konstruktors einen Wert ungleich NULL enthalten. F├╝gen Sie ggf. den ÔÇ×erforderlichenÔÇ£ Modifizierer hinzu, oder deklarieren Sie den Eigenschaft als NULL-Werte zulassend. [C:\Users\rloer\Desktop\IT-Pc\Angular Test\DmsProjeckt\DmsProjeckt.csproj]
C:\Users\rloer\Desktop\IT-Pc\Angular Test\DmsProjeckt\Data\SearchHistory.cs(6,23): warning CS8618: Non-Nullable-Eigenschaft ÔÇ×UserIdÔÇ£ muss beim Beenden des Konstruktors einen Wert ungleich NULL enthalten. F├╝gen Sie ggf. den ÔÇ×erforderlichenÔÇ£ Modifizierer hinzu, oder deklarieren Sie den Eigenschaft als NULL-Werte zulassend. [C:\Users\rloer\Desktop\IT-Pc\Angular Test\DmsProjeckt\DmsProjeckt.csproj]
C:\Users\rloer\Desktop\IT-Pc\Angular Test\DmsProjeckt\Data\RecentHistory.cs(8,23): warning CS8618: Non-Nullable-Eigenschaft ÔÇ×UserIdÔÇ£ muss beim Beenden des Konstruktors einen Wert ungleich NULL enthalten. F├╝gen Sie ggf. den ÔÇ×erforderlichenÔÇ£ Modifizierer hinzu, oder deklarieren Sie den Eigenschaft als NULL-Werte zulassend. [C:\Users\rloer\Desktop\IT-Pc\Angular Test\DmsProjeckt\DmsProjeckt.csproj]
C:\Users\rloer\Desktop\IT-Pc\Angular Test\DmsProjeckt\Data\RecentHistory.cs(12,32): warning CS8618: Non-Nullable-Eigenschaft ÔÇ×UserÔÇ£ muss beim Beenden des Konstruktors einen Wert ungleich NULL enthalten. F├╝gen Sie ggf. den ÔÇ×erforderlichenÔÇ£ Modifizierer hinzu, oder deklarieren Sie den Eigenschaft als NULL-Werte zulassend. [C:\Users\rloer\Desktop\IT-Pc\Angular Test\DmsProjeckt\DmsProjeckt.csproj]
C:\Users\rloer\Desktop\IT-Pc\Angular Test\DmsProjeckt\Data\RecentHistory.cs(13,26): warning CS8618: Non-Nullable-Eigenschaft ÔÇ×DokumentÔÇ£ muss beim Beenden des Konstruktors einen Wert ungleich NULL enthalten. F├╝gen Sie ggf. den ÔÇ×erforderlichenÔÇ£ Modifizierer hinzu, oder deklarieren Sie den Eigenschaft als NULL-Werte zulassend. [C:\Users\rloer\Desktop\IT-Pc\Angular Test\DmsProjeckt\DmsProjeckt.csproj]
C:\Users\rloer\Desktop\IT-Pc\Angular Test\DmsProjeckt\Controllers\WorkflowApiController.cs(138,29): warning CS8602: Dereferenzierung eines m├Âglichen Nullverweises. [C:\Users\rloer\Desktop\IT-Pc\Angular Test\DmsProjeckt\DmsProjeckt.csproj]
C:\Users\rloer\Desktop\IT-Pc\Angular Test\DmsProjeckt\Data\PdfOcrUtil.cs(13,42): warning CS1998: In dieser Async-Methode fehlen die "await"-Operatoren, weshalb sie synchron ausgef├╝hrt wird. Sie sollten die Verwendung des "await"-Operators oder von "await Task.Run(...)" in Betracht ziehen, um auf nicht blockierende API-Aufrufe zu warten bzw. CPU-gebundene Aufgaben auf einem Hintergrundthread auszuf├╝hren. [C:\Users\rloer\Desktop\IT-Pc\Angular Test\DmsProjeckt\DmsProjeckt.csproj]
C:\Users\rloer\Desktop\IT-Pc\Angular Test\DmsProjeckt\Data\NotificationType.cs(6,23): warning CS8618: Non-Nullable-Eigenschaft ÔÇ×NameÔÇ£ muss beim Beenden des Konstruktors einen Wert ungleich NULL enthalten. F├╝gen Sie ggf. den ÔÇ×erforderlichenÔÇ£ Modifizierer hinzu, oder deklarieren Sie den Eigenschaft als NULL-Werte zulassend. [C:\Users\rloer\Desktop\IT-Pc\Angular Test\DmsProjeckt\DmsProjeckt.csproj]
C:\Users\rloer\Desktop\IT-Pc\Angular Test\DmsProjeckt\Data\NotificationType.cs(7,23): warning CS8618: Non-Nullable-Eigenschaft ÔÇ×DescriptionÔÇ£ muss beim Beenden des Konstruktors einen Wert ungleich NULL enthalten. F├╝gen Sie ggf. den ÔÇ×erforderlichenÔÇ£ Modifizierer hinzu, oder deklarieren Sie den Eigenschaft als NULL-Werte zulassend. [C:\Users\rloer\Desktop\IT-Pc\Angular Test\DmsProjeckt\DmsProjeckt.csproj]
C:\Users\rloer\Desktop\IT-Pc\Angular Test\DmsProjeckt\Data\NotificationType.cs(8,42): warning CS8618: Non-Nullable-Eigenschaft ÔÇ×NotificationsÔÇ£ muss beim Beenden des Konstruktors einen Wert ungleich NULL enthalten. F├╝gen Sie ggf. den ÔÇ×erforderlichenÔÇ£ Modifizierer hinzu, oder deklarieren Sie den Eigenschaft als NULL-Werte zulassend. [C:\Users\rloer\Desktop\IT-Pc\Angular Test\DmsProjeckt\DmsProjeckt.csproj]
C:\Users\rloer\Desktop\IT-Pc\Angular Test\DmsProjeckt\Data\NotificationType.cs(9,53): warning CS8618: Non-Nullable-Eigenschaft ÔÇ×UserNotificationSettingsÔÇ£ muss beim Beenden des Konstruktors einen Wert ungleich NULL enthalten. F├╝gen Sie ggf. den ÔÇ×erforderlichenÔÇ£ Modifizierer hinzu, oder deklarieren Sie den Eigenschaft als NULL-Werte zulassend. [C:\Users\rloer\Desktop\IT-Pc\Angular Test\DmsProjeckt\DmsProjeckt.csproj]
C:\Users\rloer\Desktop\IT-Pc\Angular Test\DmsProjeckt\Pages\Workflows\StepDetail.cshtml.cs(40,25): warning CS8601: M├Âgliche Nullverweiszuweisung. [C:\Users\rloer\Desktop\IT-Pc\Angular Test\DmsProjeckt\DmsProjeckt.csproj]
C:\Users\rloer\Desktop\IT-Pc\Angular Test\DmsProjeckt\Pages\Workflows\StepDetail.cshtml.cs(45,38): warning CS8602: Dereferenzierung eines m├Âglichen Nullverweises. [C:\Users\rloer\Desktop\IT-Pc\Angular Test\DmsProjeckt\DmsProjeckt.csproj]
C:\Users\rloer\Desktop\IT-Pc\Angular Test\DmsProjeckt\Pages\Workflows\StepDetail.cshtml.cs(118,43): warning CS8602: Dereferenzierung eines m├Âglichen Nullverweises. [C:\Users\rloer\Desktop\IT-Pc\Angular Test\DmsProjeckt\DmsProjeckt.csproj]
C:\Users\rloer\Desktop\IT-Pc\Angular Test\DmsProjeckt\Pages\Workflows\StepDetail.cshtml.cs(144,30): warning CS8601: M├Âgliche Nullverweiszuweisung. [C:\Users\rloer\Desktop\IT-Pc\Angular Test\DmsProjeckt\DmsProjeckt.csproj]
C:\Users\rloer\Desktop\IT-Pc\Angular Test\DmsProjeckt\Data\Notification.cs(6,23): warning CS8618: Non-Nullable-Eigenschaft ÔÇ×TitleÔÇ£ muss beim Beenden des Konstruktors einen Wert ungleich NULL enthalten. F├╝gen Sie ggf. den ÔÇ×erforderlichenÔÇ£ Modifizierer hinzu, oder deklarieren Sie den Eigenschaft als NULL-Werte zulassend. [C:\Users\rloer\Desktop\IT-Pc\Angular Test\DmsProjeckt\DmsProjeckt.csproj]
C:\Users\rloer\Desktop\IT-Pc\Angular Test\DmsProjeckt\Data\Notification.cs(7,23): warning CS8618: Non-Nullable-Eigenschaft ÔÇ×ContentÔÇ£ muss beim Beenden des Konstruktors einen Wert ungleich NULL enthalten. F├╝gen Sie ggf. den ÔÇ×erforderlichenÔÇ£ Modifizierer hinzu, oder deklarieren Sie den Eigenschaft als NULL-Werte zulassend. [C:\Users\rloer\Desktop\IT-Pc\Angular Test\DmsProjeckt\DmsProjeckt.csproj]
C:\Users\rloer\Desktop\IT-Pc\Angular Test\DmsProjeckt\Data\Notification.cs(10,33): warning CS8618: Non-Nullable-Eigenschaft ÔÇ×NotificationTypeÔÇ£ muss beim Beenden des Konstruktors einen Wert ungleich NULL enthalten. F├╝gen Sie ggf. den ÔÇ×erforderlichenÔÇ£ Modifizierer hinzu, oder deklarieren Sie den Eigenschaft als NULL-Werte zulassend. [C:\Users\rloer\Desktop\IT-Pc\Angular Test\DmsProjeckt\DmsProjeckt.csproj]
C:\Users\rloer\Desktop\IT-Pc\Angular Test\DmsProjeckt\Data\Notification.cs(11,46): warning CS8618: Non-Nullable-Eigenschaft ÔÇ×UserNotificationsÔÇ£ muss beim Beenden des Konstruktors einen Wert ungleich NULL enthalten. F├╝gen Sie ggf. den ÔÇ×erforderlichenÔÇ£ Modifizierer hinzu, oder deklarieren Sie den Eigenschaft als NULL-Werte zulassend. [C:\Users\rloer\Desktop\IT-Pc\Angular Test\DmsProjeckt\DmsProjeckt.csproj]
C:\Users\rloer\Desktop\IT-Pc\Angular Test\DmsProjeckt\Data\MessageRead.cs(6,28): warning CS8618: Non-Nullable-Eigenschaft ÔÇ×MessageÔÇ£ muss beim Beenden des Konstruktors einen Wert ungleich NULL enthalten. F├╝gen Sie ggf. den ÔÇ×erforderlichenÔÇ£ Modifizierer hinzu, oder deklarieren Sie den Eigenschaft als NULL-Werte zulassend. [C:\Users\rloer\Desktop\IT-Pc\Angular Test\DmsProjeckt\DmsProjeckt.csproj]
C:\Users\rloer\Desktop\IT-Pc\Angular Test\DmsProjeckt\Data\MessageRead.cs(8,23): warning CS8618: Non-Nullable-Eigenschaft ÔÇ×UserIdÔÇ£ muss beim Beenden des Konstruktors einen Wert ungleich NULL enthalten. F├╝gen Sie ggf. den ÔÇ×erforderlichenÔÇ£ Modifizierer hinzu, oder deklarieren Sie den Eigenschaft als NULL-Werte zulassend. [C:\Users\rloer\Desktop\IT-Pc\Angular Test\DmsProjeckt\DmsProjeckt.csproj]
C:\Users\rloer\Desktop\IT-Pc\Angular Test\DmsProjeckt\Hubs\ChatHub.cs(14,30): warning CS8602: Dereferenzierung eines m├Âglichen Nullverweises. [C:\Users\rloer\Desktop\IT-Pc\Angular Test\DmsProjeckt\DmsProjeckt.csproj]
C:\Users\rloer\Desktop\IT-Pc\Angular Test\DmsProjeckt\Hubs\ChatHub.cs(14,30): warning CS8602: Dereferenzierung eines m├Âglichen Nullverweises. [C:\Users\rloer\Desktop\IT-Pc\Angular Test\DmsProjeckt\DmsProjeckt.csproj]
C:\Users\rloer\Desktop\IT-Pc\Angular Test\DmsProjeckt\Hubs\ChatHub.cs(17,28): warning CS8601: M├Âgliche Nullverweiszuweisung. [C:\Users\rloer\Desktop\IT-Pc\Angular Test\DmsProjeckt\DmsProjeckt.csproj]
C:\Users\rloer\Desktop\IT-Pc\Angular Test\DmsProjeckt\Hubs\ChatHub.cs(18,30): warning CS8601: M├Âgliche Nullverweiszuweisung. [C:\Users\rloer\Desktop\IT-Pc\Angular Test\DmsProjeckt\DmsProjeckt.csproj]
C:\Users\rloer\Desktop\IT-Pc\Angular Test\DmsProjeckt\Pages\Workflows\StepDetail.cshtml.cs(162,22): warning CS8602: Dereferenzierung eines m├Âglichen Nullverweises. [C:\Users\rloer\Desktop\IT-Pc\Angular Test\DmsProjeckt\DmsProjeckt.csproj]
C:\Users\rloer\Desktop\IT-Pc\Angular Test\DmsProjeckt\Pages\Einstellungen.cshtml.cs(250,44): warning CS8604: M├Âgliches Nullverweisargument f├╝r den Parameter "to" in "Task EmailService.SendEmailAsync(string to, string subject, string body, List<(byte[] Data, string FileName, string MimeType)>? attachments = null)". [C:\Users\rloer\Desktop\IT-Pc\Angular Test\DmsProjeckt\DmsProjeckt.csproj]
C:\Users\rloer\Desktop\IT-Pc\Angular Test\DmsProjeckt\Data\Archive.cs(14,26): warning CS8618: Non-Nullable-Eigenschaft ÔÇ×DokumentÔÇ£ muss beim Beenden des Konstruktors einen Wert ungleich NULL enthalten. F├╝gen Sie ggf. den ÔÇ×erforderlichenÔÇ£ Modifizierer hinzu, oder deklarieren Sie den Eigenschaft als NULL-Werte zulassend. [C:\Users\rloer\Desktop\IT-Pc\Angular Test\DmsProjeckt\DmsProjeckt.csproj]
C:\Users\rloer\Desktop\IT-Pc\Angular Test\DmsProjeckt\Data\ImageOcrUtil.cs(23,30): warning CS0168: Die Variable "ex" ist deklariert, wird aber nie verwendet. [C:\Users\rloer\Desktop\IT-Pc\Angular Test\DmsProjeckt\DmsProjeckt.csproj]
C:\Users\rloer\Desktop\IT-Pc\Angular Test\DmsProjeckt\Hubs\ChatHub.cs(31,30): warning CS8602: Dereferenzierung eines m├Âglichen Nullverweises. [C:\Users\rloer\Desktop\IT-Pc\Angular Test\DmsProjeckt\DmsProjeckt.csproj]
C:\Users\rloer\Desktop\IT-Pc\Angular Test\DmsProjeckt\Hubs\ChatHub.cs(31,30): warning CS8602: Dereferenzierung eines m├Âglichen Nullverweises. [C:\Users\rloer\Desktop\IT-Pc\Angular Test\DmsProjeckt\DmsProjeckt.csproj]
C:\Users\rloer\Desktop\IT-Pc\Angular Test\DmsProjeckt\Hubs\ChatHub.cs(34,28): warning CS8601: M├Âgliche Nullverweiszuweisung. [C:\Users\rloer\Desktop\IT-Pc\Angular Test\DmsProjeckt\DmsProjeckt.csproj]
C:\Users\rloer\Desktop\IT-Pc\Angular Test\DmsProjeckt\Hubs\ChatHub.cs(35,30): warning CS8601: M├Âgliche Nullverweiszuweisung. [C:\Users\rloer\Desktop\IT-Pc\Angular Test\DmsProjeckt\DmsProjeckt.csproj]
C:\Users\rloer\Desktop\IT-Pc\Angular Test\DmsProjeckt\Hubs\ChatHub.cs(43,32): warning CS8604: M├Âgliches Nullverweisargument f├╝r den Parameter "userId" in "IClientProxy IHubClients<IClientProxy>.User(string userId)". [C:\Users\rloer\Desktop\IT-Pc\Angular Test\DmsProjeckt\DmsProjeckt.csproj]
C:\Users\rloer\Desktop\IT-Pc\Angular Test\DmsProjeckt\Data\AuditLogAdmin.cs(6,23): warning CS8618: Non-Nullable-Eigenschaft ÔÇ×AdminIdÔÇ£ muss beim Beenden des Konstruktors einen Wert ungleich NULL enthalten. F├╝gen Sie ggf. den ÔÇ×erforderlichenÔÇ£ Modifizierer hinzu, oder deklarieren Sie den Eigenschaft als NULL-Werte zulassend. [C:\Users\rloer\Desktop\IT-Pc\Angular Test\DmsProjeckt\DmsProjeckt.csproj]
C:\Users\rloer\Desktop\IT-Pc\Angular Test\DmsProjeckt\Data\AuditLogAdmin.cs(7,23): warning CS8618: Non-Nullable-Eigenschaft ÔÇ×ActionÔÇ£ muss beim Beenden des Konstruktors einen Wert ungleich NULL enthalten. F├╝gen Sie ggf. den ÔÇ×erforderlichenÔÇ£ Modifizierer hinzu, oder deklarieren Sie den Eigenschaft als NULL-Werte zulassend. [C:\Users\rloer\Desktop\IT-Pc\Angular Test\DmsProjeckt\DmsProjeckt.csproj]
C:\Users\rloer\Desktop\IT-Pc\Angular Test\DmsProjeckt\Data\AuditLogAdmin.cs(8,23): warning CS8618: Non-Nullable-Eigenschaft ÔÇ×TargetUserIdÔÇ£ muss beim Beenden des Konstruktors einen Wert ungleich NULL enthalten. F├╝gen Sie ggf. den ÔÇ×erforderlichenÔÇ£ Modifizierer hinzu, oder deklarieren Sie den Eigenschaft als NULL-Werte zulassend. [C:\Users\rloer\Desktop\IT-Pc\Angular Test\DmsProjeckt\DmsProjeckt.csproj]
C:\Users\rloer\Desktop\IT-Pc\Angular Test\DmsProjeckt\Data\FolderPermission.cs(6,23): warning CS8618: Non-Nullable-Eigenschaft ÔÇ×UserIdÔÇ£ muss beim Beenden des Konstruktors einen Wert ungleich NULL enthalten. F├╝gen Sie ggf. den ÔÇ×erforderlichenÔÇ£ Modifizierer hinzu, oder deklarieren Sie den Eigenschaft als NULL-Werte zulassend. [C:\Users\rloer\Desktop\IT-Pc\Angular Test\DmsProjeckt\DmsProjeckt.csproj]
C:\Users\rloer\Desktop\IT-Pc\Angular Test\DmsProjeckt\Data\FolderPermission.cs(7,32): warning CS8618: Non-Nullable-Eigenschaft ÔÇ×UserÔÇ£ muss beim Beenden des Konstruktors einen Wert ungleich NULL enthalten. F├╝gen Sie ggf. den ÔÇ×erforderlichenÔÇ£ Modifizierer hinzu, oder deklarieren Sie den Eigenschaft als NULL-Werte zulassend. [C:\Users\rloer\Desktop\IT-Pc\Angular Test\DmsProjeckt\DmsProjeckt.csproj]
C:\Users\rloer\Desktop\IT-Pc\Angular Test\DmsProjeckt\Data\FolderPermission.cs(9,23): warning CS8618: Non-Nullable-Eigenschaft ÔÇ×FolderPathÔÇ£ muss beim Beenden des Konstruktors einen Wert ungleich NULL enthalten. F├╝gen Sie ggf. den ÔÇ×erforderlichenÔÇ£ Modifizierer hinzu, oder deklarieren Sie den Eigenschaft als NULL-Werte zulassend. [C:\Users\rloer\Desktop\IT-Pc\Angular Test\DmsProjeckt\DmsProjeckt.csproj]
C:\Users\rloer\Desktop\IT-Pc\Angular Test\DmsProjeckt\Data\FolderPermission.cs(10,23): warning CS8618: Non-Nullable-Eigenschaft ÔÇ×GrantedByAdminIdÔÇ£ muss beim Beenden des Konstruktors einen Wert ungleich NULL enthalten. F├╝gen Sie ggf. den ÔÇ×erforderlichenÔÇ£ Modifizierer hinzu, oder deklarieren Sie den Eigenschaft als NULL-Werte zulassend. [C:\Users\rloer\Desktop\IT-Pc\Angular Test\DmsProjeckt\DmsProjeckt.csproj]
C:\Users\rloer\Desktop\IT-Pc\Angular Test\DmsProjeckt\Data\FolderPermission.cs(11,32): warning CS8618: Non-Nullable-Eigenschaft ÔÇ×GrantedByAdminÔÇ£ muss beim Beenden des Konstruktors einen Wert ungleich NULL enthalten. F├╝gen Sie ggf. den ÔÇ×erforderlichenÔÇ£ Modifizierer hinzu, oder deklarieren Sie den Eigenschaft als NULL-Werte zulassend. [C:\Users\rloer\Desktop\IT-Pc\Angular Test\DmsProjeckt\DmsProjeckt.csproj]
C:\Users\rloer\Desktop\IT-Pc\Angular Test\DmsProjeckt\Data\EmailSettings.cs(5,23): warning CS8618: Non-Nullable-Eigenschaft ÔÇ×SmtpServerÔÇ£ muss beim Beenden des Konstruktors einen Wert ungleich NULL enthalten. F├╝gen Sie ggf. den ÔÇ×erforderlichenÔÇ£ Modifizierer hinzu, oder deklarieren Sie den Eigenschaft als NULL-Werte zulassend. [C:\Users\rloer\Desktop\IT-Pc\Angular Test\DmsProjeckt\DmsProjeckt.csproj]
C:\Users\rloer\Desktop\IT-Pc\Angular Test\DmsProjeckt\Data\EmailSettings.cs(7,23): warning CS8618: Non-Nullable-Eigenschaft ÔÇ×SenderEmailÔÇ£ muss beim Beenden des Konstruktors einen Wert ungleich NULL enthalten. F├╝gen Sie ggf. den ÔÇ×erforderlichenÔÇ£ Modifizierer hinzu, oder deklarieren Sie den Eigenschaft als NULL-Werte zulassend. [C:\Users\rloer\Desktop\IT-Pc\Angular Test\DmsProjeckt\DmsProjeckt.csproj]
C:\Users\rloer\Desktop\IT-Pc\Angular Test\DmsProjeckt\Data\EmailSettings.cs(8,23): warning CS8618: Non-Nullable-Eigenschaft ÔÇ×SenderNameÔÇ£ muss beim Beenden des Konstruktors einen Wert ungleich NULL enthalten. F├╝gen Sie ggf. den ÔÇ×erforderlichenÔÇ£ Modifizierer hinzu, oder deklarieren Sie den Eigenschaft als NULL-Werte zulassend. [C:\Users\rloer\Desktop\IT-Pc\Angular Test\DmsProjeckt\DmsProjeckt.csproj]
C:\Users\rloer\Desktop\IT-Pc\Angular Test\DmsProjeckt\Data\EmailSettings.cs(9,23): warning CS8618: Non-Nullable-Eigenschaft ÔÇ×UsernameÔÇ£ muss beim Beenden des Konstruktors einen Wert ungleich NULL enthalten. F├╝gen Sie ggf. den ÔÇ×erforderlichenÔÇ£ Modifizierer hinzu, oder deklarieren Sie den Eigenschaft als NULL-Werte zulassend. [C:\Users\rloer\Desktop\IT-Pc\Angular Test\DmsProjeckt\DmsProjeckt.csproj]
C:\Users\rloer\Desktop\IT-Pc\Angular Test\DmsProjeckt\Data\EmailSettings.cs(10,23): warning CS8618: Non-Nullable-Eigenschaft ÔÇ×PasswordÔÇ£ muss beim Beenden des Konstruktors einen Wert ungleich NULL enthalten. F├╝gen Sie ggf. den ÔÇ×erforderlichenÔÇ£ Modifizierer hinzu, oder deklarieren Sie den Eigenschaft als NULL-Werte zulassend. [C:\Users\rloer\Desktop\IT-Pc\Angular Test\DmsProjeckt\DmsProjeckt.csproj]
C:\Users\rloer\Desktop\IT-Pc\Angular Test\DmsProjeckt\Data\DuplicateUpload.cs(8,26): warning CS8618: Non-Nullable-Eigenschaft ÔÇ×DokumentÔÇ£ muss beim Beenden des Konstruktors einen Wert ungleich NULL enthalten. F├╝gen Sie ggf. den ÔÇ×erforderlichenÔÇ£ Modifizierer hinzu, oder deklarieren Sie den Eigenschaft als NULL-Werte zulassend. [C:\Users\rloer\Desktop\IT-Pc\Angular Test\DmsProjeckt\DmsProjeckt.csproj]
C:\Users\rloer\Desktop\IT-Pc\Angular Test\DmsProjeckt\Data\DuplicateUpload.cs(11,23): warning CS8618: Non-Nullable-Eigenschaft ÔÇ×UserIdÔÇ£ muss beim Beenden des Konstruktors einen Wert ungleich NULL enthalten. F├╝gen Sie ggf. den ÔÇ×erforderlichenÔÇ£ Modifizierer hinzu, oder deklarieren Sie den Eigenschaft als NULL-Werte zulassend. [C:\Users\rloer\Desktop\IT-Pc\Angular Test\DmsProjeckt\DmsProjeckt.csproj]
C:\Users\rloer\Desktop\IT-Pc\Angular Test\DmsProjeckt\Data\DuplicateUpload.cs(12,32): warning CS8618: Non-Nullable-Eigenschaft ÔÇ×UserÔÇ£ muss beim Beenden des Konstruktors einen Wert ungleich NULL enthalten. F├╝gen Sie ggf. den ÔÇ×erforderlichenÔÇ£ Modifizierer hinzu, oder deklarieren Sie den Eigenschaft als NULL-Werte zulassend. [C:\Users\rloer\Desktop\IT-Pc\Angular Test\DmsProjeckt\DmsProjeckt.csproj]
C:\Users\rloer\Desktop\IT-Pc\Angular Test\DmsProjeckt\Data\DuplicateUpload.cs(16,23): warning CS8618: Non-Nullable-Eigenschaft ÔÇ×FileNameÔÇ£ muss beim Beenden des Konstruktors einen Wert ungleich NULL enthalten. F├╝gen Sie ggf. den ÔÇ×erforderlichenÔÇ£ Modifizierer hinzu, oder deklarieren Sie den Eigenschaft als NULL-Werte zulassend. [C:\Users\rloer\Desktop\IT-Pc\Angular Test\DmsProjeckt\DmsProjeckt.csproj]
C:\Users\rloer\Desktop\IT-Pc\Angular Test\DmsProjeckt\Pages\Einstellungen.cshtml.cs(294,23): warning CS8618: Non-Nullable-Eigenschaft ÔÇ×NameÔÇ£ muss beim Beenden des Konstruktors einen Wert ungleich NULL enthalten. F├╝gen Sie ggf. den ÔÇ×erforderlichenÔÇ£ Modifizierer hinzu, oder deklarieren Sie den Eigenschaft als NULL-Werte zulassend. [C:\Users\rloer\Desktop\IT-Pc\Angular Test\DmsProjeckt\DmsProjeckt.csproj]
C:\Users\rloer\Desktop\IT-Pc\Angular Test\DmsProjeckt\Pages\Einstellungen.cshtml.cs(266,22): warning CS8618: Non-Nullable-Eigenschaft ÔÇ×ProfilImageUrlÔÇ£ muss beim Beenden des Konstruktors einen Wert ungleich NULL enthalten. F├╝gen Sie ggf. den ÔÇ×erforderlichenÔÇ£ Modifizierer hinzu, oder deklarieren Sie den Eigenschaft als NULL-Werte zulassend. [C:\Users\rloer\Desktop\IT-Pc\Angular Test\DmsProjeckt\DmsProjeckt.csproj]
C:\Users\rloer\Desktop\IT-Pc\Angular Test\DmsProjeckt\Pages\Einstellungen.cshtml.cs(267,23): warning CS8618: Non-Nullable-Eigenschaft ÔÇ×EmailÔÇ£ muss beim Beenden des Konstruktors einen Wert ungleich NULL enthalten. F├╝gen Sie ggf. den ÔÇ×erforderlichenÔÇ£ Modifizierer hinzu, oder deklarieren Sie den Eigenschaft als NULL-Werte zulassend. [C:\Users\rloer\Desktop\IT-Pc\Angular Test\DmsProjeckt\DmsProjeckt.csproj]
C:\Users\rloer\Desktop\IT-Pc\Angular Test\DmsProjeckt\Pages\Einstellungen.cshtml.cs(268,23): warning CS8618: Non-Nullable-Eigenschaft ÔÇ×FirstNameÔÇ£ muss beim Beenden des Konstruktors einen Wert ungleich NULL enthalten. F├╝gen Sie ggf. den ÔÇ×erforderlichenÔÇ£ Modifizierer hinzu, oder deklarieren Sie den Eigenschaft als NULL-Werte zulassend. [C:\Users\rloer\Desktop\IT-Pc\Angular Test\DmsProjeckt\DmsProjeckt.csproj]
C:\Users\rloer\Desktop\IT-Pc\Angular Test\DmsProjeckt\Pages\Einstellungen.cshtml.cs(269,23): warning CS8618: Non-Nullable-Eigenschaft ÔÇ×LastNameÔÇ£ muss beim Beenden des Konstruktors einen Wert ungleich NULL enthalten. F├╝gen Sie ggf. den ÔÇ×erforderlichenÔÇ£ Modifizierer hinzu, oder deklarieren Sie den Eigenschaft als NULL-Werte zulassend. [C:\Users\rloer\Desktop\IT-Pc\Angular Test\DmsProjeckt\DmsProjeckt.csproj]
C:\Users\rloer\Desktop\IT-Pc\Angular Test\DmsProjeckt\Pages\Einstellungen.cshtml.cs(271,23): warning CS8618: Non-Nullable-Eigenschaft ÔÇ×PhoneNumberÔÇ£ muss beim Beenden des Konstruktors einen Wert ungleich NULL enthalten. F├╝gen Sie ggf. den ÔÇ×erforderlichenÔÇ£ Modifizierer hinzu, oder deklarieren Sie den Eigenschaft als NULL-Werte zulassend. [C:\Users\rloer\Desktop\IT-Pc\Angular Test\DmsProjeckt\DmsProjeckt.csproj]
C:\Users\rloer\Desktop\IT-Pc\Angular Test\DmsProjeckt\Pages\Einstellungen.cshtml.cs(275,23): warning CS8618: Non-Nullable-Eigenschaft ÔÇ×CurrentPasswordÔÇ£ muss beim Beenden des Konstruktors einen Wert ungleich NULL enthalten. F├╝gen Sie ggf. den ÔÇ×erforderlichenÔÇ£ Modifizierer hinzu, oder deklarieren Sie den Eigenschaft als NULL-Werte zulassend. [C:\Users\rloer\Desktop\IT-Pc\Angular Test\DmsProjeckt\DmsProjeckt.csproj]
C:\Users\rloer\Desktop\IT-Pc\Angular Test\DmsProjeckt\Pages\Einstellungen.cshtml.cs(279,23): warning CS8618: Non-Nullable-Eigenschaft ÔÇ×NewPasswordÔÇ£ muss beim Beenden des Konstruktors einen Wert ungleich NULL enthalten. F├╝gen Sie ggf. den ÔÇ×erforderlichenÔÇ£ Modifizierer hinzu, oder deklarieren Sie den Eigenschaft als NULL-Werte zulassend. [C:\Users\rloer\Desktop\IT-Pc\Angular Test\DmsProjeckt\DmsProjeckt.csproj]
C:\Users\rloer\Desktop\IT-Pc\Angular Test\DmsProjeckt\Pages\Einstellungen.cshtml.cs(283,23): warning CS8618: Non-Nullable-Eigenschaft ÔÇ×ConfirmPasswordÔÇ£ muss beim Beenden des Konstruktors einen Wert ungleich NULL enthalten. F├╝gen Sie ggf. den ÔÇ×erforderlichenÔÇ£ Modifizierer hinzu, oder deklarieren Sie den Eigenschaft als NULL-Werte zulassend. [C:\Users\rloer\Desktop\IT-Pc\Angular Test\DmsProjeckt\DmsProjeckt.csproj]
C:\Users\rloer\Desktop\IT-Pc\Angular Test\DmsProjeckt\Program.cs(78,22): warning CS0618: "GoogleCredential.FromFile(string)" ist veraltet: "This method is being deprecated because of a potential security risk. Use the methods in the CredentialFactory class instead. A GoogleCredential object can then be created by calling the .ToGoogleCredential() method on the returned specific credential. " [C:\Users\rloer\Desktop\IT-Pc\Angular Test\DmsProjeckt\DmsProjeckt.csproj]
C:\Users\rloer\Desktop\IT-Pc\Angular Test\DmsProjeckt\Program.cs(72,14): warning CS8601: M├Âgliche Nullverweiszuweisung. [C:\Users\rloer\Desktop\IT-Pc\Angular Test\DmsProjeckt\DmsProjeckt.csproj]
C:\Users\rloer\Desktop\IT-Pc\Angular Test\DmsProjeckt\Program.cs(73,17): warning CS8601: M├Âgliche Nullverweiszuweisung. [C:\Users\rloer\Desktop\IT-Pc\Angular Test\DmsProjeckt\DmsProjeckt.csproj]
C:\Users\rloer\Desktop\IT-Pc\Angular Test\DmsProjeckt\Pages\Einstellungen.cshtml.cs(257,23): warning CS8618: Non-Nullable-Eigenschaft ÔÇ×NewPasswordÔÇ£ muss beim Beenden des Konstruktors einen Wert ungleich NULL enthalten. F├╝gen Sie ggf. den ÔÇ×erforderlichenÔÇ£ Modifizierer hinzu, oder deklarieren Sie den Eigenschaft als NULL-Werte zulassend. [C:\Users\rloer\Desktop\IT-Pc\Angular Test\DmsProjeckt\DmsProjeckt.csproj]
C:\Users\rloer\Desktop\IT-Pc\Angular Test\DmsProjeckt\Pages\Einstellungen.cshtml.cs(258,23): warning CS8618: Non-Nullable-Eigenschaft ÔÇ×ConfirmPasswordÔÇ£ muss beim Beenden des Konstruktors einen Wert ungleich NULL enthalten. F├╝gen Sie ggf. den ÔÇ×erforderlichenÔÇ£ Modifizierer hinzu, oder deklarieren Sie den Eigenschaft als NULL-Werte zulassend. [C:\Users\rloer\Desktop\IT-Pc\Angular Test\DmsProjeckt\DmsProjeckt.csproj]
C:\Users\rloer\Desktop\IT-Pc\Angular Test\DmsProjeckt\Data\DokumentVersionen.cs(33,23): warning CS8618: Non-Nullable-Eigenschaft ÔÇ×ObjectPathÔÇ£ muss beim Beenden des Konstruktors einen Wert ungleich NULL enthalten. F├╝gen Sie ggf. den ÔÇ×erforderlichenÔÇ£ Modifizierer hinzu, oder deklarieren Sie den Eigenschaft als NULL-Werte zulassend. [C:\Users\rloer\Desktop\IT-Pc\Angular Test\DmsProjeckt\DmsProjeckt.csproj]
C:\Users\rloer\Desktop\IT-Pc\Angular Test\DmsProjeckt\Data\DokumentSignatur.cs(12,23): warning CS8618: Non-Nullable-Eigenschaft ÔÇ×ImageBase64ÔÇ£ muss beim Beenden des Konstruktors einen Wert ungleich NULL enthalten. F├╝gen Sie ggf. den ÔÇ×erforderlichenÔÇ£ Modifizierer hinzu, oder deklarieren Sie den Eigenschaft als NULL-Werte zulassend. [C:\Users\rloer\Desktop\IT-Pc\Angular Test\DmsProjeckt\DmsProjeckt.csproj]
C:\Users\rloer\Desktop\IT-Pc\Angular Test\DmsProjeckt\Service\WebDavStorageService.cs(85,28): warning CS8714: Der Typ "System.Guid?" kann nicht als Typparameter "TKey" im generischen Typ oder in der generischen Methode "Enumerable.ToDictionary<TSource, TKey, TElement>(IEnumerable<TSource>, Func<TSource, TKey>, Func<TSource, TElement>)" verwendet werden. Die NULL-Zul├ñssigkeit des Typarguments "System.Guid?" entspricht nicht der notnull-Einschr├ñnkung. [C:\Users\rloer\Desktop\IT-Pc\Angular Test\DmsProjeckt\DmsProjeckt.csproj]
C:\Users\rloer\Desktop\IT-Pc\Angular Test\DmsProjeckt\Data\DmsFile.cs(9,23): warning CS8618: Non-Nullable-Eigenschaft ÔÇ×IdÔÇ£ muss beim Beenden des Konstruktors einen Wert ungleich NULL enthalten. F├╝gen Sie ggf. den ÔÇ×erforderlichenÔÇ£ Modifizierer hinzu, oder deklarieren Sie den Eigenschaft als NULL-Werte zulassend. [C:\Users\rloer\Desktop\IT-Pc\Angular Test\DmsProjeckt\DmsProjeckt.csproj]
C:\Users\rloer\Desktop\IT-Pc\Angular Test\DmsProjeckt\Data\DmsFile.cs(64,23): warning CS8618: Non-Nullable-Eigenschaft ÔÇ×AbteilungNameÔÇ£ muss beim Beenden des Konstruktors einen Wert ungleich NULL enthalten. F├╝gen Sie ggf. den ÔÇ×erforderlichenÔÇ£ Modifizierer hinzu, oder deklarieren Sie den Eigenschaft als NULL-Werte zulassend. [C:\Users\rloer\Desktop\IT-Pc\Angular Test\DmsProjeckt\DmsProjeckt.csproj]
C:\Users\rloer\Desktop\IT-Pc\Angular Test\DmsProjeckt\Data\DmsFile.cs(72,23): warning CS8618: Non-Nullable-Eigenschaft ÔÇ×IconÔÇ£ muss beim Beenden des Konstruktors einen Wert ungleich NULL enthalten. F├╝gen Sie ggf. den ÔÇ×erforderlichenÔÇ£ Modifizierer hinzu, oder deklarieren Sie den Eigenschaft als NULL-Werte zulassend. [C:\Users\rloer\Desktop\IT-Pc\Angular Test\DmsProjeckt\DmsProjeckt.csproj]
C:\Users\rloer\Desktop\IT-Pc\Angular Test\DmsProjeckt\Data\DisplayPdf.cs(5,23): warning CS8618: Non-Nullable-Eigenschaft ÔÇ×NameÔÇ£ muss beim Beenden des Konstruktors einen Wert ungleich NULL enthalten. F├╝gen Sie ggf. den ÔÇ×erforderlichenÔÇ£ Modifizierer hinzu, oder deklarieren Sie den Eigenschaft als NULL-Werte zulassend. [C:\Users\rloer\Desktop\IT-Pc\Angular Test\DmsProjeckt\DmsProjeckt.csproj]
C:\Users\rloer\Desktop\IT-Pc\Angular Test\DmsProjeckt\Data\DisplayPdf.cs(6,23): warning CS8618: Non-Nullable-Eigenschaft ÔÇ×PathÔÇ£ muss beim Beenden des Konstruktors einen Wert ungleich NULL enthalten. F├╝gen Sie ggf. den ÔÇ×erforderlichenÔÇ£ Modifizierer hinzu, oder deklarieren Sie den Eigenschaft als NULL-Werte zulassend. [C:\Users\rloer\Desktop\IT-Pc\Angular Test\DmsProjeckt\DmsProjeckt.csproj]
C:\Users\rloer\Desktop\IT-Pc\Angular Test\DmsProjeckt\Data\DisplayPdf.cs(7,23): warning CS8618: Non-Nullable-Eigenschaft ÔÇ×SourceÔÇ£ muss beim Beenden des Konstruktors einen Wert ungleich NULL enthalten. F├╝gen Sie ggf. den ÔÇ×erforderlichenÔÇ£ Modifizierer hinzu, oder deklarieren Sie den Eigenschaft als NULL-Werte zulassend. [C:\Users\rloer\Desktop\IT-Pc\Angular Test\DmsProjeckt\DmsProjeckt.csproj]
C:\Users\rloer\Desktop\IT-Pc\Angular Test\DmsProjeckt\Data\DashboardItem.cs(6,23): warning CS8618: Non-Nullable-Eigenschaft ÔÇ×TitleÔÇ£ muss beim Beenden des Konstruktors einen Wert ungleich NULL enthalten. F├╝gen Sie ggf. den ÔÇ×erforderlichenÔÇ£ Modifizierer hinzu, oder deklarieren Sie den Eigenschaft als NULL-Werte zulassend. [C:\Users\rloer\Desktop\IT-Pc\Angular Test\DmsProjeckt\DmsProjeckt.csproj]
C:\Users\rloer\Desktop\IT-Pc\Angular Test\DmsProjeckt\Data\ChatMessage.cs(6,23): warning CS8618: Non-Nullable-Eigenschaft ÔÇ×SenderIdÔÇ£ muss beim Beenden des Konstruktors einen Wert ungleich NULL enthalten. F├╝gen Sie ggf. den ÔÇ×erforderlichenÔÇ£ Modifizierer hinzu, oder deklarieren Sie den Eigenschaft als NULL-Werte zulassend. [C:\Users\rloer\Desktop\IT-Pc\Angular Test\DmsProjeckt\DmsProjeckt.csproj]
C:\Users\rloer\Desktop\IT-Pc\Angular Test\DmsProjeckt\Data\ChatMessage.cs(7,23): warning CS8618: Non-Nullable-Eigenschaft ÔÇ×SenderNameÔÇ£ muss beim Beenden des Konstruktors einen Wert ungleich NULL enthalten. F├╝gen Sie ggf. den ÔÇ×erforderlichenÔÇ£ Modifizierer hinzu, oder deklarieren Sie den Eigenschaft als NULL-Werte zulassend. [C:\Users\rloer\Desktop\IT-Pc\Angular Test\DmsProjeckt\DmsProjeckt.csproj]
C:\Users\rloer\Desktop\IT-Pc\Angular Test\DmsProjeckt\Data\ChatMessage.cs(10,23): warning CS8618: Non-Nullable-Eigenschaft ÔÇ×MessageÔÇ£ muss beim Beenden des Konstruktors einen Wert ungleich NULL enthalten. F├╝gen Sie ggf. den ÔÇ×erforderlichenÔÇ£ Modifizierer hinzu, oder deklarieren Sie den Eigenschaft als NULL-Werte zulassend. [C:\Users\rloer\Desktop\IT-Pc\Angular Test\DmsProjeckt\DmsProjeckt.csproj]
C:\Users\rloer\Desktop\IT-Pc\Angular Test\DmsProjeckt\Data\ChatGroupMember.cs(6,26): warning CS8618: Non-Nullable-Eigenschaft ÔÇ×ChatGroupÔÇ£ muss beim Beenden des Konstruktors einen Wert ungleich NULL enthalten. F├╝gen Sie ggf. den ÔÇ×erforderlichenÔÇ£ Modifizierer hinzu, oder deklarieren Sie den Eigenschaft als NULL-Werte zulassend. [C:\Users\rloer\Desktop\IT-Pc\Angular Test\DmsProjeckt\DmsProjeckt.csproj]
C:\Users\rloer\Desktop\IT-Pc\Angular Test\DmsProjeckt\Data\ChatGroupMember.cs(8,23): warning CS8618: Non-Nullable-Eigenschaft ÔÇ×UserIdÔÇ£ muss beim Beenden des Konstruktors einen Wert ungleich NULL enthalten. F├╝gen Sie ggf. den ÔÇ×erforderlichenÔÇ£ Modifizierer hinzu, oder deklarieren Sie den Eigenschaft als NULL-Werte zulassend. [C:\Users\rloer\Desktop\IT-Pc\Angular Test\DmsProjeckt\DmsProjeckt.csproj]
C:\Users\rloer\Desktop\IT-Pc\Angular Test\DmsProjeckt\Data\ChatGroupMember.cs(9,32): warning CS8618: Non-Nullable-Eigenschaft ÔÇ×UserÔÇ£ muss beim Beenden des Konstruktors einen Wert ungleich NULL enthalten. F├╝gen Sie ggf. den ÔÇ×erforderlichenÔÇ£ Modifizierer hinzu, oder deklarieren Sie den Eigenschaft als NULL-Werte zulassend. [C:\Users\rloer\Desktop\IT-Pc\Angular Test\DmsProjeckt\DmsProjeckt.csproj]
C:\Users\rloer\Desktop\IT-Pc\Angular Test\DmsProjeckt\Data\ChatGroup.cs(6,23): warning CS8618: Non-Nullable-Eigenschaft ÔÇ×NameÔÇ£ muss beim Beenden des Konstruktors einen Wert ungleich NULL enthalten. F├╝gen Sie ggf. den ÔÇ×erforderlichenÔÇ£ Modifizierer hinzu, oder deklarieren Sie den Eigenschaft als NULL-Werte zulassend. [C:\Users\rloer\Desktop\IT-Pc\Angular Test\DmsProjeckt\DmsProjeckt.csproj]
C:\Users\rloer\Desktop\IT-Pc\Angular Test\DmsProjeckt\Data\CalendarEventParticipant.cs(8,30): warning CS8618: Non-Nullable-Eigenschaft ÔÇ×CalendarEventÔÇ£ muss beim Beenden des Konstruktors einen Wert ungleich NULL enthalten. F├╝gen Sie ggf. den ÔÇ×erforderlichenÔÇ£ Modifizierer hinzu, oder deklarieren Sie den Eigenschaft als NULL-Werte zulassend. [C:\Users\rloer\Desktop\IT-Pc\Angular Test\DmsProjeckt\DmsProjeckt.csproj]
C:\Users\rloer\Desktop\IT-Pc\Angular Test\DmsProjeckt\Data\CalendarEventParticipant.cs(10,23): warning CS8618: Non-Nullable-Eigenschaft ÔÇ×UserIdÔÇ£ muss beim Beenden des Konstruktors einen Wert ungleich NULL enthalten. F├╝gen Sie ggf. den ÔÇ×erforderlichenÔÇ£ Modifizierer hinzu, oder deklarieren Sie den Eigenschaft als NULL-Werte zulassend. [C:\Users\rloer\Desktop\IT-Pc\Angular Test\DmsProjeckt\DmsProjeckt.csproj]
C:\Users\rloer\Desktop\IT-Pc\Angular Test\DmsProjeckt\Data\CalendarEventParticipant.cs(11,32): warning CS8618: Non-Nullable-Eigenschaft ÔÇ×UserÔÇ£ muss beim Beenden des Konstruktors einen Wert ungleich NULL enthalten. F├╝gen Sie ggf. den ÔÇ×erforderlichenÔÇ£ Modifizierer hinzu, oder deklarieren Sie den Eigenschaft als NULL-Werte zulassend. [C:\Users\rloer\Desktop\IT-Pc\Angular Test\DmsProjeckt\DmsProjeckt.csproj]
C:\Users\rloer\Desktop\IT-Pc\Angular Test\DmsProjeckt\Data\CalendarEvent.cs(20,23): warning CS8618: Non-Nullable-Eigenschaft ÔÇ×CreatedByIdÔÇ£ muss beim Beenden des Konstruktors einen Wert ungleich NULL enthalten. F├╝gen Sie ggf. den ÔÇ×erforderlichenÔÇ£ Modifizierer hinzu, oder deklarieren Sie den Eigenschaft als NULL-Werte zulassend. [C:\Users\rloer\Desktop\IT-Pc\Angular Test\DmsProjeckt\DmsProjeckt.csproj]
C:\Users\rloer\Desktop\IT-Pc\Angular Test\DmsProjeckt\Data\CalendarEvent.cs(21,32): warning CS8618: Non-Nullable-Eigenschaft ÔÇ×CreatedByÔÇ£ muss beim Beenden des Konstruktors einen Wert ungleich NULL enthalten. F├╝gen Sie ggf. den ÔÇ×erforderlichenÔÇ£ Modifizierer hinzu, oder deklarieren Sie den Eigenschaft als NULL-Werte zulassend. [C:\Users\rloer\Desktop\IT-Pc\Angular Test\DmsProjeckt\DmsProjeckt.csproj]
C:\Users\rloer\Desktop\IT-Pc\Angular Test\DmsProjeckt\Data\CalendarEvent.cs(29,23): warning CS8618: Non-Nullable-Eigenschaft ÔÇ×UserIdÔÇ£ muss beim Beenden des Konstruktors einen Wert ungleich NULL enthalten. F├╝gen Sie ggf. den ÔÇ×erforderlichenÔÇ£ Modifizierer hinzu, oder deklarieren Sie den Eigenschaft als NULL-Werte zulassend. [C:\Users\rloer\Desktop\IT-Pc\Angular Test\DmsProjeckt\DmsProjeckt.csproj]
C:\Users\rloer\Desktop\IT-Pc\Angular Test\DmsProjeckt\Helpers\CustomAssemblyLoadContext.cs(20,20): warning CS8603: M├Âgliche Nullverweisr├╝ckgabe. [C:\Users\rloer\Desktop\IT-Pc\Angular Test\DmsProjeckt\DmsProjeckt.csproj]
C:\Users\rloer\Desktop\IT-Pc\Angular Test\DmsProjeckt\Service\AzureOcrService.cs(14,58): warning CS8604: M├Âgliches Nullverweisargument f├╝r den Parameter "uriString" in "Uri.Uri(string uriString)". [C:\Users\rloer\Desktop\IT-Pc\Angular Test\DmsProjeckt\DmsProjeckt.csproj]
C:\Users\rloer\Desktop\IT-Pc\Angular Test\DmsProjeckt\Service\AzureOcrService.cs(14,92): warning CS8604: M├Âgliches Nullverweisargument f├╝r den Parameter "key" in "AzureKeyCredential.AzureKeyCredential(string key)". [C:\Users\rloer\Desktop\IT-Pc\Angular Test\DmsProjeckt\DmsProjeckt.csproj]
C:\Users\rloer\Desktop\IT-Pc\Angular Test\DmsProjeckt\Service\WebDavStorageService.cs(283,28): warning CS8714: Der Typ "string?" kann nicht als Typparameter "TKey" im generischen Typ oder in der generischen Methode "Enumerable.ToDictionary<TSource, TKey, TElement>(IEnumerable<TSource>, Func<TSource, TKey>, Func<TSource, TElement>, IEqualityComparer<TKey>?)" verwendet werden. Die NULL-Zul├ñssigkeit des Typarguments "string?" entspricht nicht der notnull-Einschr├ñnkung. [C:\Users\rloer\Desktop\IT-Pc\Angular Test\DmsProjeckt\DmsProjeckt.csproj]
C:\Users\rloer\Desktop\IT-Pc\Angular Test\DmsProjeckt\Service\WebDavStorageService.cs(285,31): warning CS8621: Die NULL-Zul├ñssigkeit von Verweistypen im R├╝ckgabetyp "Lambdaausdruck" entspricht (m├Âglicherweise aufgrund von Attributen f├╝r die NULL-Zul├ñssigkeit) nicht dem Zieldelegaten "Func<IGrouping<string?, Dokumente>, string?>". [C:\Users\rloer\Desktop\IT-Pc\Angular Test\DmsProjeckt\DmsProjeckt.csproj]
C:\Users\rloer\Desktop\IT-Pc\Angular Test\DmsProjeckt\Service\WebDavStorageService.cs(299,34): warning CS8600: Das NULL-Literal oder ein m├Âglicher NULL-Wert wird in einen Non-Nullable-Typ konvertiert. [C:\Users\rloer\Desktop\IT-Pc\Angular Test\DmsProjeckt\DmsProjeckt.csproj]
C:\Users\rloer\Desktop\IT-Pc\Angular Test\DmsProjeckt\Service\WebDavStorageService.cs(320,37): warning CS8601: M├Âgliche Nullverweiszuweisung. [C:\Users\rloer\Desktop\IT-Pc\Angular Test\DmsProjeckt\DmsProjeckt.csproj]
C:\Users\rloer\Desktop\IT-Pc\Angular Test\DmsProjeckt\Service\WebDavStorageService.cs(341,28): warning CS8603: M├Âgliche Nullverweisr├╝ckgabe. [C:\Users\rloer\Desktop\IT-Pc\Angular Test\DmsProjeckt\DmsProjeckt.csproj]
C:\Users\rloer\Desktop\IT-Pc\Angular Test\DmsProjeckt\Service\WebDavStorageService.cs(364,24): warning CS8603: M├Âgliche Nullverweisr├╝ckgabe. [C:\Users\rloer\Desktop\IT-Pc\Angular Test\DmsProjeckt\DmsProjeckt.csproj]
C:\Users\rloer\Desktop\IT-Pc\Angular Test\DmsProjeckt\Controllers\DashboardController.cs(40,30): warning CS8602: Dereferenzierung eines m├Âglichen Nullverweises. [C:\Users\rloer\Desktop\IT-Pc\Angular Test\DmsProjeckt\DmsProjeckt.csproj]
C:\Users\rloer\Desktop\IT-Pc\Angular Test\DmsProjeckt\Controllers\WorkflowApiController.cs(199,63): warning CS8602: Dereferenzierung eines m├Âglichen Nullverweises. [C:\Users\rloer\Desktop\IT-Pc\Angular Test\DmsProjeckt\DmsProjeckt.csproj]
C:\Users\rloer\Desktop\IT-Pc\Angular Test\DmsProjeckt\Controllers\WorkflowApiController.cs(200,21): warning CS8604: M├Âgliches Nullverweisargument f├╝r den Parameter "benutzerId" in "Task AuditLogService.LogActionOnlyAsync(string aktion, string benutzerId)". [C:\Users\rloer\Desktop\IT-Pc\Angular Test\DmsProjeckt\DmsProjeckt.csproj]
C:\Users\rloer\Desktop\IT-Pc\Angular Test\DmsProjeckt\Controllers\WorkflowApiController.cs(201,42): warning CS8602: Dereferenzierung eines m├Âglichen Nullverweises. [C:\Users\rloer\Desktop\IT-Pc\Angular Test\DmsProjeckt\DmsProjeckt.csproj]
C:\Users\rloer\Desktop\IT-Pc\Angular Test\DmsProjeckt\Controllers\WorkflowApiController.cs(201,91): warning CS8602: Dereferenzierung eines m├Âglichen Nullverweises. [C:\Users\rloer\Desktop\IT-Pc\Angular Test\DmsProjeckt\DmsProjeckt.csproj]
C:\Users\rloer\Desktop\IT-Pc\Angular Test\DmsProjeckt\Controllers\WorkflowApiController.cs(253,38): warning CS8601: M├Âgliche Nullverweiszuweisung. [C:\Users\rloer\Desktop\IT-Pc\Angular Test\DmsProjeckt\DmsProjeckt.csproj]
C:\Users\rloer\Desktop\IT-Pc\Angular Test\DmsProjeckt\Controllers\WorkflowApiController.cs(262,107): warning CS8602: Dereferenzierung eines m├Âglichen Nullverweises. [C:\Users\rloer\Desktop\IT-Pc\Angular Test\DmsProjeckt\DmsProjeckt.csproj]
C:\Users\rloer\Desktop\IT-Pc\Angular Test\DmsProjeckt\Controllers\WorkflowApiController.cs(263,48): warning CS8602: Dereferenzierung eines m├Âglichen Nullverweises. [C:\Users\rloer\Desktop\IT-Pc\Angular Test\DmsProjeckt\DmsProjeckt.csproj]
C:\Users\rloer\Desktop\IT-Pc\Angular Test\DmsProjeckt\Controllers\WorkflowApiController.cs(268,11): warning CS8602: Dereferenzierung eines m├Âglichen Nullverweises. [C:\Users\rloer\Desktop\IT-Pc\Angular Test\DmsProjeckt\DmsProjeckt.csproj]
C:\Users\rloer\Desktop\IT-Pc\Angular Test\DmsProjeckt\Controllers\WorkflowApiController.cs(275,60): warning CS8604: M├Âgliches Nullverweisargument f├╝r den Parameter "to" in "Task EmailService.SendEmailAsync(string to, string subject, string body, List<(byte[] Data, string FileName, string MimeType)>? attachments = null)". [C:\Users\rloer\Desktop\IT-Pc\Angular Test\DmsProjeckt\DmsProjeckt.csproj]
C:\Users\rloer\Desktop\IT-Pc\Angular Test\DmsProjeckt\Controllers\WorkflowApiController.cs(283,111): warning CS8602: Dereferenzierung eines m├Âglichen Nullverweises. [C:\Users\rloer\Desktop\IT-Pc\Angular Test\DmsProjeckt\DmsProjeckt.csproj]
C:\Users\rloer\Desktop\IT-Pc\Angular Test\DmsProjeckt\Controllers\WorkflowApiController.cs(288,112): warning CS8602: Dereferenzierung eines m├Âglichen Nullverweises. [C:\Users\rloer\Desktop\IT-Pc\Angular Test\DmsProjeckt\DmsProjeckt.csproj]
C:\Users\rloer\Desktop\IT-Pc\Angular Test\DmsProjeckt\Controllers\WorkflowApiController.cs(297,50): warning CS8602: Dereferenzierung eines m├Âglichen Nullverweises. [C:\Users\rloer\Desktop\IT-Pc\Angular Test\DmsProjeckt\DmsProjeckt.csproj]
C:\Users\rloer\Desktop\IT-Pc\Angular Test\DmsProjeckt\Controllers\WorkflowApiController.cs(319,27): warning CS8602: Dereferenzierung eines m├Âglichen Nullverweises. [C:\Users\rloer\Desktop\IT-Pc\Angular Test\DmsProjeckt\DmsProjeckt.csproj]
C:\Users\rloer\Desktop\IT-Pc\Angular Test\DmsProjeckt\Controllers\WorkflowApiController.cs(325,48): warning CS8604: M├Âgliches Nullverweisargument f├╝r den Parameter "to" in "Task EmailService.SendEmailAsync(string to, string subject, string body, List<(byte[] Data, string FileName, string MimeType)>? attachments = null)". [C:\Users\rloer\Desktop\IT-Pc\Angular Test\DmsProjeckt\DmsProjeckt.csproj]
C:\Users\rloer\Desktop\IT-Pc\Angular Test\DmsProjeckt\Controllers\WorkflowApiController.cs(353,99): warning CS8602: Dereferenzierung eines m├Âglichen Nullverweises. [C:\Users\rloer\Desktop\IT-Pc\Angular Test\DmsProjeckt\DmsProjeckt.csproj]
C:\Users\rloer\Desktop\IT-Pc\Angular Test\DmsProjeckt\Controllers\WorkflowApiController.cs(358,103): warning CS8602: Dereferenzierung eines m├Âglichen Nullverweises. [C:\Users\rloer\Desktop\IT-Pc\Angular Test\DmsProjeckt\DmsProjeckt.csproj]
C:\Users\rloer\Desktop\IT-Pc\Angular Test\DmsProjeckt\Controllers\WorkflowApiController.cs(367,42): warning CS8602: Dereferenzierung eines m├Âglichen Nullverweises. [C:\Users\rloer\Desktop\IT-Pc\Angular Test\DmsProjeckt\DmsProjeckt.csproj]
C:\Users\rloer\Desktop\IT-Pc\Angular Test\DmsProjeckt\Controllers\WorkflowApiController.cs(391,27): warning CS8602: Dereferenzierung eines m├Âglichen Nullverweises. [C:\Users\rloer\Desktop\IT-Pc\Angular Test\DmsProjeckt\DmsProjeckt.csproj]
C:\Users\rloer\Desktop\IT-Pc\Angular Test\DmsProjeckt\Controllers\WorkflowApiController.cs(397,48): warning CS8604: M├Âgliches Nullverweisargument f├╝r den Parameter "to" in "Task EmailService.SendEmailAsync(string to, string subject, string body, List<(byte[] Data, string FileName, string MimeType)>? attachments = null)". [C:\Users\rloer\Desktop\IT-Pc\Angular Test\DmsProjeckt\DmsProjeckt.csproj]
C:\Users\rloer\Desktop\IT-Pc\Angular Test\DmsProjeckt\Pages\Workflows\StepDetail.cshtml.cs(183,75): warning CS8604: M├Âgliches Nullverweisargument f├╝r den Parameter "item" in "bool List<string>.Contains(string item)". [C:\Users\rloer\Desktop\IT-Pc\Angular Test\DmsProjeckt\DmsProjeckt.csproj]
C:\Users\rloer\Desktop\IT-Pc\Angular Test\DmsProjeckt\Pages\Workflows\StepDetail.cshtml.cs(217,55): warning CS8602: Dereferenzierung eines m├Âglichen Nullverweises. [C:\Users\rloer\Desktop\IT-Pc\Angular Test\DmsProjeckt\DmsProjeckt.csproj]
C:\Users\rloer\Desktop\IT-Pc\Angular Test\DmsProjeckt\Pages\Workflows\StepDetail.cshtml.cs(222,38): warning CS8602: Dereferenzierung eines m├Âglichen Nullverweises. [C:\Users\rloer\Desktop\IT-Pc\Angular Test\DmsProjeckt\DmsProjeckt.csproj]
C:\Users\rloer\Desktop\IT-Pc\Angular Test\DmsProjeckt\Pages\Workflows\StepDetail.cshtml.cs(238,51): warning CS8602: Dereferenzierung eines m├Âglichen Nullverweises. [C:\Users\rloer\Desktop\IT-Pc\Angular Test\DmsProjeckt\DmsProjeckt.csproj]
C:\Users\rloer\Desktop\IT-Pc\Angular Test\DmsProjeckt\Pages\Workflows\StepDetail.cshtml.cs(243,34): warning CS8602: Dereferenzierung eines m├Âglichen Nullverweises. [C:\Users\rloer\Desktop\IT-Pc\Angular Test\DmsProjeckt\DmsProjeckt.csproj]
C:\Users\rloer\Desktop\IT-Pc\Angular Test\DmsProjeckt\Pages\Workflows\StepDetail.cshtml.cs(293,78): warning CS8602: Dereferenzierung eines m├Âglichen Nullverweises. [C:\Users\rloer\Desktop\IT-Pc\Angular Test\DmsProjeckt\DmsProjeckt.csproj]
C:\Users\rloer\Desktop\IT-Pc\Angular Test\DmsProjeckt\Pages\Workflows\StepDetail.cshtml.cs(338,51): warning CS8602: Dereferenzierung eines m├Âglichen Nullverweises. [C:\Users\rloer\Desktop\IT-Pc\Angular Test\DmsProjeckt\DmsProjeckt.csproj]
C:\Users\rloer\Desktop\IT-Pc\Angular Test\DmsProjeckt\Pages\Workflows\StepDetail.cshtml.cs(338,94): warning CS8602: Dereferenzierung eines m├Âglichen Nullverweises. [C:\Users\rloer\Desktop\IT-Pc\Angular Test\DmsProjeckt\DmsProjeckt.csproj]
C:\Users\rloer\Desktop\IT-Pc\Angular Test\DmsProjeckt\Pages\Workflows\StepDetail.cshtml.cs(345,63): warning CS8602: Dereferenzierung eines m├Âglichen Nullverweises. [C:\Users\rloer\Desktop\IT-Pc\Angular Test\DmsProjeckt\DmsProjeckt.csproj]
C:\Users\rloer\Desktop\IT-Pc\Angular Test\DmsProjeckt\Pages\Workflows\StepDetail.cshtml.cs(347,38): warning CS8602: Dereferenzierung eines m├Âglichen Nullverweises. [C:\Users\rloer\Desktop\IT-Pc\Angular Test\DmsProjeckt\DmsProjeckt.csproj]
C:\Users\rloer\Desktop\IT-Pc\Angular Test\DmsProjeckt\Pages\Workflows\StepDetail.cshtml.cs(371,55): warning CS8602: Dereferenzierung eines m├Âglichen Nullverweises. [C:\Users\rloer\Desktop\IT-Pc\Angular Test\DmsProjeckt\DmsProjeckt.csproj]
C:\Users\rloer\Desktop\IT-Pc\Angular Test\DmsProjeckt\Pages\Workflows\StepDetail.cshtml.cs(371,98): warning CS8602: Dereferenzierung eines m├Âglichen Nullverweises. [C:\Users\rloer\Desktop\IT-Pc\Angular Test\DmsProjeckt\DmsProjeckt.csproj]
C:\Users\rloer\Desktop\IT-Pc\Angular Test\DmsProjeckt\Pages\Workflows\StepDetail.cshtml.cs(378,49): warning CS8602: Dereferenzierung eines m├Âglichen Nullverweises. [C:\Users\rloer\Desktop\IT-Pc\Angular Test\DmsProjeckt\DmsProjeckt.csproj]
C:\Users\rloer\Desktop\IT-Pc\Angular Test\DmsProjeckt\Pages\Workflows\StepDetail.cshtml.cs(380,42): warning CS8602: Dereferenzierung eines m├Âglichen Nullverweises. [C:\Users\rloer\Desktop\IT-Pc\Angular Test\DmsProjeckt\DmsProjeckt.csproj]
C:\Users\rloer\Desktop\IT-Pc\Angular Test\DmsProjeckt\Controllers\CalendarController.cs(326,40): warning CS8602: Dereferenzierung eines m├Âglichen Nullverweises. [C:\Users\rloer\Desktop\IT-Pc\Angular Test\DmsProjeckt\DmsProjeckt.csproj]
C:\Users\rloer\Desktop\IT-Pc\Angular Test\DmsProjeckt\Service\WebDavStorageService.cs(435,57): warning CS8604: M├Âgliches Nullverweisargument f├╝r den Parameter "path2" in "string Path.Combine(string path1, string path2)". [C:\Users\rloer\Desktop\IT-Pc\Angular Test\DmsProjeckt\DmsProjeckt.csproj]
C:\Users\rloer\Desktop\IT-Pc\Angular Test\DmsProjeckt\Pages\Workflows\StepDetail.cshtml.cs(413,51): warning CS8604: M├Âgliches Nullverweisargument f├╝r den Parameter "user" in "Task<int> StepDetailModel.ErmittleKundenIdAsync(ApplicationUser user)". [C:\Users\rloer\Desktop\IT-Pc\Angular Test\DmsProjeckt\DmsProjeckt.csproj]
C:\Users\rloer\Desktop\IT-Pc\Angular Test\DmsProjeckt\Pages\Workflows\StepDetail.cshtml.cs(453,38): warning CS8602: Dereferenzierung eines m├Âglichen Nullverweises. [C:\Users\rloer\Desktop\IT-Pc\Angular Test\DmsProjeckt\DmsProjeckt.csproj]
C:\Users\rloer\Desktop\IT-Pc\Angular Test\DmsProjeckt\Pages\Workflows\StepDetail.cshtml.cs(511,47): warning CS8602: Dereferenzierung eines m├Âglichen Nullverweises. [C:\Users\rloer\Desktop\IT-Pc\Angular Test\DmsProjeckt\DmsProjeckt.csproj]
C:\Users\rloer\Desktop\IT-Pc\Angular Test\DmsProjeckt\Pages\Workflows\StepDetail.cshtml.cs(516,50): warning CS8602: Dereferenzierung eines m├Âglichen Nullverweises. [C:\Users\rloer\Desktop\IT-Pc\Angular Test\DmsProjeckt\DmsProjeckt.csproj]
C:\Users\rloer\Desktop\IT-Pc\Angular Test\DmsProjeckt\Controllers\DashboardController.cs(199,26): warning CS8601: M├Âgliche Nullverweiszuweisung. [C:\Users\rloer\Desktop\IT-Pc\Angular Test\DmsProjeckt\DmsProjeckt.csproj]
C:\Users\rloer\Desktop\IT-Pc\Angular Test\DmsProjeckt\Pages\Workflows\StepDetail.cshtml.cs(547,25): warning CS8618: Non-Nullable-Eigenschaft ÔÇ×WorkflowÔÇ£ muss beim Beenden des Konstruktors einen Wert ungleich NULL enthalten. F├╝gen Sie ggf. den ÔÇ×erforderlichenÔÇ£ Modifizierer hinzu, oder deklarieren Sie den Eigenschaft als NULL-Werte zulassend. [C:\Users\rloer\Desktop\IT-Pc\Angular Test\DmsProjeckt\DmsProjeckt.csproj]
C:\Users\rloer\Desktop\IT-Pc\Angular Test\DmsProjeckt\Pages\Workflows\StepDetail.cshtml.cs(552,23): warning CS8618: Non-Nullable-Eigenschaft ÔÇ×AktuellerUserIdÔÇ£ muss beim Beenden des Konstruktors einen Wert ungleich NULL enthalten. F├╝gen Sie ggf. den ÔÇ×erforderlichenÔÇ£ Modifizierer hinzu, oder deklarieren Sie den Eigenschaft als NULL-Werte zulassend. [C:\Users\rloer\Desktop\IT-Pc\Angular Test\DmsProjeckt\DmsProjeckt.csproj]
C:\Users\rloer\Desktop\IT-Pc\Angular Test\DmsProjeckt\Pages\Workflows\StepDetail.cshtml.cs(553,32): warning CS8618: Non-Nullable-Eigenschaft ÔÇ×DokumenteÔÇ£ muss beim Beenden des Konstruktors einen Wert ungleich NULL enthalten. F├╝gen Sie ggf. den ÔÇ×erforderlichenÔÇ£ Modifizierer hinzu, oder deklarieren Sie den Eigenschaft als NULL-Werte zulassend. [C:\Users\rloer\Desktop\IT-Pc\Angular Test\DmsProjeckt\DmsProjeckt.csproj]
C:\Users\rloer\Desktop\IT-Pc\Angular Test\DmsProjeckt\Service\WebDavStorageService.cs(662,59): warning CS8604: M├Âgliches Nullverweisargument f├╝r den Parameter "folderPath" in "Task WebDavStorageService.EnsureFolderTreeExistsAsync(string folderPath)". [C:\Users\rloer\Desktop\IT-Pc\Angular Test\DmsProjeckt\DmsProjeckt.csproj]
C:\Users\rloer\Desktop\IT-Pc\Angular Test\DmsProjeckt\Controllers\ChatController.cs(120,34): warning CS8601: M├Âgliche Nullverweiszuweisung. [C:\Users\rloer\Desktop\IT-Pc\Angular Test\DmsProjeckt\DmsProjeckt.csproj]
C:\Users\rloer\Desktop\IT-Pc\Angular Test\DmsProjeckt\Controllers\ChatController.cs(123,37): warning CS8601: M├Âgliche Nullverweiszuweisung. [C:\Users\rloer\Desktop\IT-Pc\Angular Test\DmsProjeckt\DmsProjeckt.csproj]
C:\Users\rloer\Desktop\IT-Pc\Angular Test\DmsProjeckt\Controllers\DokumentIndexController.cs(55,75): warning CS8604: M├Âgliches Nullverweisargument f├╝r den Parameter "remotePath" in "Task<Stream?> WebDavStorageService.DownloadStreamAsync(string remotePath)". [C:\Users\rloer\Desktop\IT-Pc\Angular Test\DmsProjeckt\DmsProjeckt.csproj]
C:\Users\rloer\Desktop\IT-Pc\Angular Test\DmsProjeckt\Controllers\UploadController.cs(138,25): warning CS8602: Dereferenzierung eines m├Âglichen Nullverweises. [C:\Users\rloer\Desktop\IT-Pc\Angular Test\DmsProjeckt\DmsProjeckt.csproj]
C:\Users\rloer\Desktop\IT-Pc\Angular Test\DmsProjeckt\Service\WebDavStorageService.cs(775,24): warning CS8603: M├Âgliche Nullverweisr├╝ckgabe. [C:\Users\rloer\Desktop\IT-Pc\Angular Test\DmsProjeckt\DmsProjeckt.csproj]
C:\Users\rloer\Desktop\IT-Pc\Angular Test\DmsProjeckt\Controllers\DashboardController.cs(303,36): warning CS8602: Dereferenzierung eines m├Âglichen Nullverweises. [C:\Users\rloer\Desktop\IT-Pc\Angular Test\DmsProjeckt\DmsProjeckt.csproj]
C:\Users\rloer\Desktop\IT-Pc\Angular Test\DmsProjeckt\Controllers\DokumentIndexController.cs(102,75): warning CS8604: M├Âgliches Nullverweisargument f├╝r den Parameter "remotePath" in "Task<Stream?> WebDavStorageService.DownloadStreamAsync(string remotePath)". [C:\Users\rloer\Desktop\IT-Pc\Angular Test\DmsProjeckt\DmsProjeckt.csproj]
C:\Users\rloer\Desktop\IT-Pc\Angular Test\DmsProjeckt\Controllers\DashboardController.cs(341,22): warning CS8602: Dereferenzierung eines m├Âglichen Nullverweises. [C:\Users\rloer\Desktop\IT-Pc\Angular Test\DmsProjeckt\DmsProjeckt.csproj]
C:\Users\rloer\Desktop\IT-Pc\Angular Test\DmsProjeckt\Controllers\DashboardController.cs(346,17): warning CS8602: Dereferenzierung eines m├Âglichen Nullverweises. [C:\Users\rloer\Desktop\IT-Pc\Angular Test\DmsProjeckt\DmsProjeckt.csproj]
C:\Users\rloer\Desktop\IT-Pc\Angular Test\DmsProjeckt\Controllers\ChatController.cs(166,39): warning CS8600: Das NULL-Literal oder ein m├Âglicher NULL-Wert wird in einen Non-Nullable-Typ konvertiert. [C:\Users\rloer\Desktop\IT-Pc\Angular Test\DmsProjeckt\DmsProjeckt.csproj]
C:\Users\rloer\Desktop\IT-Pc\Angular Test\DmsProjeckt\Controllers\ChatController.cs(167,32): warning CS8600: Das NULL-Literal oder ein m├Âglicher NULL-Wert wird in einen Non-Nullable-Typ konvertiert. [C:\Users\rloer\Desktop\IT-Pc\Angular Test\DmsProjeckt\DmsProjeckt.csproj]
C:\Users\rloer\Desktop\IT-Pc\Angular Test\DmsProjeckt\Controllers\ChatController.cs(183,36): warning CS8600: Das NULL-Literal oder ein m├Âglicher NULL-Wert wird in einen Non-Nullable-Typ konvertiert. [C:\Users\rloer\Desktop\IT-Pc\Angular Test\DmsProjeckt\DmsProjeckt.csproj]
C:\Users\rloer\Desktop\IT-Pc\Angular Test\DmsProjeckt\Controllers\ChatController.cs(188,29): warning CS8600: Das NULL-Literal oder ein m├Âglicher NULL-Wert wird in einen Non-Nullable-Typ konvertiert. [C:\Users\rloer\Desktop\IT-Pc\Angular Test\DmsProjeckt\DmsProjeckt.csproj]
C:\Users\rloer\Desktop\IT-Pc\Angular Test\DmsProjeckt\Controllers\ChatController.cs(196,48): warning CS8602: Dereferenzierung eines m├Âglichen Nullverweises. [C:\Users\rloer\Desktop\IT-Pc\Angular Test\DmsProjeckt\DmsProjeckt.csproj]
C:\Users\rloer\Desktop\IT-Pc\Angular Test\DmsProjeckt\Controllers\ChatController.cs(202,36): warning CS8600: Das NULL-Literal oder ein m├Âglicher NULL-Wert wird in einen Non-Nullable-Typ konvertiert. [C:\Users\rloer\Desktop\IT-Pc\Angular Test\DmsProjeckt\DmsProjeckt.csproj]
C:\Users\rloer\Desktop\IT-Pc\Angular Test\DmsProjeckt\Controllers\ChatController.cs(207,29): warning CS8600: Das NULL-Literal oder ein m├Âglicher NULL-Wert wird in einen Non-Nullable-Typ konvertiert. [C:\Users\rloer\Desktop\IT-Pc\Angular Test\DmsProjeckt\DmsProjeckt.csproj]
C:\Users\rloer\Desktop\IT-Pc\Angular Test\DmsProjeckt\Controllers\ChatController.cs(223,121): warning CS8602: Dereferenzierung eines m├Âglichen Nullverweises. [C:\Users\rloer\Desktop\IT-Pc\Angular Test\DmsProjeckt\DmsProjeckt.csproj]
C:\Users\rloer\Desktop\IT-Pc\Angular Test\DmsProjeckt\Controllers\ChatController.cs(429,118): warning CS8602: Dereferenzierung eines m├Âglichen Nullverweises. [C:\Users\rloer\Desktop\IT-Pc\Angular Test\DmsProjeckt\DmsProjeckt.csproj]
C:\Users\rloer\Desktop\IT-Pc\Angular Test\DmsProjeckt\Controllers\PdfProxyController.cs(58,72): warning CS8602: Dereferenzierung eines m├Âglichen Nullverweises. [C:\Users\rloer\Desktop\IT-Pc\Angular Test\DmsProjeckt\DmsProjeckt.csproj]
C:\Users\rloer\Desktop\IT-Pc\Angular Test\DmsProjeckt\Pages\Admin\MeinBenutzer.cshtml.cs(19,16): warning CS8618: Non-Nullable-Eigenschaft ÔÇ×UserIdÔÇ£ muss beim Beenden des Konstruktors einen Wert ungleich NULL enthalten. F├╝gen Sie ggf. den ÔÇ×erforderlichenÔÇ£ Modifizierer hinzu, oder deklarieren Sie den Eigenschaft als NULL-Werte zulassend. [C:\Users\rloer\Desktop\IT-Pc\Angular Test\DmsProjeckt\DmsProjeckt.csproj]
C:\Users\rloer\Desktop\IT-Pc\Angular Test\DmsProjeckt\Pages\Admin\MeinBenutzer.cshtml.cs(19,16): warning CS8618: Non-Nullable-Eigenschaft ÔÇ×SelectedRoleÔÇ£ muss beim Beenden des Konstruktors einen Wert ungleich NULL enthalten. F├╝gen Sie ggf. den ÔÇ×erforderlichenÔÇ£ Modifizierer hinzu, oder deklarieren Sie den Eigenschaft als NULL-Werte zulassend. [C:\Users\rloer\Desktop\IT-Pc\Angular Test\DmsProjeckt\DmsProjeckt.csproj]
C:\Users\rloer\Desktop\IT-Pc\Angular Test\DmsProjeckt\Service\WebDavStorageService.cs(1129,57): warning SYSLIB0013: "Uri.EscapeUriString(string)" ist veraltet: "Uri.EscapeUriString can corrupt the Uri string in some cases. Consider using Uri.EscapeDataString for query string components instead." (https://aka.ms/dotnet-warnings/SYSLIB0013) [C:\Users\rloer\Desktop\IT-Pc\Angular Test\DmsProjeckt\DmsProjeckt.csproj]
C:\Users\rloer\Desktop\IT-Pc\Angular Test\DmsProjeckt\Service\WebDavStorageService.cs(1130,58): warning SYSLIB0013: "Uri.EscapeUriString(string)" ist veraltet: "Uri.EscapeUriString can corrupt the Uri string in some cases. Consider using Uri.EscapeDataString for query string components instead." (https://aka.ms/dotnet-warnings/SYSLIB0013) [C:\Users\rloer\Desktop\IT-Pc\Angular Test\DmsProjeckt\DmsProjeckt.csproj]
C:\Users\rloer\Desktop\IT-Pc\Angular Test\DmsProjeckt\Controllers\ChatController.cs(534,27): warning CS8618: Non-Nullable-Eigenschaft ÔÇ×ChatIdÔÇ£ muss beim Beenden des Konstruktors einen Wert ungleich NULL enthalten. F├╝gen Sie ggf. den ÔÇ×erforderlichenÔÇ£ Modifizierer hinzu, oder deklarieren Sie den Eigenschaft als NULL-Werte zulassend. [C:\Users\rloer\Desktop\IT-Pc\Angular Test\DmsProjeckt\DmsProjeckt.csproj]
C:\Users\rloer\Desktop\IT-Pc\Angular Test\DmsProjeckt\Controllers\ChatController.cs(535,27): warning CS8618: Non-Nullable-Eigenschaft ÔÇ×TypeÔÇ£ muss beim Beenden des Konstruktors einen Wert ungleich NULL enthalten. F├╝gen Sie ggf. den ÔÇ×erforderlichenÔÇ£ Modifizierer hinzu, oder deklarieren Sie den Eigenschaft als NULL-Werte zulassend. [C:\Users\rloer\Desktop\IT-Pc\Angular Test\DmsProjeckt\DmsProjeckt.csproj]
C:\Users\rloer\Desktop\IT-Pc\Angular Test\DmsProjeckt\Controllers\ChatController.cs(524,27): warning CS8618: Non-Nullable-Eigenschaft ÔÇ×ChatIdÔÇ£ muss beim Beenden des Konstruktors einen Wert ungleich NULL enthalten. F├╝gen Sie ggf. den ÔÇ×erforderlichenÔÇ£ Modifizierer hinzu, oder deklarieren Sie den Eigenschaft als NULL-Werte zulassend. [C:\Users\rloer\Desktop\IT-Pc\Angular Test\DmsProjeckt\DmsProjeckt.csproj]
C:\Users\rloer\Desktop\IT-Pc\Angular Test\DmsProjeckt\Controllers\ChatController.cs(525,27): warning CS8618: Non-Nullable-Eigenschaft ÔÇ×TypeÔÇ£ muss beim Beenden des Konstruktors einen Wert ungleich NULL enthalten. F├╝gen Sie ggf. den ÔÇ×erforderlichenÔÇ£ Modifizierer hinzu, oder deklarieren Sie den Eigenschaft als NULL-Werte zulassend. [C:\Users\rloer\Desktop\IT-Pc\Angular Test\DmsProjeckt\DmsProjeckt.csproj]
C:\Users\rloer\Desktop\IT-Pc\Angular Test\DmsProjeckt\Controllers\ChatController.cs(526,27): warning CS8618: Non-Nullable-Eigenschaft ÔÇ×DisplayNameÔÇ£ muss beim Beenden des Konstruktors einen Wert ungleich NULL enthalten. F├╝gen Sie ggf. den ÔÇ×erforderlichenÔÇ£ Modifizierer hinzu, oder deklarieren Sie den Eigenschaft als NULL-Werte zulassend. [C:\Users\rloer\Desktop\IT-Pc\Angular Test\DmsProjeckt\DmsProjeckt.csproj]
C:\Users\rloer\Desktop\IT-Pc\Angular Test\DmsProjeckt\Controllers\ChatController.cs(527,27): warning CS8618: Non-Nullable-Eigenschaft ÔÇ×AvatarUrlÔÇ£ muss beim Beenden des Konstruktors einen Wert ungleich NULL enthalten. F├╝gen Sie ggf. den ÔÇ×erforderlichenÔÇ£ Modifizierer hinzu, oder deklarieren Sie den Eigenschaft als NULL-Werte zulassend. [C:\Users\rloer\Desktop\IT-Pc\Angular Test\DmsProjeckt\DmsProjeckt.csproj]
C:\Users\rloer\Desktop\IT-Pc\Angular Test\DmsProjeckt\Controllers\ChatController.cs(516,27): warning CS8618: Non-Nullable-Eigenschaft ÔÇ×GroupNameÔÇ£ muss beim Beenden des Konstruktors einen Wert ungleich NULL enthalten. F├╝gen Sie ggf. den ÔÇ×erforderlichenÔÇ£ Modifizierer hinzu, oder deklarieren Sie den Eigenschaft als NULL-Werte zulassend. [C:\Users\rloer\Desktop\IT-Pc\Angular Test\DmsProjeckt\DmsProjeckt.csproj]
C:\Users\rloer\Desktop\IT-Pc\Angular Test\DmsProjeckt\Controllers\ChatController.cs(519,33): warning CS8618: Non-Nullable-Eigenschaft ÔÇ×UserIdsÔÇ£ muss beim Beenden des Konstruktors einen Wert ungleich NULL enthalten. F├╝gen Sie ggf. den ÔÇ×erforderlichenÔÇ£ Modifizierer hinzu, oder deklarieren Sie den Eigenschaft als NULL-Werte zulassend. [C:\Users\rloer\Desktop\IT-Pc\Angular Test\DmsProjeckt\DmsProjeckt.csproj]
C:\Users\rloer\Desktop\IT-Pc\Angular Test\DmsProjeckt\Controllers\PdfProxyController.cs(185,64): warning CS8604: M├Âgliches Nullverweisargument f├╝r den Parameter "remotePath" in "Task<Stream?> WebDavStorageService.DownloadStreamAsync(string remotePath)". [C:\Users\rloer\Desktop\IT-Pc\Angular Test\DmsProjeckt\DmsProjeckt.csproj]
C:\Users\rloer\Desktop\IT-Pc\Angular Test\DmsProjeckt\Controllers\PdfProxyController.cs(192,60): warning CS8604: M├Âgliches Nullverweisargument f├╝r den Parameter "stringToEscape" in "string Uri.EscapeDataString(string stringToEscape)". [C:\Users\rloer\Desktop\IT-Pc\Angular Test\DmsProjeckt\DmsProjeckt.csproj]
C:\Users\rloer\Desktop\IT-Pc\Angular Test\DmsProjeckt\Pages\Admin\MeinBenutzer.cshtml.cs(36,30): warning CS8619: Die NULL-Zul├ñssigkeit von Verweistypen im Wert vom Typ "List<string?>" entspricht nicht dem Zieltyp "List<string>". [C:\Users\rloer\Desktop\IT-Pc\Angular Test\DmsProjeckt\DmsProjeckt.csproj]
C:\Users\rloer\Desktop\IT-Pc\Angular Test\DmsProjeckt\Pages\Admin\MeinBenutzer.cshtml.cs(51,32): warning CS8601: M├Âgliche Nullverweiszuweisung. [C:\Users\rloer\Desktop\IT-Pc\Angular Test\DmsProjeckt\DmsProjeckt.csproj]
C:\Users\rloer\Desktop\IT-Pc\Angular Test\DmsProjeckt\Pages\Admin\MeinBenutzer.cshtml.cs(52,29): warning CS8601: M├Âgliche Nullverweiszuweisung. [C:\Users\rloer\Desktop\IT-Pc\Angular Test\DmsProjeckt\DmsProjeckt.csproj]
C:\Users\rloer\Desktop\IT-Pc\Angular Test\DmsProjeckt\Pages\Admin\MeinBenutzer.cshtml.cs(90,27): warning CS8601: M├Âgliche Nullverweiszuweisung. [C:\Users\rloer\Desktop\IT-Pc\Angular Test\DmsProjeckt\DmsProjeckt.csproj]
C:\Users\rloer\Desktop\IT-Pc\Angular Test\DmsProjeckt\Pages\Admin\MeinBenutzer.cshtml.cs(106,27): warning CS8618: Non-Nullable-Eigenschaft ÔÇ×UserIdÔÇ£ muss beim Beenden des Konstruktors einen Wert ungleich NULL enthalten. F├╝gen Sie ggf. den ÔÇ×erforderlichenÔÇ£ Modifizierer hinzu, oder deklarieren Sie den Eigenschaft als NULL-Werte zulassend. [C:\Users\rloer\Desktop\IT-Pc\Angular Test\DmsProjeckt\DmsProjeckt.csproj]
C:\Users\rloer\Desktop\IT-Pc\Angular Test\DmsProjeckt\Pages\Admin\MeinBenutzer.cshtml.cs(107,27): warning CS8618: Non-Nullable-Eigenschaft ÔÇ×UserNameÔÇ£ muss beim Beenden des Konstruktors einen Wert ungleich NULL enthalten. F├╝gen Sie ggf. den ÔÇ×erforderlichenÔÇ£ Modifizierer hinzu, oder deklarieren Sie den Eigenschaft als NULL-Werte zulassend. [C:\Users\rloer\Desktop\IT-Pc\Angular Test\DmsProjeckt\DmsProjeckt.csproj]
C:\Users\rloer\Desktop\IT-Pc\Angular Test\DmsProjeckt\Pages\Admin\MeinBenutzer.cshtml.cs(108,27): warning CS8618: Non-Nullable-Eigenschaft ÔÇ×EmailÔÇ£ muss beim Beenden des Konstruktors einen Wert ungleich NULL enthalten. F├╝gen Sie ggf. den ÔÇ×erforderlichenÔÇ£ Modifizierer hinzu, oder deklarieren Sie den Eigenschaft als NULL-Werte zulassend. [C:\Users\rloer\Desktop\IT-Pc\Angular Test\DmsProjeckt\DmsProjeckt.csproj]
C:\Users\rloer\Desktop\IT-Pc\Angular Test\DmsProjeckt\Pages\Admin\CreateUser.cshtml.cs(18,16): warning CS8618: Non-Nullable-Eigenschaft ÔÇ×EmailÔÇ£ muss beim Beenden des Konstruktors einen Wert ungleich NULL enthalten. F├╝gen Sie ggf. den ÔÇ×erforderlichenÔÇ£ Modifizierer hinzu, oder deklarieren Sie den Eigenschaft als NULL-Werte zulassend. [C:\Users\rloer\Desktop\IT-Pc\Angular Test\DmsProjeckt\DmsProjeckt.csproj]
C:\Users\rloer\Desktop\IT-Pc\Angular Test\DmsProjeckt\Pages\Admin\CreateUser.cshtml.cs(18,16): warning CS8618: Non-Nullable-Eigenschaft ÔÇ×PasswordÔÇ£ muss beim Beenden des Konstruktors einen Wert ungleich NULL enthalten. F├╝gen Sie ggf. den ÔÇ×erforderlichenÔÇ£ Modifizierer hinzu, oder deklarieren Sie den Eigenschaft als NULL-Werte zulassend. [C:\Users\rloer\Desktop\IT-Pc\Angular Test\DmsProjeckt\DmsProjeckt.csproj]
C:\Users\rloer\Desktop\IT-Pc\Angular Test\DmsProjeckt\Pages\Admin\CreateUser.cshtml.cs(18,16): warning CS8618: Non-Nullable-Eigenschaft ÔÇ×SelectedRoleÔÇ£ muss beim Beenden des Konstruktors einen Wert ungleich NULL enthalten. F├╝gen Sie ggf. den ÔÇ×erforderlichenÔÇ£ Modifizierer hinzu, oder deklarieren Sie den Eigenschaft als NULL-Werte zulassend. [C:\Users\rloer\Desktop\IT-Pc\Angular Test\DmsProjeckt\DmsProjeckt.csproj]
C:\Users\rloer\Desktop\IT-Pc\Angular Test\DmsProjeckt\Pages\Admin\CreateUser.cshtml.cs(18,16): warning CS8618: Non-Nullable-Eigenschaft ÔÇ×VornameÔÇ£ muss beim Beenden des Konstruktors einen Wert ungleich NULL enthalten. F├╝gen Sie ggf. den ÔÇ×erforderlichenÔÇ£ Modifizierer hinzu, oder deklarieren Sie den Eigenschaft als NULL-Werte zulassend. [C:\Users\rloer\Desktop\IT-Pc\Angular Test\DmsProjeckt\DmsProjeckt.csproj]
C:\Users\rloer\Desktop\IT-Pc\Angular Test\DmsProjeckt\Pages\Admin\CreateUser.cshtml.cs(18,16): warning CS8618: Non-Nullable-Eigenschaft ÔÇ×NachnameÔÇ£ muss beim Beenden des Konstruktors einen Wert ungleich NULL enthalten. F├╝gen Sie ggf. den ÔÇ×erforderlichenÔÇ£ Modifizierer hinzu, oder deklarieren Sie den Eigenschaft als NULL-Werte zulassend. [C:\Users\rloer\Desktop\IT-Pc\Angular Test\DmsProjeckt\DmsProjeckt.csproj]
C:\Users\rloer\Desktop\IT-Pc\Angular Test\DmsProjeckt\Pages\Admin\CreateUser.cshtml.cs(18,16): warning CS8618: Non-Nullable-Eigenschaft ÔÇ×FirmenNameÔÇ£ muss beim Beenden des Konstruktors einen Wert ungleich NULL enthalten. F├╝gen Sie ggf. den ÔÇ×erforderlichenÔÇ£ Modifizierer hinzu, oder deklarieren Sie den Eigenschaft als NULL-Werte zulassend. [C:\Users\rloer\Desktop\IT-Pc\Angular Test\DmsProjeckt\DmsProjeckt.csproj]
C:\Users\rloer\Desktop\IT-Pc\Angular Test\DmsProjeckt\Pages\AuditLog.cshtml.cs(33,37): warning CS8601: M├Âgliche Nullverweiszuweisung. [C:\Users\rloer\Desktop\IT-Pc\Angular Test\DmsProjeckt\DmsProjeckt.csproj]
C:\Users\rloer\Desktop\IT-Pc\Angular Test\DmsProjeckt\Service\ChunkService.cs(116,56): warning CS8600: Das NULL-Literal oder ein m├Âglicher NULL-Wert wird in einen Non-Nullable-Typ konvertiert. [C:\Users\rloer\Desktop\IT-Pc\Angular Test\DmsProjeckt\DmsProjeckt.csproj]
C:\Users\rloer\Desktop\IT-Pc\Angular Test\DmsProjeckt\Controllers\PdfProxyController.cs(263,68): warning CS8604: M├Âgliches Nullverweisargument f├╝r den Parameter "remotePath" in "Task<Stream?> WebDavStorageService.DownloadStreamAsync(string remotePath)". [C:\Users\rloer\Desktop\IT-Pc\Angular Test\DmsProjeckt\DmsProjeckt.csproj]
C:\Users\rloer\Desktop\IT-Pc\Angular Test\DmsProjeckt\Service\WebDavStorageService.cs(1274,45): warning CS8601: M├Âgliche Nullverweiszuweisung. [C:\Users\rloer\Desktop\IT-Pc\Angular Test\DmsProjeckt\DmsProjeckt.csproj]
C:\Users\rloer\Desktop\IT-Pc\Angular Test\DmsProjeckt\Service\WebDavStorageService.cs(1351,45): warning CS8604: M├Âgliches Nullverweisargument f├╝r den Parameter "fileStream" in "Task<bool> WebDavStorageService.UploadStreamAsync(Stream fileStream, string relativePath, string contentType = "application/octet-stream")". [C:\Users\rloer\Desktop\IT-Pc\Angular Test\DmsProjeckt\DmsProjeckt.csproj]
C:\Users\rloer\Desktop\IT-Pc\Angular Test\DmsProjeckt\Pages\Einstellungen.cshtml(557,21): warning CS8603: M├Âgliche Nullverweisr├╝ckgabe. [C:\Users\rloer\Desktop\IT-Pc\Angular Test\DmsProjeckt\DmsProjeckt.csproj]
C:\Users\rloer\Desktop\IT-Pc\Angular Test\DmsProjeckt\Service\WebDavStorageService.cs(1511,27): warning SYSLIB0013: "Uri.EscapeUriString(string)" ist veraltet: "Uri.EscapeUriString can corrupt the Uri string in some cases. Consider using Uri.EscapeDataString for query string components instead." (https://aka.ms/dotnet-warnings/SYSLIB0013) [C:\Users\rloer\Desktop\IT-Pc\Angular Test\DmsProjeckt\DmsProjeckt.csproj]
C:\Users\rloer\Desktop\IT-Pc\Angular Test\DmsProjeckt\Controllers\NotificationsController.cs(143,30): warning CS8601: M├Âgliche Nullverweiszuweisung. [C:\Users\rloer\Desktop\IT-Pc\Angular Test\DmsProjeckt\DmsProjeckt.csproj]
C:\Users\rloer\Desktop\IT-Pc\Angular Test\DmsProjeckt\Pages\Dokument\_DokumentTableRow.cshtml(25,12): warning CS8602: Dereferenzierung eines m├Âglichen Nullverweises. [C:\Users\rloer\Desktop\IT-Pc\Angular Test\DmsProjeckt\DmsProjeckt.csproj]
C:\Users\rloer\Desktop\IT-Pc\Angular Test\DmsProjeckt\Pages\Dokument\_DokumentTableRow.cshtml(33,23): warning CS8602: Dereferenzierung eines m├Âglichen Nullverweises. [C:\Users\rloer\Desktop\IT-Pc\Angular Test\DmsProjeckt\DmsProjeckt.csproj]
C:\Users\rloer\Desktop\IT-Pc\Angular Test\DmsProjeckt\Pages\Dokument\_DokumentTableRow.cshtml(35,23): warning CS8602: Dereferenzierung eines m├Âglichen Nullverweises. [C:\Users\rloer\Desktop\IT-Pc\Angular Test\DmsProjeckt\DmsProjeckt.csproj]
C:\Users\rloer\Desktop\IT-Pc\Angular Test\DmsProjeckt\Pages\Dokument\_DokumentTableRow.cshtml(37,20): warning CS8602: Dereferenzierung eines m├Âglichen Nullverweises. [C:\Users\rloer\Desktop\IT-Pc\Angular Test\DmsProjeckt\DmsProjeckt.csproj]
C:\Users\rloer\Desktop\IT-Pc\Angular Test\DmsProjeckt\Pages\Dokument\_DokumentTableRow.cshtml(39,20): warning CS8602: Dereferenzierung eines m├Âglichen Nullverweises. [C:\Users\rloer\Desktop\IT-Pc\Angular Test\DmsProjeckt\DmsProjeckt.csproj]
C:\Users\rloer\Desktop\IT-Pc\Angular Test\DmsProjeckt\Pages\Dokument\_DokumentTableRow.cshtml(54,26): warning CS8602: Dereferenzierung eines m├Âglichen Nullverweises. [C:\Users\rloer\Desktop\IT-Pc\Angular Test\DmsProjeckt\DmsProjeckt.csproj]
C:\Users\rloer\Desktop\IT-Pc\Angular Test\DmsProjeckt\Pages\Dokument\_DokumentTableRow.cshtml(56,26): warning CS8602: Dereferenzierung eines m├Âglichen Nullverweises. [C:\Users\rloer\Desktop\IT-Pc\Angular Test\DmsProjeckt\DmsProjeckt.csproj]
C:\Users\rloer\Desktop\IT-Pc\Angular Test\DmsProjeckt\Pages\Dokument\_DokumentTableRow.cshtml(65,24): warning CS8602: Dereferenzierung eines m├Âglichen Nullverweises. [C:\Users\rloer\Desktop\IT-Pc\Angular Test\DmsProjeckt\DmsProjeckt.csproj]
C:\Users\rloer\Desktop\IT-Pc\Angular Test\DmsProjeckt\Pages\Dokument\_DokumentTableRow.cshtml(129,15): warning CS8602: Dereferenzierung eines m├Âglichen Nullverweises. [C:\Users\rloer\Desktop\IT-Pc\Angular Test\DmsProjeckt\DmsProjeckt.csproj]
C:\Users\rloer\Desktop\IT-Pc\Angular Test\DmsProjeckt\Pages\Dokument\AdminVerwaltung.cshtml.cs(19,16): warning CS8618: Non-Nullable-Eigenschaft ÔÇ×NewUserIdÔÇ£ muss beim Beenden des Konstruktors einen Wert ungleich NULL enthalten. F├╝gen Sie ggf. den ÔÇ×erforderlichenÔÇ£ Modifizierer hinzu, oder deklarieren Sie den Eigenschaft als NULL-Werte zulassend. [C:\Users\rloer\Desktop\IT-Pc\Angular Test\DmsProjeckt\DmsProjeckt.csproj]
C:\Users\rloer\Desktop\IT-Pc\Angular Test\DmsProjeckt\Pages\Dokument\AdminVerwaltung.cshtml.cs(19,16): warning CS8618: Non-Nullable-Eigenschaft ÔÇ×SelectedRoleÔÇ£ muss beim Beenden des Konstruktors einen Wert ungleich NULL enthalten. F├╝gen Sie ggf. den ÔÇ×erforderlichenÔÇ£ Modifizierer hinzu, oder deklarieren Sie den Eigenschaft als NULL-Werte zulassend. [C:\Users\rloer\Desktop\IT-Pc\Angular Test\DmsProjeckt\DmsProjeckt.csproj]
C:\Users\rloer\Desktop\IT-Pc\Angular Test\DmsProjeckt\Pages\Dokument\AdminVerwaltung.cshtml.cs(19,16): warning CS8618: Non-Nullable-Eigenschaft ÔÇ×UserIdÔÇ£ muss beim Beenden des Konstruktors einen Wert ungleich NULL enthalten. F├╝gen Sie ggf. den ÔÇ×erforderlichenÔÇ£ Modifizierer hinzu, oder deklarieren Sie den Eigenschaft als NULL-Werte zulassend. [C:\Users\rloer\Desktop\IT-Pc\Angular Test\DmsProjeckt\DmsProjeckt.csproj]
C:\Users\rloer\Desktop\IT-Pc\Angular Test\DmsProjeckt\Pages\Dokument\AdminVerwaltung.cshtml.cs(19,16): warning CS8618: Non-Nullable-Eigenschaft ÔÇ×UsersÔÇ£ muss beim Beenden des Konstruktors einen Wert ungleich NULL enthalten. F├╝gen Sie ggf. den ÔÇ×erforderlichenÔÇ£ Modifizierer hinzu, oder deklarieren Sie den Eigenschaft als NULL-Werte zulassend. [C:\Users\rloer\Desktop\IT-Pc\Angular Test\DmsProjeckt\DmsProjeckt.csproj]
C:\Users\rloer\Desktop\IT-Pc\Angular Test\DmsProjeckt\Service\DocumentHashService.cs(52,24): warning CS8619: Die NULL-Zul├ñssigkeit von Verweistypen im Wert vom Typ "(bool, string? ObjectPath, string hash)" entspricht nicht dem Zieltyp "(bool reused, string firebasePath, string hash)". [C:\Users\rloer\Desktop\IT-Pc\Angular Test\DmsProjeckt\DmsProjeckt.csproj]
C:\Users\rloer\Desktop\IT-Pc\Angular Test\DmsProjeckt\Pages\Dokument\AdminVerwaltung.cshtml.cs(51,32): warning CS8601: M├Âgliche Nullverweiszuweisung. [C:\Users\rloer\Desktop\IT-Pc\Angular Test\DmsProjeckt\DmsProjeckt.csproj]
C:\Users\rloer\Desktop\IT-Pc\Angular Test\DmsProjeckt\Pages\Dokument\AdminVerwaltung.cshtml.cs(54,38): warning CS8619: Die NULL-Zul├ñssigkeit von Verweistypen im Wert vom Typ "List<string?>" entspricht nicht dem Zieltyp "List<string>". [C:\Users\rloer\Desktop\IT-Pc\Angular Test\DmsProjeckt\DmsProjeckt.csproj]
C:\Users\rloer\Desktop\IT-Pc\Angular Test\DmsProjeckt\Pages\Dokument\AdminVerwaltung.cshtml.cs(67,65): warning CS8604: M├Âgliches Nullverweisargument f├╝r den Parameter "user" in "Task<IList<string>> UserManager<ApplicationUser>.GetRolesAsync(ApplicationUser user)". [C:\Users\rloer\Desktop\IT-Pc\Angular Test\DmsProjeckt\DmsProjeckt.csproj]
C:\Users\rloer\Desktop\IT-Pc\Angular Test\DmsProjeckt\Pages\Dokument\AdminVerwaltung.cshtml.cs(75,27): warning CS8601: M├Âgliche Nullverweiszuweisung. [C:\Users\rloer\Desktop\IT-Pc\Angular Test\DmsProjeckt\DmsProjeckt.csproj]
C:\Users\rloer\Desktop\IT-Pc\Angular Test\DmsProjeckt\Service\WebDavStorageService.cs(1624,27): warning SYSLIB0013: "Uri.EscapeUriString(string)" ist veraltet: "Uri.EscapeUriString can corrupt the Uri string in some cases. Consider using Uri.EscapeDataString for query string components instead." (https://aka.ms/dotnet-warnings/SYSLIB0013) [C:\Users\rloer\Desktop\IT-Pc\Angular Test\DmsProjeckt\DmsProjeckt.csproj]
C:\Users\rloer\Desktop\IT-Pc\Angular Test\DmsProjeckt\Service\ChunkService.cs(433,39): warning CS8600: Das NULL-Literal oder ein m├Âglicher NULL-Wert wird in einen Non-Nullable-Typ konvertiert. [C:\Users\rloer\Desktop\IT-Pc\Angular Test\DmsProjeckt\DmsProjeckt.csproj]
C:\Users\rloer\Desktop\IT-Pc\Angular Test\DmsProjeckt\Service\ChunkService.cs(434,55): warning CS8601: M├Âgliche Nullverweiszuweisung. [C:\Users\rloer\Desktop\IT-Pc\Angular Test\DmsProjeckt\DmsProjeckt.csproj]
C:\Users\rloer\Desktop\IT-Pc\Angular Test\DmsProjeckt\Pages\Favoriten.cshtml.cs(38,29): warning CS8601: M├Âgliche Nullverweiszuweisung. [C:\Users\rloer\Desktop\IT-Pc\Angular Test\DmsProjeckt\DmsProjeckt.csproj]
C:\Users\rloer\Desktop\IT-Pc\Angular Test\DmsProjeckt\Pages\Favoriten.cshtml.cs(50,29): warning CS8601: M├Âgliche Nullverweiszuweisung. [C:\Users\rloer\Desktop\IT-Pc\Angular Test\DmsProjeckt\DmsProjeckt.csproj]
C:\Users\rloer\Desktop\IT-Pc\Angular Test\DmsProjeckt\Pages\Favoriten.cshtml.cs(60,23): warning CS8618: Non-Nullable-Eigenschaft ÔÇ×TitelÔÇ£ muss beim Beenden des Konstruktors einen Wert ungleich NULL enthalten. F├╝gen Sie ggf. den ÔÇ×erforderlichenÔÇ£ Modifizierer hinzu, oder deklarieren Sie den Eigenschaft als NULL-Werte zulassend. [C:\Users\rloer\Desktop\IT-Pc\Angular Test\DmsProjeckt\DmsProjeckt.csproj]
C:\Users\rloer\Desktop\IT-Pc\Angular Test\DmsProjeckt\Pages\Favoriten.cshtml.cs(67,23): warning CS8618: Non-Nullable-Eigenschaft ÔÇ×TitelÔÇ£ muss beim Beenden des Konstruktors einen Wert ungleich NULL enthalten. F├╝gen Sie ggf. den ÔÇ×erforderlichenÔÇ£ Modifizierer hinzu, oder deklarieren Sie den Eigenschaft als NULL-Werte zulassend. [C:\Users\rloer\Desktop\IT-Pc\Angular Test\DmsProjeckt\DmsProjeckt.csproj]
C:\Users\rloer\Desktop\IT-Pc\Angular Test\DmsProjeckt\Pages\GeteilteDokumente.cshtml.cs(13,23): warning CS8618: Non-Nullable-Eigenschaft ÔÇ×NoteTitleÔÇ£ muss beim Beenden des Konstruktors einen Wert ungleich NULL enthalten. F├╝gen Sie ggf. den ÔÇ×erforderlichenÔÇ£ Modifizierer hinzu, oder deklarieren Sie den Eigenschaft als NULL-Werte zulassend. [C:\Users\rloer\Desktop\IT-Pc\Angular Test\DmsProjeckt\DmsProjeckt.csproj]
C:\Users\rloer\Desktop\IT-Pc\Angular Test\DmsProjeckt\Pages\GeteilteDokumente.cshtml.cs(14,23): warning CS8618: Non-Nullable-Eigenschaft ÔÇ×SharedUserNameÔÇ£ muss beim Beenden des Konstruktors einen Wert ungleich NULL enthalten. F├╝gen Sie ggf. den ÔÇ×erforderlichenÔÇ£ Modifizierer hinzu, oder deklarieren Sie den Eigenschaft als NULL-Werte zulassend. [C:\Users\rloer\Desktop\IT-Pc\Angular Test\DmsProjeckt\DmsProjeckt.csproj]
C:\Users\rloer\Desktop\IT-Pc\Angular Test\DmsProjeckt\Pages\Notiz\Edit.cshtml.cs(22,16): warning CS8618: Non-Nullable-Eigenschaft ÔÇ×NoteÔÇ£ muss beim Beenden des Konstruktors einen Wert ungleich NULL enthalten. F├╝gen Sie ggf. den ÔÇ×erforderlichenÔÇ£ Modifizierer hinzu, oder deklarieren Sie den Eigenschaft als NULL-Werte zulassend. [C:\Users\rloer\Desktop\IT-Pc\Angular Test\DmsProjeckt\DmsProjeckt.csproj]
C:\Users\rloer\Desktop\IT-Pc\Angular Test\DmsProjeckt\Pages\Notiz\Edit.cshtml.cs(22,16): warning CS8618: Non-Nullable-Eigenschaft ÔÇ×NotesÔÇ£ muss beim Beenden des Konstruktors einen Wert ungleich NULL enthalten. F├╝gen Sie ggf. den ÔÇ×erforderlichenÔÇ£ Modifizierer hinzu, oder deklarieren Sie den Eigenschaft als NULL-Werte zulassend. [C:\Users\rloer\Desktop\IT-Pc\Angular Test\DmsProjeckt\DmsProjeckt.csproj]
C:\Users\rloer\Desktop\IT-Pc\Angular Test\DmsProjeckt\Pages\Notiz\Edit.cshtml.cs(29,26): warning CS8602: Dereferenzierung eines m├Âglichen Nullverweises. [C:\Users\rloer\Desktop\IT-Pc\Angular Test\DmsProjeckt\DmsProjeckt.csproj]
C:\Users\rloer\Desktop\IT-Pc\Angular Test\DmsProjeckt\Pages\Dokument\DashboardAdmin.cshtml.cs(48,16): warning CS8618: Non-Nullable-Eigenschaft ÔÇ×UsersÔÇ£ muss beim Beenden des Konstruktors einen Wert ungleich NULL enthalten. F├╝gen Sie ggf. den ÔÇ×erforderlichenÔÇ£ Modifizierer hinzu, oder deklarieren Sie den Eigenschaft als NULL-Werte zulassend. [C:\Users\rloer\Desktop\IT-Pc\Angular Test\DmsProjeckt\DmsProjeckt.csproj]
C:\Users\rloer\Desktop\IT-Pc\Angular Test\DmsProjeckt\Pages\Dokument\DashboardAdmin.cshtml.cs(48,16): warning CS8618: Non-Nullable-Eigenschaft ÔÇ×SelectedRoleÔÇ£ muss beim Beenden des Konstruktors einen Wert ungleich NULL enthalten. F├╝gen Sie ggf. den ÔÇ×erforderlichenÔÇ£ Modifizierer hinzu, oder deklarieren Sie den Eigenschaft als NULL-Werte zulassend. [C:\Users\rloer\Desktop\IT-Pc\Angular Test\DmsProjeckt\DmsProjeckt.csproj]
C:\Users\rloer\Desktop\IT-Pc\Angular Test\DmsProjeckt\Pages\Dokument\DashboardAdmin.cshtml.cs(48,16): warning CS8618: Non-Nullable-Eigenschaft ÔÇ×UserIdÔÇ£ muss beim Beenden des Konstruktors einen Wert ungleich NULL enthalten. F├╝gen Sie ggf. den ÔÇ×erforderlichenÔÇ£ Modifizierer hinzu, oder deklarieren Sie den Eigenschaft als NULL-Werte zulassend. [C:\Users\rloer\Desktop\IT-Pc\Angular Test\DmsProjeckt\DmsProjeckt.csproj]
C:\Users\rloer\Desktop\IT-Pc\Angular Test\DmsProjeckt\Pages\Dokument\DashboardAdmin.cshtml.cs(48,16): warning CS8618: Non-Nullable-Eigenschaft ÔÇ×NewUserIdÔÇ£ muss beim Beenden des Konstruktors einen Wert ungleich NULL enthalten. F├╝gen Sie ggf. den ÔÇ×erforderlichenÔÇ£ Modifizierer hinzu, oder deklarieren Sie den Eigenschaft als NULL-Werte zulassend. [C:\Users\rloer\Desktop\IT-Pc\Angular Test\DmsProjeckt\DmsProjeckt.csproj]
C:\Users\rloer\Desktop\IT-Pc\Angular Test\DmsProjeckt\Pages\Dokument\DashboardAdmin.cshtml.cs(48,16): warning CS8618: Non-Nullable-Eigenschaft ÔÇ×FirstNameÔÇ£ muss beim Beenden des Konstruktors einen Wert ungleich NULL enthalten. F├╝gen Sie ggf. den ÔÇ×erforderlichenÔÇ£ Modifizierer hinzu, oder deklarieren Sie den Eigenschaft als NULL-Werte zulassend. [C:\Users\rloer\Desktop\IT-Pc\Angular Test\DmsProjeckt\DmsProjeckt.csproj]
C:\Users\rloer\Desktop\IT-Pc\Angular Test\DmsProjeckt\Pages\Dokument\DashboardAdmin.cshtml.cs(48,16): warning CS8618: Non-Nullable-Eigenschaft ÔÇ×LastNameÔÇ£ muss beim Beenden des Konstruktors einen Wert ungleich NULL enthalten. F├╝gen Sie ggf. den ÔÇ×erforderlichenÔÇ£ Modifizierer hinzu, oder deklarieren Sie den Eigenschaft als NULL-Werte zulassend. [C:\Users\rloer\Desktop\IT-Pc\Angular Test\DmsProjeckt\DmsProjeckt.csproj]
C:\Users\rloer\Desktop\IT-Pc\Angular Test\DmsProjeckt\Pages\Dokument\DashboardAdmin.cshtml.cs(48,16): warning CS8618: Non-Nullable-Eigenschaft ÔÇ×EmailÔÇ£ muss beim Beenden des Konstruktors einen Wert ungleich NULL enthalten. F├╝gen Sie ggf. den ÔÇ×erforderlichenÔÇ£ Modifizierer hinzu, oder deklarieren Sie den Eigenschaft als NULL-Werte zulassend. [C:\Users\rloer\Desktop\IT-Pc\Angular Test\DmsProjeckt\DmsProjeckt.csproj]
C:\Users\rloer\Desktop\IT-Pc\Angular Test\DmsProjeckt\Pages\Dokument\DashboardAdmin.cshtml.cs(48,16): warning CS8618: Non-Nullable-Eigenschaft ÔÇ×PasswordÔÇ£ muss beim Beenden des Konstruktors einen Wert ungleich NULL enthalten. F├╝gen Sie ggf. den ÔÇ×erforderlichenÔÇ£ Modifizierer hinzu, oder deklarieren Sie den Eigenschaft als NULL-Werte zulassend. [C:\Users\rloer\Desktop\IT-Pc\Angular Test\DmsProjeckt\DmsProjeckt.csproj]
C:\Users\rloer\Desktop\IT-Pc\Angular Test\DmsProjeckt\Pages\Dokument\DashboardAdmin.cshtml.cs(48,16): warning CS8618: Non-Nullable-Eigenschaft ÔÇ×ConfirmPasswordÔÇ£ muss beim Beenden des Konstruktors einen Wert ungleich NULL enthalten. F├╝gen Sie ggf. den ÔÇ×erforderlichenÔÇ£ Modifizierer hinzu, oder deklarieren Sie den Eigenschaft als NULL-Werte zulassend. [C:\Users\rloer\Desktop\IT-Pc\Angular Test\DmsProjeckt\DmsProjeckt.csproj]
C:\Users\rloer\Desktop\IT-Pc\Angular Test\DmsProjeckt\Pages\GeteilteDokumente.cshtml.cs(48,37): warning CS8601: M├Âgliche Nullverweiszuweisung. [C:\Users\rloer\Desktop\IT-Pc\Angular Test\DmsProjeckt\DmsProjeckt.csproj]
C:\Users\rloer\Desktop\IT-Pc\Angular Test\DmsProjeckt\Pages\GeteilteDokumente.cshtml.cs(49,40): warning CS8601: M├Âgliche Nullverweiszuweisung. [C:\Users\rloer\Desktop\IT-Pc\Angular Test\DmsProjeckt\DmsProjeckt.csproj]
C:\Users\rloer\Desktop\IT-Pc\Angular Test\DmsProjeckt\Pages\GeteilteDokumente.cshtml.cs(51,34): warning CS8601: M├Âgliche Nullverweiszuweisung. [C:\Users\rloer\Desktop\IT-Pc\Angular Test\DmsProjeckt\DmsProjeckt.csproj]
C:\Users\rloer\Desktop\IT-Pc\Angular Test\DmsProjeckt\Pages\GeteilteDokumente.cshtml.cs(63,37): warning CS8601: M├Âgliche Nullverweiszuweisung. [C:\Users\rloer\Desktop\IT-Pc\Angular Test\DmsProjeckt\DmsProjeckt.csproj]
C:\Users\rloer\Desktop\IT-Pc\Angular Test\DmsProjeckt\Pages\GeteilteDokumente.cshtml.cs(64,40): warning CS8601: M├Âgliche Nullverweiszuweisung. [C:\Users\rloer\Desktop\IT-Pc\Angular Test\DmsProjeckt\DmsProjeckt.csproj]
C:\Users\rloer\Desktop\IT-Pc\Angular Test\DmsProjeckt\Pages\GeteilteDokumente.cshtml.cs(66,34): warning CS8601: M├Âgliche Nullverweiszuweisung. [C:\Users\rloer\Desktop\IT-Pc\Angular Test\DmsProjeckt\DmsProjeckt.csproj]
C:\Users\rloer\Desktop\IT-Pc\Angular Test\DmsProjeckt\Pages\GeteilteDokumente.cshtml.cs(79,33): warning CS8601: M├Âgliche Nullverweiszuweisung. [C:\Users\rloer\Desktop\IT-Pc\Angular Test\DmsProjeckt\DmsProjeckt.csproj]
C:\Users\rloer\Desktop\IT-Pc\Angular Test\DmsProjeckt\Pages\GeteilteDokumente.cshtml.cs(94,33): warning CS8601: M├Âgliche Nullverweiszuweisung. [C:\Users\rloer\Desktop\IT-Pc\Angular Test\DmsProjeckt\DmsProjeckt.csproj]
C:\Users\rloer\Desktop\IT-Pc\Angular Test\DmsProjeckt\Service\ChunkService.cs(748,59): warning CS8604: M├Âgliches Nullverweisargument f├╝r den Parameter "folderPath" in "Task WebDavStorageService.EnsureFolderTreeExistsAsync(string folderPath)". [C:\Users\rloer\Desktop\IT-Pc\Angular Test\DmsProjeckt\DmsProjeckt.csproj]
C:\Users\rloer\Desktop\IT-Pc\Angular Test\DmsProjeckt\Pages\Dokument\AlleVersionen.cshtml.cs(120,32): warning CS8601: M├Âgliche Nullverweiszuweisung. [C:\Users\rloer\Desktop\IT-Pc\Angular Test\DmsProjeckt\DmsProjeckt.csproj]
C:\Users\rloer\Desktop\IT-Pc\Angular Test\DmsProjeckt\Pages\Dokument\AlleVersionen.cshtml.cs(129,37): warning CS8601: M├Âgliche Nullverweiszuweisung. [C:\Users\rloer\Desktop\IT-Pc\Angular Test\DmsProjeckt\DmsProjeckt.csproj]
C:\Users\rloer\Desktop\IT-Pc\Angular Test\DmsProjeckt\Pages\Dokument\AlleVersionen.cshtml.cs(131,37): warning CS8601: M├Âgliche Nullverweiszuweisung. [C:\Users\rloer\Desktop\IT-Pc\Angular Test\DmsProjeckt\DmsProjeckt.csproj]
C:\Users\rloer\Desktop\IT-Pc\Angular Test\DmsProjeckt\Pages\Dokument\AlleVersionen.cshtml.cs(133,38): warning CS8601: M├Âgliche Nullverweiszuweisung. [C:\Users\rloer\Desktop\IT-Pc\Angular Test\DmsProjeckt\DmsProjeckt.csproj]
C:\Users\rloer\Desktop\IT-Pc\Angular Test\DmsProjeckt\Pages\Dokument\AlleVersionen.cshtml.cs(151,41): warning CS8601: M├Âgliche Nullverweiszuweisung. [C:\Users\rloer\Desktop\IT-Pc\Angular Test\DmsProjeckt\DmsProjeckt.csproj]
C:\Users\rloer\Desktop\IT-Pc\Angular Test\DmsProjeckt\Pages\Notiz\Edit.cshtml.cs(48,26): warning CS8602: Dereferenzierung eines m├Âglichen Nullverweises. [C:\Users\rloer\Desktop\IT-Pc\Angular Test\DmsProjeckt\DmsProjeckt.csproj]
C:\Users\rloer\Desktop\IT-Pc\Angular Test\DmsProjeckt\Pages\Notiz\Index.cshtml.cs(35,16): warning CS8618: Non-Nullable-Eigenschaft ÔÇ×NotesÔÇ£ muss beim Beenden des Konstruktors einen Wert ungleich NULL enthalten. F├╝gen Sie ggf. den ÔÇ×erforderlichenÔÇ£ Modifizierer hinzu, oder deklarieren Sie den Eigenschaft als NULL-Werte zulassend. [C:\Users\rloer\Desktop\IT-Pc\Angular Test\DmsProjeckt\DmsProjeckt.csproj]
C:\Users\rloer\Desktop\IT-Pc\Angular Test\DmsProjeckt\Pages\Notiz\Index.cshtml.cs(35,16): warning CS8618: Non-Nullable-Eigenschaft ÔÇ×SelectedNoteÔÇ£ muss beim Beenden des Konstruktors einen Wert ungleich NULL enthalten. F├╝gen Sie ggf. den ÔÇ×erforderlichenÔÇ£ Modifizierer hinzu, oder deklarieren Sie den Eigenschaft als NULL-Werte zulassend. [C:\Users\rloer\Desktop\IT-Pc\Angular Test\DmsProjeckt\DmsProjeckt.csproj]
C:\Users\rloer\Desktop\IT-Pc\Angular Test\DmsProjeckt\Pages\Notiz\Index.cshtml.cs(35,16): warning CS8618: Non-Nullable-Eigenschaft ÔÇ×FavoriteNoteIdsÔÇ£ muss beim Beenden des Konstruktors einen Wert ungleich NULL enthalten. F├╝gen Sie ggf. den ÔÇ×erforderlichenÔÇ£ Modifizierer hinzu, oder deklarieren Sie den Eigenschaft als NULL-Werte zulassend. [C:\Users\rloer\Desktop\IT-Pc\Angular Test\DmsProjeckt\DmsProjeckt.csproj]
C:\Users\rloer\Desktop\IT-Pc\Angular Test\DmsProjeckt\Pages\Notiz\Index.cshtml.cs(251,29): warning CS8618: Non-Nullable-Eigenschaft ÔÇ×UserIdsÔÇ£ muss beim Beenden des Konstruktors einen Wert ungleich NULL enthalten. F├╝gen Sie ggf. den ÔÇ×erforderlichenÔÇ£ Modifizierer hinzu, oder deklarieren Sie den Eigenschaft als NULL-Werte zulassend. [C:\Users\rloer\Desktop\IT-Pc\Angular Test\DmsProjeckt\DmsProjeckt.csproj]
C:\Users\rloer\Desktop\IT-Pc\Angular Test\DmsProjeckt\Service\MyFirebaseOptions.cs(5,23): warning CS8618: Non-Nullable-Eigenschaft ÔÇ×BucketÔÇ£ muss beim Beenden des Konstruktors einen Wert ungleich NULL enthalten. F├╝gen Sie ggf. den ÔÇ×erforderlichenÔÇ£ Modifizierer hinzu, oder deklarieren Sie den Eigenschaft als NULL-Werte zulassend. [C:\Users\rloer\Desktop\IT-Pc\Angular Test\DmsProjeckt\DmsProjeckt.csproj]
C:\Users\rloer\Desktop\IT-Pc\Angular Test\DmsProjeckt\Service\MyFirebaseOptions.cs(6,23): warning CS8618: Non-Nullable-Eigenschaft ÔÇ×AuthTokenÔÇ£ muss beim Beenden des Konstruktors einen Wert ungleich NULL enthalten. F├╝gen Sie ggf. den ÔÇ×erforderlichenÔÇ£ Modifizierer hinzu, oder deklarieren Sie den Eigenschaft als NULL-Werte zulassend. [C:\Users\rloer\Desktop\IT-Pc\Angular Test\DmsProjeckt\DmsProjeckt.csproj]
C:\Users\rloer\Desktop\IT-Pc\Angular Test\DmsProjeckt\Pages\Notiz\Index.cshtml.cs(44,26): warning CS8602: Dereferenzierung eines m├Âglichen Nullverweises. [C:\Users\rloer\Desktop\IT-Pc\Angular Test\DmsProjeckt\DmsProjeckt.csproj]
C:\Users\rloer\Desktop\IT-Pc\Angular Test\DmsProjeckt\Pages\Notiz\Index.cshtml.cs(60,32): warning CS8601: M├Âgliche Nullverweiszuweisung. [C:\Users\rloer\Desktop\IT-Pc\Angular Test\DmsProjeckt\DmsProjeckt.csproj]
C:\Users\rloer\Desktop\IT-Pc\Angular Test\DmsProjeckt\Pages\Notiz\Index.cshtml.cs(62,32): warning CS8601: M├Âgliche Nullverweiszuweisung. [C:\Users\rloer\Desktop\IT-Pc\Angular Test\DmsProjeckt\DmsProjeckt.csproj]
C:\Users\rloer\Desktop\IT-Pc\Angular Test\DmsProjeckt\Service\DueTaskNotificationService.cs(114,46): warning CS8601: M├Âgliche Nullverweiszuweisung. [C:\Users\rloer\Desktop\IT-Pc\Angular Test\DmsProjeckt\DmsProjeckt.csproj]
C:\Users\rloer\Desktop\IT-Pc\Angular Test\DmsProjeckt\Service\OcrMetadataExtractorService.cs(142,31): warning CS8600: Das NULL-Literal oder ein m├Âglicher NULL-Wert wird in einen Non-Nullable-Typ konvertiert. [C:\Users\rloer\Desktop\IT-Pc\Angular Test\DmsProjeckt\DmsProjeckt.csproj]
C:\Users\rloer\Desktop\IT-Pc\Angular Test\DmsProjeckt\Service\OcrMetadataExtractorService.cs(168,20): warning CS8603: M├Âgliche Nullverweisr├╝ckgabe. [C:\Users\rloer\Desktop\IT-Pc\Angular Test\DmsProjeckt\DmsProjeckt.csproj]
C:\Users\rloer\Desktop\IT-Pc\Angular Test\DmsProjeckt\Pages\Dokument\Bearbeiten.cshtml.cs(326,81): warning CS8604: M├Âgliches Nullverweisargument f├╝r den Parameter "remotePath" in "Task<Stream?> WebDavStorageService.DownloadStreamStableAsync(string remotePath)". [C:\Users\rloer\Desktop\IT-Pc\Angular Test\DmsProjeckt\DmsProjeckt.csproj]
C:\Users\rloer\Desktop\IT-Pc\Angular Test\DmsProjeckt\Pages\Dokument\Bearbeiten.cshtml.cs(436,36): warning CS8601: M├Âgliche Nullverweiszuweisung. [C:\Users\rloer\Desktop\IT-Pc\Angular Test\DmsProjeckt\DmsProjeckt.csproj]
C:\Users\rloer\Desktop\IT-Pc\Angular Test\DmsProjeckt\Pages\Notiz\Index.cshtml.cs(67,26): warning CS8602: Dereferenzierung eines m├Âglichen Nullverweises. [C:\Users\rloer\Desktop\IT-Pc\Angular Test\DmsProjeckt\DmsProjeckt.csproj]
C:\Users\rloer\Desktop\IT-Pc\Angular Test\DmsProjeckt\Pages\Dokument\AlleVersionen.cshtml.cs(225,34): warning CS8602: Dereferenzierung eines m├Âglichen Nullverweises. [C:\Users\rloer\Desktop\IT-Pc\Angular Test\DmsProjeckt\DmsProjeckt.csproj]
C:\Users\rloer\Desktop\IT-Pc\Angular Test\DmsProjeckt\Pages\Notiz\Index.cshtml.cs(88,26): warning CS8602: Dereferenzierung eines m├Âglichen Nullverweises. [C:\Users\rloer\Desktop\IT-Pc\Angular Test\DmsProjeckt\DmsProjeckt.csproj]
C:\Users\rloer\Desktop\IT-Pc\Angular Test\DmsProjeckt\Pages\Dokument\DashboardAdmin.cshtml.cs(62,51): warning CS8602: Dereferenzierung eines m├Âglichen Nullverweises. [C:\Users\rloer\Desktop\IT-Pc\Angular Test\DmsProjeckt\DmsProjeckt.csproj]
C:\Users\rloer\Desktop\IT-Pc\Angular Test\DmsProjeckt\Pages\Dokument\DashboardAdmin.cshtml.cs(78,32): warning CS8601: M├Âgliche Nullverweiszuweisung. [C:\Users\rloer\Desktop\IT-Pc\Angular Test\DmsProjeckt\DmsProjeckt.csproj]
C:\Users\rloer\Desktop\IT-Pc\Angular Test\DmsProjeckt\Pages\Dokument\DashboardAdmin.cshtml.cs(79,31): warning CS8601: M├Âgliche Nullverweiszuweisung. [C:\Users\rloer\Desktop\IT-Pc\Angular Test\DmsProjeckt\DmsProjeckt.csproj]
C:\Users\rloer\Desktop\IT-Pc\Angular Test\DmsProjeckt\Pages\Dokument\DashboardAdmin.cshtml.cs(80,32): warning CS8601: M├Âgliche Nullverweiszuweisung. [C:\Users\rloer\Desktop\IT-Pc\Angular Test\DmsProjeckt\DmsProjeckt.csproj]
C:\Users\rloer\Desktop\IT-Pc\Angular Test\DmsProjeckt\Pages\Dokument\DashboardAdmin.cshtml.cs(81,35): warning CS8601: M├Âgliche Nullverweiszuweisung. [C:\Users\rloer\Desktop\IT-Pc\Angular Test\DmsProjeckt\DmsProjeckt.csproj]
C:\Users\rloer\Desktop\IT-Pc\Angular Test\DmsProjeckt\Pages\Dokument\DashboardAdmin.cshtml.cs(82,36): warning CS8601: M├Âgliche Nullverweiszuweisung. [C:\Users\rloer\Desktop\IT-Pc\Angular Test\DmsProjeckt\DmsProjeckt.csproj]
C:\Users\rloer\Desktop\IT-Pc\Angular Test\DmsProjeckt\Pages\Dokument\DashboardAdmin.cshtml.cs(83,38): warning CS8619: Die NULL-Zul├ñssigkeit von Verweistypen im Wert vom Typ "List<string?>" entspricht nicht dem Zieltyp "List<string>". [C:\Users\rloer\Desktop\IT-Pc\Angular Test\DmsProjeckt\DmsProjeckt.csproj]
C:\Users\rloer\Desktop\IT-Pc\Angular Test\DmsProjeckt\Pages\Dokument\DashboardAdmin.cshtml.cs(86,29): warning CS8601: M├Âgliche Nullverweiszuweisung. [C:\Users\rloer\Desktop\IT-Pc\Angular Test\DmsProjeckt\DmsProjeckt.csproj]
C:\Users\rloer\Desktop\IT-Pc\Angular Test\DmsProjeckt\Pages\Notiz\Index.cshtml.cs(105,26): warning CS8602: Dereferenzierung eines m├Âglichen Nullverweises. [C:\Users\rloer\Desktop\IT-Pc\Angular Test\DmsProjeckt\DmsProjeckt.csproj]
C:\Users\rloer\Desktop\IT-Pc\Angular Test\DmsProjeckt\Pages\Dokument\DashboardAdmin.cshtml.cs(135,30): warning CS8602: Dereferenzierung eines m├Âglichen Nullverweises. [C:\Users\rloer\Desktop\IT-Pc\Angular Test\DmsProjeckt\DmsProjeckt.csproj]
C:\Users\rloer\Desktop\IT-Pc\Angular Test\DmsProjeckt\Pages\Dokument\DashboardAdmin.cshtml.cs(636,23): warning CS8618: Non-Nullable-Eigenschaft ÔÇ×UserIdÔÇ£ muss beim Beenden des Konstruktors einen Wert ungleich NULL enthalten. F├╝gen Sie ggf. den ÔÇ×erforderlichenÔÇ£ Modifizierer hinzu, oder deklarieren Sie den Eigenschaft als NULL-Werte zulassend. [C:\Users\rloer\Desktop\IT-Pc\Angular Test\DmsProjeckt\DmsProjeckt.csproj]
C:\Users\rloer\Desktop\IT-Pc\Angular Test\DmsProjeckt\Pages\Dokument\DashboardAdmin.cshtml.cs(640,23): warning CS8618: Non-Nullable-Eigenschaft ÔÇ×DateinameÔÇ£ muss beim Beenden des Konstruktors einen Wert ungleich NULL enthalten. F├╝gen Sie ggf. den ÔÇ×erforderlichenÔÇ£ Modifizierer hinzu, oder deklarieren Sie den Eigenschaft als NULL-Werte zulassend. [C:\Users\rloer\Desktop\IT-Pc\Angular Test\DmsProjeckt\DmsProjeckt.csproj]
C:\Users\rloer\Desktop\IT-Pc\Angular Test\DmsProjeckt\Pages\Dokument\DashboardAdmin.cshtml.cs(641,23): warning CS8618: Non-Nullable-Eigenschaft ÔÇ×UserIdÔÇ£ muss beim Beenden des Konstruktors einen Wert ungleich NULL enthalten. F├╝gen Sie ggf. den ÔÇ×erforderlichenÔÇ£ Modifizierer hinzu, oder deklarieren Sie den Eigenschaft als NULL-Werte zulassend. [C:\Users\rloer\Desktop\IT-Pc\Angular Test\DmsProjeckt\DmsProjeckt.csproj]
C:\Users\rloer\Desktop\IT-Pc\Angular Test\DmsProjeckt\Pages\Dokument\DashboardAdmin.cshtml.cs(647,23): warning CS8618: Non-Nullable-Eigenschaft ÔÇ×BenutzerIdÔÇ£ muss beim Beenden des Konstruktors einen Wert ungleich NULL enthalten. F├╝gen Sie ggf. den ÔÇ×erforderlichenÔÇ£ Modifizierer hinzu, oder deklarieren Sie den Eigenschaft als NULL-Werte zulassend. [C:\Users\rloer\Desktop\IT-Pc\Angular Test\DmsProjeckt\DmsProjeckt.csproj]
C:\Users\rloer\Desktop\IT-Pc\Angular Test\DmsProjeckt\Pages\Dokument\DashboardAdmin.cshtml.cs(648,23): warning CS8618: Non-Nullable-Eigenschaft ÔÇ×AktionÔÇ£ muss beim Beenden des Konstruktors einen Wert ungleich NULL enthalten. F├╝gen Sie ggf. den ÔÇ×erforderlichenÔÇ£ Modifizierer hinzu, oder deklarieren Sie den Eigenschaft als NULL-Werte zulassend. [C:\Users\rloer\Desktop\IT-Pc\Angular Test\DmsProjeckt\DmsProjeckt.csproj]
C:\Users\rloer\Desktop\IT-Pc\Angular Test\DmsProjeckt\Pages\Dokument\DashboardAdmin.cshtml.cs(662,23): warning CS8618: Non-Nullable-Eigenschaft ÔÇ×NameÔÇ£ muss beim Beenden des Konstruktors einen Wert ungleich NULL enthalten. F├╝gen Sie ggf. den ÔÇ×erforderlichenÔÇ£ Modifizierer hinzu, oder deklarieren Sie den Eigenschaft als NULL-Werte zulassend. [C:\Users\rloer\Desktop\IT-Pc\Angular Test\DmsProjeckt\DmsProjeckt.csproj]
C:\Users\rloer\Desktop\IT-Pc\Angular Test\DmsProjeckt\Pages\Dokument\DashboardAdmin.cshtml.cs(663,23): warning CS8618: Non-Nullable-Eigenschaft ÔÇ×PathÔÇ£ muss beim Beenden des Konstruktors einen Wert ungleich NULL enthalten. F├╝gen Sie ggf. den ÔÇ×erforderlichenÔÇ£ Modifizierer hinzu, oder deklarieren Sie den Eigenschaft als NULL-Werte zulassend. [C:\Users\rloer\Desktop\IT-Pc\Angular Test\DmsProjeckt\DmsProjeckt.csproj]
C:\Users\rloer\Desktop\IT-Pc\Angular Test\DmsProjeckt\Pages\Dokument\Index.cshtml.cs(2391,23): warning CS8618: Non-Nullable-Eigenschaft ÔÇ×SourcePathÔÇ£ muss beim Beenden des Konstruktors einen Wert ungleich NULL enthalten. F├╝gen Sie ggf. den ÔÇ×erforderlichenÔÇ£ Modifizierer hinzu, oder deklarieren Sie den Eigenschaft als NULL-Werte zulassend. [C:\Users\rloer\Desktop\IT-Pc\Angular Test\DmsProjeckt\DmsProjeckt.csproj]
C:\Users\rloer\Desktop\IT-Pc\Angular Test\DmsProjeckt\Pages\Dokument\Index.cshtml.cs(2392,23): warning CS8618: Non-Nullable-Eigenschaft ÔÇ×TargetPathÔÇ£ muss beim Beenden des Konstruktors einen Wert ungleich NULL enthalten. F├╝gen Sie ggf. den ÔÇ×erforderlichenÔÇ£ Modifizierer hinzu, oder deklarieren Sie den Eigenschaft als NULL-Werte zulassend. [C:\Users\rloer\Desktop\IT-Pc\Angular Test\DmsProjeckt\DmsProjeckt.csproj]
C:\Users\rloer\Desktop\IT-Pc\Angular Test\DmsProjeckt\Pages\Dokument\DashboardAdmin.cshtml.cs(654,23): warning CS8618: Non-Nullable-Eigenschaft ÔÇ×NameÔÇ£ muss beim Beenden des Konstruktors einen Wert ungleich NULL enthalten. F├╝gen Sie ggf. den ÔÇ×erforderlichenÔÇ£ Modifizierer hinzu, oder deklarieren Sie den Eigenschaft als NULL-Werte zulassend. [C:\Users\rloer\Desktop\IT-Pc\Angular Test\DmsProjeckt\DmsProjeckt.csproj]
C:\Users\rloer\Desktop\IT-Pc\Angular Test\DmsProjeckt\Pages\Dokument\DashboardAdmin.cshtml.cs(655,23): warning CS8618: Non-Nullable-Eigenschaft ÔÇ×PathÔÇ£ muss beim Beenden des Konstruktors einen Wert ungleich NULL enthalten. F├╝gen Sie ggf. den ÔÇ×erforderlichenÔÇ£ Modifizierer hinzu, oder deklarieren Sie den Eigenschaft als NULL-Werte zulassend. [C:\Users\rloer\Desktop\IT-Pc\Angular Test\DmsProjeckt\DmsProjeckt.csproj]
C:\Users\rloer\Desktop\IT-Pc\Angular Test\DmsProjeckt\Pages\Dokument\DashboardAdmin.cshtml.cs(657,29): warning CS8618: Non-Nullable-Eigenschaft ÔÇ×CategoriesÔÇ£ muss beim Beenden des Konstruktors einen Wert ungleich NULL enthalten. F├╝gen Sie ggf. den ÔÇ×erforderlichenÔÇ£ Modifizierer hinzu, oder deklarieren Sie den Eigenschaft als NULL-Werte zulassend. [C:\Users\rloer\Desktop\IT-Pc\Angular Test\DmsProjeckt\DmsProjeckt.csproj]
C:\Users\rloer\Desktop\IT-Pc\Angular Test\DmsProjeckt\Pages\Dokument\Index.cshtml.cs(66,16): warning CS8618: Non-Nullable-Eigenschaft ÔÇ×AlleAbteilungenÔÇ£ muss beim Beenden des Konstruktors einen Wert ungleich NULL enthalten. F├╝gen Sie ggf. den ÔÇ×erforderlichenÔÇ£ Modifizierer hinzu, oder deklarieren Sie den Eigenschaft als NULL-Werte zulassend. [C:\Users\rloer\Desktop\IT-Pc\Angular Test\DmsProjeckt\DmsProjeckt.csproj]
C:\Users\rloer\Desktop\IT-Pc\Angular Test\DmsProjeckt\Pages\Dokument\Index.cshtml.cs(66,16): warning CS8618: Non-Nullable-Eigenschaft ÔÇ×TypÔÇ£ muss beim Beenden des Konstruktors einen Wert ungleich NULL enthalten. F├╝gen Sie ggf. den ÔÇ×erforderlichenÔÇ£ Modifizierer hinzu, oder deklarieren Sie den Eigenschaft als NULL-Werte zulassend. [C:\Users\rloer\Desktop\IT-Pc\Angular Test\DmsProjeckt\DmsProjeckt.csproj]
C:\Users\rloer\Desktop\IT-Pc\Angular Test\DmsProjeckt\Pages\Dokument\Index.cshtml.cs(66,16): warning CS8618: Non-Nullable-Eigenschaft ÔÇ×KategorieÔÇ£ muss beim Beenden des Konstruktors einen Wert ungleich NULL enthalten. F├╝gen Sie ggf. den ÔÇ×erforderlichenÔÇ£ Modifizierer hinzu, oder deklarieren Sie den Eigenschaft als NULL-Werte zulassend. [C:\Users\rloer\Desktop\IT-Pc\Angular Test\DmsProjeckt\DmsProjeckt.csproj]
C:\Users\rloer\Desktop\IT-Pc\Angular Test\DmsProjeckt\Pages\Dokument\Index.cshtml.cs(66,16): warning CS8618: Non-Nullable-Eigenschaft ÔÇ×StatusÔÇ£ muss beim Beenden des Konstruktors einen Wert ungleich NULL enthalten. F├╝gen Sie ggf. den ÔÇ×erforderlichenÔÇ£ Modifizierer hinzu, oder deklarieren Sie den Eigenschaft als NULL-Werte zulassend. [C:\Users\rloer\Desktop\IT-Pc\Angular Test\DmsProjeckt\DmsProjeckt.csproj]
C:\Users\rloer\Desktop\IT-Pc\Angular Test\DmsProjeckt\Pages\Dokument\Index.cshtml.cs(66,16): warning CS8618: Non-Nullable-Eigenschaft ÔÇ×BenutzerÔÇ£ muss beim Beenden des Konstruktors einen Wert ungleich NULL enthalten. F├╝gen Sie ggf. den ÔÇ×erforderlichenÔÇ£ Modifizierer hinzu, oder deklarieren Sie den Eigenschaft als NULL-Werte zulassend. [C:\Users\rloer\Desktop\IT-Pc\Angular Test\DmsProjeckt\DmsProjeckt.csproj]
C:\Users\rloer\Desktop\IT-Pc\Angular Test\DmsProjeckt\Pages\Dokument\Index.cshtml.cs(66,16): warning CS8618: Non-Nullable-Eigenschaft ÔÇ×BenutzerIdÔÇ£ muss beim Beenden des Konstruktors einen Wert ungleich NULL enthalten. F├╝gen Sie ggf. den ÔÇ×erforderlichenÔÇ£ Modifizierer hinzu, oder deklarieren Sie den Eigenschaft als NULL-Werte zulassend. [C:\Users\rloer\Desktop\IT-Pc\Angular Test\DmsProjeckt\DmsProjeckt.csproj]
C:\Users\rloer\Desktop\IT-Pc\Angular Test\DmsProjeckt\Pages\Dokument\Index.cshtml.cs(66,16): warning CS8618: Non-Nullable-Eigenschaft ÔÇ×DateinameÔÇ£ muss beim Beenden des Konstruktors einen Wert ungleich NULL enthalten. F├╝gen Sie ggf. den ÔÇ×erforderlichenÔÇ£ Modifizierer hinzu, oder deklarieren Sie den Eigenschaft als NULL-Werte zulassend. [C:\Users\rloer\Desktop\IT-Pc\Angular Test\DmsProjeckt\DmsProjeckt.csproj]
C:\Users\rloer\Desktop\IT-Pc\Angular Test\DmsProjeckt\Pages\Dokument\Index.cshtml.cs(66,16): warning CS8618: Non-Nullable-Eigenschaft ÔÇ×RechnungsnummerÔÇ£ muss beim Beenden des Konstruktors einen Wert ungleich NULL enthalten. F├╝gen Sie ggf. den ÔÇ×erforderlichenÔÇ£ Modifizierer hinzu, oder deklarieren Sie den Eigenschaft als NULL-Werte zulassend. [C:\Users\rloer\Desktop\IT-Pc\Angular Test\DmsProjeckt\DmsProjeckt.csproj]
C:\Users\rloer\Desktop\IT-Pc\Angular Test\DmsProjeckt\Pages\Dokument\Index.cshtml.cs(66,16): warning CS8618: Non-Nullable-Eigenschaft ÔÇ×KundennummerÔÇ£ muss beim Beenden des Konstruktors einen Wert ungleich NULL enthalten. F├╝gen Sie ggf. den ÔÇ×erforderlichenÔÇ£ Modifizierer hinzu, oder deklarieren Sie den Eigenschaft als NULL-Werte zulassend. [C:\Users\rloer\Desktop\IT-Pc\Angular Test\DmsProjeckt\DmsProjeckt.csproj]
C:\Users\rloer\Desktop\IT-Pc\Angular Test\DmsProjeckt\Pages\Dokument\Index.cshtml.cs(66,16): warning CS8618: Non-Nullable-Eigenschaft ÔÇ×PdfAutorÔÇ£ muss beim Beenden des Konstruktors einen Wert ungleich NULL enthalten. F├╝gen Sie ggf. den ÔÇ×erforderlichenÔÇ£ Modifizierer hinzu, oder deklarieren Sie den Eigenschaft als NULL-Werte zulassend. [C:\Users\rloer\Desktop\IT-Pc\Angular Test\DmsProjeckt\DmsProjeckt.csproj]
C:\Users\rloer\Desktop\IT-Pc\Angular Test\DmsProjeckt\Pages\Dokument\Index.cshtml.cs(66,16): warning CS8618: Non-Nullable-Eigenschaft ÔÇ×OCRTextÔÇ£ muss beim Beenden des Konstruktors einen Wert ungleich NULL enthalten. F├╝gen Sie ggf. den ÔÇ×erforderlichenÔÇ£ Modifizierer hinzu, oder deklarieren Sie den Eigenschaft als NULL-Werte zulassend. [C:\Users\rloer\Desktop\IT-Pc\Angular Test\DmsProjeckt\DmsProjeckt.csproj]
C:\Users\rloer\Desktop\IT-Pc\Angular Test\DmsProjeckt\Pages\Dokument\Index.cshtml.cs(66,16): warning CS8618: Non-Nullable-Eigenschaft ÔÇ×QueryÔÇ£ muss beim Beenden des Konstruktors einen Wert ungleich NULL enthalten. F├╝gen Sie ggf. den ÔÇ×erforderlichenÔÇ£ Modifizierer hinzu, oder deklarieren Sie den Eigenschaft als NULL-Werte zulassend. [C:\Users\rloer\Desktop\IT-Pc\Angular Test\DmsProjeckt\DmsProjeckt.csproj]
C:\Users\rloer\Desktop\IT-Pc\Angular Test\DmsProjeckt\Pages\Dokument\Index.cshtml.cs(66,16): warning CS8618: Non-Nullable-Eigenschaft ÔÇ×NewFolderÔÇ£ muss beim Beenden des Konstruktors einen Wert ungleich NULL enthalten. F├╝gen Sie ggf. den ÔÇ×erforderlichenÔÇ£ Modifizierer hinzu, oder deklarieren Sie den Eigenschaft als NULL-Werte zulassend. [C:\Users\rloer\Desktop\IT-Pc\Angular Test\DmsProjeckt\DmsProjeckt.csproj]
C:\Users\rloer\Desktop\IT-Pc\Angular Test\DmsProjeckt\Pages\Dokument\Index.cshtml.cs(66,16): warning CS8618: Non-Nullable-Eigenschaft ÔÇ×UnterschriebenÔÇ£ muss beim Beenden des Konstruktors einen Wert ungleich NULL enthalten. F├╝gen Sie ggf. den ÔÇ×erforderlichenÔÇ£ Modifizierer hinzu, oder deklarieren Sie den Eigenschaft als NULL-Werte zulassend. [C:\Users\rloer\Desktop\IT-Pc\Angular Test\DmsProjeckt\DmsProjeckt.csproj]
C:\Users\rloer\Desktop\IT-Pc\Angular Test\DmsProjeckt\Pages\Dokument\Index.cshtml.cs(66,16): warning CS8618: Non-Nullable-Eigenschaft ÔÇ×SignierteDokumenteÔÇ£ muss beim Beenden des Konstruktors einen Wert ungleich NULL enthalten. F├╝gen Sie ggf. den ÔÇ×erforderlichenÔÇ£ Modifizierer hinzu, oder deklarieren Sie den Eigenschaft als NULL-Werte zulassend. [C:\Users\rloer\Desktop\IT-Pc\Angular Test\DmsProjeckt\DmsProjeckt.csproj]
C:\Users\rloer\Desktop\IT-Pc\Angular Test\DmsProjeckt\Pages\Dokument\Index.cshtml.cs(66,16): warning CS8618: Non-Nullable-Eigenschaft ÔÇ×NichtSignierteDokumenteÔÇ£ muss beim Beenden des Konstruktors einen Wert ungleich NULL enthalten. F├╝gen Sie ggf. den ÔÇ×erforderlichenÔÇ£ Modifizierer hinzu, oder deklarieren Sie den Eigenschaft als NULL-Werte zulassend. [C:\Users\rloer\Desktop\IT-Pc\Angular Test\DmsProjeckt\DmsProjeckt.csproj]
C:\Users\rloer\Desktop\IT-Pc\Angular Test\DmsProjeckt\Pages\Dokument\Index.cshtml.cs(66,16): warning CS8618: Non-Nullable-Eigenschaft ÔÇ×MetaListeÔÇ£ muss beim Beenden des Konstruktors einen Wert ungleich NULL enthalten. F├╝gen Sie ggf. den ÔÇ×erforderlichenÔÇ£ Modifizierer hinzu, oder deklarieren Sie den Eigenschaft als NULL-Werte zulassend. [C:\Users\rloer\Desktop\IT-Pc\Angular Test\DmsProjeckt\DmsProjeckt.csproj]
C:\Users\rloer\Desktop\IT-Pc\Angular Test\DmsProjeckt\Pages\Dokument\Index.cshtml.cs(66,16): warning CS8618: Non-Nullable-Eigenschaft ÔÇ×RowCssClassÔÇ£ muss beim Beenden des Konstruktors einen Wert ungleich NULL enthalten. F├╝gen Sie ggf. den ÔÇ×erforderlichenÔÇ£ Modifizierer hinzu, oder deklarieren Sie den Eigenschaft als NULL-Werte zulassend. [C:\Users\rloer\Desktop\IT-Pc\Angular Test\DmsProjeckt\DmsProjeckt.csproj]
C:\Users\rloer\Desktop\IT-Pc\Angular Test\DmsProjeckt\Pages\Dokument\Index.cshtml.cs(66,16): warning CS8618: Non-Nullable-Eigenschaft ÔÇ×IndexListeÔÇ£ muss beim Beenden des Konstruktors einen Wert ungleich NULL enthalten. F├╝gen Sie ggf. den ÔÇ×erforderlichenÔÇ£ Modifizierer hinzu, oder deklarieren Sie den Eigenschaft als NULL-Werte zulassend. [C:\Users\rloer\Desktop\IT-Pc\Angular Test\DmsProjeckt\DmsProjeckt.csproj]
C:\Users\rloer\Desktop\IT-Pc\Angular Test\DmsProjeckt\Pages\Dokument\Index.cshtml.cs(66,16): warning CS8618: Non-Nullable-Eigenschaft ÔÇ×RootFolderÔÇ£ muss beim Beenden des Konstruktors einen Wert ungleich NULL enthalten. F├╝gen Sie ggf. den ÔÇ×erforderlichenÔÇ£ Modifizierer hinzu, oder deklarieren Sie den Eigenschaft als NULL-Werte zulassend. [C:\Users\rloer\Desktop\IT-Pc\Angular Test\DmsProjeckt\DmsProjeckt.csproj]
C:\Users\rloer\Desktop\IT-Pc\Angular Test\DmsProjeckt\Pages\Dokument\Index.cshtml.cs(66,16): warning CS8618: Non-Nullable-Eigenschaft ÔÇ×OriginaleDokumenteÔÇ£ muss beim Beenden des Konstruktors einen Wert ungleich NULL enthalten. F├╝gen Sie ggf. den ÔÇ×erforderlichenÔÇ£ Modifizierer hinzu, oder deklarieren Sie den Eigenschaft als NULL-Werte zulassend. [C:\Users\rloer\Desktop\IT-Pc\Angular Test\DmsProjeckt\DmsProjeckt.csproj]
C:\Users\rloer\Desktop\IT-Pc\Angular Test\DmsProjeckt\Pages\Dokument\Index.cshtml.cs(66,16): warning CS8618: Non-Nullable-Eigenschaft ÔÇ×VersionierteDokumenteÔÇ£ muss beim Beenden des Konstruktors einen Wert ungleich NULL enthalten. F├╝gen Sie ggf. den ÔÇ×erforderlichenÔÇ£ Modifizierer hinzu, oder deklarieren Sie den Eigenschaft als NULL-Werte zulassend. [C:\Users\rloer\Desktop\IT-Pc\Angular Test\DmsProjeckt\DmsProjeckt.csproj]
C:\Users\rloer\Desktop\IT-Pc\Angular Test\DmsProjeckt\Pages\Dokument\Index.cshtml.cs(66,16): warning CS8618: Non-Nullable-Eigenschaft ÔÇ×ArchivierteDokumenteÔÇ£ muss beim Beenden des Konstruktors einen Wert ungleich NULL enthalten. F├╝gen Sie ggf. den ÔÇ×erforderlichenÔÇ£ Modifizierer hinzu, oder deklarieren Sie den Eigenschaft als NULL-Werte zulassend. [C:\Users\rloer\Desktop\IT-Pc\Angular Test\DmsProjeckt\DmsProjeckt.csproj]
C:\Users\rloer\Desktop\IT-Pc\Angular Test\DmsProjeckt\Pages\Dokument\Index.cshtml.cs(66,16): warning CS8618: Non-Nullable-Eigenschaft ÔÇ×SonstigeDokumenteÔÇ£ muss beim Beenden des Konstruktors einen Wert ungleich NULL enthalten. F├╝gen Sie ggf. den ÔÇ×erforderlichenÔÇ£ Modifizierer hinzu, oder deklarieren Sie den Eigenschaft als NULL-Werte zulassend. [C:\Users\rloer\Desktop\IT-Pc\Angular Test\DmsProjeckt\DmsProjeckt.csproj]
C:\Users\rloer\Desktop\IT-Pc\Angular Test\DmsProjeckt\Pages\Dokument\Index.cshtml.cs(66,16): warning CS8618: Non-Nullable-Eigenschaft ÔÇ×FirmaÔÇ£ muss beim Beenden des Konstruktors einen Wert ungleich NULL enthalten. F├╝gen Sie ggf. den ÔÇ×erforderlichenÔÇ£ Modifizierer hinzu, oder deklarieren Sie den Eigenschaft als NULL-Werte zulassend. [C:\Users\rloer\Desktop\IT-Pc\Angular Test\DmsProjeckt\DmsProjeckt.csproj]
C:\Users\rloer\Desktop\IT-Pc\Angular Test\DmsProjeckt\Pages\Dokument\Index.cshtml.cs(66,16): warning CS8618: Non-Nullable-Eigenschaft ÔÇ×FirmaNameÔÇ£ muss beim Beenden des Konstruktors einen Wert ungleich NULL enthalten. F├╝gen Sie ggf. den ÔÇ×erforderlichenÔÇ£ Modifizierer hinzu, oder deklarieren Sie den Eigenschaft als NULL-Werte zulassend. [C:\Users\rloer\Desktop\IT-Pc\Angular Test\DmsProjeckt\DmsProjeckt.csproj]
C:\Users\rloer\Desktop\IT-Pc\Angular Test\DmsProjeckt\Pages\Dokument\Index.cshtml.cs(66,16): warning CS8618: Non-Nullable-Eigenschaft ÔÇ×MoveRequestModelÔÇ£ muss beim Beenden des Konstruktors einen Wert ungleich NULL enthalten. F├╝gen Sie ggf. den ÔÇ×erforderlichenÔÇ£ Modifizierer hinzu, oder deklarieren Sie den Eigenschaft als NULL-Werte zulassend. [C:\Users\rloer\Desktop\IT-Pc\Angular Test\DmsProjeckt\DmsProjeckt.csproj]
C:\Users\rloer\Desktop\IT-Pc\Angular Test\DmsProjeckt\Pages\Dokument\Index.cshtml.cs(2396,23): warning CS8618: Non-Nullable-Eigenschaft ÔÇ×SourcePathÔÇ£ muss beim Beenden des Konstruktors einen Wert ungleich NULL enthalten. F├╝gen Sie ggf. den ÔÇ×erforderlichenÔÇ£ Modifizierer hinzu, oder deklarieren Sie den Eigenschaft als NULL-Werte zulassend. [C:\Users\rloer\Desktop\IT-Pc\Angular Test\DmsProjeckt\DmsProjeckt.csproj]
C:\Users\rloer\Desktop\IT-Pc\Angular Test\DmsProjeckt\Pages\Dokument\Index.cshtml.cs(2397,23): warning CS8618: Non-Nullable-Eigenschaft ÔÇ×TargetPathÔÇ£ muss beim Beenden des Konstruktors einen Wert ungleich NULL enthalten. F├╝gen Sie ggf. den ÔÇ×erforderlichenÔÇ£ Modifizierer hinzu, oder deklarieren Sie den Eigenschaft als NULL-Werte zulassend. [C:\Users\rloer\Desktop\IT-Pc\Angular Test\DmsProjeckt\DmsProjeckt.csproj]
C:\Users\rloer\Desktop\IT-Pc\Angular Test\DmsProjeckt\Pages\Dokument\Index.cshtml.cs(2398,23): warning CS8618: Non-Nullable-Eigenschaft ÔÇ×PasswortÔÇ£ muss beim Beenden des Konstruktors einen Wert ungleich NULL enthalten. F├╝gen Sie ggf. den ÔÇ×erforderlichenÔÇ£ Modifizierer hinzu, oder deklarieren Sie den Eigenschaft als NULL-Werte zulassend. [C:\Users\rloer\Desktop\IT-Pc\Angular Test\DmsProjeckt\DmsProjeckt.csproj]
C:\Users\rloer\Desktop\IT-Pc\Angular Test\DmsProjeckt\Pages\Dokument\DashboardAdmin.cshtml.cs(217,44): warning CS8602: Dereferenzierung eines m├Âglichen Nullverweises. [C:\Users\rloer\Desktop\IT-Pc\Angular Test\DmsProjeckt\DmsProjeckt.csproj]
C:\Users\rloer\Desktop\IT-Pc\Angular Test\DmsProjeckt\Pages\Dokument\Index.cshtml.cs(2403,23): warning CS8618: Non-Nullable-Eigenschaft ÔÇ×SourcePathÔÇ£ muss beim Beenden des Konstruktors einen Wert ungleich NULL enthalten. F├╝gen Sie ggf. den ÔÇ×erforderlichenÔÇ£ Modifizierer hinzu, oder deklarieren Sie den Eigenschaft als NULL-Werte zulassend. [C:\Users\rloer\Desktop\IT-Pc\Angular Test\DmsProjeckt\DmsProjeckt.csproj]
C:\Users\rloer\Desktop\IT-Pc\Angular Test\DmsProjeckt\Pages\Dokument\Index.cshtml.cs(2404,23): warning CS8618: Non-Nullable-Eigenschaft ÔÇ×TargetPathÔÇ£ muss beim Beenden des Konstruktors einen Wert ungleich NULL enthalten. F├╝gen Sie ggf. den ÔÇ×erforderlichenÔÇ£ Modifizierer hinzu, oder deklarieren Sie den Eigenschaft als NULL-Werte zulassend. [C:\Users\rloer\Desktop\IT-Pc\Angular Test\DmsProjeckt\DmsProjeckt.csproj]
C:\Users\rloer\Desktop\IT-Pc\Angular Test\DmsProjeckt\Pages\Dokument\Index.cshtml.cs(2405,23): warning CS8618: Non-Nullable-Eigenschaft ÔÇ×NewNameÔÇ£ muss beim Beenden des Konstruktors einen Wert ungleich NULL enthalten. F├╝gen Sie ggf. den ÔÇ×erforderlichenÔÇ£ Modifizierer hinzu, oder deklarieren Sie den Eigenschaft als NULL-Werte zulassend. [C:\Users\rloer\Desktop\IT-Pc\Angular Test\DmsProjeckt\DmsProjeckt.csproj]
C:\Users\rloer\Desktop\IT-Pc\Angular Test\DmsProjeckt\Pages\Dokument\Index.cshtml.cs(2409,23): warning CS8618: Non-Nullable-Eigenschaft ÔÇ×NameÔÇ£ muss beim Beenden des Konstruktors einen Wert ungleich NULL enthalten. F├╝gen Sie ggf. den ÔÇ×erforderlichenÔÇ£ Modifizierer hinzu, oder deklarieren Sie den Eigenschaft als NULL-Werte zulassend. [C:\Users\rloer\Desktop\IT-Pc\Angular Test\DmsProjeckt\DmsProjeckt.csproj]
C:\Users\rloer\Desktop\IT-Pc\Angular Test\DmsProjeckt\Pages\Dokument\Index.cshtml.cs(2410,23): warning CS8618: Non-Nullable-Eigenschaft ÔÇ×FullPathÔÇ£ muss beim Beenden des Konstruktors einen Wert ungleich NULL enthalten. F├╝gen Sie ggf. den ÔÇ×erforderlichenÔÇ£ Modifizierer hinzu, oder deklarieren Sie den Eigenschaft als NULL-Werte zulassend. [C:\Users\rloer\Desktop\IT-Pc\Angular Test\DmsProjeckt\DmsProjeckt.csproj]
C:\Users\rloer\Desktop\IT-Pc\Angular Test\DmsProjeckt\Pages\Dokument\Index.cshtml.cs(2415,23): warning CS8618: Non-Nullable-Eigenschaft ÔÇ×folderPathÔÇ£ muss beim Beenden des Konstruktors einen Wert ungleich NULL enthalten. F├╝gen Sie ggf. den ÔÇ×erforderlichenÔÇ£ Modifizierer hinzu, oder deklarieren Sie den Eigenschaft als NULL-Werte zulassend. [C:\Users\rloer\Desktop\IT-Pc\Angular Test\DmsProjeckt\DmsProjeckt.csproj]
C:\Users\rloer\Desktop\IT-Pc\Angular Test\DmsProjeckt\Pages\Signieren.cshtml.cs(28,27): warning CS8618: Non-Nullable-Eigenschaft ÔÇ×ObjectPathÔÇ£ muss beim Beenden des Konstruktors einen Wert ungleich NULL enthalten. F├╝gen Sie ggf. den ÔÇ×erforderlichenÔÇ£ Modifizierer hinzu, oder deklarieren Sie den Eigenschaft als NULL-Werte zulassend. [C:\Users\rloer\Desktop\IT-Pc\Angular Test\DmsProjeckt\DmsProjeckt.csproj]
C:\Users\rloer\Desktop\IT-Pc\Angular Test\DmsProjeckt\Pages\Dokument\Index.cshtml.cs(152,57): warning CS8604: M├Âgliches Nullverweisargument f├╝r den Parameter "userId" in "Task<ApplicationUser?> UserManager<ApplicationUser>.FindByIdAsync(string userId)". [C:\Users\rloer\Desktop\IT-Pc\Angular Test\DmsProjeckt\DmsProjeckt.csproj]
C:\Users\rloer\Desktop\IT-Pc\Angular Test\DmsProjeckt\Pages\Dokument\Index.cshtml.cs(2419,23): warning CS8618: Non-Nullable-Eigenschaft ÔÇ×SourceÔÇ£ muss beim Beenden des Konstruktors einen Wert ungleich NULL enthalten. F├╝gen Sie ggf. den ÔÇ×erforderlichenÔÇ£ Modifizierer hinzu, oder deklarieren Sie den Eigenschaft als NULL-Werte zulassend. [C:\Users\rloer\Desktop\IT-Pc\Angular Test\DmsProjeckt\DmsProjeckt.csproj]
C:\Users\rloer\Desktop\IT-Pc\Angular Test\DmsProjeckt\Pages\Tests\Aufgaben.cshtml.cs(26,16): warning CS8618: Non-Nullable-Eigenschaft ÔÇ×VorgewaehltesDokumentÔÇ£ muss beim Beenden des Konstruktors einen Wert ungleich NULL enthalten. F├╝gen Sie ggf. den ÔÇ×erforderlichenÔÇ£ Modifizierer hinzu, oder deklarieren Sie den Eigenschaft als NULL-Werte zulassend. [C:\Users\rloer\Desktop\IT-Pc\Angular Test\DmsProjeckt\DmsProjeckt.csproj]
C:\Users\rloer\Desktop\IT-Pc\Angular Test\DmsProjeckt\Pages\Signieren.cshtml.cs(50,29): warning CS8601: M├Âgliche Nullverweiszuweisung. [C:\Users\rloer\Desktop\IT-Pc\Angular Test\DmsProjeckt\DmsProjeckt.csproj]
C:\Users\rloer\Desktop\IT-Pc\Angular Test\DmsProjeckt\Pages\Signieren.cshtml.cs(53,27): warning CS8601: M├Âgliche Nullverweiszuweisung. [C:\Users\rloer\Desktop\IT-Pc\Angular Test\DmsProjeckt\DmsProjeckt.csproj]
C:\Users\rloer\Desktop\IT-Pc\Angular Test\DmsProjeckt\Service\VersionierungsService.cs(68,32): warning CS8604: M├Âgliches Nullverweisargument f├╝r den Parameter "abteilungName" in "(string finalPath, int? abteilungId) DocumentPathHelper.BuildFinalPath(string firma, string fileName, string kategorie, int? abteilungId, string abteilungName = null)". [C:\Users\rloer\Desktop\IT-Pc\Angular Test\DmsProjeckt\DmsProjeckt.csproj]
C:\Users\rloer\Desktop\IT-Pc\Angular Test\DmsProjeckt\Service\VersionierungsService.cs(87,29): warning CS8601: M├Âgliche Nullverweiszuweisung. [C:\Users\rloer\Desktop\IT-Pc\Angular Test\DmsProjeckt\DmsProjeckt.csproj]
C:\Users\rloer\Desktop\IT-Pc\Angular Test\DmsProjeckt\Service\VersionierungsService.cs(129,34): warning CS8602: Dereferenzierung eines m├Âglichen Nullverweises. [C:\Users\rloer\Desktop\IT-Pc\Angular Test\DmsProjeckt\DmsProjeckt.csproj]
C:\Users\rloer\Desktop\IT-Pc\Angular Test\DmsProjeckt\Pages\Dokument\DashboardAdmin.cshtml.cs(248,30): warning CS8602: Dereferenzierung eines m├Âglichen Nullverweises. [C:\Users\rloer\Desktop\IT-Pc\Angular Test\DmsProjeckt\DmsProjeckt.csproj]
C:\Users\rloer\Desktop\IT-Pc\Angular Test\DmsProjeckt\Pages\Notiz\Index.cshtml.cs(156,42): warning CS8602: Dereferenzierung eines m├Âglichen Nullverweises. [C:\Users\rloer\Desktop\IT-Pc\Angular Test\DmsProjeckt\DmsProjeckt.csproj]
C:\Users\rloer\Desktop\IT-Pc\Angular Test\DmsProjeckt\Pages\Notiz\Index.cshtml.cs(162,93): warning CS8602: Dereferenzierung eines m├Âglichen Nullverweises. [C:\Users\rloer\Desktop\IT-Pc\Angular Test\DmsProjeckt\DmsProjeckt.csproj]
C:\Users\rloer\Desktop\IT-Pc\Angular Test\DmsProjeckt\Pages\Notiz\Index.cshtml.cs(167,93): warning CS8602: Dereferenzierung eines m├Âglichen Nullverweises. [C:\Users\rloer\Desktop\IT-Pc\Angular Test\DmsProjeckt\DmsProjeckt.csproj]
C:\Users\rloer\Desktop\IT-Pc\Angular Test\DmsProjeckt\Pages\Notiz\Index.cshtml.cs(175,46): warning CS8602: Dereferenzierung eines m├Âglichen Nullverweises. [C:\Users\rloer\Desktop\IT-Pc\Angular Test\DmsProjeckt\DmsProjeckt.csproj]
C:\Users\rloer\Desktop\IT-Pc\Angular Test\DmsProjeckt\Pages\Notiz\Index.cshtml.cs(196,47): warning CS8602: Dereferenzierung eines m├Âglichen Nullverweises. [C:\Users\rloer\Desktop\IT-Pc\Angular Test\DmsProjeckt\DmsProjeckt.csproj]
C:\Users\rloer\Desktop\IT-Pc\Angular Test\DmsProjeckt\Pages\Notiz\Index.cshtml.cs(201,56): warning CS8604: M├Âgliches Nullverweisargument f├╝r den Parameter "to" in "Task EmailService.SendEmailAsync(string to, string subject, string body, List<(byte[] Data, string FileName, string MimeType)>? attachments = null)". [C:\Users\rloer\Desktop\IT-Pc\Angular Test\DmsProjeckt\DmsProjeckt.csproj]
C:\Users\rloer\Desktop\IT-Pc\Angular Test\DmsProjeckt\Pages\Tests\Aufgaben.cshtml.cs(40,28): warning CS8602: Dereferenzierung eines m├Âglichen Nullverweises. [C:\Users\rloer\Desktop\IT-Pc\Angular Test\DmsProjeckt\DmsProjeckt.csproj]
C:\Users\rloer\Desktop\IT-Pc\Angular Test\DmsProjeckt\Pages\Tests\Aufgaben.cshtml.cs(68,41): warning CS8601: M├Âgliche Nullverweiszuweisung. [C:\Users\rloer\Desktop\IT-Pc\Angular Test\DmsProjeckt\DmsProjeckt.csproj]
C:\Users\rloer\Desktop\IT-Pc\Angular Test\DmsProjeckt\Pages\Dokument\AlleVersionen.cshtml.cs(397,30): warning CS8600: Das NULL-Literal oder ein m├Âglicher NULL-Wert wird in einen Non-Nullable-Typ konvertiert. [C:\Users\rloer\Desktop\IT-Pc\Angular Test\DmsProjeckt\DmsProjeckt.csproj]
C:\Users\rloer\Desktop\IT-Pc\Angular Test\DmsProjeckt\Pages\Dokument\AlleVersionen.cshtml.cs(409,61): warning CS8604: M├Âgliches Nullverweisargument f├╝r den Parameter "remotePath" in "Task<string> WebDavStorageService.GetDownloadUrlAsync(string remotePath)". [C:\Users\rloer\Desktop\IT-Pc\Angular Test\DmsProjeckt\DmsProjeckt.csproj]
C:\Users\rloer\Desktop\IT-Pc\Angular Test\DmsProjeckt\Pages\Notiz\Index.cshtml.cs(238,30): warning CS8601: M├Âgliche Nullverweiszuweisung. [C:\Users\rloer\Desktop\IT-Pc\Angular Test\DmsProjeckt\DmsProjeckt.csproj]
C:\Users\rloer\Desktop\IT-Pc\Angular Test\DmsProjeckt\Pages\Dokument\AlleVersionen.cshtml.cs(444,38): warning CS1998: In dieser Async-Methode fehlen die "await"-Operatoren, weshalb sie synchron ausgef├╝hrt wird. Sie sollten die Verwendung des "await"-Operators oder von "await Task.Run(...)" in Betracht ziehen, um auf nicht blockierende API-Aufrufe zu warten bzw. CPU-gebundene Aufgaben auf einem Hintergrundthread auszuf├╝hren. [C:\Users\rloer\Desktop\IT-Pc\Angular Test\DmsProjeckt\DmsProjeckt.csproj]
C:\Users\rloer\Desktop\IT-Pc\Angular Test\DmsProjeckt\Pages\Tests\UploadMulti.cshtml.cs(1528,23): warning CS8618: Non-Nullable-Eigenschaft ÔÇ×FileNameÔÇ£ muss beim Beenden des Konstruktors einen Wert ungleich NULL enthalten. F├╝gen Sie ggf. den ÔÇ×erforderlichenÔÇ£ Modifizierer hinzu, oder deklarieren Sie den Eigenschaft als NULL-Werte zulassend. [C:\Users\rloer\Desktop\IT-Pc\Angular Test\DmsProjeckt\DmsProjeckt.csproj]
C:\Users\rloer\Desktop\IT-Pc\Angular Test\DmsProjeckt\Pages\Tests\UploadMulti.cshtml.cs(1529,30): warning CS8618: Non-Nullable-Eigenschaft ÔÇ×MetadataÔÇ£ muss beim Beenden des Konstruktors einen Wert ungleich NULL enthalten. F├╝gen Sie ggf. den ÔÇ×erforderlichenÔÇ£ Modifizierer hinzu, oder deklarieren Sie den Eigenschaft als NULL-Werte zulassend. [C:\Users\rloer\Desktop\IT-Pc\Angular Test\DmsProjeckt\DmsProjeckt.csproj]
C:\Users\rloer\Desktop\IT-Pc\Angular Test\DmsProjeckt\Pages\Tests\UploadMulti.cshtml.cs(1531,23): warning CS8618: Non-Nullable-Eigenschaft ÔÇ×ObjectPathÔÇ£ muss beim Beenden des Konstruktors einen Wert ungleich NULL enthalten. F├╝gen Sie ggf. den ÔÇ×erforderlichenÔÇ£ Modifizierer hinzu, oder deklarieren Sie den Eigenschaft als NULL-Werte zulassend. [C:\Users\rloer\Desktop\IT-Pc\Angular Test\DmsProjeckt\DmsProjeckt.csproj]
C:\Users\rloer\Desktop\IT-Pc\Angular Test\DmsProjeckt\Pages\Tests\UploadMulti.cshtml.cs(1534,23): warning CS8618: Non-Nullable-Eigenschaft ÔÇ×AbteilungNameÔÇ£ muss beim Beenden des Konstruktors einen Wert ungleich NULL enthalten. F├╝gen Sie ggf. den ÔÇ×erforderlichenÔÇ£ Modifizierer hinzu, oder deklarieren Sie den Eigenschaft als NULL-Werte zulassend. [C:\Users\rloer\Desktop\IT-Pc\Angular Test\DmsProjeckt\DmsProjeckt.csproj]
C:\Users\rloer\Desktop\IT-Pc\Angular Test\DmsProjeckt\Pages\Tests\UploadMulti.cshtml.cs(33,16): warning CS8618: Non-Nullable-Eigenschaft ÔÇ×DateienÔÇ£ muss beim Beenden des Konstruktors einen Wert ungleich NULL enthalten. F├╝gen Sie ggf. den ÔÇ×erforderlichenÔÇ£ Modifizierer hinzu, oder deklarieren Sie den Eigenschaft als NULL-Werte zulassend. [C:\Users\rloer\Desktop\IT-Pc\Angular Test\DmsProjeckt\DmsProjeckt.csproj]
C:\Users\rloer\Desktop\IT-Pc\Angular Test\DmsProjeckt\Pages\Tests\UploadMulti.cshtml.cs(33,16): warning CS8618: Non-Nullable-Eigenschaft ÔÇ×TitelÔÇ£ muss beim Beenden des Konstruktors einen Wert ungleich NULL enthalten. F├╝gen Sie ggf. den ÔÇ×erforderlichenÔÇ£ Modifizierer hinzu, oder deklarieren Sie den Eigenschaft als NULL-Werte zulassend. [C:\Users\rloer\Desktop\IT-Pc\Angular Test\DmsProjeckt\DmsProjeckt.csproj]
C:\Users\rloer\Desktop\IT-Pc\Angular Test\DmsProjeckt\Pages\Tests\UploadMulti.cshtml.cs(33,16): warning CS8618: Non-Nullable-Eigenschaft ÔÇ×KategorieÔÇ£ muss beim Beenden des Konstruktors einen Wert ungleich NULL enthalten. F├╝gen Sie ggf. den ÔÇ×erforderlichenÔÇ£ Modifizierer hinzu, oder deklarieren Sie den Eigenschaft als NULL-Werte zulassend. [C:\Users\rloer\Desktop\IT-Pc\Angular Test\DmsProjeckt\DmsProjeckt.csproj]
C:\Users\rloer\Desktop\IT-Pc\Angular Test\DmsProjeckt\Pages\Tests\UploadMulti.cshtml.cs(33,16): warning CS8618: Non-Nullable-Eigenschaft ÔÇ×BeschreibungÔÇ£ muss beim Beenden des Konstruktors einen Wert ungleich NULL enthalten. F├╝gen Sie ggf. den ÔÇ×erforderlichenÔÇ£ Modifizierer hinzu, oder deklarieren Sie den Eigenschaft als NULL-Werte zulassend. [C:\Users\rloer\Desktop\IT-Pc\Angular Test\DmsProjeckt\DmsProjeckt.csproj]
C:\Users\rloer\Desktop\IT-Pc\Angular Test\DmsProjeckt\Pages\Tests\UploadMulti.cshtml.cs(33,16): warning CS8618: Non-Nullable-Eigenschaft ÔÇ×RechnungsnummerÔÇ£ muss beim Beenden des Konstruktors einen Wert ungleich NULL enthalten. F├╝gen Sie ggf. den ÔÇ×erforderlichenÔÇ£ Modifizierer hinzu, oder deklarieren Sie den Eigenschaft als NULL-Werte zulassend. [C:\Users\rloer\Desktop\IT-Pc\Angular Test\DmsProjeckt\DmsProjeckt.csproj]
C:\Users\rloer\Desktop\IT-Pc\Angular Test\DmsProjeckt\Pages\Tests\UploadMulti.cshtml.cs(33,16): warning CS8618: Non-Nullable-Eigenschaft ÔÇ×KundennummerÔÇ£ muss beim Beenden des Konstruktors einen Wert ungleich NULL enthalten. F├╝gen Sie ggf. den ÔÇ×erforderlichenÔÇ£ Modifizierer hinzu, oder deklarieren Sie den Eigenschaft als NULL-Werte zulassend. [C:\Users\rloer\Desktop\IT-Pc\Angular Test\DmsProjeckt\DmsProjeckt.csproj]
C:\Users\rloer\Desktop\IT-Pc\Angular Test\DmsProjeckt\Pages\Tests\UploadMulti.cshtml.cs(33,16): warning CS8618: Non-Nullable-Eigenschaft ÔÇ×RechnungsbetragÔÇ£ muss beim Beenden des Konstruktors einen Wert ungleich NULL enthalten. F├╝gen Sie ggf. den ÔÇ×erforderlichenÔÇ£ Modifizierer hinzu, oder deklarieren Sie den Eigenschaft als NULL-Werte zulassend. [C:\Users\rloer\Desktop\IT-Pc\Angular Test\DmsProjeckt\DmsProjeckt.csproj]
C:\Users\rloer\Desktop\IT-Pc\Angular Test\DmsProjeckt\Pages\Tests\UploadMulti.cshtml.cs(33,16): warning CS8618: Non-Nullable-Eigenschaft ÔÇ×NettobetragÔÇ£ muss beim Beenden des Konstruktors einen Wert ungleich NULL enthalten. F├╝gen Sie ggf. den ÔÇ×erforderlichenÔÇ£ Modifizierer hinzu, oder deklarieren Sie den Eigenschaft als NULL-Werte zulassend. [C:\Users\rloer\Desktop\IT-Pc\Angular Test\DmsProjeckt\DmsProjeckt.csproj]
C:\Users\rloer\Desktop\IT-Pc\Angular Test\DmsProjeckt\Pages\Tests\UploadMulti.cshtml.cs(33,16): warning CS8618: Non-Nullable-Eigenschaft ÔÇ×GesamtpreisÔÇ£ muss beim Beenden des Konstruktors einen Wert ungleich NULL enthalten. F├╝gen Sie ggf. den ÔÇ×erforderlichenÔÇ£ Modifizierer hinzu, oder deklarieren Sie den Eigenschaft als NULL-Werte zulassend. [C:\Users\rloer\Desktop\IT-Pc\Angular Test\DmsProjeckt\DmsProjeckt.csproj]
C:\Users\rloer\Desktop\IT-Pc\Angular Test\DmsProjeckt\Pages\Tests\UploadMulti.cshtml.cs(33,16): warning CS8618: Non-Nullable-Eigenschaft ÔÇ×SteuerbetragÔÇ£ muss beim Beenden des Konstruktors einen Wert ungleich NULL enthalten. F├╝gen Sie ggf. den ÔÇ×erforderlichenÔÇ£ Modifizierer hinzu, oder deklarieren Sie den Eigenschaft als NULL-Werte zulassend. [C:\Users\rloer\Desktop\IT-Pc\Angular Test\DmsProjeckt\DmsProjeckt.csproj]
C:\Users\rloer\Desktop\IT-Pc\Angular Test\DmsProjeckt\Pages\Tests\UploadMulti.cshtml.cs(33,16): warning CS8618: Non-Nullable-Eigenschaft ÔÇ×RechnungsdatumÔÇ£ muss beim Beenden des Konstruktors einen Wert ungleich NULL enthalten. F├╝gen Sie ggf. den ÔÇ×erforderlichenÔÇ£ Modifizierer hinzu, oder deklarieren Sie den Eigenschaft als NULL-Werte zulassend. [C:\Users\rloer\Desktop\IT-Pc\Angular Test\DmsProjeckt\DmsProjeckt.csproj]
C:\Users\rloer\Desktop\IT-Pc\Angular Test\DmsProjeckt\Pages\Tests\UploadMulti.cshtml.cs(33,16): warning CS8618: Non-Nullable-Eigenschaft ÔÇ×LieferdatumÔÇ£ muss beim Beenden des Konstruktors einen Wert ungleich NULL enthalten. F├╝gen Sie ggf. den ÔÇ×erforderlichenÔÇ£ Modifizierer hinzu, oder deklarieren Sie den Eigenschaft als NULL-Werte zulassend. [C:\Users\rloer\Desktop\IT-Pc\Angular Test\DmsProjeckt\DmsProjeckt.csproj]
C:\Users\rloer\Desktop\IT-Pc\Angular Test\DmsProjeckt\Pages\Tests\UploadMulti.cshtml.cs(33,16): warning CS8618: Non-Nullable-Eigenschaft ÔÇ×FaelligkeitsdatumÔÇ£ muss beim Beenden des Konstruktors einen Wert ungleich NULL enthalten. F├╝gen Sie ggf. den ÔÇ×erforderlichenÔÇ£ Modifizierer hinzu, oder deklarieren Sie den Eigenschaft als NULL-Werte zulassend. [C:\Users\rloer\Desktop\IT-Pc\Angular Test\DmsProjeckt\DmsProjeckt.csproj]
C:\Users\rloer\Desktop\IT-Pc\Angular Test\DmsProjeckt\Pages\Tests\UploadMulti.cshtml.cs(33,16): warning CS8618: Non-Nullable-Eigenschaft ÔÇ×ZahlungsbedingungenÔÇ£ muss beim Beenden des Konstruktors einen Wert ungleich NULL enthalten. F├╝gen Sie ggf. den ÔÇ×erforderlichenÔÇ£ Modifizierer hinzu, oder deklarieren Sie den Eigenschaft als NULL-Werte zulassend. [C:\Users\rloer\Desktop\IT-Pc\Angular Test\DmsProjeckt\DmsProjeckt.csproj]
C:\Users\rloer\Desktop\IT-Pc\Angular Test\DmsProjeckt\Pages\Tests\UploadMulti.cshtml.cs(33,16): warning CS8618: Non-Nullable-Eigenschaft ÔÇ×LieferartÔÇ£ muss beim Beenden des Konstruktors einen Wert ungleich NULL enthalten. F├╝gen Sie ggf. den ÔÇ×erforderlichenÔÇ£ Modifizierer hinzu, oder deklarieren Sie den Eigenschaft als NULL-Werte zulassend. [C:\Users\rloer\Desktop\IT-Pc\Angular Test\DmsProjeckt\DmsProjeckt.csproj]
C:\Users\rloer\Desktop\IT-Pc\Angular Test\DmsProjeckt\Pages\Tests\UploadMulti.cshtml.cs(33,16): warning CS8618: Non-Nullable-Eigenschaft ÔÇ×ArtikelAnzahlÔÇ£ muss beim Beenden des Konstruktors einen Wert ungleich NULL enthalten. F├╝gen Sie ggf. den ÔÇ×erforderlichenÔÇ£ Modifizierer hinzu, oder deklarieren Sie den Eigenschaft als NULL-Werte zulassend. [C:\Users\rloer\Desktop\IT-Pc\Angular Test\DmsProjeckt\DmsProjeckt.csproj]
C:\Users\rloer\Desktop\IT-Pc\Angular Test\DmsProjeckt\Pages\Tests\UploadMulti.cshtml.cs(33,16): warning CS8618: Non-Nullable-Eigenschaft ÔÇ×EmailÔÇ£ muss beim Beenden des Konstruktors einen Wert ungleich NULL enthalten. F├╝gen Sie ggf. den ÔÇ×erforderlichenÔÇ£ Modifizierer hinzu, oder deklarieren Sie den Eigenschaft als NULL-Werte zulassend. [C:\Users\rloer\Desktop\IT-Pc\Angular Test\DmsProjeckt\DmsProjeckt.csproj]
C:\Users\rloer\Desktop\IT-Pc\Angular Test\DmsProjeckt\Pages\Tests\UploadMulti.cshtml.cs(33,16): warning CS8618: Non-Nullable-Eigenschaft ÔÇ×TelefonÔÇ£ muss beim Beenden des Konstruktors einen Wert ungleich NULL enthalten. F├╝gen Sie ggf. den ÔÇ×erforderlichenÔÇ£ Modifizierer hinzu, oder deklarieren Sie den Eigenschaft als NULL-Werte zulassend. [C:\Users\rloer\Desktop\IT-Pc\Angular Test\DmsProjeckt\DmsProjeckt.csproj]
C:\Users\rloer\Desktop\IT-Pc\Angular Test\DmsProjeckt\Pages\Tests\UploadMulti.cshtml.cs(33,16): warning CS8618: Non-Nullable-Eigenschaft ÔÇ×TelefaxÔÇ£ muss beim Beenden des Konstruktors einen Wert ungleich NULL enthalten. F├╝gen Sie ggf. den ÔÇ×erforderlichenÔÇ£ Modifizierer hinzu, oder deklarieren Sie den Eigenschaft als NULL-Werte zulassend. [C:\Users\rloer\Desktop\IT-Pc\Angular Test\DmsProjeckt\DmsProjeckt.csproj]
C:\Users\rloer\Desktop\IT-Pc\Angular Test\DmsProjeckt\Pages\Tests\UploadMulti.cshtml.cs(33,16): warning CS8618: Non-Nullable-Eigenschaft ÔÇ×IBANÔÇ£ muss beim Beenden des Konstruktors einen Wert ungleich NULL enthalten. F├╝gen Sie ggf. den ÔÇ×erforderlichenÔÇ£ Modifizierer hinzu, oder deklarieren Sie den Eigenschaft als NULL-Werte zulassend. [C:\Users\rloer\Desktop\IT-Pc\Angular Test\DmsProjeckt\DmsProjeckt.csproj]
C:\Users\rloer\Desktop\IT-Pc\Angular Test\DmsProjeckt\Pages\Tests\UploadMulti.cshtml.cs(33,16): warning CS8618: Non-Nullable-Eigenschaft ÔÇ×BICÔÇ£ muss beim Beenden des Konstruktors einen Wert ungleich NULL enthalten. F├╝gen Sie ggf. den ÔÇ×erforderlichenÔÇ£ Modifizierer hinzu, oder deklarieren Sie den Eigenschaft als NULL-Werte zulassend. [C:\Users\rloer\Desktop\IT-Pc\Angular Test\DmsProjeckt\DmsProjeckt.csproj]
C:\Users\rloer\Desktop\IT-Pc\Angular Test\DmsProjeckt\Pages\Tests\UploadMulti.cshtml.cs(33,16): warning CS8618: Non-Nullable-Eigenschaft ÔÇ×BankverbindungÔÇ£ muss beim Beenden des Konstruktors einen Wert ungleich NULL enthalten. F├╝gen Sie ggf. den ÔÇ×erforderlichenÔÇ£ Modifizierer hinzu, oder deklarieren Sie den Eigenschaft als NULL-Werte zulassend. [C:\Users\rloer\Desktop\IT-Pc\Angular Test\DmsProjeckt\DmsProjeckt.csproj]
C:\Users\rloer\Desktop\IT-Pc\Angular Test\DmsProjeckt\Pages\Tests\UploadMulti.cshtml.cs(33,16): warning CS8618: Non-Nullable-Eigenschaft ÔÇ×SteuerNrÔÇ£ muss beim Beenden des Konstruktors einen Wert ungleich NULL enthalten. F├╝gen Sie ggf. den ÔÇ×erforderlichenÔÇ£ Modifizierer hinzu, oder deklarieren Sie den Eigenschaft als NULL-Werte zulassend. [C:\Users\rloer\Desktop\IT-Pc\Angular Test\DmsProjeckt\DmsProjeckt.csproj]
C:\Users\rloer\Desktop\IT-Pc\Angular Test\DmsProjeckt\Pages\Tests\UploadMulti.cshtml.cs(33,16): warning CS8618: Non-Nullable-Eigenschaft ÔÇ×UIDNummerÔÇ£ muss beim Beenden des Konstruktors einen Wert ungleich NULL enthalten. F├╝gen Sie ggf. den ÔÇ×erforderlichenÔÇ£ Modifizierer hinzu, oder deklarieren Sie den Eigenschaft als NULL-Werte zulassend. [C:\Users\rloer\Desktop\IT-Pc\Angular Test\DmsProjeckt\DmsProjeckt.csproj]
C:\Users\rloer\Desktop\IT-Pc\Angular Test\DmsProjeckt\Pages\Tests\UploadMulti.cshtml.cs(33,16): warning CS8618: Non-Nullable-Eigenschaft ÔÇ×AdresseÔÇ£ muss beim Beenden des Konstruktors einen Wert ungleich NULL enthalten. F├╝gen Sie ggf. den ÔÇ×erforderlichenÔÇ£ Modifizierer hinzu, oder deklarieren Sie den Eigenschaft als NULL-Werte zulassend. [C:\Users\rloer\Desktop\IT-Pc\Angular Test\DmsProjeckt\DmsProjeckt.csproj]
C:\Users\rloer\Desktop\IT-Pc\Angular Test\DmsProjeckt\Pages\Tests\UploadMulti.cshtml.cs(33,16): warning CS8618: Non-Nullable-Eigenschaft ÔÇ×AbsenderAdresseÔÇ£ muss beim Beenden des Konstruktors einen Wert ungleich NULL enthalten. F├╝gen Sie ggf. den ÔÇ×erforderlichenÔÇ£ Modifizierer hinzu, oder deklarieren Sie den Eigenschaft als NULL-Werte zulassend. [C:\Users\rloer\Desktop\IT-Pc\Angular Test\DmsProjeckt\DmsProjeckt.csproj]
C:\Users\rloer\Desktop\IT-Pc\Angular Test\DmsProjeckt\Pages\Tests\UploadMulti.cshtml.cs(33,16): warning CS8618: Non-Nullable-Eigenschaft ÔÇ×AnsprechPartnerÔÇ£ muss beim Beenden des Konstruktors einen Wert ungleich NULL enthalten. F├╝gen Sie ggf. den ÔÇ×erforderlichenÔÇ£ Modifizierer hinzu, oder deklarieren Sie den Eigenschaft als NULL-Werte zulassend. [C:\Users\rloer\Desktop\IT-Pc\Angular Test\DmsProjeckt\DmsProjeckt.csproj]
C:\Users\rloer\Desktop\IT-Pc\Angular Test\DmsProjeckt\Pages\Tests\UploadMulti.cshtml.cs(33,16): warning CS8618: Non-Nullable-Eigenschaft ÔÇ×ZeitraumÔÇ£ muss beim Beenden des Konstruktors einen Wert ungleich NULL enthalten. F├╝gen Sie ggf. den ÔÇ×erforderlichenÔÇ£ Modifizierer hinzu, oder deklarieren Sie den Eigenschaft als NULL-Werte zulassend. [C:\Users\rloer\Desktop\IT-Pc\Angular Test\DmsProjeckt\DmsProjeckt.csproj]
C:\Users\rloer\Desktop\IT-Pc\Angular Test\DmsProjeckt\Pages\Tests\UploadMulti.cshtml.cs(33,16): warning CS8618: Non-Nullable-Eigenschaft ÔÇ×PdfAutorÔÇ£ muss beim Beenden des Konstruktors einen Wert ungleich NULL enthalten. F├╝gen Sie ggf. den ÔÇ×erforderlichenÔÇ£ Modifizierer hinzu, oder deklarieren Sie den Eigenschaft als NULL-Werte zulassend. [C:\Users\rloer\Desktop\IT-Pc\Angular Test\DmsProjeckt\DmsProjeckt.csproj]
C:\Users\rloer\Desktop\IT-Pc\Angular Test\DmsProjeckt\Pages\Tests\UploadMulti.cshtml.cs(33,16): warning CS8618: Non-Nullable-Eigenschaft ÔÇ×PdfBetreffÔÇ£ muss beim Beenden des Konstruktors einen Wert ungleich NULL enthalten. F├╝gen Sie ggf. den ÔÇ×erforderlichenÔÇ£ Modifizierer hinzu, oder deklarieren Sie den Eigenschaft als NULL-Werte zulassend. [C:\Users\rloer\Desktop\IT-Pc\Angular Test\DmsProjeckt\DmsProjeckt.csproj]
C:\Users\rloer\Desktop\IT-Pc\Angular Test\DmsProjeckt\Pages\Tests\UploadMulti.cshtml.cs(33,16): warning CS8618: Non-Nullable-Eigenschaft ÔÇ×PdfSchluesselwoerterÔÇ£ muss beim Beenden des Konstruktors einen Wert ungleich NULL enthalten. F├╝gen Sie ggf. den ÔÇ×erforderlichenÔÇ£ Modifizierer hinzu, oder deklarieren Sie den Eigenschaft als NULL-Werte zulassend. [C:\Users\rloer\Desktop\IT-Pc\Angular Test\DmsProjeckt\DmsProjeckt.csproj]
C:\Users\rloer\Desktop\IT-Pc\Angular Test\DmsProjeckt\Pages\Tests\UploadMulti.cshtml.cs(33,16): warning CS8618: Non-Nullable-Eigenschaft ÔÇ×WebsiteÔÇ£ muss beim Beenden des Konstruktors einen Wert ungleich NULL enthalten. F├╝gen Sie ggf. den ÔÇ×erforderlichenÔÇ£ Modifizierer hinzu, oder deklarieren Sie den Eigenschaft als NULL-Werte zulassend. [C:\Users\rloer\Desktop\IT-Pc\Angular Test\DmsProjeckt\DmsProjeckt.csproj]
C:\Users\rloer\Desktop\IT-Pc\Angular Test\DmsProjeckt\Pages\Tests\UploadMulti.cshtml.cs(33,16): warning CS8618: Non-Nullable-Eigenschaft ÔÇ×OCRTextÔÇ£ muss beim Beenden des Konstruktors einen Wert ungleich NULL enthalten. F├╝gen Sie ggf. den ÔÇ×erforderlichenÔÇ£ Modifizierer hinzu, oder deklarieren Sie den Eigenschaft als NULL-Werte zulassend. [C:\Users\rloer\Desktop\IT-Pc\Angular Test\DmsProjeckt\DmsProjeckt.csproj]
C:\Users\rloer\Desktop\IT-Pc\Angular Test\DmsProjeckt\Pages\Tests\UploadMulti.cshtml.cs(33,16): warning CS8618: Non-Nullable-Eigenschaft ÔÇ×DateiÔÇ£ muss beim Beenden des Konstruktors einen Wert ungleich NULL enthalten. F├╝gen Sie ggf. den ÔÇ×erforderlichenÔÇ£ Modifizierer hinzu, oder deklarieren Sie den Eigenschaft als NULL-Werte zulassend. [C:\Users\rloer\Desktop\IT-Pc\Angular Test\DmsProjeckt\DmsProjeckt.csproj]
C:\Users\rloer\Desktop\IT-Pc\Angular Test\DmsProjeckt\Pages\Tests\UploadMulti.cshtml.cs(33,16): warning CS8618: Non-Nullable-Eigenschaft ÔÇ×UserAbteilungNameÔÇ£ muss beim Beenden des Konstruktors einen Wert ungleich NULL enthalten. F├╝gen Sie ggf. den ÔÇ×erforderlichenÔÇ£ Modifizierer hinzu, oder deklarieren Sie den Eigenschaft als NULL-Werte zulassend. [C:\Users\rloer\Desktop\IT-Pc\Angular Test\DmsProjeckt\DmsProjeckt.csproj]
C:\Users\rloer\Desktop\IT-Pc\Angular Test\DmsProjeckt\Pages\Tests\UploadMulti.cshtml.cs(33,16): warning CS8618: Non-Nullable-Eigenschaft ÔÇ×DokumenteJsonÔÇ£ muss beim Beenden des Konstruktors einen Wert ungleich NULL enthalten. F├╝gen Sie ggf. den ÔÇ×erforderlichenÔÇ£ Modifizierer hinzu, oder deklarieren Sie den Eigenschaft als NULL-Werte zulassend. [C:\Users\rloer\Desktop\IT-Pc\Angular Test\DmsProjeckt\DmsProjeckt.csproj]
C:\Users\rloer\Desktop\IT-Pc\Angular Test\DmsProjeckt\Pages\Dokument\DashboardAdmin.cshtml.cs(360,44): warning CS8602: Dereferenzierung eines m├Âglichen Nullverweises. [C:\Users\rloer\Desktop\IT-Pc\Angular Test\DmsProjeckt\DmsProjeckt.csproj]
C:\Users\rloer\Desktop\IT-Pc\Angular Test\DmsProjeckt\Pages\Dokument\AlleVersionen.cshtml.cs(74,23): warning CS8618: Non-Nullable-Eigenschaft ÔÇ×OriginalNameÔÇ£ muss beim Beenden des Konstruktors einen Wert ungleich NULL enthalten. F├╝gen Sie ggf. den ÔÇ×erforderlichenÔÇ£ Modifizierer hinzu, oder deklarieren Sie den Eigenschaft als NULL-Werte zulassend. [C:\Users\rloer\Desktop\IT-Pc\Angular Test\DmsProjeckt\DmsProjeckt.csproj]
C:\Users\rloer\Desktop\IT-Pc\Angular Test\DmsProjeckt\Pages\Dokument\AlleVersionen.cshtml.cs(75,34): warning CS8618: Non-Nullable-Eigenschaft ÔÇ×VersionsÔÇ£ muss beim Beenden des Konstruktors einen Wert ungleich NULL enthalten. F├╝gen Sie ggf. den ÔÇ×erforderlichenÔÇ£ Modifizierer hinzu, oder deklarieren Sie den Eigenschaft als NULL-Werte zulassend. [C:\Users\rloer\Desktop\IT-Pc\Angular Test\DmsProjeckt\DmsProjeckt.csproj]
C:\Users\rloer\Desktop\IT-Pc\Angular Test\DmsProjeckt\Pages\Tests\UploadMulti.cshtml.cs(98,30): warning CS8618: Non-Nullable-Eigenschaft ÔÇ×ContentÔÇ£ muss beim Beenden des Konstruktors einen Wert ungleich NULL enthalten. F├╝gen Sie ggf. den ÔÇ×erforderlichenÔÇ£ Modifizierer hinzu, oder deklarieren Sie den Eigenschaft als NULL-Werte zulassend. [C:\Users\rloer\Desktop\IT-Pc\Angular Test\DmsProjeckt\DmsProjeckt.csproj]
C:\Users\rloer\Desktop\IT-Pc\Angular Test\DmsProjeckt\Pages\Tests\UploadMulti.cshtml.cs(99,27): warning CS8618: Non-Nullable-Eigenschaft ÔÇ×FileNameÔÇ£ muss beim Beenden des Konstruktors einen Wert ungleich NULL enthalten. F├╝gen Sie ggf. den ÔÇ×erforderlichenÔÇ£ Modifizierer hinzu, oder deklarieren Sie den Eigenschaft als NULL-Werte zulassend. [C:\Users\rloer\Desktop\IT-Pc\Angular Test\DmsProjeckt\DmsProjeckt.csproj]
C:\Users\rloer\Desktop\IT-Pc\Angular Test\DmsProjeckt\Pages\Tests\UploadMulti.cshtml.cs(102,27): warning CS8618: Non-Nullable-Eigenschaft ÔÇ×ObjectPathÔÇ£ muss beim Beenden des Konstruktors einen Wert ungleich NULL enthalten. F├╝gen Sie ggf. den ÔÇ×erforderlichenÔÇ£ Modifizierer hinzu, oder deklarieren Sie den Eigenschaft als NULL-Werte zulassend. [C:\Users\rloer\Desktop\IT-Pc\Angular Test\DmsProjeckt\DmsProjeckt.csproj]
C:\Users\rloer\Desktop\IT-Pc\Angular Test\DmsProjeckt\Pages\Tests\UploadMulti.cshtml.cs(107,27): warning CS8618: Non-Nullable-Eigenschaft ÔÇ×AbteilungNameÔÇ£ muss beim Beenden des Konstruktors einen Wert ungleich NULL enthalten. F├╝gen Sie ggf. den ÔÇ×erforderlichenÔÇ£ Modifizierer hinzu, oder deklarieren Sie den Eigenschaft als NULL-Werte zulassend. [C:\Users\rloer\Desktop\IT-Pc\Angular Test\DmsProjeckt\DmsProjeckt.csproj]
C:\Users\rloer\Desktop\IT-Pc\Angular Test\DmsProjeckt\Pages\Dokument\AlleVersionen.cshtml.cs(59,23): warning CS8618: Non-Nullable-Eigenschaft ÔÇ×OriginalNameÔÇ£ muss beim Beenden des Konstruktors einen Wert ungleich NULL enthalten. F├╝gen Sie ggf. den ÔÇ×erforderlichenÔÇ£ Modifizierer hinzu, oder deklarieren Sie den Eigenschaft als NULL-Werte zulassend. [C:\Users\rloer\Desktop\IT-Pc\Angular Test\DmsProjeckt\DmsProjeckt.csproj]
C:\Users\rloer\Desktop\IT-Pc\Angular Test\DmsProjeckt\Pages\Dokument\AlleVersionen.cshtml.cs(60,23): warning CS8618: Non-Nullable-Eigenschaft ÔÇ×DateinameÔÇ£ muss beim Beenden des Konstruktors einen Wert ungleich NULL enthalten. F├╝gen Sie ggf. den ÔÇ×erforderlichenÔÇ£ Modifizierer hinzu, oder deklarieren Sie den Eigenschaft als NULL-Werte zulassend. [C:\Users\rloer\Desktop\IT-Pc\Angular Test\DmsProjeckt\DmsProjeckt.csproj]
C:\Users\rloer\Desktop\IT-Pc\Angular Test\DmsProjeckt\Pages\Dokument\AlleVersionen.cshtml.cs(61,23): warning CS8618: Non-Nullable-Eigenschaft ÔÇ×SasUrlÔÇ£ muss beim Beenden des Konstruktors einen Wert ungleich NULL enthalten. F├╝gen Sie ggf. den ÔÇ×erforderlichenÔÇ£ Modifizierer hinzu, oder deklarieren Sie den Eigenschaft als NULL-Werte zulassend. [C:\Users\rloer\Desktop\IT-Pc\Angular Test\DmsProjeckt\DmsProjeckt.csproj]
C:\Users\rloer\Desktop\IT-Pc\Angular Test\DmsProjeckt\Pages\Dokument\AlleVersionen.cshtml.cs(62,23): warning CS8618: Non-Nullable-Eigenschaft ÔÇ×ObjectPathÔÇ£ muss beim Beenden des Konstruktors einen Wert ungleich NULL enthalten. F├╝gen Sie ggf. den ÔÇ×erforderlichenÔÇ£ Modifizierer hinzu, oder deklarieren Sie den Eigenschaft als NULL-Werte zulassend. [C:\Users\rloer\Desktop\IT-Pc\Angular Test\DmsProjeckt\DmsProjeckt.csproj]
C:\Users\rloer\Desktop\IT-Pc\Angular Test\DmsProjeckt\Pages\Dokument\AlleVersionen.cshtml.cs(65,23): warning CS8618: Non-Nullable-Eigenschaft ÔÇ×KategorieÔÇ£ muss beim Beenden des Konstruktors einen Wert ungleich NULL enthalten. F├╝gen Sie ggf. den ÔÇ×erforderlichenÔÇ£ Modifizierer hinzu, oder deklarieren Sie den Eigenschaft als NULL-Werte zulassend. [C:\Users\rloer\Desktop\IT-Pc\Angular Test\DmsProjeckt\DmsProjeckt.csproj]
C:\Users\rloer\Desktop\IT-Pc\Angular Test\DmsProjeckt\Pages\Dokument\AlleVersionen.cshtml.cs(67,23): warning CS8618: Non-Nullable-Eigenschaft ÔÇ×CommentSummaryÔÇ£ muss beim Beenden des Konstruktors einen Wert ungleich NULL enthalten. F├╝gen Sie ggf. den ÔÇ×erforderlichenÔÇ£ Modifizierer hinzu, oder deklarieren Sie den Eigenschaft als NULL-Werte zulassend. [C:\Users\rloer\Desktop\IT-Pc\Angular Test\DmsProjeckt\DmsProjeckt.csproj]
C:\Users\rloer\Desktop\IT-Pc\Angular Test\DmsProjeckt\Pages\Tests\UploadMulti.cshtml.cs(121,27): warning CS8618: Non-Nullable-Eigenschaft ÔÇ×KategorieÔÇ£ muss beim Beenden des Konstruktors einen Wert ungleich NULL enthalten. F├╝gen Sie ggf. den ÔÇ×erforderlichenÔÇ£ Modifizierer hinzu, oder deklarieren Sie den Eigenschaft als NULL-Werte zulassend. [C:\Users\rloer\Desktop\IT-Pc\Angular Test\DmsProjeckt\DmsProjeckt.csproj]
C:\Users\rloer\Desktop\IT-Pc\Angular Test\DmsProjeckt\Pages\Tests\UploadMulti.cshtml.cs(122,27): warning CS8618: Non-Nullable-Eigenschaft ÔÇ×BeschreibungÔÇ£ muss beim Beenden des Konstruktors einen Wert ungleich NULL enthalten. F├╝gen Sie ggf. den ÔÇ×erforderlichenÔÇ£ Modifizierer hinzu, oder deklarieren Sie den Eigenschaft als NULL-Werte zulassend. [C:\Users\rloer\Desktop\IT-Pc\Angular Test\DmsProjeckt\DmsProjeckt.csproj]
C:\Users\rloer\Desktop\IT-Pc\Angular Test\DmsProjeckt\Pages\Tests\UploadMulti.cshtml.cs(123,27): warning CS8618: Non-Nullable-Eigenschaft ÔÇ×TitelÔÇ£ muss beim Beenden des Konstruktors einen Wert ungleich NULL enthalten. F├╝gen Sie ggf. den ÔÇ×erforderlichenÔÇ£ Modifizierer hinzu, oder deklarieren Sie den Eigenschaft als NULL-Werte zulassend. [C:\Users\rloer\Desktop\IT-Pc\Angular Test\DmsProjeckt\DmsProjeckt.csproj]
C:\Users\rloer\Desktop\IT-Pc\Angular Test\DmsProjeckt\Pages\Tests\UploadMulti.cshtml.cs(124,27): warning CS8618: Non-Nullable-Eigenschaft ÔÇ×RechnungsnummerÔÇ£ muss beim Beenden des Konstruktors einen Wert ungleich NULL enthalten. F├╝gen Sie ggf. den ÔÇ×erforderlichenÔÇ£ Modifizierer hinzu, oder deklarieren Sie den Eigenschaft als NULL-Werte zulassend. [C:\Users\rloer\Desktop\IT-Pc\Angular Test\DmsProjeckt\DmsProjeckt.csproj]
C:\Users\rloer\Desktop\IT-Pc\Angular Test\DmsProjeckt\Pages\Tests\UploadMulti.cshtml.cs(125,27): warning CS8618: Non-Nullable-Eigenschaft ÔÇ×KundennummerÔÇ£ muss beim Beenden des Konstruktors einen Wert ungleich NULL enthalten. F├╝gen Sie ggf. den ÔÇ×erforderlichenÔÇ£ Modifizierer hinzu, oder deklarieren Sie den Eigenschaft als NULL-Werte zulassend. [C:\Users\rloer\Desktop\IT-Pc\Angular Test\DmsProjeckt\DmsProjeckt.csproj]
C:\Users\rloer\Desktop\IT-Pc\Angular Test\DmsProjeckt\Pages\Tests\UploadMulti.cshtml.cs(126,27): warning CS8618: Non-Nullable-Eigenschaft ÔÇ×RechnungsbetragÔÇ£ muss beim Beenden des Konstruktors einen Wert ungleich NULL enthalten. F├╝gen Sie ggf. den ÔÇ×erforderlichenÔÇ£ Modifizierer hinzu, oder deklarieren Sie den Eigenschaft als NULL-Werte zulassend. [C:\Users\rloer\Desktop\IT-Pc\Angular Test\DmsProjeckt\DmsProjeckt.csproj]
C:\Users\rloer\Desktop\IT-Pc\Angular Test\DmsProjeckt\Pages\Tests\UploadMulti.cshtml.cs(127,27): warning CS8618: Non-Nullable-Eigenschaft ÔÇ×NettobetragÔÇ£ muss beim Beenden des Konstruktors einen Wert ungleich NULL enthalten. F├╝gen Sie ggf. den ÔÇ×erforderlichenÔÇ£ Modifizierer hinzu, oder deklarieren Sie den Eigenschaft als NULL-Werte zulassend. [C:\Users\rloer\Desktop\IT-Pc\Angular Test\DmsProjeckt\DmsProjeckt.csproj]
C:\Users\rloer\Desktop\IT-Pc\Angular Test\DmsProjeckt\Pages\Tests\UploadMulti.cshtml.cs(128,27): warning CS8618: Non-Nullable-Eigenschaft ÔÇ×GesamtpreisÔÇ£ muss beim Beenden des Konstruktors einen Wert ungleich NULL enthalten. F├╝gen Sie ggf. den ÔÇ×erforderlichenÔÇ£ Modifizierer hinzu, oder deklarieren Sie den Eigenschaft als NULL-Werte zulassend. [C:\Users\rloer\Desktop\IT-Pc\Angular Test\DmsProjeckt\DmsProjeckt.csproj]
C:\Users\rloer\Desktop\IT-Pc\Angular Test\DmsProjeckt\Pages\Tests\UploadMulti.cshtml.cs(129,27): warning CS8618: Non-Nullable-Eigenschaft ÔÇ×SteuerbetragÔÇ£ muss beim Beenden des Konstruktors einen Wert ungleich NULL enthalten. F├╝gen Sie ggf. den ÔÇ×erforderlichenÔÇ£ Modifizierer hinzu, oder deklarieren Sie den Eigenschaft als NULL-Werte zulassend. [C:\Users\rloer\Desktop\IT-Pc\Angular Test\DmsProjeckt\DmsProjeckt.csproj]
C:\Users\rloer\Desktop\IT-Pc\Angular Test\DmsProjeckt\Pages\Tests\UploadMulti.cshtml.cs(130,27): warning CS8618: Non-Nullable-Eigenschaft ÔÇ×RechnungsdatumÔÇ£ muss beim Beenden des Konstruktors einen Wert ungleich NULL enthalten. F├╝gen Sie ggf. den ÔÇ×erforderlichenÔÇ£ Modifizierer hinzu, oder deklarieren Sie den Eigenschaft als NULL-Werte zulassend. [C:\Users\rloer\Desktop\IT-Pc\Angular Test\DmsProjeckt\DmsProjeckt.csproj]
C:\Users\rloer\Desktop\IT-Pc\Angular Test\DmsProjeckt\Pages\Tests\UploadMulti.cshtml.cs(131,27): warning CS8618: Non-Nullable-Eigenschaft ÔÇ×LieferdatumÔÇ£ muss beim Beenden des Konstruktors einen Wert ungleich NULL enthalten. F├╝gen Sie ggf. den ÔÇ×erforderlichenÔÇ£ Modifizierer hinzu, oder deklarieren Sie den Eigenschaft als NULL-Werte zulassend. [C:\Users\rloer\Desktop\IT-Pc\Angular Test\DmsProjeckt\DmsProjeckt.csproj]
C:\Users\rloer\Desktop\IT-Pc\Angular Test\DmsProjeckt\Pages\Tests\UploadMulti.cshtml.cs(132,27): warning CS8618: Non-Nullable-Eigenschaft ÔÇ×FaelligkeitsdatumÔÇ£ muss beim Beenden des Konstruktors einen Wert ungleich NULL enthalten. F├╝gen Sie ggf. den ÔÇ×erforderlichenÔÇ£ Modifizierer hinzu, oder deklarieren Sie den Eigenschaft als NULL-Werte zulassend. [C:\Users\rloer\Desktop\IT-Pc\Angular Test\DmsProjeckt\DmsProjeckt.csproj]
C:\Users\rloer\Desktop\IT-Pc\Angular Test\DmsProjeckt\Pages\Tests\UploadMulti.cshtml.cs(133,27): warning CS8618: Non-Nullable-Eigenschaft ÔÇ×ZahlungsbedingungenÔÇ£ muss beim Beenden des Konstruktors einen Wert ungleich NULL enthalten. F├╝gen Sie ggf. den ÔÇ×erforderlichenÔÇ£ Modifizierer hinzu, oder deklarieren Sie den Eigenschaft als NULL-Werte zulassend. [C:\Users\rloer\Desktop\IT-Pc\Angular Test\DmsProjeckt\DmsProjeckt.csproj]
C:\Users\rloer\Desktop\IT-Pc\Angular Test\DmsProjeckt\Pages\Tests\UploadMulti.cshtml.cs(134,27): warning CS8618: Non-Nullable-Eigenschaft ÔÇ×LieferartÔÇ£ muss beim Beenden des Konstruktors einen Wert ungleich NULL enthalten. F├╝gen Sie ggf. den ÔÇ×erforderlichenÔÇ£ Modifizierer hinzu, oder deklarieren Sie den Eigenschaft als NULL-Werte zulassend. [C:\Users\rloer\Desktop\IT-Pc\Angular Test\DmsProjeckt\DmsProjeckt.csproj]
C:\Users\rloer\Desktop\IT-Pc\Angular Test\DmsProjeckt\Pages\Tests\UploadMulti.cshtml.cs(135,27): warning CS8618: Non-Nullable-Eigenschaft ÔÇ×ArtikelAnzahlÔÇ£ muss beim Beenden des Konstruktors einen Wert ungleich NULL enthalten. F├╝gen Sie ggf. den ÔÇ×erforderlichenÔÇ£ Modifizierer hinzu, oder deklarieren Sie den Eigenschaft als NULL-Werte zulassend. [C:\Users\rloer\Desktop\IT-Pc\Angular Test\DmsProjeckt\DmsProjeckt.csproj]
C:\Users\rloer\Desktop\IT-Pc\Angular Test\DmsProjeckt\Pages\Tests\UploadMulti.cshtml.cs(137,27): warning CS8618: Non-Nullable-Eigenschaft ÔÇ×EmailÔÇ£ muss beim Beenden des Konstruktors einen Wert ungleich NULL enthalten. F├╝gen Sie ggf. den ÔÇ×erforderlichenÔÇ£ Modifizierer hinzu, oder deklarieren Sie den Eigenschaft als NULL-Werte zulassend. [C:\Users\rloer\Desktop\IT-Pc\Angular Test\DmsProjeckt\DmsProjeckt.csproj]
C:\Users\rloer\Desktop\IT-Pc\Angular Test\DmsProjeckt\Pages\Tests\UploadMulti.cshtml.cs(138,27): warning CS8618: Non-Nullable-Eigenschaft ÔÇ×TelefonÔÇ£ muss beim Beenden des Konstruktors einen Wert ungleich NULL enthalten. F├╝gen Sie ggf. den ÔÇ×erforderlichenÔÇ£ Modifizierer hinzu, oder deklarieren Sie den Eigenschaft als NULL-Werte zulassend. [C:\Users\rloer\Desktop\IT-Pc\Angular Test\DmsProjeckt\DmsProjeckt.csproj]
C:\Users\rloer\Desktop\IT-Pc\Angular Test\DmsProjeckt\Pages\Tests\UploadMulti.cshtml.cs(139,27): warning CS8618: Non-Nullable-Eigenschaft ÔÇ×TelefaxÔÇ£ muss beim Beenden des Konstruktors einen Wert ungleich NULL enthalten. F├╝gen Sie ggf. den ÔÇ×erforderlichenÔÇ£ Modifizierer hinzu, oder deklarieren Sie den Eigenschaft als NULL-Werte zulassend. [C:\Users\rloer\Desktop\IT-Pc\Angular Test\DmsProjeckt\DmsProjeckt.csproj]
C:\Users\rloer\Desktop\IT-Pc\Angular Test\DmsProjeckt\Pages\Tests\UploadMulti.cshtml.cs(141,27): warning CS8618: Non-Nullable-Eigenschaft ÔÇ×IBANÔÇ£ muss beim Beenden des Konstruktors einen Wert ungleich NULL enthalten. F├╝gen Sie ggf. den ÔÇ×erforderlichenÔÇ£ Modifizierer hinzu, oder deklarieren Sie den Eigenschaft als NULL-Werte zulassend. [C:\Users\rloer\Desktop\IT-Pc\Angular Test\DmsProjeckt\DmsProjeckt.csproj]
C:\Users\rloer\Desktop\IT-Pc\Angular Test\DmsProjeckt\Pages\Tests\UploadMulti.cshtml.cs(142,27): warning CS8618: Non-Nullable-Eigenschaft ÔÇ×BICÔÇ£ muss beim Beenden des Konstruktors einen Wert ungleich NULL enthalten. F├╝gen Sie ggf. den ÔÇ×erforderlichenÔÇ£ Modifizierer hinzu, oder deklarieren Sie den Eigenschaft als NULL-Werte zulassend. [C:\Users\rloer\Desktop\IT-Pc\Angular Test\DmsProjeckt\DmsProjeckt.csproj]
C:\Users\rloer\Desktop\IT-Pc\Angular Test\DmsProjeckt\Pages\Tests\UploadMulti.cshtml.cs(143,27): warning CS8618: Non-Nullable-Eigenschaft ÔÇ×BankverbindungÔÇ£ muss beim Beenden des Konstruktors einen Wert ungleich NULL enthalten. F├╝gen Sie ggf. den ÔÇ×erforderlichenÔÇ£ Modifizierer hinzu, oder deklarieren Sie den Eigenschaft als NULL-Werte zulassend. [C:\Users\rloer\Desktop\IT-Pc\Angular Test\DmsProjeckt\DmsProjeckt.csproj]
C:\Users\rloer\Desktop\IT-Pc\Angular Test\DmsProjeckt\Pages\Tests\UploadMulti.cshtml.cs(144,27): warning CS8618: Non-Nullable-Eigenschaft ÔÇ×SteuerNrÔÇ£ muss beim Beenden des Konstruktors einen Wert ungleich NULL enthalten. F├╝gen Sie ggf. den ÔÇ×erforderlichenÔÇ£ Modifizierer hinzu, oder deklarieren Sie den Eigenschaft als NULL-Werte zulassend. [C:\Users\rloer\Desktop\IT-Pc\Angular Test\DmsProjeckt\DmsProjeckt.csproj]
C:\Users\rloer\Desktop\IT-Pc\Angular Test\DmsProjeckt\Pages\Tests\UploadMulti.cshtml.cs(145,27): warning CS8618: Non-Nullable-Eigenschaft ÔÇ×UIDNummerÔÇ£ muss beim Beenden des Konstruktors einen Wert ungleich NULL enthalten. F├╝gen Sie ggf. den ÔÇ×erforderlichenÔÇ£ Modifizierer hinzu, oder deklarieren Sie den Eigenschaft als NULL-Werte zulassend. [C:\Users\rloer\Desktop\IT-Pc\Angular Test\DmsProjeckt\DmsProjeckt.csproj]
C:\Users\rloer\Desktop\IT-Pc\Angular Test\DmsProjeckt\Pages\Tests\UploadMulti.cshtml.cs(147,27): warning CS8618: Non-Nullable-Eigenschaft ÔÇ×AdresseÔÇ£ muss beim Beenden des Konstruktors einen Wert ungleich NULL enthalten. F├╝gen Sie ggf. den ÔÇ×erforderlichenÔÇ£ Modifizierer hinzu, oder deklarieren Sie den Eigenschaft als NULL-Werte zulassend. [C:\Users\rloer\Desktop\IT-Pc\Angular Test\DmsProjeckt\DmsProjeckt.csproj]
C:\Users\rloer\Desktop\IT-Pc\Angular Test\DmsProjeckt\Pages\Tests\UploadMulti.cshtml.cs(148,27): warning CS8618: Non-Nullable-Eigenschaft ÔÇ×AbsenderAdresseÔÇ£ muss beim Beenden des Konstruktors einen Wert ungleich NULL enthalten. F├╝gen Sie ggf. den ÔÇ×erforderlichenÔÇ£ Modifizierer hinzu, oder deklarieren Sie den Eigenschaft als NULL-Werte zulassend. [C:\Users\rloer\Desktop\IT-Pc\Angular Test\DmsProjeckt\DmsProjeckt.csproj]
C:\Users\rloer\Desktop\IT-Pc\Angular Test\DmsProjeckt\Pages\Tests\UploadMulti.cshtml.cs(149,27): warning CS8618: Non-Nullable-Eigenschaft ÔÇ×AnsprechPartnerÔÇ£ muss beim Beenden des Konstruktors einen Wert ungleich NULL enthalten. F├╝gen Sie ggf. den ÔÇ×erforderlichenÔÇ£ Modifizierer hinzu, oder deklarieren Sie den Eigenschaft als NULL-Werte zulassend. [C:\Users\rloer\Desktop\IT-Pc\Angular Test\DmsProjeckt\DmsProjeckt.csproj]
C:\Users\rloer\Desktop\IT-Pc\Angular Test\DmsProjeckt\Pages\Tests\UploadMulti.cshtml.cs(150,27): warning CS8618: Non-Nullable-Eigenschaft ÔÇ×ZeitraumÔÇ£ muss beim Beenden des Konstruktors einen Wert ungleich NULL enthalten. F├╝gen Sie ggf. den ÔÇ×erforderlichenÔÇ£ Modifizierer hinzu, oder deklarieren Sie den Eigenschaft als NULL-Werte zulassend. [C:\Users\rloer\Desktop\IT-Pc\Angular Test\DmsProjeckt\DmsProjeckt.csproj]
C:\Users\rloer\Desktop\IT-Pc\Angular Test\DmsProjeckt\Pages\Tests\UploadMulti.cshtml.cs(152,27): warning CS8618: Non-Nullable-Eigenschaft ÔÇ×PdfAutorÔÇ£ muss beim Beenden des Konstruktors einen Wert ungleich NULL enthalten. F├╝gen Sie ggf. den ÔÇ×erforderlichenÔÇ£ Modifizierer hinzu, oder deklarieren Sie den Eigenschaft als NULL-Werte zulassend. [C:\Users\rloer\Desktop\IT-Pc\Angular Test\DmsProjeckt\DmsProjeckt.csproj]
C:\Users\rloer\Desktop\IT-Pc\Angular Test\DmsProjeckt\Pages\Tests\UploadMulti.cshtml.cs(153,27): warning CS8618: Non-Nullable-Eigenschaft ÔÇ×PdfBetreffÔÇ£ muss beim Beenden des Konstruktors einen Wert ungleich NULL enthalten. F├╝gen Sie ggf. den ÔÇ×erforderlichenÔÇ£ Modifizierer hinzu, oder deklarieren Sie den Eigenschaft als NULL-Werte zulassend. [C:\Users\rloer\Desktop\IT-Pc\Angular Test\DmsProjeckt\DmsProjeckt.csproj]
C:\Users\rloer\Desktop\IT-Pc\Angular Test\DmsProjeckt\Pages\Tests\UploadMulti.cshtml.cs(154,27): warning CS8618: Non-Nullable-Eigenschaft ÔÇ×PdfSchluesselwoerterÔÇ£ muss beim Beenden des Konstruktors einen Wert ungleich NULL enthalten. F├╝gen Sie ggf. den ÔÇ×erforderlichenÔÇ£ Modifizierer hinzu, oder deklarieren Sie den Eigenschaft als NULL-Werte zulassend. [C:\Users\rloer\Desktop\IT-Pc\Angular Test\DmsProjeckt\DmsProjeckt.csproj]
C:\Users\rloer\Desktop\IT-Pc\Angular Test\DmsProjeckt\Pages\Tests\UploadMulti.cshtml.cs(155,27): warning CS8618: Non-Nullable-Eigenschaft ÔÇ×WebsiteÔÇ£ muss beim Beenden des Konstruktors einen Wert ungleich NULL enthalten. F├╝gen Sie ggf. den ÔÇ×erforderlichenÔÇ£ Modifizierer hinzu, oder deklarieren Sie den Eigenschaft als NULL-Werte zulassend. [C:\Users\rloer\Desktop\IT-Pc\Angular Test\DmsProjeckt\DmsProjeckt.csproj]
C:\Users\rloer\Desktop\IT-Pc\Angular Test\DmsProjeckt\Pages\Tests\UploadMulti.cshtml.cs(156,27): warning CS8618: Non-Nullable-Eigenschaft ÔÇ×OCRTextÔÇ£ muss beim Beenden des Konstruktors einen Wert ungleich NULL enthalten. F├╝gen Sie ggf. den ÔÇ×erforderlichenÔÇ£ Modifizierer hinzu, oder deklarieren Sie den Eigenschaft als NULL-Werte zulassend. [C:\Users\rloer\Desktop\IT-Pc\Angular Test\DmsProjeckt\DmsProjeckt.csproj]
C:\Users\rloer\Desktop\IT-Pc\Angular Test\DmsProjeckt\Pages\Tests\UploadMulti.cshtml.cs(161,27): warning CS8618: Non-Nullable-Eigenschaft ÔÇ×AbteilungNameÔÇ£ muss beim Beenden des Konstruktors einen Wert ungleich NULL enthalten. F├╝gen Sie ggf. den ÔÇ×erforderlichenÔÇ£ Modifizierer hinzu, oder deklarieren Sie den Eigenschaft als NULL-Werte zulassend. [C:\Users\rloer\Desktop\IT-Pc\Angular Test\DmsProjeckt\DmsProjeckt.csproj]
C:\Users\rloer\Desktop\IT-Pc\Angular Test\DmsProjeckt\Pages\Tests\UploadMulti.cshtml.cs(162,27): warning CS8618: Non-Nullable-Eigenschaft ÔÇ×ObjectPathÔÇ£ muss beim Beenden des Konstruktors einen Wert ungleich NULL enthalten. F├╝gen Sie ggf. den ÔÇ×erforderlichenÔÇ£ Modifizierer hinzu, oder deklarieren Sie den Eigenschaft als NULL-Werte zulassend. [C:\Users\rloer\Desktop\IT-Pc\Angular Test\DmsProjeckt\DmsProjeckt.csproj]
C:\Users\rloer\Desktop\IT-Pc\Angular Test\DmsProjeckt\Pages\Tests\UploadMulti.cshtml.cs(163,27): warning CS8618: Non-Nullable-Eigenschaft ÔÇ×FileHashÔÇ£ muss beim Beenden des Konstruktors einen Wert ungleich NULL enthalten. F├╝gen Sie ggf. den ÔÇ×erforderlichenÔÇ£ Modifizierer hinzu, oder deklarieren Sie den Eigenschaft als NULL-Werte zulassend. [C:\Users\rloer\Desktop\IT-Pc\Angular Test\DmsProjeckt\DmsProjeckt.csproj]
C:\Users\rloer\Desktop\IT-Pc\Angular Test\DmsProjeckt\Pages\Dokument\Index.cshtml.cs(2430,29): warning CS8618: Non-Nullable-Eigenschaft ÔÇ×UserIdsÔÇ£ muss beim Beenden des Konstruktors einen Wert ungleich NULL enthalten. F├╝gen Sie ggf. den ÔÇ×erforderlichenÔÇ£ Modifizierer hinzu, oder deklarieren Sie den Eigenschaft als NULL-Werte zulassend. [C:\Users\rloer\Desktop\IT-Pc\Angular Test\DmsProjeckt\DmsProjeckt.csproj]
C:\Users\rloer\Desktop\IT-Pc\Angular Test\DmsProjeckt\Pages\Dokument\Index.cshtml.cs(2434,23): warning CS8618: Non-Nullable-Eigenschaft ÔÇ×sourceÔÇ£ muss beim Beenden des Konstruktors einen Wert ungleich NULL enthalten. F├╝gen Sie ggf. den ÔÇ×erforderlichenÔÇ£ Modifizierer hinzu, oder deklarieren Sie den Eigenschaft als NULL-Werte zulassend. [C:\Users\rloer\Desktop\IT-Pc\Angular Test\DmsProjeckt\DmsProjeckt.csproj]
C:\Users\rloer\Desktop\IT-Pc\Angular Test\DmsProjeckt\Pages\Workflows\Bearbeiten.cshtml.cs(17,16): warning CS8618: Non-Nullable-Eigenschaft ÔÇ×WorkflowsÔÇ£ muss beim Beenden des Konstruktors einen Wert ungleich NULL enthalten. F├╝gen Sie ggf. den ÔÇ×erforderlichenÔÇ£ Modifizierer hinzu, oder deklarieren Sie den Eigenschaft als NULL-Werte zulassend. [C:\Users\rloer\Desktop\IT-Pc\Angular Test\DmsProjeckt\DmsProjeckt.csproj]
C:\Users\rloer\Desktop\IT-Pc\Angular Test\DmsProjeckt\Pages\Workflows\Bearbeiten.cshtml.cs(17,16): warning CS8618: Non-Nullable-Eigenschaft ÔÇ×WorkflowÔÇ£ muss beim Beenden des Konstruktors einen Wert ungleich NULL enthalten. F├╝gen Sie ggf. den ÔÇ×erforderlichenÔÇ£ Modifizierer hinzu, oder deklarieren Sie den Eigenschaft als NULL-Werte zulassend. [C:\Users\rloer\Desktop\IT-Pc\Angular Test\DmsProjeckt\DmsProjeckt.csproj]
C:\Users\rloer\Desktop\IT-Pc\Angular Test\DmsProjeckt\Pages\Workflows\Bearbeiten.cshtml.cs(17,16): warning CS8618: Non-Nullable-Eigenschaft ÔÇ×UserOptionsÔÇ£ muss beim Beenden des Konstruktors einen Wert ungleich NULL enthalten. F├╝gen Sie ggf. den ÔÇ×erforderlichenÔÇ£ Modifizierer hinzu, oder deklarieren Sie den Eigenschaft als NULL-Werte zulassend. [C:\Users\rloer\Desktop\IT-Pc\Angular Test\DmsProjeckt\DmsProjeckt.csproj]
C:\Users\rloer\Desktop\IT-Pc\Angular Test\DmsProjeckt\Pages\Shared\_Layout.cshtml(5,23): warning CS8602: Dereferenzierung eines m├Âglichen Nullverweises. [C:\Users\rloer\Desktop\IT-Pc\Angular Test\DmsProjeckt\DmsProjeckt.csproj]
C:\Users\rloer\Desktop\IT-Pc\Angular Test\DmsProjeckt\Pages\Dokument\Index.cshtml.cs(2438,23): warning CS8618: Non-Nullable-Eigenschaft ÔÇ×KategorieÔÇ£ muss beim Beenden des Konstruktors einen Wert ungleich NULL enthalten. F├╝gen Sie ggf. den ÔÇ×erforderlichenÔÇ£ Modifizierer hinzu, oder deklarieren Sie den Eigenschaft als NULL-Werte zulassend. [C:\Users\rloer\Desktop\IT-Pc\Angular Test\DmsProjeckt\DmsProjeckt.csproj]
C:\Users\rloer\Desktop\IT-Pc\Angular Test\DmsProjeckt\Pages\Dokument\Index.cshtml.cs(2439,23): warning CS8618: Non-Nullable-Eigenschaft ÔÇ×ObjectPathÔÇ£ muss beim Beenden des Konstruktors einen Wert ungleich NULL enthalten. F├╝gen Sie ggf. den ÔÇ×erforderlichenÔÇ£ Modifizierer hinzu, oder deklarieren Sie den Eigenschaft als NULL-Werte zulassend. [C:\Users\rloer\Desktop\IT-Pc\Angular Test\DmsProjeckt\DmsProjeckt.csproj]
C:\Users\rloer\Desktop\IT-Pc\Angular Test\DmsProjeckt\Pages\Dokument\Index.cshtml.cs(2440,23): warning CS8618: Non-Nullable-Eigenschaft ÔÇ×StatusÔÇ£ muss beim Beenden des Konstruktors einen Wert ungleich NULL enthalten. F├╝gen Sie ggf. den ÔÇ×erforderlichenÔÇ£ Modifizierer hinzu, oder deklarieren Sie den Eigenschaft als NULL-Werte zulassend. [C:\Users\rloer\Desktop\IT-Pc\Angular Test\DmsProjeckt\DmsProjeckt.csproj]
C:\Users\rloer\Desktop\IT-Pc\Angular Test\DmsProjeckt\Pages\Dokument\Index.cshtml.cs(2441,23): warning CS8618: Non-Nullable-Eigenschaft ÔÇ×BenutzerIdÔÇ£ muss beim Beenden des Konstruktors einen Wert ungleich NULL enthalten. F├╝gen Sie ggf. den ÔÇ×erforderlichenÔÇ£ Modifizierer hinzu, oder deklarieren Sie den Eigenschaft als NULL-Werte zulassend. [C:\Users\rloer\Desktop\IT-Pc\Angular Test\DmsProjeckt\DmsProjeckt.csproj]
C:\Users\rloer\Desktop\IT-Pc\Angular Test\DmsProjeckt\Pages\Dokument\Index.cshtml.cs(2443,23): warning CS8618: Non-Nullable-Eigenschaft ÔÇ×DateinameÔÇ£ muss beim Beenden des Konstruktors einen Wert ungleich NULL enthalten. F├╝gen Sie ggf. den ÔÇ×erforderlichenÔÇ£ Modifizierer hinzu, oder deklarieren Sie den Eigenschaft als NULL-Werte zulassend. [C:\Users\rloer\Desktop\IT-Pc\Angular Test\DmsProjeckt\DmsProjeckt.csproj]
C:\Users\rloer\Desktop\IT-Pc\Angular Test\DmsProjeckt\Pages\Tests\Aufgaben.cshtml.cs(271,34): warning CS8601: M├Âgliche Nullverweiszuweisung. [C:\Users\rloer\Desktop\IT-Pc\Angular Test\DmsProjeckt\DmsProjeckt.csproj]
C:\Users\rloer\Desktop\IT-Pc\Angular Test\DmsProjeckt\Pages\Workflows\Bearbeiten.cshtml.cs(35,24): warning CS8601: M├Âgliche Nullverweiszuweisung. [C:\Users\rloer\Desktop\IT-Pc\Angular Test\DmsProjeckt\DmsProjeckt.csproj]
C:\Users\rloer\Desktop\IT-Pc\Angular Test\DmsProjeckt\Pages\Workflows\Bearbeiten.cshtml.cs(45,37): warning CS8602: Dereferenzierung eines m├Âglichen Nullverweises. [C:\Users\rloer\Desktop\IT-Pc\Angular Test\DmsProjeckt\DmsProjeckt.csproj]
C:\Users\rloer\Desktop\IT-Pc\Angular Test\DmsProjeckt\Pages\Shared\_AufgabenTabelle.cshtml(75,61): warning CS8604: M├Âgliches Nullverweisargument f├╝r den Parameter "source" in "IEnumerable<string> Enumerable.Select<Dokumente, string>(IEnumerable<Dokumente> source, Func<Dokumente, string> selector)". [C:\Users\rloer\Desktop\IT-Pc\Angular Test\DmsProjeckt\DmsProjeckt.csproj]
C:\Users\rloer\Desktop\IT-Pc\Angular Test\DmsProjeckt\Pages\Shared\_TextareaFieldPartialStep.cshtml(4,45): warning CS8604: M├Âgliches Nullverweisargument f├╝r den Parameter "name" in "PropertyInfo? Type.GetProperty(string name)". [C:\Users\rloer\Desktop\IT-Pc\Angular Test\DmsProjeckt\DmsProjeckt.csproj]
C:\Users\rloer\Desktop\IT-Pc\Angular Test\DmsProjeckt\Pages\Dokument\Index.cshtml.cs(270,30): warning CS8618: Non-Nullable-Eigenschaft ÔÇ×DokumentÔÇ£ muss beim Beenden des Konstruktors einen Wert ungleich NULL enthalten. F├╝gen Sie ggf. den ÔÇ×erforderlichenÔÇ£ Modifizierer hinzu, oder deklarieren Sie den Eigenschaft als NULL-Werte zulassend. [C:\Users\rloer\Desktop\IT-Pc\Angular Test\DmsProjeckt\DmsProjeckt.csproj]
C:\Users\rloer\Desktop\IT-Pc\Angular Test\DmsProjeckt\Pages\Dokument\Index.cshtml.cs(272,27): warning CS8618: Non-Nullable-Eigenschaft ÔÇ×CommentSummaryÔÇ£ muss beim Beenden des Konstruktors einen Wert ungleich NULL enthalten. F├╝gen Sie ggf. den ÔÇ×erforderlichenÔÇ£ Modifizierer hinzu, oder deklarieren Sie den Eigenschaft als NULL-Werte zulassend. [C:\Users\rloer\Desktop\IT-Pc\Angular Test\DmsProjeckt\DmsProjeckt.csproj]
C:\Users\rloer\Desktop\IT-Pc\Angular Test\DmsProjeckt\Pages\Workflows\Erstellen.cshtml.cs(21,16): warning CS8618: Non-Nullable-Eigenschaft ÔÇ×WorkflowÔÇ£ muss beim Beenden des Konstruktors einen Wert ungleich NULL enthalten. F├╝gen Sie ggf. den ÔÇ×erforderlichenÔÇ£ Modifizierer hinzu, oder deklarieren Sie den Eigenschaft als NULL-Werte zulassend. [C:\Users\rloer\Desktop\IT-Pc\Angular Test\DmsProjeckt\DmsProjeckt.csproj]
C:\Users\rloer\Desktop\IT-Pc\Angular Test\DmsProjeckt\Pages\Workflows\Erstellen.cshtml.cs(21,16): warning CS8618: Non-Nullable-Eigenschaft ÔÇ×UserOptionsÔÇ£ muss beim Beenden des Konstruktors einen Wert ungleich NULL enthalten. F├╝gen Sie ggf. den ÔÇ×erforderlichenÔÇ£ Modifizierer hinzu, oder deklarieren Sie den Eigenschaft als NULL-Werte zulassend. [C:\Users\rloer\Desktop\IT-Pc\Angular Test\DmsProjeckt\DmsProjeckt.csproj]
C:\Users\rloer\Desktop\IT-Pc\Angular Test\DmsProjeckt\Pages\Dokument\Index.cshtml.cs(277,27): warning CS8618: Non-Nullable-Eigenschaft ÔÇ×OriginalNameÔÇ£ muss beim Beenden des Konstruktors einen Wert ungleich NULL enthalten. F├╝gen Sie ggf. den ÔÇ×erforderlichenÔÇ£ Modifizierer hinzu, oder deklarieren Sie den Eigenschaft als NULL-Werte zulassend. [C:\Users\rloer\Desktop\IT-Pc\Angular Test\DmsProjeckt\DmsProjeckt.csproj]
C:\Users\rloer\Desktop\IT-Pc\Angular Test\DmsProjeckt\Pages\Dokument\Index.cshtml.cs(278,27): warning CS8618: Non-Nullable-Eigenschaft ÔÇ×DateinameÔÇ£ muss beim Beenden des Konstruktors einen Wert ungleich NULL enthalten. F├╝gen Sie ggf. den ÔÇ×erforderlichenÔÇ£ Modifizierer hinzu, oder deklarieren Sie den Eigenschaft als NULL-Werte zulassend. [C:\Users\rloer\Desktop\IT-Pc\Angular Test\DmsProjeckt\DmsProjeckt.csproj]
C:\Users\rloer\Desktop\IT-Pc\Angular Test\DmsProjeckt\Pages\Dokument\Index.cshtml.cs(279,27): warning CS8618: Non-Nullable-Eigenschaft ÔÇ×SasUrlÔÇ£ muss beim Beenden des Konstruktors einen Wert ungleich NULL enthalten. F├╝gen Sie ggf. den ÔÇ×erforderlichenÔÇ£ Modifizierer hinzu, oder deklarieren Sie den Eigenschaft als NULL-Werte zulassend. [C:\Users\rloer\Desktop\IT-Pc\Angular Test\DmsProjeckt\DmsProjeckt.csproj]
C:\Users\rloer\Desktop\IT-Pc\Angular Test\DmsProjeckt\Pages\Dokument\Index.cshtml.cs(280,27): warning CS8618: Non-Nullable-Eigenschaft ÔÇ×ObjectPathÔÇ£ muss beim Beenden des Konstruktors einen Wert ungleich NULL enthalten. F├╝gen Sie ggf. den ÔÇ×erforderlichenÔÇ£ Modifizierer hinzu, oder deklarieren Sie den Eigenschaft als NULL-Werte zulassend. [C:\Users\rloer\Desktop\IT-Pc\Angular Test\DmsProjeckt\DmsProjeckt.csproj]
C:\Users\rloer\Desktop\IT-Pc\Angular Test\DmsProjeckt\Pages\Dokument\Index.cshtml.cs(283,27): warning CS8618: Non-Nullable-Eigenschaft ÔÇ×KategorieÔÇ£ muss beim Beenden des Konstruktors einen Wert ungleich NULL enthalten. F├╝gen Sie ggf. den ÔÇ×erforderlichenÔÇ£ Modifizierer hinzu, oder deklarieren Sie den Eigenschaft als NULL-Werte zulassend. [C:\Users\rloer\Desktop\IT-Pc\Angular Test\DmsProjeckt\DmsProjeckt.csproj]
C:\Users\rloer\Desktop\IT-Pc\Angular Test\DmsProjeckt\Pages\Dokument\Index.cshtml.cs(285,27): warning CS8618: Non-Nullable-Eigenschaft ÔÇ×CommentSummaryÔÇ£ muss beim Beenden des Konstruktors einen Wert ungleich NULL enthalten. F├╝gen Sie ggf. den ÔÇ×erforderlichenÔÇ£ Modifizierer hinzu, oder deklarieren Sie den Eigenschaft als NULL-Werte zulassend. [C:\Users\rloer\Desktop\IT-Pc\Angular Test\DmsProjeckt\DmsProjeckt.csproj]
C:\Users\rloer\Desktop\IT-Pc\Angular Test\DmsProjeckt\Pages\Dokument\Index.cshtml.cs(290,27): warning CS8618: Non-Nullable-Eigenschaft ÔÇ×OriginalNameÔÇ£ muss beim Beenden des Konstruktors einen Wert ungleich NULL enthalten. F├╝gen Sie ggf. den ÔÇ×erforderlichenÔÇ£ Modifizierer hinzu, oder deklarieren Sie den Eigenschaft als NULL-Werte zulassend. [C:\Users\rloer\Desktop\IT-Pc\Angular Test\DmsProjeckt\DmsProjeckt.csproj]
C:\Users\rloer\Desktop\IT-Pc\Angular Test\DmsProjeckt\Pages\Dokument\Index.cshtml.cs(291,38): warning CS8618: Non-Nullable-Eigenschaft ÔÇ×VersionsÔÇ£ muss beim Beenden des Konstruktors einen Wert ungleich NULL enthalten. F├╝gen Sie ggf. den ÔÇ×erforderlichenÔÇ£ Modifizierer hinzu, oder deklarieren Sie den Eigenschaft als NULL-Werte zulassend. [C:\Users\rloer\Desktop\IT-Pc\Angular Test\DmsProjeckt\DmsProjeckt.csproj]
C:\Users\rloer\Desktop\IT-Pc\Angular Test\DmsProjeckt\Pages\Dokument\Index.cshtml.cs(381,55): warning CS8602: Dereferenzierung eines m├Âglichen Nullverweises. [C:\Users\rloer\Desktop\IT-Pc\Angular Test\DmsProjeckt\DmsProjeckt.csproj]
C:\Users\rloer\Desktop\IT-Pc\Angular Test\DmsProjeckt\Pages\Dokument\Index.cshtml.cs(397,55): warning CS8602: Dereferenzierung eines m├Âglichen Nullverweises. [C:\Users\rloer\Desktop\IT-Pc\Angular Test\DmsProjeckt\DmsProjeckt.csproj]
C:\Users\rloer\Desktop\IT-Pc\Angular Test\DmsProjeckt\Pages\Dokument\Index.cshtml.cs(439,36): warning CS8602: Dereferenzierung eines m├Âglichen Nullverweises. [C:\Users\rloer\Desktop\IT-Pc\Angular Test\DmsProjeckt\DmsProjeckt.csproj]
C:\Users\rloer\Desktop\IT-Pc\Angular Test\DmsProjeckt\Pages\Dokument\Index.cshtml.cs(445,25): warning CS8602: Dereferenzierung eines m├Âglichen Nullverweises. [C:\Users\rloer\Desktop\IT-Pc\Angular Test\DmsProjeckt\DmsProjeckt.csproj]
C:\Users\rloer\Desktop\IT-Pc\Angular Test\DmsProjeckt\Pages\Dokument\Index.cshtml.cs(581,91): warning CS8604: M├Âgliches Nullverweisargument f├╝r den Parameter "benutzerId" in "Task<List<AuditLogDokument>> AuditLogDokumentService.ObtenirHistoriquePourBenutzerAsync(string benutzerId)". [C:\Users\rloer\Desktop\IT-Pc\Angular Test\DmsProjeckt\DmsProjeckt.csproj]
C:\Users\rloer\Desktop\IT-Pc\Angular Test\DmsProjeckt\Pages\Dokument\Index.cshtml.cs(589,30): warning CS8619: Die NULL-Zul├ñssigkeit von Verweistypen im Wert vom Typ "List<string?>" entspricht nicht dem Zieltyp "List<string>". [C:\Users\rloer\Desktop\IT-Pc\Angular Test\DmsProjeckt\DmsProjeckt.csproj]
C:\Users\rloer\Desktop\IT-Pc\Angular Test\DmsProjeckt\Pages\Dokument\Index.cshtml.cs(2448,23): warning CS8618: Non-Nullable-Eigenschaft ÔÇ×NewFolderÔÇ£ muss beim Beenden des Konstruktors einen Wert ungleich NULL enthalten. F├╝gen Sie ggf. den ÔÇ×erforderlichenÔÇ£ Modifizierer hinzu, oder deklarieren Sie den Eigenschaft als NULL-Werte zulassend. [C:\Users\rloer\Desktop\IT-Pc\Angular Test\DmsProjeckt\DmsProjeckt.csproj]
C:\Users\rloer\Desktop\IT-Pc\Angular Test\DmsProjeckt\Pages\Tests\UploadMulti.cshtml.cs(212,33): warning CS8601: M├Âgliche Nullverweiszuweisung. [C:\Users\rloer\Desktop\IT-Pc\Angular Test\DmsProjeckt\DmsProjeckt.csproj]
C:\Users\rloer\Desktop\IT-Pc\Angular Test\DmsProjeckt\Pages\Tests\UploadMulti.cshtml.cs(246,36): warning CS8601: M├Âgliche Nullverweiszuweisung. [C:\Users\rloer\Desktop\IT-Pc\Angular Test\DmsProjeckt\DmsProjeckt.csproj]
C:\Users\rloer\Desktop\IT-Pc\Angular Test\DmsProjeckt\Pages\Tests\UploadMulti.cshtml.cs(249,41): warning CS8601: M├Âgliche Nullverweiszuweisung. [C:\Users\rloer\Desktop\IT-Pc\Angular Test\DmsProjeckt\DmsProjeckt.csproj]
C:\Users\rloer\Desktop\IT-Pc\Angular Test\DmsProjeckt\Pages\Tests\UploadMulti.cshtml.cs(250,44): warning CS8601: M├Âgliche Nullverweiszuweisung. [C:\Users\rloer\Desktop\IT-Pc\Angular Test\DmsProjeckt\DmsProjeckt.csproj]
C:\Users\rloer\Desktop\IT-Pc\Angular Test\DmsProjeckt\Pages\Tests\UploadMulti.cshtml.cs(251,37): warning CS8601: M├Âgliche Nullverweiszuweisung. [C:\Users\rloer\Desktop\IT-Pc\Angular Test\DmsProjeckt\DmsProjeckt.csproj]
C:\Users\rloer\Desktop\IT-Pc\Angular Test\DmsProjeckt\Pages\Tests\UploadMulti.cshtml.cs(252,47): warning CS8601: M├Âgliche Nullverweiszuweisung. [C:\Users\rloer\Desktop\IT-Pc\Angular Test\DmsProjeckt\DmsProjeckt.csproj]
C:\Users\rloer\Desktop\IT-Pc\Angular Test\DmsProjeckt\Pages\Tests\UploadMulti.cshtml.cs(253,44): warning CS8601: M├Âgliche Nullverweiszuweisung. [C:\Users\rloer\Desktop\IT-Pc\Angular Test\DmsProjeckt\DmsProjeckt.csproj]
C:\Users\rloer\Desktop\IT-Pc\Angular Test\DmsProjeckt\Pages\Tests\UploadMulti.cshtml.cs(254,47): warning CS8601: M├Âgliche Nullverweiszuweisung. [C:\Users\rloer\Desktop\IT-Pc\Angular Test\DmsProjeckt\DmsProjeckt.csproj]
C:\Users\rloer\Desktop\IT-Pc\Angular Test\DmsProjeckt\Pages\Tests\UploadMulti.cshtml.cs(255,43): warning CS8601: M├Âgliche Nullverweiszuweisung. [C:\Users\rloer\Desktop\IT-Pc\Angular Test\DmsProjeckt\DmsProjeckt.csproj]
C:\Users\rloer\Desktop\IT-Pc\Angular Test\DmsProjeckt\Pages\Tests\UploadMulti.cshtml.cs(256,43): warning CS8601: M├Âgliche Nullverweiszuweisung. [C:\Users\rloer\Desktop\IT-Pc\Angular Test\DmsProjeckt\DmsProjeckt.csproj]
C:\Users\rloer\Desktop\IT-Pc\Angular Test\DmsProjeckt\Pages\Tests\UploadMulti.cshtml.cs(257,44): warning CS8601: M├Âgliche Nullverweiszuweisung. [C:\Users\rloer\Desktop\IT-Pc\Angular Test\DmsProjeckt\DmsProjeckt.csproj]
C:\Users\rloer\Desktop\IT-Pc\Angular Test\DmsProjeckt\Pages\Tests\UploadMulti.cshtml.cs(258,46): warning CS8601: M├Âgliche Nullverweiszuweisung. [C:\Users\rloer\Desktop\IT-Pc\Angular Test\DmsProjeckt\DmsProjeckt.csproj]
C:\Users\rloer\Desktop\IT-Pc\Angular Test\DmsProjeckt\Pages\Tests\UploadMulti.cshtml.cs(259,43): warning CS8601: M├Âgliche Nullverweiszuweisung. [C:\Users\rloer\Desktop\IT-Pc\Angular Test\DmsProjeckt\DmsProjeckt.csproj]
C:\Users\rloer\Desktop\IT-Pc\Angular Test\DmsProjeckt\Pages\Tests\UploadMulti.cshtml.cs(260,49): warning CS8601: M├Âgliche Nullverweiszuweisung. [C:\Users\rloer\Desktop\IT-Pc\Angular Test\DmsProjeckt\DmsProjeckt.csproj]
C:\Users\rloer\Desktop\IT-Pc\Angular Test\DmsProjeckt\Pages\Tests\UploadMulti.cshtml.cs(261,51): warning CS8601: M├Âgliche Nullverweiszuweisung. [C:\Users\rloer\Desktop\IT-Pc\Angular Test\DmsProjeckt\DmsProjeckt.csproj]
C:\Users\rloer\Desktop\IT-Pc\Angular Test\DmsProjeckt\Pages\Tests\UploadMulti.cshtml.cs(262,41): warning CS8601: M├Âgliche Nullverweiszuweisung. [C:\Users\rloer\Desktop\IT-Pc\Angular Test\DmsProjeckt\DmsProjeckt.csproj]
C:\Users\rloer\Desktop\IT-Pc\Angular Test\DmsProjeckt\Pages\Tests\UploadMulti.cshtml.cs(263,45): warning CS8601: M├Âgliche Nullverweiszuweisung. [C:\Users\rloer\Desktop\IT-Pc\Angular Test\DmsProjeckt\DmsProjeckt.csproj]
C:\Users\rloer\Desktop\IT-Pc\Angular Test\DmsProjeckt\Pages\Tests\UploadMulti.cshtml.cs(264,37): warning CS8601: M├Âgliche Nullverweiszuweisung. [C:\Users\rloer\Desktop\IT-Pc\Angular Test\DmsProjeckt\DmsProjeckt.csproj]
C:\Users\rloer\Desktop\IT-Pc\Angular Test\DmsProjeckt\Pages\Tests\UploadMulti.cshtml.cs(265,39): warning CS8601: M├Âgliche Nullverweiszuweisung. [C:\Users\rloer\Desktop\IT-Pc\Angular Test\DmsProjeckt\DmsProjeckt.csproj]
C:\Users\rloer\Desktop\IT-Pc\Angular Test\DmsProjeckt\Pages\Tests\UploadMulti.cshtml.cs(266,39): warning CS8601: M├Âgliche Nullverweiszuweisung. [C:\Users\rloer\Desktop\IT-Pc\Angular Test\DmsProjeckt\DmsProjeckt.csproj]
C:\Users\rloer\Desktop\IT-Pc\Angular Test\DmsProjeckt\Pages\Tests\UploadMulti.cshtml.cs(267,36): warning CS8601: M├Âgliche Nullverweiszuweisung. [C:\Users\rloer\Desktop\IT-Pc\Angular Test\DmsProjeckt\DmsProjeckt.csproj]
C:\Users\rloer\Desktop\IT-Pc\Angular Test\DmsProjeckt\Pages\Tests\UploadMulti.cshtml.cs(268,35): warning CS8601: M├Âgliche Nullverweiszuweisung. [C:\Users\rloer\Desktop\IT-Pc\Angular Test\DmsProjeckt\DmsProjeckt.csproj]
C:\Users\rloer\Desktop\IT-Pc\Angular Test\DmsProjeckt\Pages\Tests\UploadMulti.cshtml.cs(269,46): warning CS8601: M├Âgliche Nullverweiszuweisung. [C:\Users\rloer\Desktop\IT-Pc\Angular Test\DmsProjeckt\DmsProjeckt.csproj]
C:\Users\rloer\Desktop\IT-Pc\Angular Test\DmsProjeckt\Pages\Tests\UploadMulti.cshtml.cs(270,40): warning CS8601: M├Âgliche Nullverweiszuweisung. [C:\Users\rloer\Desktop\IT-Pc\Angular Test\DmsProjeckt\DmsProjeckt.csproj]
C:\Users\rloer\Desktop\IT-Pc\Angular Test\DmsProjeckt\Pages\Tests\UploadMulti.cshtml.cs(271,41): warning CS8601: M├Âgliche Nullverweiszuweisung. [C:\Users\rloer\Desktop\IT-Pc\Angular Test\DmsProjeckt\DmsProjeckt.csproj]
C:\Users\rloer\Desktop\IT-Pc\Angular Test\DmsProjeckt\Pages\Tests\UploadMulti.cshtml.cs(272,39): warning CS8601: M├Âgliche Nullverweiszuweisung. [C:\Users\rloer\Desktop\IT-Pc\Angular Test\DmsProjeckt\DmsProjeckt.csproj]
C:\Users\rloer\Desktop\IT-Pc\Angular Test\DmsProjeckt\Pages\Tests\UploadMulti.cshtml.cs(273,47): warning CS8601: M├Âgliche Nullverweiszuweisung. [C:\Users\rloer\Desktop\IT-Pc\Angular Test\DmsProjeckt\DmsProjeckt.csproj]
C:\Users\rloer\Desktop\IT-Pc\Angular Test\DmsProjeckt\Pages\Tests\UploadMulti.cshtml.cs(274,47): warning CS8601: M├Âgliche Nullverweiszuweisung. [C:\Users\rloer\Desktop\IT-Pc\Angular Test\DmsProjeckt\DmsProjeckt.csproj]
C:\Users\rloer\Desktop\IT-Pc\Angular Test\DmsProjeckt\Pages\Tests\UploadMulti.cshtml.cs(275,40): warning CS8601: M├Âgliche Nullverweiszuweisung. [C:\Users\rloer\Desktop\IT-Pc\Angular Test\DmsProjeckt\DmsProjeckt.csproj]
C:\Users\rloer\Desktop\IT-Pc\Angular Test\DmsProjeckt\Pages\Tests\UploadMulti.cshtml.cs(276,40): warning CS8601: M├Âgliche Nullverweiszuweisung. [C:\Users\rloer\Desktop\IT-Pc\Angular Test\DmsProjeckt\DmsProjeckt.csproj]
C:\Users\rloer\Desktop\IT-Pc\Angular Test\DmsProjeckt\Pages\Tests\UploadMulti.cshtml.cs(277,42): warning CS8601: M├Âgliche Nullverweiszuweisung. [C:\Users\rloer\Desktop\IT-Pc\Angular Test\DmsProjeckt\DmsProjeckt.csproj]
C:\Users\rloer\Desktop\IT-Pc\Angular Test\DmsProjeckt\Pages\Tests\UploadMulti.cshtml.cs(278,52): warning CS8601: M├Âgliche Nullverweiszuweisung. [C:\Users\rloer\Desktop\IT-Pc\Angular Test\DmsProjeckt\DmsProjeckt.csproj]
C:\Users\rloer\Desktop\IT-Pc\Angular Test\DmsProjeckt\Pages\Tests\UploadMulti.cshtml.cs(279,39): warning CS8601: M├Âgliche Nullverweiszuweisung. [C:\Users\rloer\Desktop\IT-Pc\Angular Test\DmsProjeckt\DmsProjeckt.csproj]
C:\Users\rloer\Desktop\IT-Pc\Angular Test\DmsProjeckt\Pages\Tests\UploadMulti.cshtml.cs(280,39): warning CS8601: M├Âgliche Nullverweiszuweisung. [C:\Users\rloer\Desktop\IT-Pc\Angular Test\DmsProjeckt\DmsProjeckt.csproj]
C:\Users\rloer\Desktop\IT-Pc\Angular Test\DmsProjeckt\Pages\Tests\UploadMulti.cshtml.cs(281,42): warning CS8601: M├Âgliche Nullverweiszuweisung. [C:\Users\rloer\Desktop\IT-Pc\Angular Test\DmsProjeckt\DmsProjeckt.csproj]
C:\Users\rloer\Desktop\IT-Pc\Angular Test\DmsProjeckt\Pages\Tests\UploadMulti.cshtml.cs(300,34): warning CS8629: Ein Werttyp, der NULL zul├ñsst, kann NULL sein. [C:\Users\rloer\Desktop\IT-Pc\Angular Test\DmsProjeckt\DmsProjeckt.csproj]
C:\Users\rloer\Desktop\IT-Pc\Angular Test\DmsProjeckt\Pages\Tests\UploadMulti.cshtml.cs(316,40): warning CS8601: M├Âgliche Nullverweiszuweisung. [C:\Users\rloer\Desktop\IT-Pc\Angular Test\DmsProjeckt\DmsProjeckt.csproj]
C:\Users\rloer\Desktop\IT-Pc\Angular Test\DmsProjeckt\Pages\Tests\UploadMulti.cshtml.cs(319,45): warning CS8601: M├Âgliche Nullverweiszuweisung. [C:\Users\rloer\Desktop\IT-Pc\Angular Test\DmsProjeckt\DmsProjeckt.csproj]
C:\Users\rloer\Desktop\IT-Pc\Angular Test\DmsProjeckt\Pages\Tests\UploadMulti.cshtml.cs(320,48): warning CS8601: M├Âgliche Nullverweiszuweisung. [C:\Users\rloer\Desktop\IT-Pc\Angular Test\DmsProjeckt\DmsProjeckt.csproj]
C:\Users\rloer\Desktop\IT-Pc\Angular Test\DmsProjeckt\Pages\Tests\UploadMulti.cshtml.cs(321,41): warning CS8601: M├Âgliche Nullverweiszuweisung. [C:\Users\rloer\Desktop\IT-Pc\Angular Test\DmsProjeckt\DmsProjeckt.csproj]
C:\Users\rloer\Desktop\IT-Pc\Angular Test\DmsProjeckt\Pages\Tests\UploadMulti.cshtml.cs(322,51): warning CS8601: M├Âgliche Nullverweiszuweisung. [C:\Users\rloer\Desktop\IT-Pc\Angular Test\DmsProjeckt\DmsProjeckt.csproj]
C:\Users\rloer\Desktop\IT-Pc\Angular Test\DmsProjeckt\Pages\Tests\UploadMulti.cshtml.cs(323,48): warning CS8601: M├Âgliche Nullverweiszuweisung. [C:\Users\rloer\Desktop\IT-Pc\Angular Test\DmsProjeckt\DmsProjeckt.csproj]
C:\Users\rloer\Desktop\IT-Pc\Angular Test\DmsProjeckt\Pages\Tests\UploadMulti.cshtml.cs(324,51): warning CS8601: M├Âgliche Nullverweiszuweisung. [C:\Users\rloer\Desktop\IT-Pc\Angular Test\DmsProjeckt\DmsProjeckt.csproj]
C:\Users\rloer\Desktop\IT-Pc\Angular Test\DmsProjeckt\Pages\Tests\UploadMulti.cshtml.cs(325,47): warning CS8601: M├Âgliche Nullverweiszuweisung. [C:\Users\rloer\Desktop\IT-Pc\Angular Test\DmsProjeckt\DmsProjeckt.csproj]
C:\Users\rloer\Desktop\IT-Pc\Angular Test\DmsProjeckt\Pages\Tests\UploadMulti.cshtml.cs(326,47): warning CS8601: M├Âgliche Nullverweiszuweisung. [C:\Users\rloer\Desktop\IT-Pc\Angular Test\DmsProjeckt\DmsProjeckt.csproj]
C:\Users\rloer\Desktop\IT-Pc\Angular Test\DmsProjeckt\Pages\Tests\UploadMulti.cshtml.cs(327,48): warning CS8601: M├Âgliche Nullverweiszuweisung. [C:\Users\rloer\Desktop\IT-Pc\Angular Test\DmsProjeckt\DmsProjeckt.csproj]
C:\Users\rloer\Desktop\IT-Pc\Angular Test\DmsProjeckt\Pages\Tests\UploadMulti.cshtml.cs(328,50): warning CS8601: M├Âgliche Nullverweiszuweisung. [C:\Users\rloer\Desktop\IT-Pc\Angular Test\DmsProjeckt\DmsProjeckt.csproj]
C:\Users\rloer\Desktop\IT-Pc\Angular Test\DmsProjeckt\Pages\Tests\UploadMulti.cshtml.cs(329,47): warning CS8601: M├Âgliche Nullverweiszuweisung. [C:\Users\rloer\Desktop\IT-Pc\Angular Test\DmsProjeckt\DmsProjeckt.csproj]
C:\Users\rloer\Desktop\IT-Pc\Angular Test\DmsProjeckt\Pages\Tests\UploadMulti.cshtml.cs(330,53): warning CS8601: M├Âgliche Nullverweiszuweisung. [C:\Users\rloer\Desktop\IT-Pc\Angular Test\DmsProjeckt\DmsProjeckt.csproj]
C:\Users\rloer\Desktop\IT-Pc\Angular Test\DmsProjeckt\Pages\Tests\UploadMulti.cshtml.cs(331,55): warning CS8601: M├Âgliche Nullverweiszuweisung. [C:\Users\rloer\Desktop\IT-Pc\Angular Test\DmsProjeckt\DmsProjeckt.csproj]
C:\Users\rloer\Desktop\IT-Pc\Angular Test\DmsProjeckt\Pages\Tests\UploadMulti.cshtml.cs(332,45): warning CS8601: M├Âgliche Nullverweiszuweisung. [C:\Users\rloer\Desktop\IT-Pc\Angular Test\DmsProjeckt\DmsProjeckt.csproj]
C:\Users\rloer\Desktop\IT-Pc\Angular Test\DmsProjeckt\Pages\Tests\UploadMulti.cshtml.cs(333,49): warning CS8601: M├Âgliche Nullverweiszuweisung. [C:\Users\rloer\Desktop\IT-Pc\Angular Test\DmsProjeckt\DmsProjeckt.csproj]
C:\Users\rloer\Desktop\IT-Pc\Angular Test\DmsProjeckt\Pages\Tests\UploadMulti.cshtml.cs(334,41): warning CS8601: M├Âgliche Nullverweiszuweisung. [C:\Users\rloer\Desktop\IT-Pc\Angular Test\DmsProjeckt\DmsProjeckt.csproj]
C:\Users\rloer\Desktop\IT-Pc\Angular Test\DmsProjeckt\Pages\Tests\UploadMulti.cshtml.cs(335,43): warning CS8601: M├Âgliche Nullverweiszuweisung. [C:\Users\rloer\Desktop\IT-Pc\Angular Test\DmsProjeckt\DmsProjeckt.csproj]
C:\Users\rloer\Desktop\IT-Pc\Angular Test\DmsProjeckt\Pages\Tests\UploadMulti.cshtml.cs(336,43): warning CS8601: M├Âgliche Nullverweiszuweisung. [C:\Users\rloer\Desktop\IT-Pc\Angular Test\DmsProjeckt\DmsProjeckt.csproj]
C:\Users\rloer\Desktop\IT-Pc\Angular Test\DmsProjeckt\Pages\Tests\UploadMulti.cshtml.cs(337,40): warning CS8601: M├Âgliche Nullverweiszuweisung. [C:\Users\rloer\Desktop\IT-Pc\Angular Test\DmsProjeckt\DmsProjeckt.csproj]
C:\Users\rloer\Desktop\IT-Pc\Angular Test\DmsProjeckt\Pages\Tests\UploadMulti.cshtml.cs(338,39): warning CS8601: M├Âgliche Nullverweiszuweisung. [C:\Users\rloer\Desktop\IT-Pc\Angular Test\DmsProjeckt\DmsProjeckt.csproj]
C:\Users\rloer\Desktop\IT-Pc\Angular Test\DmsProjeckt\Pages\Tests\UploadMulti.cshtml.cs(339,50): warning CS8601: M├Âgliche Nullverweiszuweisung. [C:\Users\rloer\Desktop\IT-Pc\Angular Test\DmsProjeckt\DmsProjeckt.csproj]
C:\Users\rloer\Desktop\IT-Pc\Angular Test\DmsProjeckt\Pages\Tests\UploadMulti.cshtml.cs(340,44): warning CS8601: M├Âgliche Nullverweiszuweisung. [C:\Users\rloer\Desktop\IT-Pc\Angular Test\DmsProjeckt\DmsProjeckt.csproj]
C:\Users\rloer\Desktop\IT-Pc\Angular Test\DmsProjeckt\Pages\Tests\UploadMulti.cshtml.cs(341,45): warning CS8601: M├Âgliche Nullverweiszuweisung. [C:\Users\rloer\Desktop\IT-Pc\Angular Test\DmsProjeckt\DmsProjeckt.csproj]
C:\Users\rloer\Desktop\IT-Pc\Angular Test\DmsProjeckt\Pages\Tests\UploadMulti.cshtml.cs(342,43): warning CS8601: M├Âgliche Nullverweiszuweisung. [C:\Users\rloer\Desktop\IT-Pc\Angular Test\DmsProjeckt\DmsProjeckt.csproj]
C:\Users\rloer\Desktop\IT-Pc\Angular Test\DmsProjeckt\Pages\Tests\UploadMulti.cshtml.cs(343,51): warning CS8601: M├Âgliche Nullverweiszuweisung. [C:\Users\rloer\Desktop\IT-Pc\Angular Test\DmsProjeckt\DmsProjeckt.csproj]
C:\Users\rloer\Desktop\IT-Pc\Angular Test\DmsProjeckt\Pages\Tests\UploadMulti.cshtml.cs(344,51): warning CS8601: M├Âgliche Nullverweiszuweisung. [C:\Users\rloer\Desktop\IT-Pc\Angular Test\DmsProjeckt\DmsProjeckt.csproj]
C:\Users\rloer\Desktop\IT-Pc\Angular Test\DmsProjeckt\Pages\Tests\UploadMulti.cshtml.cs(345,44): warning CS8601: M├Âgliche Nullverweiszuweisung. [C:\Users\rloer\Desktop\IT-Pc\Angular Test\DmsProjeckt\DmsProjeckt.csproj]
C:\Users\rloer\Desktop\IT-Pc\Angular Test\DmsProjeckt\Pages\Tests\UploadMulti.cshtml.cs(346,44): warning CS8601: M├Âgliche Nullverweiszuweisung. [C:\Users\rloer\Desktop\IT-Pc\Angular Test\DmsProjeckt\DmsProjeckt.csproj]
C:\Users\rloer\Desktop\IT-Pc\Angular Test\DmsProjeckt\Pages\Tests\UploadMulti.cshtml.cs(347,46): warning CS8601: M├Âgliche Nullverweiszuweisung. [C:\Users\rloer\Desktop\IT-Pc\Angular Test\DmsProjeckt\DmsProjeckt.csproj]
C:\Users\rloer\Desktop\IT-Pc\Angular Test\DmsProjeckt\Pages\Tests\UploadMulti.cshtml.cs(348,56): warning CS8601: M├Âgliche Nullverweiszuweisung. [C:\Users\rloer\Desktop\IT-Pc\Angular Test\DmsProjeckt\DmsProjeckt.csproj]
C:\Users\rloer\Desktop\IT-Pc\Angular Test\DmsProjeckt\Pages\Tests\UploadMulti.cshtml.cs(349,43): warning CS8601: M├Âgliche Nullverweiszuweisung. [C:\Users\rloer\Desktop\IT-Pc\Angular Test\DmsProjeckt\DmsProjeckt.csproj]
C:\Users\rloer\Desktop\IT-Pc\Angular Test\DmsProjeckt\Pages\Tests\UploadMulti.cshtml.cs(350,43): warning CS8601: M├Âgliche Nullverweiszuweisung. [C:\Users\rloer\Desktop\IT-Pc\Angular Test\DmsProjeckt\DmsProjeckt.csproj]
C:\Users\rloer\Desktop\IT-Pc\Angular Test\DmsProjeckt\Pages\Tests\UploadMulti.cshtml.cs(351,46): warning CS8601: M├Âgliche Nullverweiszuweisung. [C:\Users\rloer\Desktop\IT-Pc\Angular Test\DmsProjeckt\DmsProjeckt.csproj]
C:\Users\rloer\Desktop\IT-Pc\Angular Test\DmsProjeckt\Pages\Tests\UploadMulti.cshtml.cs(371,36): warning CS8601: M├Âgliche Nullverweiszuweisung. [C:\Users\rloer\Desktop\IT-Pc\Angular Test\DmsProjeckt\DmsProjeckt.csproj]
C:\Users\rloer\Desktop\IT-Pc\Angular Test\DmsProjeckt\Pages\Tests\UploadMulti.cshtml.cs(374,41): warning CS8601: M├Âgliche Nullverweiszuweisung. [C:\Users\rloer\Desktop\IT-Pc\Angular Test\DmsProjeckt\DmsProjeckt.csproj]
C:\Users\rloer\Desktop\IT-Pc\Angular Test\DmsProjeckt\Pages\Tests\UploadMulti.cshtml.cs(375,44): warning CS8601: M├Âgliche Nullverweiszuweisung. [C:\Users\rloer\Desktop\IT-Pc\Angular Test\DmsProjeckt\DmsProjeckt.csproj]
C:\Users\rloer\Desktop\IT-Pc\Angular Test\DmsProjeckt\Pages\Tests\UploadMulti.cshtml.cs(376,37): warning CS8601: M├Âgliche Nullverweiszuweisung. [C:\Users\rloer\Desktop\IT-Pc\Angular Test\DmsProjeckt\DmsProjeckt.csproj]
C:\Users\rloer\Desktop\IT-Pc\Angular Test\DmsProjeckt\Pages\Tests\UploadMulti.cshtml.cs(377,47): warning CS8601: M├Âgliche Nullverweiszuweisung. [C:\Users\rloer\Desktop\IT-Pc\Angular Test\DmsProjeckt\DmsProjeckt.csproj]
C:\Users\rloer\Desktop\IT-Pc\Angular Test\DmsProjeckt\Pages\Tests\UploadMulti.cshtml.cs(378,44): warning CS8601: M├Âgliche Nullverweiszuweisung. [C:\Users\rloer\Desktop\IT-Pc\Angular Test\DmsProjeckt\DmsProjeckt.csproj]
C:\Users\rloer\Desktop\IT-Pc\Angular Test\DmsProjeckt\Pages\Tests\UploadMulti.cshtml.cs(379,47): warning CS8601: M├Âgliche Nullverweiszuweisung. [C:\Users\rloer\Desktop\IT-Pc\Angular Test\DmsProjeckt\DmsProjeckt.csproj]
C:\Users\rloer\Desktop\IT-Pc\Angular Test\DmsProjeckt\Pages\Tests\UploadMulti.cshtml.cs(380,43): warning CS8601: M├Âgliche Nullverweiszuweisung. [C:\Users\rloer\Desktop\IT-Pc\Angular Test\DmsProjeckt\DmsProjeckt.csproj]
C:\Users\rloer\Desktop\IT-Pc\Angular Test\DmsProjeckt\Pages\Tests\UploadMulti.cshtml.cs(381,43): warning CS8601: M├Âgliche Nullverweiszuweisung. [C:\Users\rloer\Desktop\IT-Pc\Angular Test\DmsProjeckt\DmsProjeckt.csproj]
C:\Users\rloer\Desktop\IT-Pc\Angular Test\DmsProjeckt\Pages\Tests\UploadMulti.cshtml.cs(382,44): warning CS8601: M├Âgliche Nullverweiszuweisung. [C:\Users\rloer\Desktop\IT-Pc\Angular Test\DmsProjeckt\DmsProjeckt.csproj]
C:\Users\rloer\Desktop\IT-Pc\Angular Test\DmsProjeckt\Pages\Tests\UploadMulti.cshtml.cs(383,46): warning CS8601: M├Âgliche Nullverweiszuweisung. [C:\Users\rloer\Desktop\IT-Pc\Angular Test\DmsProjeckt\DmsProjeckt.csproj]
C:\Users\rloer\Desktop\IT-Pc\Angular Test\DmsProjeckt\Pages\Tests\UploadMulti.cshtml.cs(384,43): warning CS8601: M├Âgliche Nullverweiszuweisung. [C:\Users\rloer\Desktop\IT-Pc\Angular Test\DmsProjeckt\DmsProjeckt.csproj]
C:\Users\rloer\Desktop\IT-Pc\Angular Test\DmsProjeckt\Pages\Tests\UploadMulti.cshtml.cs(385,49): warning CS8601: M├Âgliche Nullverweiszuweisung. [C:\Users\rloer\Desktop\IT-Pc\Angular Test\DmsProjeckt\DmsProjeckt.csproj]
C:\Users\rloer\Desktop\IT-Pc\Angular Test\DmsProjeckt\Pages\Tests\UploadMulti.cshtml.cs(386,51): warning CS8601: M├Âgliche Nullverweiszuweisung. [C:\Users\rloer\Desktop\IT-Pc\Angular Test\DmsProjeckt\DmsProjeckt.csproj]
C:\Users\rloer\Desktop\IT-Pc\Angular Test\DmsProjeckt\Pages\Tests\UploadMulti.cshtml.cs(387,41): warning CS8601: M├Âgliche Nullverweiszuweisung. [C:\Users\rloer\Desktop\IT-Pc\Angular Test\DmsProjeckt\DmsProjeckt.csproj]
C:\Users\rloer\Desktop\IT-Pc\Angular Test\DmsProjeckt\Pages\Tests\UploadMulti.cshtml.cs(388,45): warning CS8601: M├Âgliche Nullverweiszuweisung. [C:\Users\rloer\Desktop\IT-Pc\Angular Test\DmsProjeckt\DmsProjeckt.csproj]
C:\Users\rloer\Desktop\IT-Pc\Angular Test\DmsProjeckt\Pages\Tests\UploadMulti.cshtml.cs(389,37): warning CS8601: M├Âgliche Nullverweiszuweisung. [C:\Users\rloer\Desktop\IT-Pc\Angular Test\DmsProjeckt\DmsProjeckt.csproj]
C:\Users\rloer\Desktop\IT-Pc\Angular Test\DmsProjeckt\Pages\Tests\UploadMulti.cshtml.cs(390,39): warning CS8601: M├Âgliche Nullverweiszuweisung. [C:\Users\rloer\Desktop\IT-Pc\Angular Test\DmsProjeckt\DmsProjeckt.csproj]
C:\Users\rloer\Desktop\IT-Pc\Angular Test\DmsProjeckt\Pages\Tests\UploadMulti.cshtml.cs(391,39): warning CS8601: M├Âgliche Nullverweiszuweisung. [C:\Users\rloer\Desktop\IT-Pc\Angular Test\DmsProjeckt\DmsProjeckt.csproj]
C:\Users\rloer\Desktop\IT-Pc\Angular Test\DmsProjeckt\Pages\Tests\UploadMulti.cshtml.cs(392,36): warning CS8601: M├Âgliche Nullverweiszuweisung. [C:\Users\rloer\Desktop\IT-Pc\Angular Test\DmsProjeckt\DmsProjeckt.csproj]
C:\Users\rloer\Desktop\IT-Pc\Angular Test\DmsProjeckt\Pages\Tests\UploadMulti.cshtml.cs(393,35): warning CS8601: M├Âgliche Nullverweiszuweisung. [C:\Users\rloer\Desktop\IT-Pc\Angular Test\DmsProjeckt\DmsProjeckt.csproj]
C:\Users\rloer\Desktop\IT-Pc\Angular Test\DmsProjeckt\Pages\Tests\UploadMulti.cshtml.cs(394,46): warning CS8601: M├Âgliche Nullverweiszuweisung. [C:\Users\rloer\Desktop\IT-Pc\Angular Test\DmsProjeckt\DmsProjeckt.csproj]
C:\Users\rloer\Desktop\IT-Pc\Angular Test\DmsProjeckt\Pages\Tests\UploadMulti.cshtml.cs(395,40): warning CS8601: M├Âgliche Nullverweiszuweisung. [C:\Users\rloer\Desktop\IT-Pc\Angular Test\DmsProjeckt\DmsProjeckt.csproj]
C:\Users\rloer\Desktop\IT-Pc\Angular Test\DmsProjeckt\Pages\Tests\UploadMulti.cshtml.cs(396,41): warning CS8601: M├Âgliche Nullverweiszuweisung. [C:\Users\rloer\Desktop\IT-Pc\Angular Test\DmsProjeckt\DmsProjeckt.csproj]
C:\Users\rloer\Desktop\IT-Pc\Angular Test\DmsProjeckt\Pages\Tests\UploadMulti.cshtml.cs(397,39): warning CS8601: M├Âgliche Nullverweiszuweisung. [C:\Users\rloer\Desktop\IT-Pc\Angular Test\DmsProjeckt\DmsProjeckt.csproj]
C:\Users\rloer\Desktop\IT-Pc\Angular Test\DmsProjeckt\Pages\Tests\UploadMulti.cshtml.cs(398,47): warning CS8601: M├Âgliche Nullverweiszuweisung. [C:\Users\rloer\Desktop\IT-Pc\Angular Test\DmsProjeckt\DmsProjeckt.csproj]
C:\Users\rloer\Desktop\IT-Pc\Angular Test\DmsProjeckt\Pages\Tests\UploadMulti.cshtml.cs(399,47): warning CS8601: M├Âgliche Nullverweiszuweisung. [C:\Users\rloer\Desktop\IT-Pc\Angular Test\DmsProjeckt\DmsProjeckt.csproj]
C:\Users\rloer\Desktop\IT-Pc\Angular Test\DmsProjeckt\Pages\Tests\UploadMulti.cshtml.cs(400,40): warning CS8601: M├Âgliche Nullverweiszuweisung. [C:\Users\rloer\Desktop\IT-Pc\Angular Test\DmsProjeckt\DmsProjeckt.csproj]
C:\Users\rloer\Desktop\IT-Pc\Angular Test\DmsProjeckt\Pages\Tests\UploadMulti.cshtml.cs(401,39): warning CS8601: M├Âgliche Nullverweiszuweisung. [C:\Users\rloer\Desktop\IT-Pc\Angular Test\DmsProjeckt\DmsProjeckt.csproj]
C:\Users\rloer\Desktop\IT-Pc\Angular Test\DmsProjeckt\Pages\Tests\UploadMulti.cshtml.cs(402,39): warning CS8601: M├Âgliche Nullverweiszuweisung. [C:\Users\rloer\Desktop\IT-Pc\Angular Test\DmsProjeckt\DmsProjeckt.csproj]
C:\Users\rloer\Desktop\IT-Pc\Angular Test\DmsProjeckt\Pages\Tests\UploadMulti.cshtml.cs(403,42): warning CS8601: M├Âgliche Nullverweiszuweisung. [C:\Users\rloer\Desktop\IT-Pc\Angular Test\DmsProjeckt\DmsProjeckt.csproj]
C:\Users\rloer\Desktop\IT-Pc\Angular Test\DmsProjeckt\Pages\Dokument\Index.cshtml.cs(2454,23): warning CS8618: Non-Nullable-Eigenschaft ÔÇ×SourceÔÇ£ muss beim Beenden des Konstruktors einen Wert ungleich NULL enthalten. F├╝gen Sie ggf. den ÔÇ×erforderlichenÔÇ£ Modifizierer hinzu, oder deklarieren Sie den Eigenschaft als NULL-Werte zulassend. [C:\Users\rloer\Desktop\IT-Pc\Angular Test\DmsProjeckt\DmsProjeckt.csproj]
C:\Users\rloer\Desktop\IT-Pc\Angular Test\DmsProjeckt\Pages\Dokument\Index.cshtml.cs(2455,23): warning CS8618: Non-Nullable-Eigenschaft ÔÇ×TargetÔÇ£ muss beim Beenden des Konstruktors einen Wert ungleich NULL enthalten. F├╝gen Sie ggf. den ÔÇ×erforderlichenÔÇ£ Modifizierer hinzu, oder deklarieren Sie den Eigenschaft als NULL-Werte zulassend. [C:\Users\rloer\Desktop\IT-Pc\Angular Test\DmsProjeckt\DmsProjeckt.csproj]
C:\Users\rloer\Desktop\IT-Pc\Angular Test\DmsProjeckt\Pages\Dokument\Index.cshtml.cs(2458,23): warning CS8618: Non-Nullable-Eigenschaft ÔÇ×KategorieÔÇ£ muss beim Beenden des Konstruktors einen Wert ungleich NULL enthalten. F├╝gen Sie ggf. den ÔÇ×erforderlichenÔÇ£ Modifizierer hinzu, oder deklarieren Sie den Eigenschaft als NULL-Werte zulassend. [C:\Users\rloer\Desktop\IT-Pc\Angular Test\DmsProjeckt\DmsProjeckt.csproj]
C:\Users\rloer\Desktop\IT-Pc\Angular Test\DmsProjeckt\Pages\Workflows\Erstellen.cshtml.cs(42,37): warning CS8602: Dereferenzierung eines m├Âglichen Nullverweises. [C:\Users\rloer\Desktop\IT-Pc\Angular Test\DmsProjeckt\DmsProjeckt.csproj]
C:\Users\rloer\Desktop\IT-Pc\Angular Test\DmsProjeckt\Pages\Dokument\DashboardAdmin.cshtml.cs(569,51): warning CS8602: Dereferenzierung eines m├Âglichen Nullverweises. [C:\Users\rloer\Desktop\IT-Pc\Angular Test\DmsProjeckt\DmsProjeckt.csproj]
C:\Users\rloer\Desktop\IT-Pc\Angular Test\DmsProjeckt\Pages\Workflows\Index.cshtml.cs(20,16): warning CS8618: Non-Nullable-Eigenschaft ÔÇ×WorkflowsÔÇ£ muss beim Beenden des Konstruktors einen Wert ungleich NULL enthalten. F├╝gen Sie ggf. den ÔÇ×erforderlichenÔÇ£ Modifizierer hinzu, oder deklarieren Sie den Eigenschaft als NULL-Werte zulassend. [C:\Users\rloer\Desktop\IT-Pc\Angular Test\DmsProjeckt\DmsProjeckt.csproj]
C:\Users\rloer\Desktop\IT-Pc\Angular Test\DmsProjeckt\Pages\Workflows\Index.cshtml.cs(20,16): warning CS8618: Non-Nullable-Eigenschaft ÔÇ×CurrentUserIdÔÇ£ muss beim Beenden des Konstruktors einen Wert ungleich NULL enthalten. F├╝gen Sie ggf. den ÔÇ×erforderlichenÔÇ£ Modifizierer hinzu, oder deklarieren Sie den Eigenschaft als NULL-Werte zulassend. [C:\Users\rloer\Desktop\IT-Pc\Angular Test\DmsProjeckt\DmsProjeckt.csproj]
C:\Users\rloer\Desktop\IT-Pc\Angular Test\DmsProjeckt\Pages\Tests\UploadMulti.cshtml.cs(417,70): warning CS0618: "PdfDocumentOpenMode.ReadOnly" ist veraltet: "ReadOnly is not implemented, use Import instead." [C:\Users\rloer\Desktop\IT-Pc\Angular Test\DmsProjeckt\DmsProjeckt.csproj]
C:\Users\rloer\Desktop\IT-Pc\Angular Test\DmsProjeckt\Pages\Tests\UploadMulti.cshtml.cs(429,20): warning CS8603: M├Âgliche Nullverweisr├╝ckgabe. [C:\Users\rloer\Desktop\IT-Pc\Angular Test\DmsProjeckt\DmsProjeckt.csproj]
C:\Users\rloer\Desktop\IT-Pc\Angular Test\DmsProjeckt\Pages\Dokument\Index.cshtml.cs(2463,23): warning CS8618: Non-Nullable-Eigenschaft ÔÇ×SourceÔÇ£ muss beim Beenden des Konstruktors einen Wert ungleich NULL enthalten. F├╝gen Sie ggf. den ÔÇ×erforderlichenÔÇ£ Modifizierer hinzu, oder deklarieren Sie den Eigenschaft als NULL-Werte zulassend. [C:\Users\rloer\Desktop\IT-Pc\Angular Test\DmsProjeckt\DmsProjeckt.csproj]
C:\Users\rloer\Desktop\IT-Pc\Angular Test\DmsProjeckt\Pages\Dokument\Index.cshtml.cs(2464,23): warning CS8618: Non-Nullable-Eigenschaft ÔÇ×TargetÔÇ£ muss beim Beenden des Konstruktors einen Wert ungleich NULL enthalten. F├╝gen Sie ggf. den ÔÇ×erforderlichenÔÇ£ Modifizierer hinzu, oder deklarieren Sie den Eigenschaft als NULL-Werte zulassend. [C:\Users\rloer\Desktop\IT-Pc\Angular Test\DmsProjeckt\DmsProjeckt.csproj]
C:\Users\rloer\Desktop\IT-Pc\Angular Test\DmsProjeckt\Pages\Dokument\Index.cshtml.cs(2466,23): warning CS8618: Non-Nullable-Eigenschaft ÔÇ×KategorieÔÇ£ muss beim Beenden des Konstruktors einen Wert ungleich NULL enthalten. F├╝gen Sie ggf. den ÔÇ×erforderlichenÔÇ£ Modifizierer hinzu, oder deklarieren Sie den Eigenschaft als NULL-Werte zulassend. [C:\Users\rloer\Desktop\IT-Pc\Angular Test\DmsProjeckt\DmsProjeckt.csproj]
C:\Users\rloer\Desktop\IT-Pc\Angular Test\DmsProjeckt\Pages\Tests\Aufgaben.cshtml.cs(315,35): warning CS8602: Dereferenzierung eines m├Âglichen Nullverweises. [C:\Users\rloer\Desktop\IT-Pc\Angular Test\DmsProjeckt\DmsProjeckt.csproj]
C:\Users\rloer\Desktop\IT-Pc\Angular Test\DmsProjeckt\Pages\Tests\Aufgaben.cshtml.cs(340,115): warning CS8604: M├Âgliches Nullverweisargument f├╝r den Parameter "benutzerId" in "Task AuditLogService.LogActionOnlyAsync(string aktion, string benutzerId)". [C:\Users\rloer\Desktop\IT-Pc\Angular Test\DmsProjeckt\DmsProjeckt.csproj]
C:\Users\rloer\Desktop\IT-Pc\Angular Test\DmsProjeckt\Pages\Tests\Aufgaben.cshtml.cs(344,98): warning CS8602: Dereferenzierung eines m├Âglichen Nullverweises. [C:\Users\rloer\Desktop\IT-Pc\Angular Test\DmsProjeckt\DmsProjeckt.csproj]
C:\Users\rloer\Desktop\IT-Pc\Angular Test\DmsProjeckt\Pages\Tests\Aufgaben.cshtml.cs(349,102): warning CS8602: Dereferenzierung eines m├Âglichen Nullverweises. [C:\Users\rloer\Desktop\IT-Pc\Angular Test\DmsProjeckt\DmsProjeckt.csproj]
C:\Users\rloer\Desktop\IT-Pc\Angular Test\DmsProjeckt\Pages\Tests\Aufgaben.cshtml.cs(358,46): warning CS8602: Dereferenzierung eines m├Âglichen Nullverweises. [C:\Users\rloer\Desktop\IT-Pc\Angular Test\DmsProjeckt\DmsProjeckt.csproj]
C:\Users\rloer\Desktop\IT-Pc\Angular Test\DmsProjeckt\Pages\Tests\Aufgaben.cshtml.cs(366,34): warning CS8601: M├Âgliche Nullverweiszuweisung. [C:\Users\rloer\Desktop\IT-Pc\Angular Test\DmsProjeckt\DmsProjeckt.csproj]
C:\Users\rloer\Desktop\IT-Pc\Angular Test\DmsProjeckt\Pages\Tests\Aufgaben.cshtml.cs(379,27): warning CS8602: Dereferenzierung eines m├Âglichen Nullverweises. [C:\Users\rloer\Desktop\IT-Pc\Angular Test\DmsProjeckt\DmsProjeckt.csproj]
C:\Users\rloer\Desktop\IT-Pc\Angular Test\DmsProjeckt\Pages\Tests\Aufgaben.cshtml.cs(384,48): warning CS8604: M├Âgliches Nullverweisargument f├╝r den Parameter "to" in "Task EmailService.SendEmailAsync(string to, string subject, string body, List<(byte[] Data, string FileName, string MimeType)>? attachments = null)". [C:\Users\rloer\Desktop\IT-Pc\Angular Test\DmsProjeckt\DmsProjeckt.csproj]
C:\Users\rloer\Desktop\IT-Pc\Angular Test\DmsProjeckt\Pages\Tests\Aufgaben.cshtml.cs(412,70): warning CS8602: Dereferenzierung eines m├Âglichen Nullverweises. [C:\Users\rloer\Desktop\IT-Pc\Angular Test\DmsProjeckt\DmsProjeckt.csproj]
C:\Users\rloer\Desktop\IT-Pc\Angular Test\DmsProjeckt\Pages\Tests\Aufgaben.cshtml.cs(412,119): warning CS8602: Dereferenzierung eines m├Âglichen Nullverweises. [C:\Users\rloer\Desktop\IT-Pc\Angular Test\DmsProjeckt\DmsProjeckt.csproj]
C:\Users\rloer\Desktop\IT-Pc\Angular Test\DmsProjeckt\Pages\Tests\Aufgaben.cshtml.cs(412,209): warning CS8604: M├Âgliches Nullverweisargument f├╝r den Parameter "benutzerId" in "Task AuditLogService.LogActionOnlyAsync(string aktion, string benutzerId)". [C:\Users\rloer\Desktop\IT-Pc\Angular Test\DmsProjeckt\DmsProjeckt.csproj]
C:\Users\rloer\Desktop\IT-Pc\Angular Test\DmsProjeckt\Pages\Tests\Aufgaben.cshtml.cs(458,86): warning CS8602: Dereferenzierung eines m├Âglichen Nullverweises. [C:\Users\rloer\Desktop\IT-Pc\Angular Test\DmsProjeckt\DmsProjeckt.csproj]
C:\Users\rloer\Desktop\IT-Pc\Angular Test\DmsProjeckt\Pages\Tests\Aufgaben.cshtml.cs(482,101): warning CS8602: Dereferenzierung eines m├Âglichen Nullverweises. [C:\Users\rloer\Desktop\IT-Pc\Angular Test\DmsProjeckt\DmsProjeckt.csproj]
C:\Users\rloer\Desktop\IT-Pc\Angular Test\DmsProjeckt\Pages\Tests\Aufgaben.cshtml.cs(489,72): warning CS8602: Dereferenzierung eines m├Âglichen Nullverweises. [C:\Users\rloer\Desktop\IT-Pc\Angular Test\DmsProjeckt\DmsProjeckt.csproj]
C:\Users\rloer\Desktop\IT-Pc\Angular Test\DmsProjeckt\Pages\Tests\Aufgaben.cshtml.cs(491,46): warning CS8602: Dereferenzierung eines m├Âglichen Nullverweises. [C:\Users\rloer\Desktop\IT-Pc\Angular Test\DmsProjeckt\DmsProjeckt.csproj]
C:\Users\rloer\Desktop\IT-Pc\Angular Test\DmsProjeckt\Pages\Tests\Aufgaben.cshtml.cs(498,34): warning CS8601: M├Âgliche Nullverweiszuweisung. [C:\Users\rloer\Desktop\IT-Pc\Angular Test\DmsProjeckt\DmsProjeckt.csproj]
C:\Users\rloer\Desktop\IT-Pc\Angular Test\DmsProjeckt\Pages\Dokument\Index.cshtml.cs(2470,23): warning CS8618: Non-Nullable-Eigenschaft ÔÇ×NameÔÇ£ muss beim Beenden des Konstruktors einen Wert ungleich NULL enthalten. F├╝gen Sie ggf. den ÔÇ×erforderlichenÔÇ£ Modifizierer hinzu, oder deklarieren Sie den Eigenschaft als NULL-Werte zulassend. [C:\Users\rloer\Desktop\IT-Pc\Angular Test\DmsProjeckt\DmsProjeckt.csproj]
C:\Users\rloer\Desktop\IT-Pc\Angular Test\DmsProjeckt\Pages\Dokument\Index.cshtml.cs(2471,23): warning CS8618: Non-Nullable-Eigenschaft ÔÇ×PathÔÇ£ muss beim Beenden des Konstruktors einen Wert ungleich NULL enthalten. F├╝gen Sie ggf. den ÔÇ×erforderlichenÔÇ£ Modifizierer hinzu, oder deklarieren Sie den Eigenschaft als NULL-Werte zulassend. [C:\Users\rloer\Desktop\IT-Pc\Angular Test\DmsProjeckt\DmsProjeckt.csproj]
C:\Users\rloer\Desktop\IT-Pc\Angular Test\DmsProjeckt\Pages\Workflows\Step.cshtml.cs(12,16): warning CS8618: Non-Nullable-Feld ÔÇ×StepÔÇ£ muss beim Beenden des Konstruktors einen Wert ungleich NULL enthalten. F├╝gen Sie ggf. den ÔÇ×erforderlichenÔÇ£ Modifizierer hinzu, oder deklarieren Sie den Feld als NULL-Werte zulassend. [C:\Users\rloer\Desktop\IT-Pc\Angular Test\DmsProjeckt\DmsProjeckt.csproj]
C:\Users\rloer\Desktop\IT-Pc\Angular Test\DmsProjeckt\Pages\Workflows\Index.cshtml.cs(37,44): warning CS8602: Dereferenzierung eines m├Âglichen Nullverweises. [C:\Users\rloer\Desktop\IT-Pc\Angular Test\DmsProjeckt\DmsProjeckt.csproj]
C:\Users\rloer\Desktop\IT-Pc\Angular Test\DmsProjeckt\Pages\Workflows\Index.cshtml.cs(38,30): warning CS8629: Ein Werttyp, der NULL zul├ñsst, kann NULL sein. [C:\Users\rloer\Desktop\IT-Pc\Angular Test\DmsProjeckt\DmsProjeckt.csproj]
C:\Users\rloer\Desktop\IT-Pc\Angular Test\DmsProjeckt\Pages\Workflows\Index.cshtml.cs(45,29): warning CS8601: M├Âgliche Nullverweiszuweisung. [C:\Users\rloer\Desktop\IT-Pc\Angular Test\DmsProjeckt\DmsProjeckt.csproj]
C:\Users\rloer\Desktop\IT-Pc\Angular Test\DmsProjeckt\Pages\Dokument\Index.cshtml.cs(673,56): warning CS8603: M├Âgliche Nullverweisr├╝ckgabe. [C:\Users\rloer\Desktop\IT-Pc\Angular Test\DmsProjeckt\DmsProjeckt.csproj]
C:\Users\rloer\Desktop\IT-Pc\Angular Test\DmsProjeckt\Pages\Dokument\Index.cshtml.cs(678,20): warning CS8603: M├Âgliche Nullverweisr├╝ckgabe. [C:\Users\rloer\Desktop\IT-Pc\Angular Test\DmsProjeckt\DmsProjeckt.csproj]
C:\Users\rloer\Desktop\IT-Pc\Angular Test\DmsProjeckt\Pages\Workflows\Index.cshtml.cs(59,69): warning CS8602: Dereferenzierung eines m├Âglichen Nullverweises. [C:\Users\rloer\Desktop\IT-Pc\Angular Test\DmsProjeckt\DmsProjeckt.csproj]
C:\Users\rloer\Desktop\IT-Pc\Angular Test\DmsProjeckt\Pages\Workflows\Index.cshtml.cs(59,114): warning CS8604: M├Âgliches Nullverweisargument f├╝r den Parameter "benutzerId" in "Task AuditLogService.LogActionOnlyAsync(string aktion, string benutzerId)". [C:\Users\rloer\Desktop\IT-Pc\Angular Test\DmsProjeckt\DmsProjeckt.csproj]
C:\Users\rloer\Desktop\IT-Pc\Angular Test\DmsProjeckt\Pages\Workflows\Step.cshtml.cs(18,20): warning CS8601: M├Âgliche Nullverweiszuweisung. [C:\Users\rloer\Desktop\IT-Pc\Angular Test\DmsProjeckt\DmsProjeckt.csproj]
C:\Users\rloer\Desktop\IT-Pc\Angular Test\DmsProjeckt\Pages\Dokument\Indexierte.cshtml.cs(26,67): warning CS8604: M├Âgliches Nullverweisargument f├╝r den Parameter "applicationUserId" in "Task<List<DokumentIndex>> DokumentIndexService.GetIndexedForUserAsync(string applicationUserId)". [C:\Users\rloer\Desktop\IT-Pc\Angular Test\DmsProjeckt\DmsProjeckt.csproj]
C:\Users\rloer\Desktop\IT-Pc\Angular Test\DmsProjeckt\Pages\Dokument\MetadatenBearbeiten.cshtml.cs(17,16): warning CS8618: Non-Nullable-Eigenschaft ÔÇ×DokumentÔÇ£ muss beim Beenden des Konstruktors einen Wert ungleich NULL enthalten. F├╝gen Sie ggf. den ÔÇ×erforderlichenÔÇ£ Modifizierer hinzu, oder deklarieren Sie den Eigenschaft als NULL-Werte zulassend. [C:\Users\rloer\Desktop\IT-Pc\Angular Test\DmsProjeckt\DmsProjeckt.csproj]
C:\Users\rloer\Desktop\IT-Pc\Angular Test\DmsProjeckt\Pages\Dokument\MetadatenBearbeiten.cshtml.cs(17,16): warning CS8618: Non-Nullable-Eigenschaft ÔÇ×PendingSignaturesJsonÔÇ£ muss beim Beenden des Konstruktors einen Wert ungleich NULL enthalten. F├╝gen Sie ggf. den ÔÇ×erforderlichenÔÇ£ Modifizierer hinzu, oder deklarieren Sie den Eigenschaft als NULL-Werte zulassend. [C:\Users\rloer\Desktop\IT-Pc\Angular Test\DmsProjeckt\DmsProjeckt.csproj]
C:\Users\rloer\Desktop\IT-Pc\Angular Test\DmsProjeckt\Pages\Dokument\MetadatenBearbeiten.cshtml.cs(179,23): warning CS8618: Non-Nullable-Eigenschaft ÔÇ×ImageBase64ÔÇ£ muss beim Beenden des Konstruktors einen Wert ungleich NULL enthalten. F├╝gen Sie ggf. den ÔÇ×erforderlichenÔÇ£ Modifizierer hinzu, oder deklarieren Sie den Eigenschaft als NULL-Werte zulassend. [C:\Users\rloer\Desktop\IT-Pc\Angular Test\DmsProjeckt\DmsProjeckt.csproj]
C:\Users\rloer\Desktop\IT-Pc\Angular Test\DmsProjeckt\Pages\Dokument\Index.cshtml.cs(725,31): warning CS8602: Dereferenzierung eines m├Âglichen Nullverweises. [C:\Users\rloer\Desktop\IT-Pc\Angular Test\DmsProjeckt\DmsProjeckt.csproj]
C:\Users\rloer\Desktop\IT-Pc\Angular Test\DmsProjeckt\Pages\Dokument\Suchen.cshtml.cs(32,27): warning CS8618: Non-Nullable-Eigenschaft ÔÇ×DateinameÔÇ£ muss beim Beenden des Konstruktors einen Wert ungleich NULL enthalten. F├╝gen Sie ggf. den ÔÇ×erforderlichenÔÇ£ Modifizierer hinzu, oder deklarieren Sie den Eigenschaft als NULL-Werte zulassend. [C:\Users\rloer\Desktop\IT-Pc\Angular Test\DmsProjeckt\DmsProjeckt.csproj]
C:\Users\rloer\Desktop\IT-Pc\Angular Test\DmsProjeckt\Pages\Dokument\Suchen.cshtml.cs(33,27): warning CS8618: Non-Nullable-Eigenschaft ÔÇ×KategorieÔÇ£ muss beim Beenden des Konstruktors einen Wert ungleich NULL enthalten. F├╝gen Sie ggf. den ÔÇ×erforderlichenÔÇ£ Modifizierer hinzu, oder deklarieren Sie den Eigenschaft als NULL-Werte zulassend. [C:\Users\rloer\Desktop\IT-Pc\Angular Test\DmsProjeckt\DmsProjeckt.csproj]
C:\Users\rloer\Desktop\IT-Pc\Angular Test\DmsProjeckt\Pages\Dokument\Suchen.cshtml.cs(34,27): warning CS8618: Non-Nullable-Eigenschaft ÔÇ×RechnungsnummerÔÇ£ muss beim Beenden des Konstruktors einen Wert ungleich NULL enthalten. F├╝gen Sie ggf. den ÔÇ×erforderlichenÔÇ£ Modifizierer hinzu, oder deklarieren Sie den Eigenschaft als NULL-Werte zulassend. [C:\Users\rloer\Desktop\IT-Pc\Angular Test\DmsProjeckt\DmsProjeckt.csproj]
C:\Users\rloer\Desktop\IT-Pc\Angular Test\DmsProjeckt\Pages\Dokument\Suchen.cshtml.cs(35,27): warning CS8618: Non-Nullable-Eigenschaft ÔÇ×KundennummerÔÇ£ muss beim Beenden des Konstruktors einen Wert ungleich NULL enthalten. F├╝gen Sie ggf. den ÔÇ×erforderlichenÔÇ£ Modifizierer hinzu, oder deklarieren Sie den Eigenschaft als NULL-Werte zulassend. [C:\Users\rloer\Desktop\IT-Pc\Angular Test\DmsProjeckt\DmsProjeckt.csproj]
C:\Users\rloer\Desktop\IT-Pc\Angular Test\DmsProjeckt\Pages\Dokument\Suchen.cshtml.cs(36,27): warning CS8618: Non-Nullable-Eigenschaft ÔÇ×UIDNummerÔÇ£ muss beim Beenden des Konstruktors einen Wert ungleich NULL enthalten. F├╝gen Sie ggf. den ÔÇ×erforderlichenÔÇ£ Modifizierer hinzu, oder deklarieren Sie den Eigenschaft als NULL-Werte zulassend. [C:\Users\rloer\Desktop\IT-Pc\Angular Test\DmsProjeckt\DmsProjeckt.csproj]
C:\Users\rloer\Desktop\IT-Pc\Angular Test\DmsProjeckt\Pages\Dokument\Suchen.cshtml.cs(37,27): warning CS8618: Non-Nullable-Eigenschaft ÔÇ×OCRTextÔÇ£ muss beim Beenden des Konstruktors einen Wert ungleich NULL enthalten. F├╝gen Sie ggf. den ÔÇ×erforderlichenÔÇ£ Modifizierer hinzu, oder deklarieren Sie den Eigenschaft als NULL-Werte zulassend. [C:\Users\rloer\Desktop\IT-Pc\Angular Test\DmsProjeckt\DmsProjeckt.csproj]
C:\Users\rloer\Desktop\IT-Pc\Angular Test\DmsProjeckt\Pages\Dokument\Suchen.cshtml.cs(38,27): warning CS8618: Non-Nullable-Eigenschaft ÔÇ×BeschreibungÔÇ£ muss beim Beenden des Konstruktors einen Wert ungleich NULL enthalten. F├╝gen Sie ggf. den ÔÇ×erforderlichenÔÇ£ Modifizierer hinzu, oder deklarieren Sie den Eigenschaft als NULL-Werte zulassend. [C:\Users\rloer\Desktop\IT-Pc\Angular Test\DmsProjeckt\DmsProjeckt.csproj]
C:\Users\rloer\Desktop\IT-Pc\Angular Test\DmsProjeckt\Pages\Dokument\ScanDokument.cshtml.cs(50,27): warning CS8618: Non-Nullable-Eigenschaft ÔÇ×BeschreibungÔÇ£ muss beim Beenden des Konstruktors einen Wert ungleich NULL enthalten. F├╝gen Sie ggf. den ÔÇ×erforderlichenÔÇ£ Modifizierer hinzu, oder deklarieren Sie den Eigenschaft als NULL-Werte zulassend. [C:\Users\rloer\Desktop\IT-Pc\Angular Test\DmsProjeckt\DmsProjeckt.csproj]
C:\Users\rloer\Desktop\IT-Pc\Angular Test\DmsProjeckt\Pages\Dokument\ScanDokument.cshtml.cs(51,27): warning CS8618: Non-Nullable-Eigenschaft ÔÇ×TitelÔÇ£ muss beim Beenden des Konstruktors einen Wert ungleich NULL enthalten. F├╝gen Sie ggf. den ÔÇ×erforderlichenÔÇ£ Modifizierer hinzu, oder deklarieren Sie den Eigenschaft als NULL-Werte zulassend. [C:\Users\rloer\Desktop\IT-Pc\Angular Test\DmsProjeckt\DmsProjeckt.csproj]
C:\Users\rloer\Desktop\IT-Pc\Angular Test\DmsProjeckt\Pages\Dokument\ScanDokument.cshtml.cs(52,27): warning CS8618: Non-Nullable-Eigenschaft ÔÇ×RechnungsnummerÔÇ£ muss beim Beenden des Konstruktors einen Wert ungleich NULL enthalten. F├╝gen Sie ggf. den ÔÇ×erforderlichenÔÇ£ Modifizierer hinzu, oder deklarieren Sie den Eigenschaft als NULL-Werte zulassend. [C:\Users\rloer\Desktop\IT-Pc\Angular Test\DmsProjeckt\DmsProjeckt.csproj]
C:\Users\rloer\Desktop\IT-Pc\Angular Test\DmsProjeckt\Pages\Dokument\ScanDokument.cshtml.cs(53,27): warning CS8618: Non-Nullable-Eigenschaft ÔÇ×KundennummerÔÇ£ muss beim Beenden des Konstruktors einen Wert ungleich NULL enthalten. F├╝gen Sie ggf. den ÔÇ×erforderlichenÔÇ£ Modifizierer hinzu, oder deklarieren Sie den Eigenschaft als NULL-Werte zulassend. [C:\Users\rloer\Desktop\IT-Pc\Angular Test\DmsProjeckt\DmsProjeckt.csproj]
C:\Users\rloer\Desktop\IT-Pc\Angular Test\DmsProjeckt\Pages\Dokument\ScanDokument.cshtml.cs(54,27): warning CS8618: Non-Nullable-Eigenschaft ÔÇ×RechnungsbetragÔÇ£ muss beim Beenden des Konstruktors einen Wert ungleich NULL enthalten. F├╝gen Sie ggf. den ÔÇ×erforderlichenÔÇ£ Modifizierer hinzu, oder deklarieren Sie den Eigenschaft als NULL-Werte zulassend. [C:\Users\rloer\Desktop\IT-Pc\Angular Test\DmsProjeckt\DmsProjeckt.csproj]
C:\Users\rloer\Desktop\IT-Pc\Angular Test\DmsProjeckt\Pages\Dokument\ScanDokument.cshtml.cs(55,27): warning CS8618: Non-Nullable-Eigenschaft ÔÇ×NettobetragÔÇ£ muss beim Beenden des Konstruktors einen Wert ungleich NULL enthalten. F├╝gen Sie ggf. den ÔÇ×erforderlichenÔÇ£ Modifizierer hinzu, oder deklarieren Sie den Eigenschaft als NULL-Werte zulassend. [C:\Users\rloer\Desktop\IT-Pc\Angular Test\DmsProjeckt\DmsProjeckt.csproj]
C:\Users\rloer\Desktop\IT-Pc\Angular Test\DmsProjeckt\Pages\Dokument\ScanDokument.cshtml.cs(56,27): warning CS8618: Non-Nullable-Eigenschaft ÔÇ×GesamtpreisÔÇ£ muss beim Beenden des Konstruktors einen Wert ungleich NULL enthalten. F├╝gen Sie ggf. den ÔÇ×erforderlichenÔÇ£ Modifizierer hinzu, oder deklarieren Sie den Eigenschaft als NULL-Werte zulassend. [C:\Users\rloer\Desktop\IT-Pc\Angular Test\DmsProjeckt\DmsProjeckt.csproj]
C:\Users\rloer\Desktop\IT-Pc\Angular Test\DmsProjeckt\Pages\Dokument\ScanDokument.cshtml.cs(57,27): warning CS8618: Non-Nullable-Eigenschaft ÔÇ×SteuerbetragÔÇ£ muss beim Beenden des Konstruktors einen Wert ungleich NULL enthalten. F├╝gen Sie ggf. den ÔÇ×erforderlichenÔÇ£ Modifizierer hinzu, oder deklarieren Sie den Eigenschaft als NULL-Werte zulassend. [C:\Users\rloer\Desktop\IT-Pc\Angular Test\DmsProjeckt\DmsProjeckt.csproj]
C:\Users\rloer\Desktop\IT-Pc\Angular Test\DmsProjeckt\Pages\Dokument\ScanDokument.cshtml.cs(58,27): warning CS8618: Non-Nullable-Eigenschaft ÔÇ×RechnungsdatumÔÇ£ muss beim Beenden des Konstruktors einen Wert ungleich NULL enthalten. F├╝gen Sie ggf. den ÔÇ×erforderlichenÔÇ£ Modifizierer hinzu, oder deklarieren Sie den Eigenschaft als NULL-Werte zulassend. [C:\Users\rloer\Desktop\IT-Pc\Angular Test\DmsProjeckt\DmsProjeckt.csproj]
C:\Users\rloer\Desktop\IT-Pc\Angular Test\DmsProjeckt\Pages\Dokument\ScanDokument.cshtml.cs(59,27): warning CS8618: Non-Nullable-Eigenschaft ÔÇ×LieferdatumÔÇ£ muss beim Beenden des Konstruktors einen Wert ungleich NULL enthalten. F├╝gen Sie ggf. den ÔÇ×erforderlichenÔÇ£ Modifizierer hinzu, oder deklarieren Sie den Eigenschaft als NULL-Werte zulassend. [C:\Users\rloer\Desktop\IT-Pc\Angular Test\DmsProjeckt\DmsProjeckt.csproj]
C:\Users\rloer\Desktop\IT-Pc\Angular Test\DmsProjeckt\Pages\Dokument\ScanDokument.cshtml.cs(60,27): warning CS8618: Non-Nullable-Eigenschaft ÔÇ×FaelligkeitsdatumÔÇ£ muss beim Beenden des Konstruktors einen Wert ungleich NULL enthalten. F├╝gen Sie ggf. den ÔÇ×erforderlichenÔÇ£ Modifizierer hinzu, oder deklarieren Sie den Eigenschaft als NULL-Werte zulassend. [C:\Users\rloer\Desktop\IT-Pc\Angular Test\DmsProjeckt\DmsProjeckt.csproj]
C:\Users\rloer\Desktop\IT-Pc\Angular Test\DmsProjeckt\Pages\Dokument\ScanDokument.cshtml.cs(61,27): warning CS8618: Non-Nullable-Eigenschaft ÔÇ×ZahlungsbedingungenÔÇ£ muss beim Beenden des Konstruktors einen Wert ungleich NULL enthalten. F├╝gen Sie ggf. den ÔÇ×erforderlichenÔÇ£ Modifizierer hinzu, oder deklarieren Sie den Eigenschaft als NULL-Werte zulassend. [C:\Users\rloer\Desktop\IT-Pc\Angular Test\DmsProjeckt\DmsProjeckt.csproj]
C:\Users\rloer\Desktop\IT-Pc\Angular Test\DmsProjeckt\Pages\Dokument\ScanDokument.cshtml.cs(62,27): warning CS8618: Non-Nullable-Eigenschaft ÔÇ×LieferartÔÇ£ muss beim Beenden des Konstruktors einen Wert ungleich NULL enthalten. F├╝gen Sie ggf. den ÔÇ×erforderlichenÔÇ£ Modifizierer hinzu, oder deklarieren Sie den Eigenschaft als NULL-Werte zulassend. [C:\Users\rloer\Desktop\IT-Pc\Angular Test\DmsProjeckt\DmsProjeckt.csproj]
C:\Users\rloer\Desktop\IT-Pc\Angular Test\DmsProjeckt\Pages\Dokument\ScanDokument.cshtml.cs(63,27): warning CS8618: Non-Nullable-Eigenschaft ÔÇ×ArtikelAnzahlÔÇ£ muss beim Beenden des Konstruktors einen Wert ungleich NULL enthalten. F├╝gen Sie ggf. den ÔÇ×erforderlichenÔÇ£ Modifizierer hinzu, oder deklarieren Sie den Eigenschaft als NULL-Werte zulassend. [C:\Users\rloer\Desktop\IT-Pc\Angular Test\DmsProjeckt\DmsProjeckt.csproj]
C:\Users\rloer\Desktop\IT-Pc\Angular Test\DmsProjeckt\Pages\Dokument\ScanDokument.cshtml.cs(64,27): warning CS8618: Non-Nullable-Eigenschaft ÔÇ×EmailÔÇ£ muss beim Beenden des Konstruktors einen Wert ungleich NULL enthalten. F├╝gen Sie ggf. den ÔÇ×erforderlichenÔÇ£ Modifizierer hinzu, oder deklarieren Sie den Eigenschaft als NULL-Werte zulassend. [C:\Users\rloer\Desktop\IT-Pc\Angular Test\DmsProjeckt\DmsProjeckt.csproj]
C:\Users\rloer\Desktop\IT-Pc\Angular Test\DmsProjeckt\Pages\Dokument\ScanDokument.cshtml.cs(65,27): warning CS8618: Non-Nullable-Eigenschaft ÔÇ×TelefonÔÇ£ muss beim Beenden des Konstruktors einen Wert ungleich NULL enthalten. F├╝gen Sie ggf. den ÔÇ×erforderlichenÔÇ£ Modifizierer hinzu, oder deklarieren Sie den Eigenschaft als NULL-Werte zulassend. [C:\Users\rloer\Desktop\IT-Pc\Angular Test\DmsProjeckt\DmsProjeckt.csproj]
C:\Users\rloer\Desktop\IT-Pc\Angular Test\DmsProjeckt\Pages\Dokument\ScanDokument.cshtml.cs(66,27): warning CS8618: Non-Nullable-Eigenschaft ÔÇ×TelefaxÔÇ£ muss beim Beenden des Konstruktors einen Wert ungleich NULL enthalten. F├╝gen Sie ggf. den ÔÇ×erforderlichenÔÇ£ Modifizierer hinzu, oder deklarieren Sie den Eigenschaft als NULL-Werte zulassend. [C:\Users\rloer\Desktop\IT-Pc\Angular Test\DmsProjeckt\DmsProjeckt.csproj]
C:\Users\rloer\Desktop\IT-Pc\Angular Test\DmsProjeckt\Pages\Dokument\ScanDokument.cshtml.cs(67,27): warning CS8618: Non-Nullable-Eigenschaft ÔÇ×IBANÔÇ£ muss beim Beenden des Konstruktors einen Wert ungleich NULL enthalten. F├╝gen Sie ggf. den ÔÇ×erforderlichenÔÇ£ Modifizierer hinzu, oder deklarieren Sie den Eigenschaft als NULL-Werte zulassend. [C:\Users\rloer\Desktop\IT-Pc\Angular Test\DmsProjeckt\DmsProjeckt.csproj]
C:\Users\rloer\Desktop\IT-Pc\Angular Test\DmsProjeckt\Pages\Dokument\ScanDokument.cshtml.cs(68,27): warning CS8618: Non-Nullable-Eigenschaft ÔÇ×BICÔÇ£ muss beim Beenden des Konstruktors einen Wert ungleich NULL enthalten. F├╝gen Sie ggf. den ÔÇ×erforderlichenÔÇ£ Modifizierer hinzu, oder deklarieren Sie den Eigenschaft als NULL-Werte zulassend. [C:\Users\rloer\Desktop\IT-Pc\Angular Test\DmsProjeckt\DmsProjeckt.csproj]
C:\Users\rloer\Desktop\IT-Pc\Angular Test\DmsProjeckt\Pages\Dokument\ScanDokument.cshtml.cs(69,27): warning CS8618: Non-Nullable-Eigenschaft ÔÇ×BankverbindungÔÇ£ muss beim Beenden des Konstruktors einen Wert ungleich NULL enthalten. F├╝gen Sie ggf. den ÔÇ×erforderlichenÔÇ£ Modifizierer hinzu, oder deklarieren Sie den Eigenschaft als NULL-Werte zulassend. [C:\Users\rloer\Desktop\IT-Pc\Angular Test\DmsProjeckt\DmsProjeckt.csproj]
C:\Users\rloer\Desktop\IT-Pc\Angular Test\DmsProjeckt\Pages\Dokument\ScanDokument.cshtml.cs(70,27): warning CS8618: Non-Nullable-Eigenschaft ÔÇ×SteuerNrÔÇ£ muss beim Beenden des Konstruktors einen Wert ungleich NULL enthalten. F├╝gen Sie ggf. den ÔÇ×erforderlichenÔÇ£ Modifizierer hinzu, oder deklarieren Sie den Eigenschaft als NULL-Werte zulassend. [C:\Users\rloer\Desktop\IT-Pc\Angular Test\DmsProjeckt\DmsProjeckt.csproj]
C:\Users\rloer\Desktop\IT-Pc\Angular Test\DmsProjeckt\Pages\Dokument\ScanDokument.cshtml.cs(71,27): warning CS8618: Non-Nullable-Eigenschaft ÔÇ×UIDNummerÔÇ£ muss beim Beenden des Konstruktors einen Wert ungleich NULL enthalten. F├╝gen Sie ggf. den ÔÇ×erforderlichenÔÇ£ Modifizierer hinzu, oder deklarieren Sie den Eigenschaft als NULL-Werte zulassend. [C:\Users\rloer\Desktop\IT-Pc\Angular Test\DmsProjeckt\DmsProjeckt.csproj]
C:\Users\rloer\Desktop\IT-Pc\Angular Test\DmsProjeckt\Pages\Dokument\ScanDokument.cshtml.cs(72,27): warning CS8618: Non-Nullable-Eigenschaft ÔÇ×AdresseÔÇ£ muss beim Beenden des Konstruktors einen Wert ungleich NULL enthalten. F├╝gen Sie ggf. den ÔÇ×erforderlichenÔÇ£ Modifizierer hinzu, oder deklarieren Sie den Eigenschaft als NULL-Werte zulassend. [C:\Users\rloer\Desktop\IT-Pc\Angular Test\DmsProjeckt\DmsProjeckt.csproj]
C:\Users\rloer\Desktop\IT-Pc\Angular Test\DmsProjeckt\Pages\Dokument\ScanDokument.cshtml.cs(73,27): warning CS8618: Non-Nullable-Eigenschaft ÔÇ×AbsenderAdresseÔÇ£ muss beim Beenden des Konstruktors einen Wert ungleich NULL enthalten. F├╝gen Sie ggf. den ÔÇ×erforderlichenÔÇ£ Modifizierer hinzu, oder deklarieren Sie den Eigenschaft als NULL-Werte zulassend. [C:\Users\rloer\Desktop\IT-Pc\Angular Test\DmsProjeckt\DmsProjeckt.csproj]
C:\Users\rloer\Desktop\IT-Pc\Angular Test\DmsProjeckt\Pages\Dokument\ScanDokument.cshtml.cs(74,27): warning CS8618: Non-Nullable-Eigenschaft ÔÇ×AnsprechPartnerÔÇ£ muss beim Beenden des Konstruktors einen Wert ungleich NULL enthalten. F├╝gen Sie ggf. den ÔÇ×erforderlichenÔÇ£ Modifizierer hinzu, oder deklarieren Sie den Eigenschaft als NULL-Werte zulassend. [C:\Users\rloer\Desktop\IT-Pc\Angular Test\DmsProjeckt\DmsProjeckt.csproj]
C:\Users\rloer\Desktop\IT-Pc\Angular Test\DmsProjeckt\Pages\Dokument\ScanDokument.cshtml.cs(75,27): warning CS8618: Non-Nullable-Eigenschaft ÔÇ×ZeitraumÔÇ£ muss beim Beenden des Konstruktors einen Wert ungleich NULL enthalten. F├╝gen Sie ggf. den ÔÇ×erforderlichenÔÇ£ Modifizierer hinzu, oder deklarieren Sie den Eigenschaft als NULL-Werte zulassend. [C:\Users\rloer\Desktop\IT-Pc\Angular Test\DmsProjeckt\DmsProjeckt.csproj]
C:\Users\rloer\Desktop\IT-Pc\Angular Test\DmsProjeckt\Pages\Dokument\ScanDokument.cshtml.cs(76,27): warning CS8618: Non-Nullable-Eigenschaft ÔÇ×PdfAutorÔÇ£ muss beim Beenden des Konstruktors einen Wert ungleich NULL enthalten. F├╝gen Sie ggf. den ÔÇ×erforderlichenÔÇ£ Modifizierer hinzu, oder deklarieren Sie den Eigenschaft als NULL-Werte zulassend. [C:\Users\rloer\Desktop\IT-Pc\Angular Test\DmsProjeckt\DmsProjeckt.csproj]
C:\Users\rloer\Desktop\IT-Pc\Angular Test\DmsProjeckt\Pages\Dokument\ScanDokument.cshtml.cs(77,27): warning CS8618: Non-Nullable-Eigenschaft ÔÇ×PdfBetreffÔÇ£ muss beim Beenden des Konstruktors einen Wert ungleich NULL enthalten. F├╝gen Sie ggf. den ÔÇ×erforderlichenÔÇ£ Modifizierer hinzu, oder deklarieren Sie den Eigenschaft als NULL-Werte zulassend. [C:\Users\rloer\Desktop\IT-Pc\Angular Test\DmsProjeckt\DmsProjeckt.csproj]
C:\Users\rloer\Desktop\IT-Pc\Angular Test\DmsProjeckt\Pages\Dokument\ScanDokument.cshtml.cs(78,27): warning CS8618: Non-Nullable-Eigenschaft ÔÇ×PdfSchluesselwoerterÔÇ£ muss beim Beenden des Konstruktors einen Wert ungleich NULL enthalten. F├╝gen Sie ggf. den ÔÇ×erforderlichenÔÇ£ Modifizierer hinzu, oder deklarieren Sie den Eigenschaft als NULL-Werte zulassend. [C:\Users\rloer\Desktop\IT-Pc\Angular Test\DmsProjeckt\DmsProjeckt.csproj]
C:\Users\rloer\Desktop\IT-Pc\Angular Test\DmsProjeckt\Pages\Dokument\ScanDokument.cshtml.cs(79,27): warning CS8618: Non-Nullable-Eigenschaft ÔÇ×WebsiteÔÇ£ muss beim Beenden des Konstruktors einen Wert ungleich NULL enthalten. F├╝gen Sie ggf. den ÔÇ×erforderlichenÔÇ£ Modifizierer hinzu, oder deklarieren Sie den Eigenschaft als NULL-Werte zulassend. [C:\Users\rloer\Desktop\IT-Pc\Angular Test\DmsProjeckt\DmsProjeckt.csproj]
C:\Users\rloer\Desktop\IT-Pc\Angular Test\DmsProjeckt\Pages\Dokument\ScanDokument.cshtml.cs(80,27): warning CS8618: Non-Nullable-Eigenschaft ÔÇ×OCRTextÔÇ£ muss beim Beenden des Konstruktors einen Wert ungleich NULL enthalten. F├╝gen Sie ggf. den ÔÇ×erforderlichenÔÇ£ Modifizierer hinzu, oder deklarieren Sie den Eigenschaft als NULL-Werte zulassend. [C:\Users\rloer\Desktop\IT-Pc\Angular Test\DmsProjeckt\DmsProjeckt.csproj]
C:\Users\rloer\Desktop\IT-Pc\Angular Test\DmsProjeckt\Pages\Dokument\ScanDokument.cshtml.cs(81,27): warning CS8618: Non-Nullable-Eigenschaft ÔÇ×ObjectPathÔÇ£ muss beim Beenden des Konstruktors einen Wert ungleich NULL enthalten. F├╝gen Sie ggf. den ÔÇ×erforderlichenÔÇ£ Modifizierer hinzu, oder deklarieren Sie den Eigenschaft als NULL-Werte zulassend. [C:\Users\rloer\Desktop\IT-Pc\Angular Test\DmsProjeckt\DmsProjeckt.csproj]
C:\Users\rloer\Desktop\IT-Pc\Angular Test\DmsProjeckt\Pages\Workflows\StepUpload.cshtml.cs(32,34): warning CS8603: M├Âgliche Nullverweisr├╝ckgabe. [C:\Users\rloer\Desktop\IT-Pc\Angular Test\DmsProjeckt\DmsProjeckt.csproj]
C:\Users\rloer\Desktop\IT-Pc\Angular Test\DmsProjeckt\Pages\Dokument\DashboardAdmin.cshtml.cs(624,48): warning CS8604: M├Âgliches Nullverweisargument f├╝r den Parameter "to" in "Task EmailService.SendEmailAsync(string to, string subject, string body, List<(byte[] Data, string FileName, string MimeType)>? attachments = null)". [C:\Users\rloer\Desktop\IT-Pc\Angular Test\DmsProjeckt\DmsProjeckt.csproj]
C:\Users\rloer\Desktop\IT-Pc\Angular Test\DmsProjeckt\Pages\Workflows\StepUpload.cshtml.cs(36,16): warning CS8618: Non-Nullable-Eigenschaft ÔÇ×WorkflowTitleÔÇ£ muss beim Beenden des Konstruktors einen Wert ungleich NULL enthalten. F├╝gen Sie ggf. den ÔÇ×erforderlichenÔÇ£ Modifizierer hinzu, oder deklarieren Sie den Eigenschaft als NULL-Werte zulassend. [C:\Users\rloer\Desktop\IT-Pc\Angular Test\DmsProjeckt\DmsProjeckt.csproj]
C:\Users\rloer\Desktop\IT-Pc\Angular Test\DmsProjeckt\Pages\Workflows\StepUpload.cshtml.cs(36,16): warning CS8618: Non-Nullable-Eigenschaft ÔÇ×StepTitleÔÇ£ muss beim Beenden des Konstruktors einen Wert ungleich NULL enthalten. F├╝gen Sie ggf. den ÔÇ×erforderlichenÔÇ£ Modifizierer hinzu, oder deklarieren Sie den Eigenschaft als NULL-Werte zulassend. [C:\Users\rloer\Desktop\IT-Pc\Angular Test\DmsProjeckt\DmsProjeckt.csproj]
C:\Users\rloer\Desktop\IT-Pc\Angular Test\DmsProjeckt\Pages\Workflows\StepUpload.cshtml.cs(36,16): warning CS8618: Non-Nullable-Eigenschaft ÔÇ×StepAssignedUserNameÔÇ£ muss beim Beenden des Konstruktors einen Wert ungleich NULL enthalten. F├╝gen Sie ggf. den ÔÇ×erforderlichenÔÇ£ Modifizierer hinzu, oder deklarieren Sie den Eigenschaft als NULL-Werte zulassend. [C:\Users\rloer\Desktop\IT-Pc\Angular Test\DmsProjeckt\DmsProjeckt.csproj]
C:\Users\rloer\Desktop\IT-Pc\Angular Test\DmsProjeckt\Pages\Workflows\StepUpload.cshtml.cs(36,16): warning CS8618: Non-Nullable-Eigenschaft ÔÇ×StepDescriptionÔÇ£ muss beim Beenden des Konstruktors einen Wert ungleich NULL enthalten. F├╝gen Sie ggf. den ÔÇ×erforderlichenÔÇ£ Modifizierer hinzu, oder deklarieren Sie den Eigenschaft als NULL-Werte zulassend. [C:\Users\rloer\Desktop\IT-Pc\Angular Test\DmsProjeckt\DmsProjeckt.csproj]
C:\Users\rloer\Desktop\IT-Pc\Angular Test\DmsProjeckt\Pages\Workflows\StepUpload.cshtml.cs(36,16): warning CS8618: Non-Nullable-Eigenschaft ÔÇ×DateiÔÇ£ muss beim Beenden des Konstruktors einen Wert ungleich NULL enthalten. F├╝gen Sie ggf. den ÔÇ×erforderlichenÔÇ£ Modifizierer hinzu, oder deklarieren Sie den Eigenschaft als NULL-Werte zulassend. [C:\Users\rloer\Desktop\IT-Pc\Angular Test\DmsProjeckt\DmsProjeckt.csproj]
C:\Users\rloer\Desktop\IT-Pc\Angular Test\DmsProjeckt\Pages\Workflows\StepUpload.cshtml.cs(36,16): warning CS8618: Non-Nullable-Eigenschaft ÔÇ×BeschreibungÔÇ£ muss beim Beenden des Konstruktors einen Wert ungleich NULL enthalten. F├╝gen Sie ggf. den ÔÇ×erforderlichenÔÇ£ Modifizierer hinzu, oder deklarieren Sie den Eigenschaft als NULL-Werte zulassend. [C:\Users\rloer\Desktop\IT-Pc\Angular Test\DmsProjeckt\DmsProjeckt.csproj]
C:\Users\rloer\Desktop\IT-Pc\Angular Test\DmsProjeckt\Pages\Workflows\StepUpload.cshtml.cs(36,16): warning CS8618: Non-Nullable-Eigenschaft ÔÇ×TitelÔÇ£ muss beim Beenden des Konstruktors einen Wert ungleich NULL enthalten. F├╝gen Sie ggf. den ÔÇ×erforderlichenÔÇ£ Modifizierer hinzu, oder deklarieren Sie den Eigenschaft als NULL-Werte zulassend. [C:\Users\rloer\Desktop\IT-Pc\Angular Test\DmsProjeckt\DmsProjeckt.csproj]
C:\Users\rloer\Desktop\IT-Pc\Angular Test\DmsProjeckt\Pages\Workflows\StepUpload.cshtml.cs(36,16): warning CS8618: Non-Nullable-Eigenschaft ÔÇ×RechnungsnummerÔÇ£ muss beim Beenden des Konstruktors einen Wert ungleich NULL enthalten. F├╝gen Sie ggf. den ÔÇ×erforderlichenÔÇ£ Modifizierer hinzu, oder deklarieren Sie den Eigenschaft als NULL-Werte zulassend. [C:\Users\rloer\Desktop\IT-Pc\Angular Test\DmsProjeckt\DmsProjeckt.csproj]
C:\Users\rloer\Desktop\IT-Pc\Angular Test\DmsProjeckt\Pages\Workflows\StepUpload.cshtml.cs(36,16): warning CS8618: Non-Nullable-Eigenschaft ÔÇ×KundennummerÔÇ£ muss beim Beenden des Konstruktors einen Wert ungleich NULL enthalten. F├╝gen Sie ggf. den ÔÇ×erforderlichenÔÇ£ Modifizierer hinzu, oder deklarieren Sie den Eigenschaft als NULL-Werte zulassend. [C:\Users\rloer\Desktop\IT-Pc\Angular Test\DmsProjeckt\DmsProjeckt.csproj]
C:\Users\rloer\Desktop\IT-Pc\Angular Test\DmsProjeckt\Pages\Workflows\StepUpload.cshtml.cs(36,16): warning CS8618: Non-Nullable-Eigenschaft ÔÇ×RechnungsbetragÔÇ£ muss beim Beenden des Konstruktors einen Wert ungleich NULL enthalten. F├╝gen Sie ggf. den ÔÇ×erforderlichenÔÇ£ Modifizierer hinzu, oder deklarieren Sie den Eigenschaft als NULL-Werte zulassend. [C:\Users\rloer\Desktop\IT-Pc\Angular Test\DmsProjeckt\DmsProjeckt.csproj]
C:\Users\rloer\Desktop\IT-Pc\Angular Test\DmsProjeckt\Pages\Workflows\StepUpload.cshtml.cs(36,16): warning CS8618: Non-Nullable-Eigenschaft ÔÇ×RechnungsdatumÔÇ£ muss beim Beenden des Konstruktors einen Wert ungleich NULL enthalten. F├╝gen Sie ggf. den ÔÇ×erforderlichenÔÇ£ Modifizierer hinzu, oder deklarieren Sie den Eigenschaft als NULL-Werte zulassend. [C:\Users\rloer\Desktop\IT-Pc\Angular Test\DmsProjeckt\DmsProjeckt.csproj]
C:\Users\rloer\Desktop\IT-Pc\Angular Test\DmsProjeckt\Pages\Workflows\StepUpload.cshtml.cs(36,16): warning CS8618: Non-Nullable-Eigenschaft ÔÇ×LieferdatumÔÇ£ muss beim Beenden des Konstruktors einen Wert ungleich NULL enthalten. F├╝gen Sie ggf. den ÔÇ×erforderlichenÔÇ£ Modifizierer hinzu, oder deklarieren Sie den Eigenschaft als NULL-Werte zulassend. [C:\Users\rloer\Desktop\IT-Pc\Angular Test\DmsProjeckt\DmsProjeckt.csproj]
C:\Users\rloer\Desktop\IT-Pc\Angular Test\DmsProjeckt\Pages\Workflows\StepUpload.cshtml.cs(36,16): warning CS8618: Non-Nullable-Eigenschaft ÔÇ×FaelligkeitsdatumÔÇ£ muss beim Beenden des Konstruktors einen Wert ungleich NULL enthalten. F├╝gen Sie ggf. den ÔÇ×erforderlichenÔÇ£ Modifizierer hinzu, oder deklarieren Sie den Eigenschaft als NULL-Werte zulassend. [C:\Users\rloer\Desktop\IT-Pc\Angular Test\DmsProjeckt\DmsProjeckt.csproj]
C:\Users\rloer\Desktop\IT-Pc\Angular Test\DmsProjeckt\Pages\Workflows\StepUpload.cshtml.cs(36,16): warning CS8618: Non-Nullable-Eigenschaft ÔÇ×SteuerbetragÔÇ£ muss beim Beenden des Konstruktors einen Wert ungleich NULL enthalten. F├╝gen Sie ggf. den ÔÇ×erforderlichenÔÇ£ Modifizierer hinzu, oder deklarieren Sie den Eigenschaft als NULL-Werte zulassend. [C:\Users\rloer\Desktop\IT-Pc\Angular Test\DmsProjeckt\DmsProjeckt.csproj]
C:\Users\rloer\Desktop\IT-Pc\Angular Test\DmsProjeckt\Pages\Workflows\StepUpload.cshtml.cs(36,16): warning CS8618: Non-Nullable-Eigenschaft ÔÇ×ZahlungsbedingungenÔÇ£ muss beim Beenden des Konstruktors einen Wert ungleich NULL enthalten. F├╝gen Sie ggf. den ÔÇ×erforderlichenÔÇ£ Modifizierer hinzu, oder deklarieren Sie den Eigenschaft als NULL-Werte zulassend. [C:\Users\rloer\Desktop\IT-Pc\Angular Test\DmsProjeckt\DmsProjeckt.csproj]
C:\Users\rloer\Desktop\IT-Pc\Angular Test\DmsProjeckt\Pages\Workflows\StepUpload.cshtml.cs(36,16): warning CS8618: Non-Nullable-Eigenschaft ÔÇ×LieferartÔÇ£ muss beim Beenden des Konstruktors einen Wert ungleich NULL enthalten. F├╝gen Sie ggf. den ÔÇ×erforderlichenÔÇ£ Modifizierer hinzu, oder deklarieren Sie den Eigenschaft als NULL-Werte zulassend. [C:\Users\rloer\Desktop\IT-Pc\Angular Test\DmsProjeckt\DmsProjeckt.csproj]
C:\Users\rloer\Desktop\IT-Pc\Angular Test\DmsProjeckt\Pages\Workflows\StepUpload.cshtml.cs(36,16): warning CS8618: Non-Nullable-Eigenschaft ÔÇ×ArtikelAnzahlÔÇ£ muss beim Beenden des Konstruktors einen Wert ungleich NULL enthalten. F├╝gen Sie ggf. den ÔÇ×erforderlichenÔÇ£ Modifizierer hinzu, oder deklarieren Sie den Eigenschaft als NULL-Werte zulassend. [C:\Users\rloer\Desktop\IT-Pc\Angular Test\DmsProjeckt\DmsProjeckt.csproj]
C:\Users\rloer\Desktop\IT-Pc\Angular Test\DmsProjeckt\Pages\Workflows\StepUpload.cshtml.cs(36,16): warning CS8618: Non-Nullable-Eigenschaft ÔÇ×DateipfadÔÇ£ muss beim Beenden des Konstruktors einen Wert ungleich NULL enthalten. F├╝gen Sie ggf. den ÔÇ×erforderlichenÔÇ£ Modifizierer hinzu, oder deklarieren Sie den Eigenschaft als NULL-Werte zulassend. [C:\Users\rloer\Desktop\IT-Pc\Angular Test\DmsProjeckt\DmsProjeckt.csproj]
C:\Users\rloer\Desktop\IT-Pc\Angular Test\DmsProjeckt\Pages\Workflows\StepUpload.cshtml.cs(36,16): warning CS8618: Non-Nullable-Eigenschaft ÔÇ×DateinameÔÇ£ muss beim Beenden des Konstruktors einen Wert ungleich NULL enthalten. F├╝gen Sie ggf. den ÔÇ×erforderlichenÔÇ£ Modifizierer hinzu, oder deklarieren Sie den Eigenschaft als NULL-Werte zulassend. [C:\Users\rloer\Desktop\IT-Pc\Angular Test\DmsProjeckt\DmsProjeckt.csproj]
C:\Users\rloer\Desktop\IT-Pc\Angular Test\DmsProjeckt\Pages\Workflows\StepUpload.cshtml.cs(36,16): warning CS8618: Non-Nullable-Eigenschaft ÔÇ×OCRTextÔÇ£ muss beim Beenden des Konstruktors einen Wert ungleich NULL enthalten. F├╝gen Sie ggf. den ÔÇ×erforderlichenÔÇ£ Modifizierer hinzu, oder deklarieren Sie den Eigenschaft als NULL-Werte zulassend. [C:\Users\rloer\Desktop\IT-Pc\Angular Test\DmsProjeckt\DmsProjeckt.csproj]
C:\Users\rloer\Desktop\IT-Pc\Angular Test\DmsProjeckt\Pages\Workflows\StepUpload.cshtml.cs(36,16): warning CS8618: Non-Nullable-Eigenschaft ÔÇ×EmailÔÇ£ muss beim Beenden des Konstruktors einen Wert ungleich NULL enthalten. F├╝gen Sie ggf. den ÔÇ×erforderlichenÔÇ£ Modifizierer hinzu, oder deklarieren Sie den Eigenschaft als NULL-Werte zulassend. [C:\Users\rloer\Desktop\IT-Pc\Angular Test\DmsProjeckt\DmsProjeckt.csproj]
C:\Users\rloer\Desktop\IT-Pc\Angular Test\DmsProjeckt\Pages\Workflows\StepUpload.cshtml.cs(36,16): warning CS8618: Non-Nullable-Eigenschaft ÔÇ×TelefonÔÇ£ muss beim Beenden des Konstruktors einen Wert ungleich NULL enthalten. F├╝gen Sie ggf. den ÔÇ×erforderlichenÔÇ£ Modifizierer hinzu, oder deklarieren Sie den Eigenschaft als NULL-Werte zulassend. [C:\Users\rloer\Desktop\IT-Pc\Angular Test\DmsProjeckt\DmsProjeckt.csproj]
C:\Users\rloer\Desktop\IT-Pc\Angular Test\DmsProjeckt\Pages\Workflows\StepUpload.cshtml.cs(36,16): warning CS8618: Non-Nullable-Eigenschaft ÔÇ×TelefaxÔÇ£ muss beim Beenden des Konstruktors einen Wert ungleich NULL enthalten. F├╝gen Sie ggf. den ÔÇ×erforderlichenÔÇ£ Modifizierer hinzu, oder deklarieren Sie den Eigenschaft als NULL-Werte zulassend. [C:\Users\rloer\Desktop\IT-Pc\Angular Test\DmsProjeckt\DmsProjeckt.csproj]
C:\Users\rloer\Desktop\IT-Pc\Angular Test\DmsProjeckt\Pages\Workflows\StepUpload.cshtml.cs(36,16): warning CS8618: Non-Nullable-Eigenschaft ÔÇ×IBANÔÇ£ muss beim Beenden des Konstruktors einen Wert ungleich NULL enthalten. F├╝gen Sie ggf. den ÔÇ×erforderlichenÔÇ£ Modifizierer hinzu, oder deklarieren Sie den Eigenschaft als NULL-Werte zulassend. [C:\Users\rloer\Desktop\IT-Pc\Angular Test\DmsProjeckt\DmsProjeckt.csproj]
C:\Users\rloer\Desktop\IT-Pc\Angular Test\DmsProjeckt\Pages\Workflows\StepUpload.cshtml.cs(36,16): warning CS8618: Non-Nullable-Eigenschaft ÔÇ×BICÔÇ£ muss beim Beenden des Konstruktors einen Wert ungleich NULL enthalten. F├╝gen Sie ggf. den ÔÇ×erforderlichenÔÇ£ Modifizierer hinzu, oder deklarieren Sie den Eigenschaft als NULL-Werte zulassend. [C:\Users\rloer\Desktop\IT-Pc\Angular Test\DmsProjeckt\DmsProjeckt.csproj]
C:\Users\rloer\Desktop\IT-Pc\Angular Test\DmsProjeckt\Pages\Workflows\StepUpload.cshtml.cs(36,16): warning CS8618: Non-Nullable-Eigenschaft ÔÇ×BankverbindungÔÇ£ muss beim Beenden des Konstruktors einen Wert ungleich NULL enthalten. F├╝gen Sie ggf. den ÔÇ×erforderlichenÔÇ£ Modifizierer hinzu, oder deklarieren Sie den Eigenschaft als NULL-Werte zulassend. [C:\Users\rloer\Desktop\IT-Pc\Angular Test\DmsProjeckt\DmsProjeckt.csproj]
C:\Users\rloer\Desktop\IT-Pc\Angular Test\DmsProjeckt\Pages\Workflows\StepUpload.cshtml.cs(36,16): warning CS8618: Non-Nullable-Eigenschaft ÔÇ×ZeitraumÔÇ£ muss beim Beenden des Konstruktors einen Wert ungleich NULL enthalten. F├╝gen Sie ggf. den ÔÇ×erforderlichenÔÇ£ Modifizierer hinzu, oder deklarieren Sie den Eigenschaft als NULL-Werte zulassend. [C:\Users\rloer\Desktop\IT-Pc\Angular Test\DmsProjeckt\DmsProjeckt.csproj]
C:\Users\rloer\Desktop\IT-Pc\Angular Test\DmsProjeckt\Pages\Workflows\StepUpload.cshtml.cs(36,16): warning CS8618: Non-Nullable-Eigenschaft ÔÇ×SteuerNrÔÇ£ muss beim Beenden des Konstruktors einen Wert ungleich NULL enthalten. F├╝gen Sie ggf. den ÔÇ×erforderlichenÔÇ£ Modifizierer hinzu, oder deklarieren Sie den Eigenschaft als NULL-Werte zulassend. [C:\Users\rloer\Desktop\IT-Pc\Angular Test\DmsProjeckt\DmsProjeckt.csproj]
C:\Users\rloer\Desktop\IT-Pc\Angular Test\DmsProjeckt\Pages\Workflows\StepUpload.cshtml.cs(36,16): warning CS8618: Non-Nullable-Eigenschaft ÔÇ×GesamtpreisÔÇ£ muss beim Beenden des Konstruktors einen Wert ungleich NULL enthalten. F├╝gen Sie ggf. den ÔÇ×erforderlichenÔÇ£ Modifizierer hinzu, oder deklarieren Sie den Eigenschaft als NULL-Werte zulassend. [C:\Users\rloer\Desktop\IT-Pc\Angular Test\DmsProjeckt\DmsProjeckt.csproj]
C:\Users\rloer\Desktop\IT-Pc\Angular Test\DmsProjeckt\Pages\Workflows\StepUpload.cshtml.cs(36,16): warning CS8618: Non-Nullable-Eigenschaft ÔÇ×NettobetragÔÇ£ muss beim Beenden des Konstruktors einen Wert ungleich NULL enthalten. F├╝gen Sie ggf. den ÔÇ×erforderlichenÔÇ£ Modifizierer hinzu, oder deklarieren Sie den Eigenschaft als NULL-Werte zulassend. [C:\Users\rloer\Desktop\IT-Pc\Angular Test\DmsProjeckt\DmsProjeckt.csproj]
C:\Users\rloer\Desktop\IT-Pc\Angular Test\DmsProjeckt\Pages\Workflows\StepUpload.cshtml.cs(36,16): warning CS8618: Non-Nullable-Eigenschaft ÔÇ×AnsprechPartnerÔÇ£ muss beim Beenden des Konstruktors einen Wert ungleich NULL enthalten. F├╝gen Sie ggf. den ÔÇ×erforderlichenÔÇ£ Modifizierer hinzu, oder deklarieren Sie den Eigenschaft als NULL-Werte zulassend. [C:\Users\rloer\Desktop\IT-Pc\Angular Test\DmsProjeckt\DmsProjeckt.csproj]
C:\Users\rloer\Desktop\IT-Pc\Angular Test\DmsProjeckt\Pages\Workflows\StepUpload.cshtml.cs(36,16): warning CS8618: Non-Nullable-Eigenschaft ÔÇ×AdresseÔÇ£ muss beim Beenden des Konstruktors einen Wert ungleich NULL enthalten. F├╝gen Sie ggf. den ÔÇ×erforderlichenÔÇ£ Modifizierer hinzu, oder deklarieren Sie den Eigenschaft als NULL-Werte zulassend. [C:\Users\rloer\Desktop\IT-Pc\Angular Test\DmsProjeckt\DmsProjeckt.csproj]
C:\Users\rloer\Desktop\IT-Pc\Angular Test\DmsProjeckt\Pages\Workflows\StepUpload.cshtml.cs(36,16): warning CS8618: Non-Nullable-Eigenschaft ÔÇ×AbsenderAdresseÔÇ£ muss beim Beenden des Konstruktors einen Wert ungleich NULL enthalten. F├╝gen Sie ggf. den ÔÇ×erforderlichenÔÇ£ Modifizierer hinzu, oder deklarieren Sie den Eigenschaft als NULL-Werte zulassend. [C:\Users\rloer\Desktop\IT-Pc\Angular Test\DmsProjeckt\DmsProjeckt.csproj]
C:\Users\rloer\Desktop\IT-Pc\Angular Test\DmsProjeckt\Pages\Workflows\StepUpload.cshtml.cs(36,16): warning CS8618: Non-Nullable-Eigenschaft ÔÇ×UIDNummerÔÇ£ muss beim Beenden des Konstruktors einen Wert ungleich NULL enthalten. F├╝gen Sie ggf. den ÔÇ×erforderlichenÔÇ£ Modifizierer hinzu, oder deklarieren Sie den Eigenschaft als NULL-Werte zulassend. [C:\Users\rloer\Desktop\IT-Pc\Angular Test\DmsProjeckt\DmsProjeckt.csproj]
C:\Users\rloer\Desktop\IT-Pc\Angular Test\DmsProjeckt\Pages\Workflows\StepUpload.cshtml.cs(36,16): warning CS8618: Non-Nullable-Eigenschaft ÔÇ×WebsiteÔÇ£ muss beim Beenden des Konstruktors einen Wert ungleich NULL enthalten. F├╝gen Sie ggf. den ÔÇ×erforderlichenÔÇ£ Modifizierer hinzu, oder deklarieren Sie den Eigenschaft als NULL-Werte zulassend. [C:\Users\rloer\Desktop\IT-Pc\Angular Test\DmsProjeckt\DmsProjeckt.csproj]
C:\Users\rloer\Desktop\IT-Pc\Angular Test\DmsProjeckt\Pages\Workflows\StepUpload.cshtml.cs(36,16): warning CS8618: Non-Nullable-Eigenschaft ÔÇ×PdfAutorÔÇ£ muss beim Beenden des Konstruktors einen Wert ungleich NULL enthalten. F├╝gen Sie ggf. den ÔÇ×erforderlichenÔÇ£ Modifizierer hinzu, oder deklarieren Sie den Eigenschaft als NULL-Werte zulassend. [C:\Users\rloer\Desktop\IT-Pc\Angular Test\DmsProjeckt\DmsProjeckt.csproj]
C:\Users\rloer\Desktop\IT-Pc\Angular Test\DmsProjeckt\Pages\Workflows\StepUpload.cshtml.cs(36,16): warning CS8618: Non-Nullable-Eigenschaft ÔÇ×PdfBetreffÔÇ£ muss beim Beenden des Konstruktors einen Wert ungleich NULL enthalten. F├╝gen Sie ggf. den ÔÇ×erforderlichenÔÇ£ Modifizierer hinzu, oder deklarieren Sie den Eigenschaft als NULL-Werte zulassend. [C:\Users\rloer\Desktop\IT-Pc\Angular Test\DmsProjeckt\DmsProjeckt.csproj]
C:\Users\rloer\Desktop\IT-Pc\Angular Test\DmsProjeckt\Pages\Workflows\StepUpload.cshtml.cs(36,16): warning CS8618: Non-Nullable-Eigenschaft ÔÇ×PdfSchluesselwoerterÔÇ£ muss beim Beenden des Konstruktors einen Wert ungleich NULL enthalten. F├╝gen Sie ggf. den ÔÇ×erforderlichenÔÇ£ Modifizierer hinzu, oder deklarieren Sie den Eigenschaft als NULL-Werte zulassend. [C:\Users\rloer\Desktop\IT-Pc\Angular Test\DmsProjeckt\DmsProjeckt.csproj]
C:\Users\rloer\Desktop\IT-Pc\Angular Test\DmsProjeckt\Pages\Workflows\StepUpload.cshtml.cs(36,16): warning CS8618: Non-Nullable-Eigenschaft ÔÇ×ObjectPathÔÇ£ muss beim Beenden des Konstruktors einen Wert ungleich NULL enthalten. F├╝gen Sie ggf. den ÔÇ×erforderlichenÔÇ£ Modifizierer hinzu, oder deklarieren Sie den Eigenschaft als NULL-Werte zulassend. [C:\Users\rloer\Desktop\IT-Pc\Angular Test\DmsProjeckt\DmsProjeckt.csproj]
C:\Users\rloer\Desktop\IT-Pc\Angular Test\DmsProjeckt\Pages\Workflows\StepUpload.cshtml.cs(36,16): warning CS8618: Non-Nullable-Eigenschaft ÔÇ×NeuerDateinameÔÇ£ muss beim Beenden des Konstruktors einen Wert ungleich NULL enthalten. F├╝gen Sie ggf. den ÔÇ×erforderlichenÔÇ£ Modifizierer hinzu, oder deklarieren Sie den Eigenschaft als NULL-Werte zulassend. [C:\Users\rloer\Desktop\IT-Pc\Angular Test\DmsProjeckt\DmsProjeckt.csproj]
C:\Users\rloer\Desktop\IT-Pc\Angular Test\DmsProjeckt\Pages\Dokument\Index.cshtml.cs(791,31): warning CS8602: Dereferenzierung eines m├Âglichen Nullverweises. [C:\Users\rloer\Desktop\IT-Pc\Angular Test\DmsProjeckt\DmsProjeckt.csproj]
C:\Users\rloer\Desktop\IT-Pc\Angular Test\DmsProjeckt\Pages\Workflows\Bearbeiten.cshtml.cs(61,21): warning CS8602: Dereferenzierung eines m├Âglichen Nullverweises. [C:\Users\rloer\Desktop\IT-Pc\Angular Test\DmsProjeckt\DmsProjeckt.csproj]
C:\Users\rloer\Desktop\IT-Pc\Angular Test\DmsProjeckt\Pages\Workflows\Bearbeiten.cshtml.cs(62,52): warning CS8602: Dereferenzierung eines m├Âglichen Nullverweises. [C:\Users\rloer\Desktop\IT-Pc\Angular Test\DmsProjeckt\DmsProjeckt.csproj]
C:\Users\rloer\Desktop\IT-Pc\Angular Test\DmsProjeckt\Pages\Workflows\Bearbeiten.cshtml.cs(72,37): warning CS8602: Dereferenzierung eines m├Âglichen Nullverweises. [C:\Users\rloer\Desktop\IT-Pc\Angular Test\DmsProjeckt\DmsProjeckt.csproj]
C:\Users\rloer\Desktop\IT-Pc\Angular Test\DmsProjeckt\Pages\Workflows\Bearbeiten.cshtml.cs(80,31): warning CS8602: Dereferenzierung eines m├Âglichen Nullverweises. [C:\Users\rloer\Desktop\IT-Pc\Angular Test\DmsProjeckt\DmsProjeckt.csproj]
C:\Users\rloer\Desktop\IT-Pc\Angular Test\DmsProjeckt\Pages\Workflows\Bearbeiten.cshtml.cs(115,31): warning CS8601: M├Âgliche Nullverweiszuweisung. [C:\Users\rloer\Desktop\IT-Pc\Angular Test\DmsProjeckt\DmsProjeckt.csproj]
C:\Users\rloer\Desktop\IT-Pc\Angular Test\DmsProjeckt\Pages\Workflows\Bearbeiten.cshtml.cs(125,34): warning CS8629: Ein Werttyp, der NULL zul├ñsst, kann NULL sein. [C:\Users\rloer\Desktop\IT-Pc\Angular Test\DmsProjeckt\DmsProjeckt.csproj]
C:\Users\rloer\Desktop\IT-Pc\Angular Test\DmsProjeckt\Pages\Workflows\Bearbeiten.cshtml.cs(152,46): warning CS8629: Ein Werttyp, der NULL zul├ñsst, kann NULL sein. [C:\Users\rloer\Desktop\IT-Pc\Angular Test\DmsProjeckt\DmsProjeckt.csproj]
C:\Users\rloer\Desktop\IT-Pc\Angular Test\DmsProjeckt\Pages\Workflows\Bearbeiten.cshtml.cs(165,116): warning CS8604: M├Âgliches Nullverweisargument f├╝r den Parameter "benutzerId" in "Task AuditLogService.LogActionOnlyAsync(string aktion, string benutzerId)". [C:\Users\rloer\Desktop\IT-Pc\Angular Test\DmsProjeckt\DmsProjeckt.csproj]
C:\Users\rloer\Desktop\IT-Pc\Angular Test\DmsProjeckt\Pages\Dokument\Versionieren.cshtml.cs(16,16): warning CS8618: Non-Nullable-Eigenschaft ÔÇ×DokumentÔÇ£ muss beim Beenden des Konstruktors einen Wert ungleich NULL enthalten. F├╝gen Sie ggf. den ÔÇ×erforderlichenÔÇ£ Modifizierer hinzu, oder deklarieren Sie den Eigenschaft als NULL-Werte zulassend. [C:\Users\rloer\Desktop\IT-Pc\Angular Test\DmsProjeckt\DmsProjeckt.csproj]
C:\Users\rloer\Desktop\IT-Pc\Angular Test\DmsProjeckt\Pages\Dokument\Suchen.cshtml.cs(66,42): warning CS8602: Dereferenzierung eines m├Âglichen Nullverweises. [C:\Users\rloer\Desktop\IT-Pc\Angular Test\DmsProjeckt\DmsProjeckt.csproj]
C:\Users\rloer\Desktop\IT-Pc\Angular Test\DmsProjeckt\Pages\Dokument\Suchen.cshtml.cs(68,42): warning CS8602: Dereferenzierung eines m├Âglichen Nullverweises. [C:\Users\rloer\Desktop\IT-Pc\Angular Test\DmsProjeckt\DmsProjeckt.csproj]
C:\Users\rloer\Desktop\IT-Pc\Angular Test\DmsProjeckt\Pages\Dokument\Suchen.cshtml.cs(68,42): warning CS8602: Dereferenzierung eines m├Âglichen Nullverweises. [C:\Users\rloer\Desktop\IT-Pc\Angular Test\DmsProjeckt\DmsProjeckt.csproj]
C:\Users\rloer\Desktop\IT-Pc\Angular Test\DmsProjeckt\Pages\Dokument\Suchen.cshtml.cs(70,42): warning CS8602: Dereferenzierung eines m├Âglichen Nullverweises. [C:\Users\rloer\Desktop\IT-Pc\Angular Test\DmsProjeckt\DmsProjeckt.csproj]
C:\Users\rloer\Desktop\IT-Pc\Angular Test\DmsProjeckt\Pages\Dokument\Suchen.cshtml.cs(70,42): warning CS8602: Dereferenzierung eines m├Âglichen Nullverweises. [C:\Users\rloer\Desktop\IT-Pc\Angular Test\DmsProjeckt\DmsProjeckt.csproj]
C:\Users\rloer\Desktop\IT-Pc\Angular Test\DmsProjeckt\Pages\Dokument\Suchen.cshtml.cs(72,42): warning CS8602: Dereferenzierung eines m├Âglichen Nullverweises. [C:\Users\rloer\Desktop\IT-Pc\Angular Test\DmsProjeckt\DmsProjeckt.csproj]
C:\Users\rloer\Desktop\IT-Pc\Angular Test\DmsProjeckt\Pages\Dokument\Suchen.cshtml.cs(72,42): warning CS8602: Dereferenzierung eines m├Âglichen Nullverweises. [C:\Users\rloer\Desktop\IT-Pc\Angular Test\DmsProjeckt\DmsProjeckt.csproj]
C:\Users\rloer\Desktop\IT-Pc\Angular Test\DmsProjeckt\Pages\Dokument\Suchen.cshtml.cs(74,42): warning CS8602: Dereferenzierung eines m├Âglichen Nullverweises. [C:\Users\rloer\Desktop\IT-Pc\Angular Test\DmsProjeckt\DmsProjeckt.csproj]
C:\Users\rloer\Desktop\IT-Pc\Angular Test\DmsProjeckt\Pages\Dokument\Suchen.cshtml.cs(74,42): warning CS8602: Dereferenzierung eines m├Âglichen Nullverweises. [C:\Users\rloer\Desktop\IT-Pc\Angular Test\DmsProjeckt\DmsProjeckt.csproj]
C:\Users\rloer\Desktop\IT-Pc\Angular Test\DmsProjeckt\Pages\Dokument\Suchen.cshtml.cs(77,22): warning CS8602: Dereferenzierung eines m├Âglichen Nullverweises. [C:\Users\rloer\Desktop\IT-Pc\Angular Test\DmsProjeckt\DmsProjeckt.csproj]
C:\Users\rloer\Desktop\IT-Pc\Angular Test\DmsProjeckt\Pages\Dokument\Suchen.cshtml.cs(77,22): warning CS8602: Dereferenzierung eines m├Âglichen Nullverweises. [C:\Users\rloer\Desktop\IT-Pc\Angular Test\DmsProjeckt\DmsProjeckt.csproj]
C:\Users\rloer\Desktop\IT-Pc\Angular Test\DmsProjeckt\Pages\Dokument\Suchen.cshtml.cs(79,42): warning CS8602: Dereferenzierung eines m├Âglichen Nullverweises. [C:\Users\rloer\Desktop\IT-Pc\Angular Test\DmsProjeckt\DmsProjeckt.csproj]
C:\Users\rloer\Desktop\IT-Pc\Angular Test\DmsProjeckt\Pages\Dokument\Suchen.cshtml.cs(79,42): warning CS8602: Dereferenzierung eines m├Âglichen Nullverweises. [C:\Users\rloer\Desktop\IT-Pc\Angular Test\DmsProjeckt\DmsProjeckt.csproj]
C:\Users\rloer\Desktop\IT-Pc\Angular Test\DmsProjeckt\Pages\Dokument\Suchen.cshtml.cs(88,33): warning CS8602: Dereferenzierung eines m├Âglichen Nullverweises. [C:\Users\rloer\Desktop\IT-Pc\Angular Test\DmsProjeckt\DmsProjeckt.csproj]
C:\Users\rloer\Desktop\IT-Pc\Angular Test\DmsProjeckt\Pages\Workflows\Erstellen.cshtml.cs(64,31): warning CS8601: M├Âgliche Nullverweiszuweisung. [C:\Users\rloer\Desktop\IT-Pc\Angular Test\DmsProjeckt\DmsProjeckt.csproj]
C:\Users\rloer\Desktop\IT-Pc\Angular Test\DmsProjeckt\Pages\Workflows\Erstellen.cshtml.cs(80,28): warning CS8602: Dereferenzierung eines m├Âglichen Nullverweises. [C:\Users\rloer\Desktop\IT-Pc\Angular Test\DmsProjeckt\DmsProjeckt.csproj]
C:\Users\rloer\Desktop\IT-Pc\Angular Test\DmsProjeckt\Pages\Workflows\Erstellen.cshtml.cs(245,121): warning CS8604: M├Âgliches Nullverweisargument f├╝r den Parameter "benutzerId" in "Task AuditLogService.LogActionOnlyAsync(string aktion, string benutzerId)". [C:\Users\rloer\Desktop\IT-Pc\Angular Test\DmsProjeckt\DmsProjeckt.csproj]
C:\Users\rloer\Desktop\IT-Pc\Angular Test\DmsProjeckt\Pages\Workflows\Erstellen.cshtml.cs(248,80): warning CS8604: M├Âgliches Nullverweisargument f├╝r den Parameter "benutzerId" in "Task AuditLogService.LogActionOnlyAsync(string aktion, string benutzerId)". [C:\Users\rloer\Desktop\IT-Pc\Angular Test\DmsProjeckt\DmsProjeckt.csproj]
C:\Users\rloer\Desktop\IT-Pc\Angular Test\DmsProjeckt\Pages\Dokument\Index.cshtml.cs(860,31): warning CS8602: Dereferenzierung eines m├Âglichen Nullverweises. [C:\Users\rloer\Desktop\IT-Pc\Angular Test\DmsProjeckt\DmsProjeckt.csproj]
C:\Users\rloer\Desktop\IT-Pc\Angular Test\DmsProjeckt\Pages\Dokument\Suchen.cshtml.cs(125,37): warning CS8602: Dereferenzierung eines m├Âglichen Nullverweises. [C:\Users\rloer\Desktop\IT-Pc\Angular Test\DmsProjeckt\DmsProjeckt.csproj]
C:\Users\rloer\Desktop\IT-Pc\Angular Test\DmsProjeckt\Pages\Dokument\Suchen.cshtml.cs(137,26): warning CS8602: Dereferenzierung eines m├Âglichen Nullverweises. [C:\Users\rloer\Desktop\IT-Pc\Angular Test\DmsProjeckt\DmsProjeckt.csproj]
C:\Users\rloer\Desktop\IT-Pc\Angular Test\DmsProjeckt\Pages\Dokument\Suchen.cshtml.cs(152,33): warning CS8602: Dereferenzierung eines m├Âglichen Nullverweises. [C:\Users\rloer\Desktop\IT-Pc\Angular Test\DmsProjeckt\DmsProjeckt.csproj]
C:\Users\rloer\Desktop\IT-Pc\Angular Test\DmsProjeckt\Pages\Workflows\Erstellen.cshtml.cs(338,29): warning CS8602: Dereferenzierung eines m├Âglichen Nullverweises. [C:\Users\rloer\Desktop\IT-Pc\Angular Test\DmsProjeckt\DmsProjeckt.csproj]
C:\Users\rloer\Desktop\IT-Pc\Angular Test\DmsProjeckt\Pages\Workflows\Erstellen.cshtml.cs(339,29): warning CS8602: Dereferenzierung eines m├Âglichen Nullverweises. [C:\Users\rloer\Desktop\IT-Pc\Angular Test\DmsProjeckt\DmsProjeckt.csproj]
C:\Users\rloer\Desktop\IT-Pc\Angular Test\DmsProjeckt\Pages\Workflows\Erstellen.cshtml.cs(340,29): warning CS8602: Dereferenzierung eines m├Âglichen Nullverweises. [C:\Users\rloer\Desktop\IT-Pc\Angular Test\DmsProjeckt\DmsProjeckt.csproj]
C:\Users\rloer\Desktop\IT-Pc\Angular Test\DmsProjeckt\Pages\Dokument\Index.cshtml.cs(943,42): warning CS1998: In dieser Async-Methode fehlen die "await"-Operatoren, weshalb sie synchron ausgef├╝hrt wird. Sie sollten die Verwendung des "await"-Operators oder von "await Task.Run(...)" in Betracht ziehen, um auf nicht blockierende API-Aufrufe zu warten bzw. CPU-gebundene Aufgaben auf einem Hintergrundthread auszuf├╝hren. [C:\Users\rloer\Desktop\IT-Pc\Angular Test\DmsProjeckt\DmsProjeckt.csproj]
C:\Users\rloer\Desktop\IT-Pc\Angular Test\DmsProjeckt\Pages\Workflows\StepUpload.cshtml.cs(134,57): warning CS8604: M├Âgliches Nullverweisargument f├╝r den Parameter "userId" in "Task<ApplicationUser?> UserManager<ApplicationUser>.FindByIdAsync(string userId)". [C:\Users\rloer\Desktop\IT-Pc\Angular Test\DmsProjeckt\DmsProjeckt.csproj]
C:\Users\rloer\Desktop\IT-Pc\Angular Test\DmsProjeckt\Pages\Workflows\StepUpload.cshtml.cs(182,33): warning CS8601: M├Âgliche Nullverweiszuweisung. [C:\Users\rloer\Desktop\IT-Pc\Angular Test\DmsProjeckt\DmsProjeckt.csproj]
C:\Users\rloer\Desktop\IT-Pc\Angular Test\DmsProjeckt\Pages\Workflows\StepUpload.cshtml.cs(183,36): warning CS8601: M├Âgliche Nullverweiszuweisung. [C:\Users\rloer\Desktop\IT-Pc\Angular Test\DmsProjeckt\DmsProjeckt.csproj]
C:\Users\rloer\Desktop\IT-Pc\Angular Test\DmsProjeckt\Pages\Workflows\StepUpload.cshtml.cs(184,29): warning CS8601: M├Âgliche Nullverweiszuweisung. [C:\Users\rloer\Desktop\IT-Pc\Angular Test\DmsProjeckt\DmsProjeckt.csproj]
C:\Users\rloer\Desktop\IT-Pc\Angular Test\DmsProjeckt\Pages\Workflows\StepUpload.cshtml.cs(185,39): warning CS8601: M├Âgliche Nullverweiszuweisung. [C:\Users\rloer\Desktop\IT-Pc\Angular Test\DmsProjeckt\DmsProjeckt.csproj]
C:\Users\rloer\Desktop\IT-Pc\Angular Test\DmsProjeckt\Pages\Workflows\StepUpload.cshtml.cs(186,36): warning CS8601: M├Âgliche Nullverweiszuweisung. [C:\Users\rloer\Desktop\IT-Pc\Angular Test\DmsProjeckt\DmsProjeckt.csproj]
C:\Users\rloer\Desktop\IT-Pc\Angular Test\DmsProjeckt\Pages\Workflows\StepUpload.cshtml.cs(187,39): warning CS8601: M├Âgliche Nullverweiszuweisung. [C:\Users\rloer\Desktop\IT-Pc\Angular Test\DmsProjeckt\DmsProjeckt.csproj]
C:\Users\rloer\Desktop\IT-Pc\Angular Test\DmsProjeckt\Pages\Workflows\StepUpload.cshtml.cs(188,38): warning CS8601: M├Âgliche Nullverweiszuweisung. [C:\Users\rloer\Desktop\IT-Pc\Angular Test\DmsProjeckt\DmsProjeckt.csproj]
C:\Users\rloer\Desktop\IT-Pc\Angular Test\DmsProjeckt\Pages\Workflows\StepUpload.cshtml.cs(189,35): warning CS8601: M├Âgliche Nullverweiszuweisung. [C:\Users\rloer\Desktop\IT-Pc\Angular Test\DmsProjeckt\DmsProjeckt.csproj]
C:\Users\rloer\Desktop\IT-Pc\Angular Test\DmsProjeckt\Pages\Workflows\StepUpload.cshtml.cs(190,41): warning CS8601: M├Âgliche Nullverweiszuweisung. [C:\Users\rloer\Desktop\IT-Pc\Angular Test\DmsProjeckt\DmsProjeckt.csproj]
C:\Users\rloer\Desktop\IT-Pc\Angular Test\DmsProjeckt\Pages\Workflows\StepUpload.cshtml.cs(191,36): warning CS8601: M├Âgliche Nullverweiszuweisung. [C:\Users\rloer\Desktop\IT-Pc\Angular Test\DmsProjeckt\DmsProjeckt.csproj]
C:\Users\rloer\Desktop\IT-Pc\Angular Test\DmsProjeckt\Pages\Workflows\StepUpload.cshtml.cs(192,43): warning CS8601: M├Âgliche Nullverweiszuweisung. [C:\Users\rloer\Desktop\IT-Pc\Angular Test\DmsProjeckt\DmsProjeckt.csproj]
C:\Users\rloer\Desktop\IT-Pc\Angular Test\DmsProjeckt\Pages\Workflows\StepUpload.cshtml.cs(193,33): warning CS8601: M├Âgliche Nullverweiszuweisung. [C:\Users\rloer\Desktop\IT-Pc\Angular Test\DmsProjeckt\DmsProjeckt.csproj]
C:\Users\rloer\Desktop\IT-Pc\Angular Test\DmsProjeckt\Pages\Workflows\StepUpload.cshtml.cs(194,37): warning CS8601: M├Âgliche Nullverweiszuweisung. [C:\Users\rloer\Desktop\IT-Pc\Angular Test\DmsProjeckt\DmsProjeckt.csproj]
C:\Users\rloer\Desktop\IT-Pc\Angular Test\DmsProjeckt\Pages\Workflows\StepUpload.cshtml.cs(195,29): warning CS8601: M├Âgliche Nullverweiszuweisung. [C:\Users\rloer\Desktop\IT-Pc\Angular Test\DmsProjeckt\DmsProjeckt.csproj]
C:\Users\rloer\Desktop\IT-Pc\Angular Test\DmsProjeckt\Pages\Workflows\StepUpload.cshtml.cs(196,31): warning CS8601: M├Âgliche Nullverweiszuweisung. [C:\Users\rloer\Desktop\IT-Pc\Angular Test\DmsProjeckt\DmsProjeckt.csproj]
C:\Users\rloer\Desktop\IT-Pc\Angular Test\DmsProjeckt\Pages\Workflows\StepUpload.cshtml.cs(197,31): warning CS8601: M├Âgliche Nullverweiszuweisung. [C:\Users\rloer\Desktop\IT-Pc\Angular Test\DmsProjeckt\DmsProjeckt.csproj]
C:\Users\rloer\Desktop\IT-Pc\Angular Test\DmsProjeckt\Pages\Workflows\StepUpload.cshtml.cs(198,28): warning CS8601: M├Âgliche Nullverweiszuweisung. [C:\Users\rloer\Desktop\IT-Pc\Angular Test\DmsProjeckt\DmsProjeckt.csproj]
C:\Users\rloer\Desktop\IT-Pc\Angular Test\DmsProjeckt\Pages\Workflows\StepUpload.cshtml.cs(199,27): warning CS8601: M├Âgliche Nullverweiszuweisung. [C:\Users\rloer\Desktop\IT-Pc\Angular Test\DmsProjeckt\DmsProjeckt.csproj]
C:\Users\rloer\Desktop\IT-Pc\Angular Test\DmsProjeckt\Pages\Workflows\StepUpload.cshtml.cs(200,38): warning CS8601: M├Âgliche Nullverweiszuweisung. [C:\Users\rloer\Desktop\IT-Pc\Angular Test\DmsProjeckt\DmsProjeckt.csproj]
C:\Users\rloer\Desktop\IT-Pc\Angular Test\DmsProjeckt\Pages\Workflows\StepUpload.cshtml.cs(201,32): warning CS8601: M├Âgliche Nullverweiszuweisung. [C:\Users\rloer\Desktop\IT-Pc\Angular Test\DmsProjeckt\DmsProjeckt.csproj]
C:\Users\rloer\Desktop\IT-Pc\Angular Test\DmsProjeckt\Pages\Workflows\StepUpload.cshtml.cs(202,33): warning CS8601: M├Âgliche Nullverweiszuweisung. [C:\Users\rloer\Desktop\IT-Pc\Angular Test\DmsProjeckt\DmsProjeckt.csproj]
C:\Users\rloer\Desktop\IT-Pc\Angular Test\DmsProjeckt\Pages\Workflows\StepUpload.cshtml.cs(203,31): warning CS8601: M├Âgliche Nullverweiszuweisung. [C:\Users\rloer\Desktop\IT-Pc\Angular Test\DmsProjeckt\DmsProjeckt.csproj]
C:\Users\rloer\Desktop\IT-Pc\Angular Test\DmsProjeckt\Pages\Workflows\StepUpload.cshtml.cs(204,39): warning CS8601: M├Âgliche Nullverweiszuweisung. [C:\Users\rloer\Desktop\IT-Pc\Angular Test\DmsProjeckt\DmsProjeckt.csproj]
C:\Users\rloer\Desktop\IT-Pc\Angular Test\DmsProjeckt\Pages\Workflows\StepUpload.cshtml.cs(205,39): warning CS8601: M├Âgliche Nullverweiszuweisung. [C:\Users\rloer\Desktop\IT-Pc\Angular Test\DmsProjeckt\DmsProjeckt.csproj]
C:\Users\rloer\Desktop\IT-Pc\Angular Test\DmsProjeckt\Pages\Workflows\StepUpload.cshtml.cs(206,32): warning CS8601: M├Âgliche Nullverweiszuweisung. [C:\Users\rloer\Desktop\IT-Pc\Angular Test\DmsProjeckt\DmsProjeckt.csproj]
C:\Users\rloer\Desktop\IT-Pc\Angular Test\DmsProjeckt\Pages\Workflows\StepUpload.cshtml.cs(207,32): warning CS8601: M├Âgliche Nullverweiszuweisung. [C:\Users\rloer\Desktop\IT-Pc\Angular Test\DmsProjeckt\DmsProjeckt.csproj]
C:\Users\rloer\Desktop\IT-Pc\Angular Test\DmsProjeckt\Pages\Workflows\StepUpload.cshtml.cs(208,34): warning CS8601: M├Âgliche Nullverweiszuweisung. [C:\Users\rloer\Desktop\IT-Pc\Angular Test\DmsProjeckt\DmsProjeckt.csproj]
C:\Users\rloer\Desktop\IT-Pc\Angular Test\DmsProjeckt\Pages\Workflows\StepUpload.cshtml.cs(209,44): warning CS8601: M├Âgliche Nullverweiszuweisung. [C:\Users\rloer\Desktop\IT-Pc\Angular Test\DmsProjeckt\DmsProjeckt.csproj]
C:\Users\rloer\Desktop\IT-Pc\Angular Test\DmsProjeckt\Pages\Workflows\StepUpload.cshtml.cs(210,31): warning CS8601: M├Âgliche Nullverweiszuweisung. [C:\Users\rloer\Desktop\IT-Pc\Angular Test\DmsProjeckt\DmsProjeckt.csproj]
C:\Users\rloer\Desktop\IT-Pc\Angular Test\DmsProjeckt\Pages\Workflows\StepUpload.cshtml.cs(211,31): warning CS8601: M├Âgliche Nullverweiszuweisung. [C:\Users\rloer\Desktop\IT-Pc\Angular Test\DmsProjeckt\DmsProjeckt.csproj]
C:\Users\rloer\Desktop\IT-Pc\Angular Test\DmsProjeckt\Pages\Workflows\StepUpload.cshtml.cs(214,33): warning CS8601: M├Âgliche Nullverweiszuweisung. [C:\Users\rloer\Desktop\IT-Pc\Angular Test\DmsProjeckt\DmsProjeckt.csproj]
C:\Users\rloer\Desktop\IT-Pc\Angular Test\DmsProjeckt\Pages\Workflows\StepUpload.cshtml.cs(215,33): warning CS8601: M├Âgliche Nullverweiszuweisung. [C:\Users\rloer\Desktop\IT-Pc\Angular Test\DmsProjeckt\DmsProjeckt.csproj]
C:\Users\rloer\Desktop\IT-Pc\Angular Test\DmsProjeckt\Pages\Workflows\StepUpload.cshtml.cs(216,38): warning CS8601: M├Âgliche Nullverweiszuweisung. [C:\Users\rloer\Desktop\IT-Pc\Angular Test\DmsProjeckt\DmsProjeckt.csproj]
C:\Users\rloer\Desktop\IT-Pc\Angular Test\DmsProjeckt\Pages\Workflows\StepUpload.cshtml.cs(218,34): warning CS8601: M├Âgliche Nullverweiszuweisung. [C:\Users\rloer\Desktop\IT-Pc\Angular Test\DmsProjeckt\DmsProjeckt.csproj]
C:\Users\rloer\Desktop\IT-Pc\Angular Test\DmsProjeckt\Pages\Workflows\StepUpload.cshtml.cs(247,33): warning CS8602: Dereferenzierung eines m├Âglichen Nullverweises. [C:\Users\rloer\Desktop\IT-Pc\Angular Test\DmsProjeckt\DmsProjeckt.csproj]
C:\Users\rloer\Desktop\IT-Pc\Angular Test\DmsProjeckt\Pages\Workflows\Erstellen.cshtml.cs(321,27): warning CS8618: Non-Nullable-Eigenschaft ÔÇ×NameÔÇ£ muss beim Beenden des Konstruktors einen Wert ungleich NULL enthalten. F├╝gen Sie ggf. den ÔÇ×erforderlichenÔÇ£ Modifizierer hinzu, oder deklarieren Sie den Eigenschaft als NULL-Werte zulassend. [C:\Users\rloer\Desktop\IT-Pc\Angular Test\DmsProjeckt\DmsProjeckt.csproj]
C:\Users\rloer\Desktop\IT-Pc\Angular Test\DmsProjeckt\Pages\Workflows\Erstellen.cshtml.cs(312,27): warning CS8618: Non-Nullable-Eigenschaft ÔÇ×IdÔÇ£ muss beim Beenden des Konstruktors einen Wert ungleich NULL enthalten. F├╝gen Sie ggf. den ÔÇ×erforderlichenÔÇ£ Modifizierer hinzu, oder deklarieren Sie den Eigenschaft als NULL-Werte zulassend. [C:\Users\rloer\Desktop\IT-Pc\Angular Test\DmsProjeckt\DmsProjeckt.csproj]
C:\Users\rloer\Desktop\IT-Pc\Angular Test\DmsProjeckt\Pages\Workflows\Erstellen.cshtml.cs(313,27): warning CS8618: Non-Nullable-Eigenschaft ÔÇ×NameÔÇ£ muss beim Beenden des Konstruktors einen Wert ungleich NULL enthalten. F├╝gen Sie ggf. den ÔÇ×erforderlichenÔÇ£ Modifizierer hinzu, oder deklarieren Sie den Eigenschaft als NULL-Werte zulassend. [C:\Users\rloer\Desktop\IT-Pc\Angular Test\DmsProjeckt\DmsProjeckt.csproj]
C:\Users\rloer\Desktop\IT-Pc\Angular Test\DmsProjeckt\Pages\Workflows\Erstellen.cshtml.cs(314,27): warning CS8618: Non-Nullable-Eigenschaft ÔÇ×ProfileImageUrlÔÇ£ muss beim Beenden des Konstruktors einen Wert ungleich NULL enthalten. F├╝gen Sie ggf. den ÔÇ×erforderlichenÔÇ£ Modifizierer hinzu, oder deklarieren Sie den Eigenschaft als NULL-Werte zulassend. [C:\Users\rloer\Desktop\IT-Pc\Angular Test\DmsProjeckt\DmsProjeckt.csproj]
C:\Users\rloer\Desktop\IT-Pc\Angular Test\DmsProjeckt\Pages\Workflows\Erstellen.cshtml.cs(315,27): warning CS8618: Non-Nullable-Eigenschaft ÔÇ×AbteilungÔÇ£ muss beim Beenden des Konstruktors einen Wert ungleich NULL enthalten. F├╝gen Sie ggf. den ÔÇ×erforderlichenÔÇ£ Modifizierer hinzu, oder deklarieren Sie den Eigenschaft als NULL-Werte zulassend. [C:\Users\rloer\Desktop\IT-Pc\Angular Test\DmsProjeckt\DmsProjeckt.csproj]
C:\Users\rloer\Desktop\IT-Pc\Angular Test\DmsProjeckt\Pages\Dokument\Suchen.cshtml.cs(185,26): warning CS8602: Dereferenzierung eines m├Âglichen Nullverweises. [C:\Users\rloer\Desktop\IT-Pc\Angular Test\DmsProjeckt\DmsProjeckt.csproj]
C:\Users\rloer\Desktop\IT-Pc\Angular Test\DmsProjeckt\Pages\Dokument\Suchen.cshtml.cs(196,13): warning CS8602: Dereferenzierung eines m├Âglichen Nullverweises. [C:\Users\rloer\Desktop\IT-Pc\Angular Test\DmsProjeckt\DmsProjeckt.csproj]
C:\Users\rloer\Desktop\IT-Pc\Angular Test\DmsProjeckt\Pages\Tests\UploadMulti.cshtml.cs(453,56): warning CS8604: M├Âgliches Nullverweisargument f├╝r den Parameter "user" in "Task<Kunden?> UploadMultiModel.ResolveKundeForUserAsync(ApplicationUser user)". [C:\Users\rloer\Desktop\IT-Pc\Angular Test\DmsProjeckt\DmsProjeckt.csproj]
C:\Users\rloer\Desktop\IT-Pc\Angular Test\DmsProjeckt\Pages\Tests\UploadMulti.cshtml.cs(501,41): warning CS8601: M├Âgliche Nullverweiszuweisung. [C:\Users\rloer\Desktop\IT-Pc\Angular Test\DmsProjeckt\DmsProjeckt.csproj]
C:\Users\rloer\Desktop\IT-Pc\Angular Test\DmsProjeckt\Pages\Tests\UploadMulti.cshtml.cs(504,37): warning CS8601: M├Âgliche Nullverweiszuweisung. [C:\Users\rloer\Desktop\IT-Pc\Angular Test\DmsProjeckt\DmsProjeckt.csproj]
C:\Users\rloer\Desktop\IT-Pc\Angular Test\DmsProjeckt\Pages\Tests\UploadMulti.cshtml.cs(561,63): warning CS8603: M├Âgliche Nullverweisr├╝ckgabe. [C:\Users\rloer\Desktop\IT-Pc\Angular Test\DmsProjeckt\DmsProjeckt.csproj]
C:\Users\rloer\Desktop\IT-Pc\Angular Test\DmsProjeckt\Pages\Tests\UploadMulti.cshtml.cs(593,67): warning CS8601: M├Âgliche Nullverweiszuweisung. [C:\Users\rloer\Desktop\IT-Pc\Angular Test\DmsProjeckt\DmsProjeckt.csproj]
C:\Users\rloer\Desktop\IT-Pc\Angular Test\DmsProjeckt\Pages\Dokument\Versionieren.cshtml.cs(109,68): warning CS8604: M├Âgliches Nullverweisargument f├╝r den Parameter "userId" in "Task VersionierungsService.SpeichereVersionAsync(Guid dokumentId, string userId, string? customLabel = null, object? meta = null)". [C:\Users\rloer\Desktop\IT-Pc\Angular Test\DmsProjeckt\DmsProjeckt.csproj]
C:\Users\rloer\Desktop\IT-Pc\Angular Test\DmsProjeckt\Pages\Tests\UploadMulti.cshtml.cs(744,58): warning CS8603: M├Âgliche Nullverweisr├╝ckgabe. [C:\Users\rloer\Desktop\IT-Pc\Angular Test\DmsProjeckt\DmsProjeckt.csproj]
C:\Users\rloer\Desktop\IT-Pc\Angular Test\DmsProjeckt\Pages\Tests\UploadMulti.cshtml.cs(755,20): warning CS8603: M├Âgliche Nullverweisr├╝ckgabe. [C:\Users\rloer\Desktop\IT-Pc\Angular Test\DmsProjeckt\DmsProjeckt.csproj]
C:\Users\rloer\Desktop\IT-Pc\Angular Test\DmsProjeckt\Pages\Workflows\StepUpload.cshtml.cs(338,28): warning CS8600: Das NULL-Literal oder ein m├Âglicher NULL-Wert wird in einen Non-Nullable-Typ konvertiert. [C:\Users\rloer\Desktop\IT-Pc\Angular Test\DmsProjeckt\DmsProjeckt.csproj]
C:\Users\rloer\Desktop\IT-Pc\Angular Test\DmsProjeckt\Pages\Workflows\StepUpload.cshtml.cs(338,44): warning CS8600: Das NULL-Literal oder ein m├Âglicher NULL-Wert wird in einen Non-Nullable-Typ konvertiert. [C:\Users\rloer\Desktop\IT-Pc\Angular Test\DmsProjeckt\DmsProjeckt.csproj]
C:\Users\rloer\Desktop\IT-Pc\Angular Test\DmsProjeckt\Pages\Workflows\StepUpload.cshtml.cs(338,70): warning CS8600: Das NULL-Literal oder ein m├Âglicher NULL-Wert wird in einen Non-Nullable-Typ konvertiert. [C:\Users\rloer\Desktop\IT-Pc\Angular Test\DmsProjeckt\DmsProjeckt.csproj]
C:\Users\rloer\Desktop\IT-Pc\Angular Test\DmsProjeckt\Pages\Workflows\StepUpload.cshtml.cs(391,33): warning CS8600: Das NULL-Literal oder ein m├Âglicher NULL-Wert wird in einen Non-Nullable-Typ konvertiert. [C:\Users\rloer\Desktop\IT-Pc\Angular Test\DmsProjeckt\DmsProjeckt.csproj]
C:\Users\rloer\Desktop\IT-Pc\Angular Test\DmsProjeckt\Pages\Workflows\StepUpload.cshtml.cs(393,65): warning CS8604: M├Âgliches Nullverweisargument f├╝r den Parameter "firma" in "Task<string> WebDavStorageService.UploadForUserAsync(IFormFile file, string firma, string abteilung, string kategorie)". [C:\Users\rloer\Desktop\IT-Pc\Angular Test\DmsProjeckt\DmsProjeckt.csproj]
C:\Users\rloer\Desktop\IT-Pc\Angular Test\DmsProjeckt\Pages\Workflows\StepUpload.cshtml.cs(333,39): warning CS8603: M├Âgliche Nullverweisr├╝ckgabe. [C:\Users\rloer\Desktop\IT-Pc\Angular Test\DmsProjeckt\DmsProjeckt.csproj]
C:\Users\rloer\Desktop\IT-Pc\Angular Test\DmsProjeckt\Pages\Workflows\StepUpload.cshtml.cs(334,45): warning CS8603: M├Âgliche Nullverweisr├╝ckgabe. [C:\Users\rloer\Desktop\IT-Pc\Angular Test\DmsProjeckt\DmsProjeckt.csproj]
C:\Users\rloer\Desktop\IT-Pc\Angular Test\DmsProjeckt\Pages\Workflows\StepUpload.cshtml.cs(440,24): warning CS8603: M├Âgliche Nullverweisr├╝ckgabe. [C:\Users\rloer\Desktop\IT-Pc\Angular Test\DmsProjeckt\DmsProjeckt.csproj]
C:\Users\rloer\Desktop\IT-Pc\Angular Test\DmsProjeckt\Pages\Workflows\StepUpload.cshtml.cs(446,24): warning CS8603: M├Âgliche Nullverweisr├╝ckgabe. [C:\Users\rloer\Desktop\IT-Pc\Angular Test\DmsProjeckt\DmsProjeckt.csproj]
C:\Users\rloer\Desktop\IT-Pc\Angular Test\DmsProjeckt\Pages\Workflows\StepUpload.cshtml.cs(452,24): warning CS8603: M├Âgliche Nullverweisr├╝ckgabe. [C:\Users\rloer\Desktop\IT-Pc\Angular Test\DmsProjeckt\DmsProjeckt.csproj]
C:\Users\rloer\Desktop\IT-Pc\Angular Test\DmsProjeckt\Pages\Workflows\StepUpload.cshtml.cs(458,24): warning CS8603: M├Âgliche Nullverweisr├╝ckgabe. [C:\Users\rloer\Desktop\IT-Pc\Angular Test\DmsProjeckt\DmsProjeckt.csproj]
C:\Users\rloer\Desktop\IT-Pc\Angular Test\DmsProjeckt\Pages\Workflows\StepUpload.cshtml.cs(462,17): warning CS8603: M├Âgliche Nullverweisr├╝ckgabe. [C:\Users\rloer\Desktop\IT-Pc\Angular Test\DmsProjeckt\DmsProjeckt.csproj]
C:\Users\rloer\Desktop\IT-Pc\Angular Test\DmsProjeckt\Pages\Dokument\Index.cshtml.cs(1061,32): warning CS8604: M├Âgliches Nullverweisargument f├╝r den Parameter "a" in "bool PathsMatch(string a, string b)". [C:\Users\rloer\Desktop\IT-Pc\Angular Test\DmsProjeckt\DmsProjeckt.csproj]
C:\Users\rloer\Desktop\IT-Pc\Angular Test\DmsProjeckt\Pages\Dokument\Index.cshtml.cs(1092,35): warning CS8600: Das NULL-Literal oder ein m├Âglicher NULL-Wert wird in einen Non-Nullable-Typ konvertiert. [C:\Users\rloer\Desktop\IT-Pc\Angular Test\DmsProjeckt\DmsProjeckt.csproj]
C:\Users\rloer\Desktop\IT-Pc\Angular Test\DmsProjeckt\Pages\Dokument\Index.cshtml.cs(1095,21): warning CS8602: Dereferenzierung eines m├Âglichen Nullverweises. [C:\Users\rloer\Desktop\IT-Pc\Angular Test\DmsProjeckt\DmsProjeckt.csproj]
C:\Users\rloer\Desktop\IT-Pc\Angular Test\DmsProjeckt\Pages\Dokument\Index.cshtml.cs(1139,33): warning CS8601: M├Âgliche Nullverweiszuweisung. [C:\Users\rloer\Desktop\IT-Pc\Angular Test\DmsProjeckt\DmsProjeckt.csproj]
C:\Users\rloer\Desktop\IT-Pc\Angular Test\DmsProjeckt\Pages\Dokument\Index.cshtml.cs(1142,43): warning CS8601: M├Âgliche Nullverweiszuweisung. [C:\Users\rloer\Desktop\IT-Pc\Angular Test\DmsProjeckt\DmsProjeckt.csproj]
C:\Users\rloer\Desktop\IT-Pc\Angular Test\DmsProjeckt\Pages\Dokument\Index.cshtml.cs(1143,40): warning CS8601: M├Âgliche Nullverweiszuweisung. [C:\Users\rloer\Desktop\IT-Pc\Angular Test\DmsProjeckt\DmsProjeckt.csproj]
C:\Users\rloer\Desktop\IT-Pc\Angular Test\DmsProjeckt\Pages\Dokument\Index.cshtml.cs(1144,33): warning CS8601: M├Âgliche Nullverweiszuweisung. [C:\Users\rloer\Desktop\IT-Pc\Angular Test\DmsProjeckt\DmsProjeckt.csproj]
C:\Users\rloer\Desktop\IT-Pc\Angular Test\DmsProjeckt\Pages\Dokument\Index.cshtml.cs(1145,35): warning CS8601: M├Âgliche Nullverweiszuweisung. [C:\Users\rloer\Desktop\IT-Pc\Angular Test\DmsProjeckt\DmsProjeckt.csproj]
C:\Users\rloer\Desktop\IT-Pc\Angular Test\DmsProjeckt\Pages\Dokument\Index.cshtml.cs(1146,32): warning CS8601: M├Âgliche Nullverweiszuweisung. [C:\Users\rloer\Desktop\IT-Pc\Angular Test\DmsProjeckt\DmsProjeckt.csproj]
C:\Users\rloer\Desktop\IT-Pc\Angular Test\DmsProjeckt\Pages\Dokument\Index.cshtml.cs(1147,31): warning CS8601: M├Âgliche Nullverweiszuweisung. [C:\Users\rloer\Desktop\IT-Pc\Angular Test\DmsProjeckt\DmsProjeckt.csproj]
C:\Users\rloer\Desktop\IT-Pc\Angular Test\DmsProjeckt\Pages\Dokument\Index.cshtml.cs(1148,35): warning CS8601: M├Âgliche Nullverweiszuweisung. [C:\Users\rloer\Desktop\IT-Pc\Angular Test\DmsProjeckt\DmsProjeckt.csproj]
C:\Users\rloer\Desktop\IT-Pc\Angular Test\DmsProjeckt\Pages\Dokument\Index.cshtml.cs(1149,35): warning CS8601: M├Âgliche Nullverweiszuweisung. [C:\Users\rloer\Desktop\IT-Pc\Angular Test\DmsProjeckt\DmsProjeckt.csproj]
C:\Users\rloer\Desktop\IT-Pc\Angular Test\DmsProjeckt\Pages\Dokument\Index.cshtml.cs(1150,35): warning CS8601: M├Âgliche Nullverweiszuweisung. [C:\Users\rloer\Desktop\IT-Pc\Angular Test\DmsProjeckt\DmsProjeckt.csproj]
C:\Users\rloer\Desktop\IT-Pc\Angular Test\DmsProjeckt\Pages\Dokument\Index.cshtml.cs(1200,57): warning CS8604: M├Âgliches Nullverweisargument f├╝r den Parameter "userId" in "Task<ApplicationUser?> UserManager<ApplicationUser>.FindByIdAsync(string userId)". [C:\Users\rloer\Desktop\IT-Pc\Angular Test\DmsProjeckt\DmsProjeckt.csproj]
C:\Users\rloer\Desktop\IT-Pc\Angular Test\DmsProjeckt\Pages\Dokument\Index.cshtml.cs(1305,32): warning CS8604: M├Âgliches Nullverweisargument f├╝r den Parameter "a" in "bool PathsMatch(string a, string b)". [C:\Users\rloer\Desktop\IT-Pc\Angular Test\DmsProjeckt\DmsProjeckt.csproj]
C:\Users\rloer\Desktop\IT-Pc\Angular Test\DmsProjeckt\Pages\Dokument\Index.cshtml.cs(1338,35): warning CS8600: Das NULL-Literal oder ein m├Âglicher NULL-Wert wird in einen Non-Nullable-Typ konvertiert. [C:\Users\rloer\Desktop\IT-Pc\Angular Test\DmsProjeckt\DmsProjeckt.csproj]
C:\Users\rloer\Desktop\IT-Pc\Angular Test\DmsProjeckt\Pages\Dokument\Index.cshtml.cs(1346,76): warning CS8604: M├Âgliches Nullverweisargument f├╝r den Parameter "remotePath" in "Task<Stream?> WebDavStorageService.DownloadStreamAsync(string remotePath)". [C:\Users\rloer\Desktop\IT-Pc\Angular Test\DmsProjeckt\DmsProjeckt.csproj]
C:\Users\rloer\Desktop\IT-Pc\Angular Test\DmsProjeckt\Pages\Dokument\Index.cshtml.cs(1387,33): warning CS8601: M├Âgliche Nullverweiszuweisung. [C:\Users\rloer\Desktop\IT-Pc\Angular Test\DmsProjeckt\DmsProjeckt.csproj]
C:\Users\rloer\Desktop\IT-Pc\Angular Test\DmsProjeckt\Pages\Dokument\Index.cshtml.cs(1390,43): warning CS8601: M├Âgliche Nullverweiszuweisung. [C:\Users\rloer\Desktop\IT-Pc\Angular Test\DmsProjeckt\DmsProjeckt.csproj]
C:\Users\rloer\Desktop\IT-Pc\Angular Test\DmsProjeckt\Pages\Dokument\Index.cshtml.cs(1391,40): warning CS8601: M├Âgliche Nullverweiszuweisung. [C:\Users\rloer\Desktop\IT-Pc\Angular Test\DmsProjeckt\DmsProjeckt.csproj]
C:\Users\rloer\Desktop\IT-Pc\Angular Test\DmsProjeckt\Pages\Dokument\Index.cshtml.cs(1392,33): warning CS8601: M├Âgliche Nullverweiszuweisung. [C:\Users\rloer\Desktop\IT-Pc\Angular Test\DmsProjeckt\DmsProjeckt.csproj]
C:\Users\rloer\Desktop\IT-Pc\Angular Test\DmsProjeckt\Pages\Dokument\Index.cshtml.cs(1393,35): warning CS8601: M├Âgliche Nullverweiszuweisung. [C:\Users\rloer\Desktop\IT-Pc\Angular Test\DmsProjeckt\DmsProjeckt.csproj]
C:\Users\rloer\Desktop\IT-Pc\Angular Test\DmsProjeckt\Pages\Dokument\Index.cshtml.cs(1394,32): warning CS8601: M├Âgliche Nullverweiszuweisung. [C:\Users\rloer\Desktop\IT-Pc\Angular Test\DmsProjeckt\DmsProjeckt.csproj]
C:\Users\rloer\Desktop\IT-Pc\Angular Test\DmsProjeckt\Pages\Dokument\Index.cshtml.cs(1395,31): warning CS8601: M├Âgliche Nullverweiszuweisung. [C:\Users\rloer\Desktop\IT-Pc\Angular Test\DmsProjeckt\DmsProjeckt.csproj]
C:\Users\rloer\Desktop\IT-Pc\Angular Test\DmsProjeckt\Pages\Dokument\Index.cshtml.cs(1396,35): warning CS8601: M├Âgliche Nullverweiszuweisung. [C:\Users\rloer\Desktop\IT-Pc\Angular Test\DmsProjeckt\DmsProjeckt.csproj]
C:\Users\rloer\Desktop\IT-Pc\Angular Test\DmsProjeckt\Pages\Dokument\Index.cshtml.cs(1397,35): warning CS8601: M├Âgliche Nullverweiszuweisung. [C:\Users\rloer\Desktop\IT-Pc\Angular Test\DmsProjeckt\DmsProjeckt.csproj]
C:\Users\rloer\Desktop\IT-Pc\Angular Test\DmsProjeckt\Pages\Dokument\Index.cshtml.cs(1398,35): warning CS8601: M├Âgliche Nullverweiszuweisung. [C:\Users\rloer\Desktop\IT-Pc\Angular Test\DmsProjeckt\DmsProjeckt.csproj]
C:\Users\rloer\Desktop\IT-Pc\Angular Test\DmsProjeckt\Pages\Dokument\Index.cshtml.cs(1414,108): warning CS8602: Dereferenzierung eines m├Âglichen Nullverweises. [C:\Users\rloer\Desktop\IT-Pc\Angular Test\DmsProjeckt\DmsProjeckt.csproj]
C:\Users\rloer\Desktop\IT-Pc\Angular Test\DmsProjeckt\Pages\Workflows\StepUpload.cshtml.cs(643,35): warning CS8602: Dereferenzierung eines m├Âglichen Nullverweises. [C:\Users\rloer\Desktop\IT-Pc\Angular Test\DmsProjeckt\DmsProjeckt.csproj]
C:\Users\rloer\Desktop\IT-Pc\Angular Test\DmsProjeckt\Pages\Workflows\StepUpload.cshtml.cs(652,77): warning CS8604: M├Âgliches Nullverweisargument f├╝r den Parameter "benutzerId" in "Task AuditLogService.LogActionOnlyAsync(string aktion, string benutzerId)". [C:\Users\rloer\Desktop\IT-Pc\Angular Test\DmsProjeckt\DmsProjeckt.csproj]
C:\Users\rloer\Desktop\IT-Pc\Angular Test\DmsProjeckt\Pages\Workflows\StepUpload.cshtml.cs(693,82): warning CS8602: Dereferenzierung eines m├Âglichen Nullverweises. [C:\Users\rloer\Desktop\IT-Pc\Angular Test\DmsProjeckt\DmsProjeckt.csproj]
C:\Users\rloer\Desktop\IT-Pc\Angular Test\DmsProjeckt\Pages\Workflows\StepUpload.cshtml.cs(702,38): warning CS8601: M├Âgliche Nullverweiszuweisung. [C:\Users\rloer\Desktop\IT-Pc\Angular Test\DmsProjeckt\DmsProjeckt.csproj]
C:\Users\rloer\Desktop\IT-Pc\Angular Test\DmsProjeckt\Pages\Workflows\StepUpload.cshtml.cs(714,93): warning CS8602: Dereferenzierung eines m├Âglichen Nullverweises. [C:\Users\rloer\Desktop\IT-Pc\Angular Test\DmsProjeckt\DmsProjeckt.csproj]
C:\Users\rloer\Desktop\IT-Pc\Angular Test\DmsProjeckt\Pages\Workflows\StepUpload.cshtml.cs(715,17): warning CS8604: M├Âgliches Nullverweisargument f├╝r den Parameter "benutzerId" in "Task AuditLogService.LogActionOnlyAsync(string aktion, string benutzerId)". [C:\Users\rloer\Desktop\IT-Pc\Angular Test\DmsProjeckt\DmsProjeckt.csproj]
C:\Users\rloer\Desktop\IT-Pc\Angular Test\DmsProjeckt\Pages\Workflows\StepUpload.cshtml.cs(713,19): warning CS8602: Dereferenzierung eines m├Âglichen Nullverweises. [C:\Users\rloer\Desktop\IT-Pc\Angular Test\DmsProjeckt\DmsProjeckt.csproj]
C:\Users\rloer\Desktop\IT-Pc\Angular Test\DmsProjeckt\Pages\Workflows\StepUpload.cshtml.cs(520,18): warning CS0219: Die Variable "istNeu" ist zugewiesen, ihr Wert wird aber nie verwendet. [C:\Users\rloer\Desktop\IT-Pc\Angular Test\DmsProjeckt\DmsProjeckt.csproj]
C:\Users\rloer\Desktop\IT-Pc\Angular Test\DmsProjeckt\Pages\Tests\UploadMulti.cshtml.cs(837,56): warning CS8604: M├Âgliches Nullverweisargument f├╝r den Parameter "user" in "Task<Kunden?> UploadMultiModel.ResolveKundeForUserAsync(ApplicationUser user)". [C:\Users\rloer\Desktop\IT-Pc\Angular Test\DmsProjeckt\DmsProjeckt.csproj]
C:\Users\rloer\Desktop\IT-Pc\Angular Test\DmsProjeckt\Pages\Tests\UploadMulti.cshtml.cs(884,35): warning CS8602: Dereferenzierung eines m├Âglichen Nullverweises. [C:\Users\rloer\Desktop\IT-Pc\Angular Test\DmsProjeckt\DmsProjeckt.csproj]
C:\Users\rloer\Desktop\IT-Pc\Angular Test\DmsProjeckt\Pages\Tests\UploadMulti.cshtml.cs(910,34): warning CS8602: Dereferenzierung eines m├Âglichen Nullverweises. [C:\Users\rloer\Desktop\IT-Pc\Angular Test\DmsProjeckt\DmsProjeckt.csproj]
C:\Users\rloer\Desktop\IT-Pc\Angular Test\DmsProjeckt\Pages\Tests\UploadMulti.cshtml.cs(1020,71): warning CS8604: M├Âgliches Nullverweisargument f├╝r den Parameter "benutzerId" in "Task AuditLogDokumentService.EnregistrerAsync(string aktion, string benutzerId, Guid dokumentId)". [C:\Users\rloer\Desktop\IT-Pc\Angular Test\DmsProjeckt\DmsProjeckt.csproj]
C:\Users\rloer\Desktop\IT-Pc\Angular Test\DmsProjeckt\Pages\Dokument\Index.cshtml(1323,30): warning CS8602: Dereferenzierung eines m├Âglichen Nullverweises. [C:\Users\rloer\Desktop\IT-Pc\Angular Test\DmsProjeckt\DmsProjeckt.csproj]
C:\Users\rloer\Desktop\IT-Pc\Angular Test\DmsProjeckt\Pages\Dokument\Index.cshtml.cs(1515,66): warning CS8602: Dereferenzierung eines m├Âglichen Nullverweises. [C:\Users\rloer\Desktop\IT-Pc\Angular Test\DmsProjeckt\DmsProjeckt.csproj]
C:\Users\rloer\Desktop\IT-Pc\Angular Test\DmsProjeckt\Pages\Dokument\Index.cshtml.cs(1541,61): warning CS8603: M├Âgliche Nullverweisr├╝ckgabe. [C:\Users\rloer\Desktop\IT-Pc\Angular Test\DmsProjeckt\DmsProjeckt.csproj]
C:\Users\rloer\Desktop\IT-Pc\Angular Test\DmsProjeckt\Pages\Dokument\Index.cshtml.cs(1544,20): warning CS8603: M├Âgliche Nullverweisr├╝ckgabe. [C:\Users\rloer\Desktop\IT-Pc\Angular Test\DmsProjeckt\DmsProjeckt.csproj]
C:\Users\rloer\Desktop\IT-Pc\Angular Test\DmsProjeckt\Pages\Dokument\Bearbeiten.cshtml.cs(763,39): warning CS8600: Das NULL-Literal oder ein m├Âglicher NULL-Wert wird in einen Non-Nullable-Typ konvertiert. [C:\Users\rloer\Desktop\IT-Pc\Angular Test\DmsProjeckt\DmsProjeckt.csproj]
C:\Users\rloer\Desktop\IT-Pc\Angular Test\DmsProjeckt\Pages\Dokument\Bearbeiten.cshtml.cs(823,40): warning CS8600: Das NULL-Literal oder ein m├Âglicher NULL-Wert wird in einen Non-Nullable-Typ konvertiert. [C:\Users\rloer\Desktop\IT-Pc\Angular Test\DmsProjeckt\DmsProjeckt.csproj]
C:\Users\rloer\Desktop\IT-Pc\Angular Test\DmsProjeckt\Pages\Dokument\Bearbeiten.cshtml.cs(875,78): warning CS8604: M├Âgliches Nullverweisargument f├╝r den Parameter "remotePath" in "Task<Stream?> WebDavStorageService.DownloadStreamStableAsync(string remotePath)". [C:\Users\rloer\Desktop\IT-Pc\Angular Test\DmsProjeckt\DmsProjeckt.csproj]
C:\Users\rloer\Desktop\IT-Pc\Angular Test\DmsProjeckt\Pages\Dokument\Bearbeiten.cshtml.cs(1013,55): warning CS8602: Dereferenzierung eines m├Âglichen Nullverweises. [C:\Users\rloer\Desktop\IT-Pc\Angular Test\DmsProjeckt\DmsProjeckt.csproj]
C:\Users\rloer\Desktop\IT-Pc\Angular Test\DmsProjeckt\Pages\Dokument\Bearbeiten.cshtml.cs(1058,55): warning CS8602: Dereferenzierung eines m├Âglichen Nullverweises. [C:\Users\rloer\Desktop\IT-Pc\Angular Test\DmsProjeckt\DmsProjeckt.csproj]
C:\Users\rloer\Desktop\IT-Pc\Angular Test\DmsProjeckt\Pages\Dokument\Bearbeiten.cshtml.cs(1091,61): warning CS8602: Dereferenzierung eines m├Âglichen Nullverweises. [C:\Users\rloer\Desktop\IT-Pc\Angular Test\DmsProjeckt\DmsProjeckt.csproj]
C:\Users\rloer\Desktop\IT-Pc\Angular Test\DmsProjeckt\Pages\Dokument\Bearbeiten.cshtml.cs(1132,57): warning CS8602: Dereferenzierung eines m├Âglichen Nullverweises. [C:\Users\rloer\Desktop\IT-Pc\Angular Test\DmsProjeckt\DmsProjeckt.csproj]
C:\Users\rloer\Desktop\IT-Pc\Angular Test\DmsProjeckt\Pages\Dokument\Bearbeiten.cshtml.cs(1392,41): warning CS8601: M├Âgliche Nullverweiszuweisung. [C:\Users\rloer\Desktop\IT-Pc\Angular Test\DmsProjeckt\DmsProjeckt.csproj]
C:\Users\rloer\Desktop\IT-Pc\Angular Test\DmsProjeckt\Pages\Dokument\Bearbeiten.cshtml.cs(1672,33): warning CS8602: Dereferenzierung eines m├Âglichen Nullverweises. [C:\Users\rloer\Desktop\IT-Pc\Angular Test\DmsProjeckt\DmsProjeckt.csproj]
C:\Users\rloer\Desktop\IT-Pc\Angular Test\DmsProjeckt\Pages\Dokument\Bearbeiten.cshtml.cs(762,22): warning CS0219: Die Variable "isVersion" ist zugewiesen, ihr Wert wird aber nie verwendet. [C:\Users\rloer\Desktop\IT-Pc\Angular Test\DmsProjeckt\DmsProjeckt.csproj]
C:\Users\rloer\Desktop\IT-Pc\Angular Test\DmsProjeckt\Pages\Dokument\Index.cshtml.cs(1557,29): warning CS8602: Dereferenzierung eines m├Âglichen Nullverweises. [C:\Users\rloer\Desktop\IT-Pc\Angular Test\DmsProjeckt\DmsProjeckt.csproj]
C:\Users\rloer\Desktop\IT-Pc\Angular Test\DmsProjeckt\Pages\Dokument\Index.cshtml.cs(1572,36): warning CS8602: Dereferenzierung eines m├Âglichen Nullverweises. [C:\Users\rloer\Desktop\IT-Pc\Angular Test\DmsProjeckt\DmsProjeckt.csproj]
C:\Users\rloer\Desktop\IT-Pc\Angular Test\DmsProjeckt\Pages\Tests\UploadMulti.cshtml.cs(1190,56): warning CS8604: M├Âgliches Nullverweisargument f├╝r den Parameter "user" in "Task<Kunden?> UploadMultiModel.ResolveKundeForUserAsync(ApplicationUser user)". [C:\Users\rloer\Desktop\IT-Pc\Angular Test\DmsProjeckt\DmsProjeckt.csproj]
C:\Users\rloer\Desktop\IT-Pc\Angular Test\DmsProjeckt\Pages\Tests\UploadMulti.cshtml.cs(1232,31): warning CS8600: Das NULL-Literal oder ein m├Âglicher NULL-Wert wird in einen Non-Nullable-Typ konvertiert. [C:\Users\rloer\Desktop\IT-Pc\Angular Test\DmsProjeckt\DmsProjeckt.csproj]
C:\Users\rloer\Desktop\IT-Pc\Angular Test\DmsProjeckt\Pages\Tests\UploadMulti.cshtml.cs(1243,30): warning CS8602: Dereferenzierung eines m├Âglichen Nullverweises. [C:\Users\rloer\Desktop\IT-Pc\Angular Test\DmsProjeckt\DmsProjeckt.csproj]
C:\Users\rloer\Desktop\IT-Pc\Angular Test\DmsProjeckt\Pages\Tests\UploadMulti.cshtml.cs(1282,41): warning CS8602: Dereferenzierung eines m├Âglichen Nullverweises. [C:\Users\rloer\Desktop\IT-Pc\Angular Test\DmsProjeckt\DmsProjeckt.csproj]
C:\Users\rloer\Desktop\IT-Pc\Angular Test\DmsProjeckt\Pages\Tests\UploadMulti.cshtml.cs(1326,72): warning CS8604: M├Âgliches Nullverweisargument f├╝r den Parameter "benutzerId" in "Task AuditLogDokumentService.EnregistrerAsync(string aktion, string benutzerId, Guid dokumentId)". [C:\Users\rloer\Desktop\IT-Pc\Angular Test\DmsProjeckt\DmsProjeckt.csproj]
C:\Users\rloer\Desktop\IT-Pc\Angular Test\DmsProjeckt\Pages\Tests\UploadMulti.cshtml.cs(1358,67): warning CS8604: M├Âgliches Nullverweisargument f├╝r den Parameter "benutzerId" in "Task AuditLogDokumentService.EnregistrerAsync(string aktion, string benutzerId, Guid dokumentId)". [C:\Users\rloer\Desktop\IT-Pc\Angular Test\DmsProjeckt\DmsProjeckt.csproj]
C:\Users\rloer\Desktop\IT-Pc\Angular Test\DmsProjeckt\Pages\Tests\UploadMulti.cshtml.cs(1367,42): warning CS1998: In dieser Async-Methode fehlen die "await"-Operatoren, weshalb sie synchron ausgef├╝hrt wird. Sie sollten die Verwendung des "await"-Operators oder von "await Task.Run(...)" in Betracht ziehen, um auf nicht blockierende API-Aufrufe zu warten bzw. CPU-gebundene Aufgaben auf einem Hintergrundthread auszuf├╝hren. [C:\Users\rloer\Desktop\IT-Pc\Angular Test\DmsProjeckt\DmsProjeckt.csproj]
C:\Users\rloer\Desktop\IT-Pc\Angular Test\DmsProjeckt\Pages\Dokument\Index.cshtml.cs(1769,32): warning CS8604: M├Âgliches Nullverweisargument f├╝r den Parameter "a" in "bool PathsMatch(string a, string b)". [C:\Users\rloer\Desktop\IT-Pc\Angular Test\DmsProjeckt\DmsProjeckt.csproj]
C:\Users\rloer\Desktop\IT-Pc\Angular Test\DmsProjeckt\Pages\Dokument\Index.cshtml.cs(1791,35): warning CS8600: Das NULL-Literal oder ein m├Âglicher NULL-Wert wird in einen Non-Nullable-Typ konvertiert. [C:\Users\rloer\Desktop\IT-Pc\Angular Test\DmsProjeckt\DmsProjeckt.csproj]
C:\Users\rloer\Desktop\IT-Pc\Angular Test\DmsProjeckt\Pages\Dokument\Index.cshtml.cs(1792,30): warning CS8600: Das NULL-Literal oder ein m├Âglicher NULL-Wert wird in einen Non-Nullable-Typ konvertiert. [C:\Users\rloer\Desktop\IT-Pc\Angular Test\DmsProjeckt\DmsProjeckt.csproj]
C:\Users\rloer\Desktop\IT-Pc\Angular Test\DmsProjeckt\Pages\Dokument\Index.cshtml.cs(1807,74): warning CS8604: M├Âgliches Nullverweisargument f├╝r den Parameter "remotePath" in "Task<Stream?> WebDavStorageService.DownloadStreamAsync(string remotePath)". [C:\Users\rloer\Desktop\IT-Pc\Angular Test\DmsProjeckt\DmsProjeckt.csproj]
C:\Users\rloer\Desktop\IT-Pc\Angular Test\DmsProjeckt\Pages\Dokument\Index.cshtml.cs(1824,40): warning CS8602: Dereferenzierung eines m├Âglichen Nullverweises. [C:\Users\rloer\Desktop\IT-Pc\Angular Test\DmsProjeckt\DmsProjeckt.csproj]
C:\Users\rloer\Desktop\IT-Pc\Angular Test\DmsProjeckt\Pages\Dokument\Index.cshtml.cs(1837,61): warning CS8604: M├Âgliches Nullverweisargument f├╝r den Parameter "fileStream" in "Task<bool> WebDavStorageService.UploadStreamAsync(Stream fileStream, string relativePath, string contentType = "application/octet-stream")". [C:\Users\rloer\Desktop\IT-Pc\Angular Test\DmsProjeckt\DmsProjeckt.csproj]
C:\Users\rloer\Desktop\IT-Pc\Angular Test\DmsProjeckt\Pages\Dokument\Index.cshtml.cs(1868,33): warning CS8601: M├Âgliche Nullverweiszuweisung. [C:\Users\rloer\Desktop\IT-Pc\Angular Test\DmsProjeckt\DmsProjeckt.csproj]
C:\Users\rloer\Desktop\IT-Pc\Angular Test\DmsProjeckt\Pages\Dokument\Index.cshtml.cs(1871,43): warning CS8601: M├Âgliche Nullverweiszuweisung. [C:\Users\rloer\Desktop\IT-Pc\Angular Test\DmsProjeckt\DmsProjeckt.csproj]
C:\Users\rloer\Desktop\IT-Pc\Angular Test\DmsProjeckt\Pages\Dokument\Index.cshtml.cs(1872,40): warning CS8601: M├Âgliche Nullverweiszuweisung. [C:\Users\rloer\Desktop\IT-Pc\Angular Test\DmsProjeckt\DmsProjeckt.csproj]
C:\Users\rloer\Desktop\IT-Pc\Angular Test\DmsProjeckt\Pages\Dokument\Index.cshtml.cs(1873,33): warning CS8601: M├Âgliche Nullverweiszuweisung. [C:\Users\rloer\Desktop\IT-Pc\Angular Test\DmsProjeckt\DmsProjeckt.csproj]
C:\Users\rloer\Desktop\IT-Pc\Angular Test\DmsProjeckt\Pages\Dokument\Index.cshtml.cs(1874,35): warning CS8601: M├Âgliche Nullverweiszuweisung. [C:\Users\rloer\Desktop\IT-Pc\Angular Test\DmsProjeckt\DmsProjeckt.csproj]
C:\Users\rloer\Desktop\IT-Pc\Angular Test\DmsProjeckt\Pages\Dokument\Index.cshtml.cs(1875,32): warning CS8601: M├Âgliche Nullverweiszuweisung. [C:\Users\rloer\Desktop\IT-Pc\Angular Test\DmsProjeckt\DmsProjeckt.csproj]
C:\Users\rloer\Desktop\IT-Pc\Angular Test\DmsProjeckt\Pages\Dokument\Index.cshtml.cs(1876,31): warning CS8601: M├Âgliche Nullverweiszuweisung. [C:\Users\rloer\Desktop\IT-Pc\Angular Test\DmsProjeckt\DmsProjeckt.csproj]
C:\Users\rloer\Desktop\IT-Pc\Angular Test\DmsProjeckt\Pages\Dokument\Index.cshtml.cs(1877,35): warning CS8601: M├Âgliche Nullverweiszuweisung. [C:\Users\rloer\Desktop\IT-Pc\Angular Test\DmsProjeckt\DmsProjeckt.csproj]
C:\Users\rloer\Desktop\IT-Pc\Angular Test\DmsProjeckt\Pages\Dokument\Index.cshtml.cs(1878,35): warning CS8601: M├Âgliche Nullverweiszuweisung. [C:\Users\rloer\Desktop\IT-Pc\Angular Test\DmsProjeckt\DmsProjeckt.csproj]
C:\Users\rloer\Desktop\IT-Pc\Angular Test\DmsProjeckt\Pages\Dokument\Index.cshtml.cs(1879,35): warning CS8601: M├Âgliche Nullverweiszuweisung. [C:\Users\rloer\Desktop\IT-Pc\Angular Test\DmsProjeckt\DmsProjeckt.csproj]
C:\Users\rloer\Desktop\IT-Pc\Angular Test\DmsProjeckt\Pages\Dokument\Bearbeiten.cshtml.cs(1880,18): warning CS0219: Die Variable "isVersion" ist zugewiesen, ihr Wert wird aber nie verwendet. [C:\Users\rloer\Desktop\IT-Pc\Angular Test\DmsProjeckt\DmsProjeckt.csproj]
C:\Users\rloer\Desktop\IT-Pc\Angular Test\DmsProjeckt\Pages\Tests\UploadMulti.cshtml.cs(1512,41): warning CS8604: M├Âgliches Nullverweisargument f├╝r den Parameter "value" in "bool string.StartsWith(string value, StringComparison comparisonType)". [C:\Users\rloer\Desktop\IT-Pc\Angular Test\DmsProjeckt\DmsProjeckt.csproj]
C:\Users\rloer\Desktop\IT-Pc\Angular Test\DmsProjeckt\Pages\Dokument\Bearbeiten.cshtml.cs(2163,40): warning CS8618: Non-Nullable-Eigenschaft ÔÇ×MetadataÔÇ£ muss beim Beenden des Konstruktors einen Wert ungleich NULL enthalten. F├╝gen Sie ggf. den ÔÇ×erforderlichenÔÇ£ Modifizierer hinzu, oder deklarieren Sie den Eigenschaft als NULL-Werte zulassend. [C:\Users\rloer\Desktop\IT-Pc\Angular Test\DmsProjeckt\DmsProjeckt.csproj]
C:\Users\rloer\Desktop\IT-Pc\Angular Test\DmsProjeckt\Pages\Dokument\Index.cshtml.cs(2009,42): warning CS8601: M├Âgliche Nullverweiszuweisung. [C:\Users\rloer\Desktop\IT-Pc\Angular Test\DmsProjeckt\DmsProjeckt.csproj]
C:\Users\rloer\Desktop\IT-Pc\Angular Test\DmsProjeckt\Pages\Dokument\Index.cshtml.cs(1989,17): warning CS8073: Das Ergebnis des Ausdrucks ist immer "false", da ein Wert vom Typ "Guid" niemals NULL vom Typ "Guid?" ist. [C:\Users\rloer\Desktop\IT-Pc\Angular Test\DmsProjeckt\DmsProjeckt.csproj]
C:\Users\rloer\Desktop\IT-Pc\Angular Test\DmsProjeckt\Pages\Dokument\Bearbeiten.cshtml.cs(2183,84): warning CS8604: M├Âgliches Nullverweisargument f├╝r den Parameter "remotePath" in "Task<Stream?> WebDavStorageService.DownloadStreamStableAsync(string remotePath)". [C:\Users\rloer\Desktop\IT-Pc\Angular Test\DmsProjeckt\DmsProjeckt.csproj]
C:\Users\rloer\Desktop\IT-Pc\Angular Test\DmsProjeckt\Pages\Dokument\Bearbeiten.cshtml.cs(2323,38): warning CS8600: Das NULL-Literal oder ein m├Âglicher NULL-Wert wird in einen Non-Nullable-Typ konvertiert. [C:\Users\rloer\Desktop\IT-Pc\Angular Test\DmsProjeckt\DmsProjeckt.csproj]
C:\Users\rloer\Desktop\IT-Pc\Angular Test\DmsProjeckt\Pages\Dokument\Bearbeiten.cshtml.cs(2344,25): warning CS8602: Dereferenzierung eines m├Âglichen Nullverweises. [C:\Users\rloer\Desktop\IT-Pc\Angular Test\DmsProjeckt\DmsProjeckt.csproj]
C:\Users\rloer\Desktop\IT-Pc\Angular Test\DmsProjeckt\Pages\Dokument\Index.cshtml.cs(2112,43): warning CS8602: Dereferenzierung eines m├Âglichen Nullverweises. [C:\Users\rloer\Desktop\IT-Pc\Angular Test\DmsProjeckt\DmsProjeckt.csproj]
C:\Users\rloer\Desktop\IT-Pc\Angular Test\DmsProjeckt\Pages\Dokument\Index.cshtml.cs(2114,40): warning CS8602: Dereferenzierung eines m├Âglichen Nullverweises. [C:\Users\rloer\Desktop\IT-Pc\Angular Test\DmsProjeckt\DmsProjeckt.csproj]
C:\Users\rloer\Desktop\IT-Pc\Angular Test\DmsProjeckt\Pages\Dokument\Bearbeiten.cshtml.cs(2411,84): warning CS8604: M├Âgliches Nullverweisargument f├╝r den Parameter "remotePath" in "Task<Stream?> WebDavStorageService.DownloadStreamStableAsync(string remotePath)". [C:\Users\rloer\Desktop\IT-Pc\Angular Test\DmsProjeckt\DmsProjeckt.csproj]
C:\Users\rloer\Desktop\IT-Pc\Angular Test\DmsProjeckt\Pages\Dokument\Bearbeiten.cshtml.cs(2468,28): warning CS8602: Dereferenzierung eines m├Âglichen Nullverweises. [C:\Users\rloer\Desktop\IT-Pc\Angular Test\DmsProjeckt\DmsProjeckt.csproj]
C:\Users\rloer\Desktop\IT-Pc\Angular Test\DmsProjeckt\Pages\Dokument\Index.cshtml.cs(2227,66): warning CS8602: Dereferenzierung eines m├Âglichen Nullverweises. [C:\Users\rloer\Desktop\IT-Pc\Angular Test\DmsProjeckt\DmsProjeckt.csproj]
C:\Users\rloer\Desktop\IT-Pc\Angular Test\DmsProjeckt\Pages\Dokument\Index.cshtml.cs(2233,43): warning CS8602: Dereferenzierung eines m├Âglichen Nullverweises. [C:\Users\rloer\Desktop\IT-Pc\Angular Test\DmsProjeckt\DmsProjeckt.csproj]
C:\Users\rloer\Desktop\IT-Pc\Angular Test\DmsProjeckt\Pages\Dokument\Bearbeiten.cshtml.cs(2615,27): warning CS8618: Non-Nullable-Eigenschaft ÔÇ×HashÔÇ£ muss beim Beenden des Konstruktors einen Wert ungleich NULL enthalten. F├╝gen Sie ggf. den ÔÇ×erforderlichenÔÇ£ Modifizierer hinzu, oder deklarieren Sie den Eigenschaft als NULL-Werte zulassend. [C:\Users\rloer\Desktop\IT-Pc\Angular Test\DmsProjeckt\DmsProjeckt.csproj]
C:\Users\rloer\Desktop\IT-Pc\Angular Test\DmsProjeckt\Pages\Dokument\Bearbeiten.cshtml.cs(2617,27): warning CS8618: Non-Nullable-Eigenschaft ÔÇ×PathÔÇ£ muss beim Beenden des Konstruktors einen Wert ungleich NULL enthalten. F├╝gen Sie ggf. den ÔÇ×erforderlichenÔÇ£ Modifizierer hinzu, oder deklarieren Sie den Eigenschaft als NULL-Werte zulassend. [C:\Users\rloer\Desktop\IT-Pc\Angular Test\DmsProjeckt\DmsProjeckt.csproj]
C:\Users\rloer\Desktop\IT-Pc\Angular Test\DmsProjeckt\Pages\Dokument\Bearbeiten.cshtml.cs(2489,27): warning CS8618: Non-Nullable-Eigenschaft ÔÇ×TitelÔÇ£ muss beim Beenden des Konstruktors einen Wert ungleich NULL enthalten. F├╝gen Sie ggf. den ÔÇ×erforderlichenÔÇ£ Modifizierer hinzu, oder deklarieren Sie den Eigenschaft als NULL-Werte zulassend. [C:\Users\rloer\Desktop\IT-Pc\Angular Test\DmsProjeckt\DmsProjeckt.csproj]
C:\Users\rloer\Desktop\IT-Pc\Angular Test\DmsProjeckt\Pages\Dokument\Bearbeiten.cshtml.cs(2490,27): warning CS8618: Non-Nullable-Eigenschaft ÔÇ×BeschreibungÔÇ£ muss beim Beenden des Konstruktors einen Wert ungleich NULL enthalten. F├╝gen Sie ggf. den ÔÇ×erforderlichenÔÇ£ Modifizierer hinzu, oder deklarieren Sie den Eigenschaft als NULL-Werte zulassend. [C:\Users\rloer\Desktop\IT-Pc\Angular Test\DmsProjeckt\DmsProjeckt.csproj]
C:\Users\rloer\Desktop\IT-Pc\Angular Test\DmsProjeckt\Pages\Dokument\Bearbeiten.cshtml.cs(2491,27): warning CS8618: Non-Nullable-Eigenschaft ÔÇ×RechnungsnummerÔÇ£ muss beim Beenden des Konstruktors einen Wert ungleich NULL enthalten. F├╝gen Sie ggf. den ÔÇ×erforderlichenÔÇ£ Modifizierer hinzu, oder deklarieren Sie den Eigenschaft als NULL-Werte zulassend. [C:\Users\rloer\Desktop\IT-Pc\Angular Test\DmsProjeckt\DmsProjeckt.csproj]
C:\Users\rloer\Desktop\IT-Pc\Angular Test\DmsProjeckt\Pages\Dokument\Bearbeiten.cshtml.cs(2492,27): warning CS8618: Non-Nullable-Eigenschaft ÔÇ×KundennummerÔÇ£ muss beim Beenden des Konstruktors einen Wert ungleich NULL enthalten. F├╝gen Sie ggf. den ÔÇ×erforderlichenÔÇ£ Modifizierer hinzu, oder deklarieren Sie den Eigenschaft als NULL-Werte zulassend. [C:\Users\rloer\Desktop\IT-Pc\Angular Test\DmsProjeckt\DmsProjeckt.csproj]
C:\Users\rloer\Desktop\IT-Pc\Angular Test\DmsProjeckt\Pages\Dokument\Bearbeiten.cshtml.cs(2500,27): warning CS8618: Non-Nullable-Eigenschaft ÔÇ×ZahlungsbedingungenÔÇ£ muss beim Beenden des Konstruktors einen Wert ungleich NULL enthalten. F├╝gen Sie ggf. den ÔÇ×erforderlichenÔÇ£ Modifizierer hinzu, oder deklarieren Sie den Eigenschaft als NULL-Werte zulassend. [C:\Users\rloer\Desktop\IT-Pc\Angular Test\DmsProjeckt\DmsProjeckt.csproj]
C:\Users\rloer\Desktop\IT-Pc\Angular Test\DmsProjeckt\Pages\Dokument\Bearbeiten.cshtml.cs(2501,27): warning CS8618: Non-Nullable-Eigenschaft ÔÇ×LieferartÔÇ£ muss beim Beenden des Konstruktors einen Wert ungleich NULL enthalten. F├╝gen Sie ggf. den ÔÇ×erforderlichenÔÇ£ Modifizierer hinzu, oder deklarieren Sie den Eigenschaft als NULL-Werte zulassend. [C:\Users\rloer\Desktop\IT-Pc\Angular Test\DmsProjeckt\DmsProjeckt.csproj]
C:\Users\rloer\Desktop\IT-Pc\Angular Test\DmsProjeckt\Pages\Dokument\Bearbeiten.cshtml.cs(2503,27): warning CS8618: Non-Nullable-Eigenschaft ÔÇ×EmailÔÇ£ muss beim Beenden des Konstruktors einen Wert ungleich NULL enthalten. F├╝gen Sie ggf. den ÔÇ×erforderlichenÔÇ£ Modifizierer hinzu, oder deklarieren Sie den Eigenschaft als NULL-Werte zulassend. [C:\Users\rloer\Desktop\IT-Pc\Angular Test\DmsProjeckt\DmsProjeckt.csproj]
C:\Users\rloer\Desktop\IT-Pc\Angular Test\DmsProjeckt\Pages\Dokument\Bearbeiten.cshtml.cs(2504,27): warning CS8618: Non-Nullable-Eigenschaft ÔÇ×TelefonÔÇ£ muss beim Beenden des Konstruktors einen Wert ungleich NULL enthalten. F├╝gen Sie ggf. den ÔÇ×erforderlichenÔÇ£ Modifizierer hinzu, oder deklarieren Sie den Eigenschaft als NULL-Werte zulassend. [C:\Users\rloer\Desktop\IT-Pc\Angular Test\DmsProjeckt\DmsProjeckt.csproj]
C:\Users\rloer\Desktop\IT-Pc\Angular Test\DmsProjeckt\Pages\Dokument\Bearbeiten.cshtml.cs(2505,27): warning CS8618: Non-Nullable-Eigenschaft ÔÇ×TelefaxÔÇ£ muss beim Beenden des Konstruktors einen Wert ungleich NULL enthalten. F├╝gen Sie ggf. den ÔÇ×erforderlichenÔÇ£ Modifizierer hinzu, oder deklarieren Sie den Eigenschaft als NULL-Werte zulassend. [C:\Users\rloer\Desktop\IT-Pc\Angular Test\DmsProjeckt\DmsProjeckt.csproj]
C:\Users\rloer\Desktop\IT-Pc\Angular Test\DmsProjeckt\Pages\Dokument\Bearbeiten.cshtml.cs(2506,27): warning CS8618: Non-Nullable-Eigenschaft ÔÇ×IBANÔÇ£ muss beim Beenden des Konstruktors einen Wert ungleich NULL enthalten. F├╝gen Sie ggf. den ÔÇ×erforderlichenÔÇ£ Modifizierer hinzu, oder deklarieren Sie den Eigenschaft als NULL-Werte zulassend. [C:\Users\rloer\Desktop\IT-Pc\Angular Test\DmsProjeckt\DmsProjeckt.csproj]
C:\Users\rloer\Desktop\IT-Pc\Angular Test\DmsProjeckt\Pages\Dokument\Bearbeiten.cshtml.cs(2507,27): warning CS8618: Non-Nullable-Eigenschaft ÔÇ×BICÔÇ£ muss beim Beenden des Konstruktors einen Wert ungleich NULL enthalten. F├╝gen Sie ggf. den ÔÇ×erforderlichenÔÇ£ Modifizierer hinzu, oder deklarieren Sie den Eigenschaft als NULL-Werte zulassend. [C:\Users\rloer\Desktop\IT-Pc\Angular Test\DmsProjeckt\DmsProjeckt.csproj]
C:\Users\rloer\Desktop\IT-Pc\Angular Test\DmsProjeckt\Pages\Dokument\Bearbeiten.cshtml.cs(2508,27): warning CS8618: Non-Nullable-Eigenschaft ÔÇ×BankverbindungÔÇ£ muss beim Beenden des Konstruktors einen Wert ungleich NULL enthalten. F├╝gen Sie ggf. den ÔÇ×erforderlichenÔÇ£ Modifizierer hinzu, oder deklarieren Sie den Eigenschaft als NULL-Werte zulassend. [C:\Users\rloer\Desktop\IT-Pc\Angular Test\DmsProjeckt\DmsProjeckt.csproj]
C:\Users\rloer\Desktop\IT-Pc\Angular Test\DmsProjeckt\Pages\Dokument\Bearbeiten.cshtml.cs(2509,27): warning CS8618: Non-Nullable-Eigenschaft ÔÇ×SteuerNrÔÇ£ muss beim Beenden des Konstruktors einen Wert ungleich NULL enthalten. F├╝gen Sie ggf. den ÔÇ×erforderlichenÔÇ£ Modifizierer hinzu, oder deklarieren Sie den Eigenschaft als NULL-Werte zulassend. [C:\Users\rloer\Desktop\IT-Pc\Angular Test\DmsProjeckt\DmsProjeckt.csproj]
C:\Users\rloer\Desktop\IT-Pc\Angular Test\DmsProjeckt\Pages\Dokument\Bearbeiten.cshtml.cs(2510,27): warning CS8618: Non-Nullable-Eigenschaft ÔÇ×UIDNummerÔÇ£ muss beim Beenden des Konstruktors einen Wert ungleich NULL enthalten. F├╝gen Sie ggf. den ÔÇ×erforderlichenÔÇ£ Modifizierer hinzu, oder deklarieren Sie den Eigenschaft als NULL-Werte zulassend. [C:\Users\rloer\Desktop\IT-Pc\Angular Test\DmsProjeckt\DmsProjeckt.csproj]
C:\Users\rloer\Desktop\IT-Pc\Angular Test\DmsProjeckt\Pages\Dokument\Bearbeiten.cshtml.cs(2511,27): warning CS8618: Non-Nullable-Eigenschaft ÔÇ×AdresseÔÇ£ muss beim Beenden des Konstruktors einen Wert ungleich NULL enthalten. F├╝gen Sie ggf. den ÔÇ×erforderlichenÔÇ£ Modifizierer hinzu, oder deklarieren Sie den Eigenschaft als NULL-Werte zulassend. [C:\Users\rloer\Desktop\IT-Pc\Angular Test\DmsProjeckt\DmsProjeckt.csproj]
C:\Users\rloer\Desktop\IT-Pc\Angular Test\DmsProjeckt\Pages\Dokument\Bearbeiten.cshtml.cs(2512,27): warning CS8618: Non-Nullable-Eigenschaft ÔÇ×AbsenderAdresseÔÇ£ muss beim Beenden des Konstruktors einen Wert ungleich NULL enthalten. F├╝gen Sie ggf. den ÔÇ×erforderlichenÔÇ£ Modifizierer hinzu, oder deklarieren Sie den Eigenschaft als NULL-Werte zulassend. [C:\Users\rloer\Desktop\IT-Pc\Angular Test\DmsProjeckt\DmsProjeckt.csproj]
C:\Users\rloer\Desktop\IT-Pc\Angular Test\DmsProjeckt\Pages\Dokument\Bearbeiten.cshtml.cs(2513,27): warning CS8618: Non-Nullable-Eigenschaft ÔÇ×AnsprechPartnerÔÇ£ muss beim Beenden des Konstruktors einen Wert ungleich NULL enthalten. F├╝gen Sie ggf. den ÔÇ×erforderlichenÔÇ£ Modifizierer hinzu, oder deklarieren Sie den Eigenschaft als NULL-Werte zulassend. [C:\Users\rloer\Desktop\IT-Pc\Angular Test\DmsProjeckt\DmsProjeckt.csproj]
C:\Users\rloer\Desktop\IT-Pc\Angular Test\DmsProjeckt\Pages\Dokument\Bearbeiten.cshtml.cs(2514,27): warning CS8618: Non-Nullable-Eigenschaft ÔÇ×ZeitraumÔÇ£ muss beim Beenden des Konstruktors einen Wert ungleich NULL enthalten. F├╝gen Sie ggf. den ÔÇ×erforderlichenÔÇ£ Modifizierer hinzu, oder deklarieren Sie den Eigenschaft als NULL-Werte zulassend. [C:\Users\rloer\Desktop\IT-Pc\Angular Test\DmsProjeckt\DmsProjeckt.csproj]
C:\Users\rloer\Desktop\IT-Pc\Angular Test\DmsProjeckt\Pages\Dokument\Bearbeiten.cshtml.cs(2515,27): warning CS8618: Non-Nullable-Eigenschaft ÔÇ×WebsiteÔÇ£ muss beim Beenden des Konstruktors einen Wert ungleich NULL enthalten. F├╝gen Sie ggf. den ÔÇ×erforderlichenÔÇ£ Modifizierer hinzu, oder deklarieren Sie den Eigenschaft als NULL-Werte zulassend. [C:\Users\rloer\Desktop\IT-Pc\Angular Test\DmsProjeckt\DmsProjeckt.csproj]
C:\Users\rloer\Desktop\IT-Pc\Angular Test\DmsProjeckt\Pages\Dokument\Bearbeiten.cshtml.cs(2516,27): warning CS8618: Non-Nullable-Eigenschaft ÔÇ×OCRTextÔÇ£ muss beim Beenden des Konstruktors einen Wert ungleich NULL enthalten. F├╝gen Sie ggf. den ÔÇ×erforderlichenÔÇ£ Modifizierer hinzu, oder deklarieren Sie den Eigenschaft als NULL-Werte zulassend. [C:\Users\rloer\Desktop\IT-Pc\Angular Test\DmsProjeckt\DmsProjeckt.csproj]
C:\Users\rloer\Desktop\IT-Pc\Angular Test\DmsProjeckt\Pages\Dokument\Bearbeiten.cshtml.cs(2520,27): warning CS8618: Non-Nullable-Eigenschaft ÔÇ×PdfAutorÔÇ£ muss beim Beenden des Konstruktors einen Wert ungleich NULL enthalten. F├╝gen Sie ggf. den ÔÇ×erforderlichenÔÇ£ Modifizierer hinzu, oder deklarieren Sie den Eigenschaft als NULL-Werte zulassend. [C:\Users\rloer\Desktop\IT-Pc\Angular Test\DmsProjeckt\DmsProjeckt.csproj]
C:\Users\rloer\Desktop\IT-Pc\Angular Test\DmsProjeckt\Pages\Dokument\Bearbeiten.cshtml.cs(2523,27): warning CS8618: Non-Nullable-Eigenschaft ÔÇ×PdfBetreffÔÇ£ muss beim Beenden des Konstruktors einen Wert ungleich NULL enthalten. F├╝gen Sie ggf. den ÔÇ×erforderlichenÔÇ£ Modifizierer hinzu, oder deklarieren Sie den Eigenschaft als NULL-Werte zulassend. [C:\Users\rloer\Desktop\IT-Pc\Angular Test\DmsProjeckt\DmsProjeckt.csproj]
C:\Users\rloer\Desktop\IT-Pc\Angular Test\DmsProjeckt\Pages\Dokument\Bearbeiten.cshtml.cs(2526,27): warning CS8618: Non-Nullable-Eigenschaft ÔÇ×PdfSchluesselwoerterÔÇ£ muss beim Beenden des Konstruktors einen Wert ungleich NULL enthalten. F├╝gen Sie ggf. den ÔÇ×erforderlichenÔÇ£ Modifizierer hinzu, oder deklarieren Sie den Eigenschaft als NULL-Werte zulassend. [C:\Users\rloer\Desktop\IT-Pc\Angular Test\DmsProjeckt\DmsProjeckt.csproj]
C:\Users\rloer\Desktop\IT-Pc\Angular Test\DmsProjeckt\Pages\Dokument\Bearbeiten.cshtml.cs(2607,27): warning CS8618: Non-Nullable-Eigenschaft ÔÇ×DateinameÔÇ£ muss beim Beenden des Konstruktors einen Wert ungleich NULL enthalten. F├╝gen Sie ggf. den ÔÇ×erforderlichenÔÇ£ Modifizierer hinzu, oder deklarieren Sie den Eigenschaft als NULL-Werte zulassend. [C:\Users\rloer\Desktop\IT-Pc\Angular Test\DmsProjeckt\DmsProjeckt.csproj]
C:\Users\rloer\Desktop\IT-Pc\Angular Test\DmsProjeckt\Pages\Tests\UploadMulti.cshtml(660,88): warning CS8602: Dereferenzierung eines m├Âglichen Nullverweises. [C:\Users\rloer\Desktop\IT-Pc\Angular Test\DmsProjeckt\DmsProjeckt.csproj]
C:\Users\rloer\Desktop\IT-Pc\Angular Test\DmsProjeckt\Pages\Dokument\Index.cshtml.cs(2291,41): warning CS8601: M├Âgliche Nullverweiszuweisung. [C:\Users\rloer\Desktop\IT-Pc\Angular Test\DmsProjeckt\DmsProjeckt.csproj]
C:\Users\rloer\Desktop\IT-Pc\Angular Test\DmsProjeckt\Pages\Dokument\Index.cshtml.cs(2301,110): warning CS8602: Dereferenzierung eines m├Âglichen Nullverweises. [C:\Users\rloer\Desktop\IT-Pc\Angular Test\DmsProjeckt\DmsProjeckt.csproj]
C:\Users\rloer\Desktop\IT-Pc\Angular Test\DmsProjeckt\Pages\Dokument\Index.cshtml.cs(2307,110): warning CS8602: Dereferenzierung eines m├Âglichen Nullverweises. [C:\Users\rloer\Desktop\IT-Pc\Angular Test\DmsProjeckt\DmsProjeckt.csproj]
C:\Users\rloer\Desktop\IT-Pc\Angular Test\DmsProjeckt\Pages\Dokument\Index.cshtml.cs(2312,63): warning CS8604: M├Âgliches Nullverweisargument f├╝r den Parameter "userId" in "Task<ApplicationUser?> UserManager<ApplicationUser>.FindByIdAsync(string userId)". [C:\Users\rloer\Desktop\IT-Pc\Angular Test\DmsProjeckt\DmsProjeckt.csproj]
C:\Users\rloer\Desktop\IT-Pc\Angular Test\DmsProjeckt\Pages\Dokument\Index.cshtml.cs(2319,57): warning CS8602: Dereferenzierung eines m├Âglichen Nullverweises. [C:\Users\rloer\Desktop\IT-Pc\Angular Test\DmsProjeckt\DmsProjeckt.csproj]
C:\Users\rloer\Desktop\IT-Pc\Angular Test\DmsProjeckt\Pages\Dokument\Index.cshtml.cs(2319,85): warning CS8602: Dereferenzierung eines m├Âglichen Nullverweises. [C:\Users\rloer\Desktop\IT-Pc\Angular Test\DmsProjeckt\DmsProjeckt.csproj]
C:\Users\rloer\Desktop\IT-Pc\Angular Test\DmsProjeckt\Pages\Dokument\Index.cshtml.cs(2321,46): warning CS8602: Dereferenzierung eines m├Âglichen Nullverweises. [C:\Users\rloer\Desktop\IT-Pc\Angular Test\DmsProjeckt\DmsProjeckt.csproj]
C:\Users\rloer\Desktop\IT-Pc\Angular Test\DmsProjeckt\Pages\Dokument\Index.cshtml.cs(2344,27): warning CS8602: Dereferenzierung eines m├Âglichen Nullverweises. [C:\Users\rloer\Desktop\IT-Pc\Angular Test\DmsProjeckt\DmsProjeckt.csproj]
C:\Users\rloer\Desktop\IT-Pc\Angular Test\DmsProjeckt\Pages\Dokument\Index.cshtml.cs(2345,43): warning CS8602: Dereferenzierung eines m├Âglichen Nullverweises. [C:\Users\rloer\Desktop\IT-Pc\Angular Test\DmsProjeckt\DmsProjeckt.csproj]
C:\Users\rloer\Desktop\IT-Pc\Angular Test\DmsProjeckt\Pages\Dokument\Index.cshtml.cs(2345,78): warning CS8602: Dereferenzierung eines m├Âglichen Nullverweises. [C:\Users\rloer\Desktop\IT-Pc\Angular Test\DmsProjeckt\DmsProjeckt.csproj]
C:\Users\rloer\Desktop\IT-Pc\Angular Test\DmsProjeckt\Pages\Dokument\Index.cshtml.cs(2350,56): warning CS8604: M├Âgliches Nullverweisargument f├╝r den Parameter "to" in "Task EmailService.SendEmailAsync(string to, string subject, string body, List<(byte[] Data, string FileName, string MimeType)>? attachments = null)". [C:\Users\rloer\Desktop\IT-Pc\Angular Test\DmsProjeckt\DmsProjeckt.csproj]
C:\Users\rloer\Desktop\IT-Pc\Angular Test\DmsProjeckt\Pages\Dokument\Index.cshtml.cs(2282,17): warning CS8073: Das Ergebnis des Ausdrucks ist immer "false", da ein Wert vom Typ "Guid" niemals NULL vom Typ "Guid?" ist. [C:\Users\rloer\Desktop\IT-Pc\Angular Test\DmsProjeckt\DmsProjeckt.csproj]
C:\Users\rloer\Desktop\IT-Pc\Angular Test\DmsProjeckt\Pages\Dokument\Bearbeiten.cshtml.cs(267,10): warning MVC1002: 'HttpPostAttribute' cannot be applied to Razor Page handler methods. Routes for Razor Pages must be declared using the @page directive or using conventions. [C:\Users\rloer\Desktop\IT-Pc\Angular Test\DmsProjeckt\DmsProjeckt.csproj]
C:\Users\rloer\Desktop\IT-Pc\Angular Test\DmsProjeckt\Pages\Notiz\Index.cshtml.cs(102,10): warning MVC1001: 'IgnoreAntiforgeryTokenAttribute' cannot be applied to Razor Page handler methods. It may be applied either to the Razor Page model or applied globally. [C:\Users\rloer\Desktop\IT-Pc\Angular Test\DmsProjeckt\DmsProjeckt.csproj]
C:\Users\rloer\Desktop\IT-Pc\Angular Test\DmsProjeckt\Pages\Notiz\Index.cshtml.cs(115,10): warning MVC1001: 'AuthorizeAttribute' cannot be applied to Razor Page handler methods. It may be applied either to the Razor Page model or applied globally. [C:\Users\rloer\Desktop\IT-Pc\Angular Test\DmsProjeckt\DmsProjeckt.csproj]
C:\Users\rloer\Desktop\IT-Pc\Angular Test\DmsProjeckt\Pages\Dokument\AlleVersionen.cshtml.cs(249,6): warning MVC1001: 'IgnoreAntiforgeryTokenAttribute' cannot be applied to Razor Page handler methods. It may be applied either to the Razor Page model or applied globally. [C:\Users\rloer\Desktop\IT-Pc\Angular Test\DmsProjeckt\DmsProjeckt.csproj]
C:\Users\rloer\Desktop\IT-Pc\Angular Test\DmsProjeckt\Pages\Notiz\Index.cshtml.cs(131,10): warning MVC1001: 'AuthorizeAttribute' cannot be applied to Razor Page handler methods. It may be applied either to the Razor Page model or applied globally. [C:\Users\rloer\Desktop\IT-Pc\Angular Test\DmsProjeckt\DmsProjeckt.csproj]
C:\Users\rloer\Desktop\IT-Pc\Angular Test\DmsProjeckt\Pages\Dokument\Bearbeiten.cshtml.cs(563,10): warning MVC1002: 'HttpPostAttribute' cannot be applied to Razor Page handler methods. Routes for Razor Pages must be declared using the @page directive or using conventions. [C:\Users\rloer\Desktop\IT-Pc\Angular Test\DmsProjeckt\DmsProjeckt.csproj]
C:\Users\rloer\Desktop\IT-Pc\Angular Test\DmsProjeckt\Pages\Dokument\Bearbeiten.cshtml.cs(638,10): warning MVC1002: 'HttpPostAttribute' cannot be applied to Razor Page handler methods. Routes for Razor Pages must be declared using the @page directive or using conventions. [C:\Users\rloer\Desktop\IT-Pc\Angular Test\DmsProjeckt\DmsProjeckt.csproj]
C:\Users\rloer\Desktop\IT-Pc\Angular Test\DmsProjeckt\Pages\Notiz\Index.cshtml.cs(211,10): warning MVC1001: 'AuthorizeAttribute' cannot be applied to Razor Page handler methods. It may be applied either to the Razor Page model or applied globally. [C:\Users\rloer\Desktop\IT-Pc\Angular Test\DmsProjeckt\DmsProjeckt.csproj]
C:\Users\rloer\Desktop\IT-Pc\Angular Test\DmsProjeckt\Pages\Shared\_FolderTree.cshtml(100,34): warning MVC1000: Use of IHtmlHelper.Partial may result in application deadlocks. Consider using <partial> Tag Helper or IHtmlHelper.PartialAsync. [C:\Users\rloer\Desktop\IT-Pc\Angular Test\DmsProjeckt\DmsProjeckt.csproj]
C:\Users\rloer\Desktop\IT-Pc\Angular Test\DmsProjeckt\Pages\Shared\_FolderTree.cshtml(112,26): warning MVC1000: Use of IHtmlHelper.Partial may result in application deadlocks. Consider using <partial> Tag Helper or IHtmlHelper.PartialAsync. [C:\Users\rloer\Desktop\IT-Pc\Angular Test\DmsProjeckt\DmsProjeckt.csproj]
C:\Users\rloer\Desktop\IT-Pc\Angular Test\DmsProjeckt\Pages\Dokument\DokumentRowList.cshtml(11,10): warning MVC1000: Use of IHtmlHelper.Partial may result in application deadlocks. Consider using <partial> Tag Helper or IHtmlHelper.PartialAsync. [C:\Users\rloer\Desktop\IT-Pc\Angular Test\DmsProjeckt\DmsProjeckt.csproj]
C:\Users\rloer\Desktop\IT-Pc\Angular Test\DmsProjeckt\Pages\Tests\UploadMulti.cshtml.cs(438,10): warning MVC1001: 'RequestSizeLimitAttribute' cannot be applied to Razor Page handler methods. It may be applied either to the Razor Page model or applied globally. [C:\Users\rloer\Desktop\IT-Pc\Angular Test\DmsProjeckt\DmsProjeckt.csproj]
C:\Users\rloer\Desktop\IT-Pc\Angular Test\DmsProjeckt\Pages\Dokument\Index.cshtml.cs(961,10): warning MVC1002: 'HttpPostAttribute' cannot be applied to Razor Page handler methods. Routes for Razor Pages must be declared using the @page directive or using conventions. [C:\Users\rloer\Desktop\IT-Pc\Angular Test\DmsProjeckt\DmsProjeckt.csproj]
C:\Users\rloer\Desktop\IT-Pc\Angular Test\DmsProjeckt\Pages\Workflows\StepUpload.cshtml.cs(280,10): warning MVC1001: 'RequestSizeLimitAttribute' cannot be applied to Razor Page handler methods. It may be applied either to the Razor Page model or applied globally. [C:\Users\rloer\Desktop\IT-Pc\Angular Test\DmsProjeckt\DmsProjeckt.csproj]
C:\Users\rloer\Desktop\IT-Pc\Angular Test\DmsProjeckt\Pages\Dokument\Index.cshtml.cs(1008,10): warning MVC1002: 'HttpPostAttribute' cannot be applied to Razor Page handler methods. Routes for Razor Pages must be declared using the @page directive or using conventions. [C:\Users\rloer\Desktop\IT-Pc\Angular Test\DmsProjeckt\DmsProjeckt.csproj]
C:\Users\rloer\Desktop\IT-Pc\Angular Test\DmsProjeckt\Pages\Dokument\Index.cshtml.cs(1251,10): warning MVC1002: 'HttpPostAttribute' cannot be applied to Razor Page handler methods. Routes for Razor Pages must be declared using the @page directive or using conventions. [C:\Users\rloer\Desktop\IT-Pc\Angular Test\DmsProjeckt\DmsProjeckt.csproj]
C:\Users\rloer\Desktop\IT-Pc\Angular Test\DmsProjeckt\Pages\Tests\UploadMulti.cshtml.cs(813,10): warning MVC1002: 'HttpPostAttribute' cannot be applied to Razor Page handler methods. Routes for Razor Pages must be declared using the @page directive or using conventions. [C:\Users\rloer\Desktop\IT-Pc\Angular Test\DmsProjeckt\DmsProjeckt.csproj]
C:\Users\rloer\Desktop\IT-Pc\Angular Test\DmsProjeckt\Pages\Dokument\Index.cshtml.cs(1446,10): warning MVC1002: 'HttpPostAttribute' cannot be applied to Razor Page handler methods. Routes for Razor Pages must be declared using the @page directive or using conventions. [C:\Users\rloer\Desktop\IT-Pc\Angular Test\DmsProjeckt\DmsProjeckt.csproj]
C:\Users\rloer\Desktop\IT-Pc\Angular Test\DmsProjeckt\Pages\Dokument\Index.cshtml(1013,38): warning MVC1000: Use of IHtmlHelper.Partial may result in application deadlocks. Consider using <partial> Tag Helper or IHtmlHelper.PartialAsync. [C:\Users\rloer\Desktop\IT-Pc\Angular Test\DmsProjeckt\DmsProjeckt.csproj]
C:\Users\rloer\Desktop\IT-Pc\Angular Test\DmsProjeckt\Pages\Dokument\Index.cshtml(1053,26): warning MVC1000: Use of IHtmlHelper.Partial may result in application deadlocks. Consider using <partial> Tag Helper or IHtmlHelper.PartialAsync. [C:\Users\rloer\Desktop\IT-Pc\Angular Test\DmsProjeckt\DmsProjeckt.csproj]
C:\Users\rloer\Desktop\IT-Pc\Angular Test\DmsProjeckt\Pages\Dokument\Index.cshtml.cs(1714,10): warning MVC1002: 'HttpPostAttribute' cannot be applied to Razor Page handler methods. Routes for Razor Pages must be declared using the @page directive or using conventions. [C:\Users\rloer\Desktop\IT-Pc\Angular Test\DmsProjeckt\DmsProjeckt.csproj]
C:\Users\rloer\Desktop\IT-Pc\Angular Test\DmsProjeckt\Pages\Dokument\Index.cshtml.cs(2063,10): warning MVC1001: 'IgnoreAntiforgeryTokenAttribute' cannot be applied to Razor Page handler methods. It may be applied either to the Razor Page model or applied globally. [C:\Users\rloer\Desktop\IT-Pc\Angular Test\DmsProjeckt\DmsProjeckt.csproj]
C:\Users\rloer\Desktop\IT-Pc\Angular Test\DmsProjeckt\Pages\Dokument\Bearbeiten.cshtml.cs(2370,10): warning MVC1002: 'HttpPostAttribute' cannot be applied to Razor Page handler methods. Routes for Razor Pages must be declared using the @page directive or using conventions. [C:\Users\rloer\Desktop\IT-Pc\Angular Test\DmsProjeckt\DmsProjeckt.csproj]
C:\Users\rloer\Desktop\IT-Pc\Angular Test\DmsProjeckt\Pages\Dokument\Index.cshtml.cs(2277,10): warning MVC1002: 'HttpPostAttribute' cannot be applied to Razor Page handler methods. Routes for Razor Pages must be declared using the @page directive or using conventions. [C:\Users\rloer\Desktop\IT-Pc\Angular Test\DmsProjeckt\DmsProjeckt.csproj]
C:\Users\rloer\Desktop\IT-Pc\Angular Test\DmsProjeckt\Pages\Dokument\Index.cshtml.cs(2357,10): warning MVC1002: 'HttpGetAttribute' cannot be applied to Razor Page handler methods. Routes for Razor Pages must be declared using the @page directive or using conventions. [C:\Users\rloer\Desktop\IT-Pc\Angular Test\DmsProjeckt\DmsProjeckt.csproj]
C:\Users\rloer\Desktop\IT-Pc\Angular Test\DmsProjeckt\Pages\Tests\Aufgaben.cshtml.cs(235,30): error CS0029: Der Typ "string" kann nicht implizit in "DmsProjeckt.Data.EventParticipationStatus" konvertiert werden. [C:\Users\rloer\Desktop\IT-Pc\Angular Test\DmsProjeckt\DmsProjeckt.csproj]
    1009 Warnung(en)
    1 Fehler

Verstrichene Zeit 00:00:02.64

Es sind Workloadupdates verf├╝gbar. Um weitere Informationen zu erhalten, f├╝hren Sie `dotnet workload list` aus.
