C:\Users\rloer\Desktop\IT-Pc\Angular Test\DmsProjeckt\Pages\Dokument\DashboardAdmin.cshtml.cs(12,29): error CS0234: Der Typ- oder Namespacename "ApplicationServices" ist im Namespace "Microsoft.VisualBasic" nicht vorhanden. (M├Âglicherweise fehlt ein Assemblyverweis.) [C:\Users\rloer\Desktop\IT-Pc\Angular Test\DmsProjeckt\DmsProjeckt.csproj]
C:\Users\rloer\Desktop\IT-Pc\Angular Test\DmsProjeckt\Pages\Dokument\Index.cshtml.cs(26,29): error CS0234: Der Typ- oder Namespacename "ApplicationServices" ist im Namespace "Microsoft.VisualBasic" nicht vorhanden. (M├Âglicherweise fehlt ein Assemblyverweis.) [C:\Users\rloer\Desktop\IT-Pc\Angular Test\DmsProjeckt\DmsProjeckt.csproj]
C:\Users\rloer\Desktop\IT-Pc\Angular Test\DmsProjeckt\Helpers\DocumentPathHelper.cs(45,31): warning CS8625: Ein NULL-Literal kann nicht in einen Non-Nullable-Verweistyp konvertiert werden. [C:\Users\rloer\Desktop\IT-Pc\Angular Test\DmsProjeckt\DmsProjeckt.csproj]
C:\Users\rloer\Desktop\IT-Pc\Angular Test\DmsProjeckt\Hubs\SISHub.cs(56,36): warning CS8765: Die NULL-Zul├ñssigkeit des Typs des Parameters "exception" entspricht (m├Âglicherweise aufgrund von Attributen f├╝r die NULL-Zul├ñssigkeit) nicht dem ├╝berschriebenen Member. [C:\Users\rloer\Desktop\IT-Pc\Angular Test\DmsProjeckt\DmsProjeckt.csproj]
C:\Users\rloer\Desktop\IT-Pc\Angular Test\DmsProjeckt\Pages\Tests\UploadMulti.cshtml.cs(168,91): warning CS8625: Ein NULL-Literal kann nicht in einen Non-Nullable-Verweistyp konvertiert werden. [C:\Users\rloer\Desktop\IT-Pc\Angular Test\DmsProjeckt\DmsProjeckt.csproj]

Fehler beim Buildvorgang.

C:\Users\rloer\Desktop\IT-Pc\Angular Test\DmsProjeckt\Helpers\DocumentPathHelper.cs(45,31): warning CS8625: Ein NULL-Literal kann nicht in einen Non-Nullable-Verweistyp konvertiert werden. [C:\Users\rloer\Desktop\IT-Pc\Angular Test\DmsProjeckt\DmsProjeckt.csproj]
C:\Users\rloer\Desktop\IT-Pc\Angular Test\DmsProjeckt\Hubs\SISHub.cs(56,36): warning CS8765: Die NULL-Zul├ñssigkeit des Typs des Parameters "exception" entspricht (m├Âglicherweise aufgrund von Attributen f├╝r die NULL-Zul├ñssigkeit) nicht dem ├╝berschriebenen Member. [C:\Users\rloer\Desktop\IT-Pc\Angular Test\DmsProjeckt\DmsProjeckt.csproj]
C:\Users\rloer\Desktop\IT-Pc\Angular Test\DmsProjeckt\Pages\Tests\UploadMulti.cshtml.cs(168,91): warning CS8625: Ein NULL-Literal kann nicht in einen Non-Nullable-Verweistyp konvertiert werden. [C:\Users\rloer\Desktop\IT-Pc\Angular Test\DmsProjeckt\DmsProjeckt.csproj]
C:\Users\rloer\Desktop\IT-Pc\Angular Test\DmsProjeckt\Pages\Dokument\DashboardAdmin.cshtml.cs(12,29): error CS0234: Der Typ- oder Namespacename "ApplicationServices" ist im Namespace "Microsoft.VisualBasic" nicht vorhanden. (M├Âglicherweise fehlt ein Assemblyverweis.) [C:\Users\rloer\Desktop\IT-Pc\Angular Test\DmsProjeckt\DmsProjeckt.csproj]
C:\Users\rloer\Desktop\IT-Pc\Angular Test\DmsProjeckt\Pages\Dokument\Index.cshtml.cs(26,29): error CS0234: Der Typ- oder Namespacename "ApplicationServices" ist im Namespace "Microsoft.VisualBasic" nicht vorhanden. (M├Âglicherweise fehlt ein Assemblyverweis.) [C:\Users\rloer\Desktop\IT-Pc\Angular Test\DmsProjeckt\DmsProjeckt.csproj]
    3 Warnung(en)
    2 Fehler

Verstrichene Zeit 00:00:01.68

Es sind Workloadupdates verf├╝gbar. Um weitere Informationen zu erhalten, f├╝hren Sie `dotnet workload list` aus.
